	Command being timed: "python3 analyze_t2_suffix_d5_residence_defect_provenance_20260814.py solve_t2_suffix_d5_topology_cegar_20260814.h100.out"
	User time (seconds): 114.81
	System time (seconds): 3.18
	Percent of CPU this job got: 99%
	Elapsed (wall clock) time (h:mm:ss or m:ss): 1:58.00
	Average shared text size (kbytes): 0
	Average unshared data size (kbytes): 0
	Average stack size (kbytes): 0
	Average total size (kbytes): 0
	Maximum resident set size (kbytes): 1575940
	Average resident set size (kbytes): 0
	Major (requiring I/O) page faults: 0
	Minor (reclaiming a frame) page faults: 1142475
	Voluntary context switches: 1
	Involuntary context switches: 189
	Swaps: 0
	File system inputs: 0
	File system outputs: 0
	Socket messages sent: 0
	Socket messages received: 0
	Signals delivered: 0
	Page size (bytes): 4096
	Exit status: 0
