{
  "changed_head_tokens": 477,
  "changed_owner_occurrences": 477,
  "common_path_components_including_isolates": 59263,
  "common_path_edge_count_histogram": {
    "0": 54,
    "1": 45,
    "10": 58284,
    "12": 18,
    "13": 19,
    "2": 110,
    "3": 90,
    "4": 183,
    "5": 181,
    "6": 129,
    "7": 74,
    "8": 68,
    "9": 8
  },
  "common_path_endpoint_type_histogram_heads_tails": {
    "0,0": 58365,
    "0,1": 406,
    "0,2": 19,
    "1,0": 436,
    "1,1": 33,
    "2,0": 4
  },
  "common_path_matching_capacity_histogram": {
    "0": 54,
    "1": 155,
    "2": 273,
    "3": 310,
    "4": 142,
    "5": 58292,
    "6": 18,
    "7": 19
  },
  "deficient_paths": 60,
  "demand_paths": 473,
  "distinct_tail_head_occurrences": 458,
  "factor_count": 226,
  "flat_certificate_sha256": "2b7bc68cb4559696c0dcf6bc0f7464c8dbe0d7d398dfab2b0996282a7f419dcc",
  "flat_product_verified_on_all_moved_tokens": true,
  "isolated_boundary_owner_components": 54,
  "isolated_flat_word_demand_histogram": {
    "1": 14,
    "2": 6
  },
  "isolated_flat_word_port_demand": 26,
  "isolated_moved_head_token_cause_histogram": {
    "stable_incidence_is_changed_tail_owner": 17,
    "stable_incidence_is_degree_one_endpoint": 3
  },
  "isolated_moved_head_token_values": [
    "0010010101011111101100",
    "0010010011011111101100",
    "0000110011011111101100",
    "0010100011011111011100",
    "1010010101011110110010",
    "0010100011011111110010",
    "1010011011011100101010",
    "0010110101011110101010",
    "0010100011011111101010",
    "0010010011011111011010",
    "0010100011011101111010",
    "0010100011011101011110",
    "0010010011011111110001",
    "0010010101111100110101",
    "0000110011011110110101",
    "0010010101011110101101",
    "0010100011011110011101",
    "0010010011011110011011",
    "0000110011011010111011",
    "0000110011011001111011"
  ],
  "isolated_moved_head_tokens": 20,
  "maximum_token_appearances": 3,
  "minimum_zero_capacity_obstruction": {
    "flat_factor_occurrences_zero_based_factor_port": [
      [
        63,
        1
      ]
    ],
    "flat_word_demand": 1,
    "incident_projected_edges_pre_or_post": [
      {
        "edge_owner": "0010010101011111101000",
        "phase_common_projected_edge": false,
        "post_head_pair": [
          "0010010101011111101100",
          "0010010101011111101001"
        ],
        "pre_head_pair": [
          "1010010101011111101000",
          "0010010101011111101001"
        ]
      },
      {
        "edge_owner": "0010010101011110101100",
        "phase_common_projected_edge": false,
        "post_head_pair": [
          "0010010101011111101100",
          "0010010101011110101101"
        ],
        "pre_head_pair": [
          "1010010101011110101100",
          "0010010101011111101100"
        ]
      },
      {
        "edge_owner": "0010010101011101101100",
        "phase_common_projected_edge": false,
        "post_head_pair": [
          "0010010101011101111100",
          "0010010101011101101101"
        ],
        "pre_head_pair": [
          "0010010101011111101100",
          "0010010101011101111100"
        ]
      }
    ],
    "maximum_distinct_owner_occurrence_cut_sites": 0,
    "new_head_owner": "0010010101011111101000",
    "old_head_owner": "0010010101011101101100",
    "phase_common_projected_head_degree": 0,
    "tail_roles_at_changed_owners": [
      "0010010101011110101100"
    ],
    "target_image": "0010010101011101101101",
    "target_preimage": "1010010101011111101000",
    "token": "0010010101011111101100",
    "unavoidable_minimum_demand_in_any_factorization": 1
  },
  "path_deficit_witnesses": [
    {
      "common_edge_owners": [
        "0010110101010111110000",
        "0010110101010110110001",
        "0010110101010110100101",
        "0010110101010110001101"
      ],
      "deficit": 1,
      "demand": 3,
      "edge_count": 4,
      "head_owner_count": 5,
      "head_owners": [
        "0010110101011111110000",
        "0010110101010111110001",
        "0010110101010110110101",
        "0010110101010110101101",
        "0010110101010110001111"
      ],
      "head_token_demands": [
        3
      ],
      "head_tokens": [
        "0010110101011111110000"
      ],
      "left_roles": [
        [
          "head",
          "0010110101011111110000"
        ]
      ],
      "matching_capacity": 2,
      "path_index": 6200,
      "right_roles": []
    },
    {
      "common_edge_owners": [
        "1001111100001011101000",
        "0011111100001011101000",
        "0011101100011011101000",
        "0011101001011011101000"
      ],
      "deficit": 1,
      "demand": 3,
      "edge_count": 4,
      "head_owner_count": 5,
      "head_owners": [
        "1101111100001011101000",
        "1011111100001011101000",
        "0011111100011011101000",
        "0011101101011011101000",
        "0011101011011011101000"
      ],
      "head_token_demands": [
        3
      ],
      "head_tokens": [
        "0011101011011011101000"
      ],
      "left_roles": [],
      "matching_capacity": 2,
      "path_index": 9598,
      "right_roles": [
        [
          "head",
          "0011101011011011101000"
        ]
      ]
    },
    {
      "common_edge_owners": [
        "1011100100011110011000",
        "1011100001011110011000"
      ],
      "deficit": 1,
      "demand": 2,
      "edge_count": 2,
      "head_owner_count": 3,
      "head_owners": [
        "1111100100011110011000",
        "1011100101011110011000",
        "1011100011011110011000"
      ],
      "head_token_demands": [
        2
      ],
      "head_tokens": [
        "1011100011011110011000"
      ],
      "left_roles": [],
      "matching_capacity": 1,
      "path_index": 10827,
      "right_roles": [
        [
          "head",
          "1011100011011110011000"
        ]
      ]
    },
    {
      "common_edge_owners": [
        "0010011101010110111000",
        "0010011101010101111000"
      ],
      "deficit": 1,
      "demand": 2,
      "edge_count": 2,
      "head_owner_count": 3,
      "head_owners": [
        "0010011101011110111000",
        "0010011101010111111000",
        "0010011101010101111001"
      ],
      "head_token_demands": [
        2
      ],
      "head_tokens": [
        "0010011101011110111000"
      ],
      "left_roles": [
        [
          "head",
          "0010011101011110111000"
        ]
      ],
      "matching_capacity": 1,
      "path_index": 12881,
      "right_roles": [
        [
          "tail",
          "0010011101010101101001"
        ]
      ]
    },
    {
      "common_edge_owners": [
        "0010010101011101111000",
        "0010010101011101101001"
      ],
      "deficit": 2,
      "demand": 3,
      "edge_count": 2,
      "head_owner_count": 3,
      "head_owners": [
        "0010010101011111111000",
        "0010010101011101111001",
        "0010010101011101101101"
      ],
      "head_token_demands": [
        1,
        2
      ],
      "head_tokens": [
        "0010010101011111111000",
        "0010010101011101101101"
      ],
      "left_roles": [
        [
          "head",
          "0010010101011111111000"
        ]
      ],
      "matching_capacity": 1,
      "path_index": 13319,
      "right_roles": [
        [
          "head",
          "0010010101011101101101"
        ]
      ]
    },
    {
      "common_edge_owners": [
        "0010011011010111100100",
        "0010011011010111100001",
        "0010011011010110100011",
        "0010011011010110010011"
      ],
      "deficit": 1,
      "demand": 3,
      "edge_count": 4,
      "head_owner_count": 5,
      "head_owners": [
        "0010011011011111100100",
        "0010011011010111100101",
        "0010011011010111100011",
        "0010011011010110110011",
        "0010011011010110011011"
      ],
      "head_token_demands": [
        3
      ],
      "head_tokens": [
        "0010011011011111100100"
      ],
      "left_roles": [
        [
          "head",
          "0010011011011111100100"
        ]
      ],
      "matching_capacity": 2,
      "path_index": 16974,
      "right_roles": []
    },
    {
      "common_edge_owners": [
        "1011001010011101010100",
        "1010011010011101010100"
      ],
      "deficit": 1,
      "demand": 2,
      "edge_count": 2,
      "head_owner_count": 3,
      "head_owners": [
        "1111001010011101010100",
        "1011011010011101010100",
        "1010111010011101010100"
      ],
      "head_token_demands": [
        2
      ],
      "head_tokens": [
        "1010111010011101010100"
      ],
      "left_roles": [],
      "matching_capacity": 1,
      "path_index": 18528,
      "right_roles": [
        [
          "head",
          "1010111010011101010100"
        ]
      ]
    },
    {
      "common_edge_owners": [
        "1000110110011101010100"
      ],
      "deficit": 1,
      "demand": 2,
      "edge_count": 1,
      "head_owner_count": 2,
      "head_owners": [
        "1000111110011101010100",
        "1000110111011101010100"
      ],
      "head_token_demands": [
        2
      ],
      "head_tokens": [
        "1000110111011101010100"
      ],
      "left_roles": [
        [
          "tail",
          "1000111010011101010100"
        ]
      ],
      "matching_capacity": 1,
      "path_index": 18538,
      "right_roles": [
        [
          "head",
          "1000110111011101010100"
        ]
      ]
    },
    {
      "common_edge_owners": [
        "1100011011011000110100"
      ],
      "deficit": 1,
      "demand": 2,
      "edge_count": 1,
      "head_owner_count": 2,
      "head_owners": [
        "1101011011011000110100",
        "1100111011011000110100"
      ],
      "head_token_demands": [
        2
      ],
      "head_tokens": [
        "1100111011011000110100"
      ],
      "left_roles": [],
      "matching_capacity": 1,
      "path_index": 19222,
      "right_roles": [
        [
          "head",
          "1100111011011000110100"
        ]
      ]
    },
    {
      "common_edge_owners": [
        "1011100100011010101100",
        "1011100001011010101100"
      ],
      "deficit": 1,
      "demand": 2,
      "edge_count": 2,
      "head_owner_count": 3,
      "head_owners": [
        "1111100100011010101100",
        "1011100101011010101100",
        "1011100011011010101100"
      ],
      "head_token_demands": [
        2
      ],
      "head_tokens": [
        "1011100011011010101100"
      ],
      "left_roles": [],
      "matching_capacity": 1,
      "path_index": 23286,
      "right_roles": [
        [
          "head",
          "1011100011011010101100"
        ]
      ]
    },
    {
      "common_edge_owners": [
        "0010011101011010011100"
      ],
      "deficit": 1,
      "demand": 2,
      "edge_count": 1,
      "head_owner_count": 2,
      "head_owners": [
        "0010011101011110011100",
        "0010011101011011011100"
      ],
      "head_token_demands": [
        2
      ],
      "head_tokens": [
        "0010011101011011011100"
      ],
      "left_roles": [
        [
          "tail",
          "0010011101011110001100"
        ]
      ],
      "matching_capacity": 1,
      "path_index": 24899,
      "right_roles": [
        [
          "head",
          "0010011101011011011100"
        ]
      ]
    },
    {
      "common_edge_owners": [
        "0010010011011101011100",
        "0010010011011101011001"
      ],
      "deficit": 1,
      "demand": 2,
      "edge_count": 2,
      "head_owner_count": 3,
      "head_owners": [
        "0010010011011101111100",
        "0010010011011101011101",
        "0010010011011101011011"
      ],
      "head_token_demands": [
        2
      ],
      "head_tokens": [
        "0010010011011101111100"
      ],
      "left_roles": [
        [
          "head",
          "0010010011011101111100"
        ]
      ],
      "matching_capacity": 1,
      "path_index": 25345,
      "right_roles": []
    },
    {
      "common_edge_owners": [
        "1001111100001011010010",
        "0011111100001011010010",
        "0011101100011011010010",
        "0011101001011011010010"
      ],
      "deficit": 1,
      "demand": 3,
      "edge_count": 4,
      "head_owner_count": 5,
      "head_owners": [
        "1101111100001011010010",
        "1011111100001011010010",
        "0011111100011011010010",
        "0011101101011011010010",
        "0011101011011011010010"
      ],
      "head_token_demands": [
        3
      ],
      "head_tokens": [
        "0011101011011011010010"
      ],
      "left_roles": [],
      "matching_capacity": 2,
      "path_index": 30756,
      "right_roles": [
        [
          "head",
          "0011101011011011010010"
        ]
      ]
    },
    {
      "common_edge_owners": [
        "0010010011011101110010"
      ],
      "deficit": 1,
      "demand": 2,
      "edge_count": 1,
      "head_owner_count": 2,
      "head_owners": [
        "0010010011011111110010",
        "0010010011011101110110"
      ],
      "head_token_demands": [
        2
      ],
      "head_tokens": [
        "0010010011011111110010"
      ],
      "left_roles": [
        [
          "head",
          "0010010011011111110010"
        ]
      ],
      "matching_capacity": 1,
      "path_index": 32460,
      "right_roles": [
        [
          "tail",
          "0010010011011101100110"
        ]
      ]
    },
    {
      "common_edge_owners": [
        "1011100100011110001010",
        "1011100001011110001010"
      ],
      "deficit": 1,
      "demand": 2,
      "edge_count": 2,
      "head_owner_count": 3,
      "head_owners": [
        "1111100100011110001010",
        "1011100101011110001010",
        "1011100011011110001010"
      ],
      "head_token_demands": [
        2
      ],
      "head_tokens": [
        "1011100011011110001010"
      ],
      "left_roles": [],
      "matching_capacity": 1,
      "path_index": 33427,
      "right_roles": [
        [
          "head",
          "1011100011011110001010"
        ]
      ]
    },
    {
      "common_edge_owners": [
        "1011100100011100101010",
        "1011100001011100101010"
      ],
      "deficit": 1,
      "demand": 2,
      "edge_count": 2,
      "head_owner_count": 3,
      "head_owners": [
        "1111100100011100101010",
        "1011100101011100101010",
        "1011100011011100101010"
      ],
      "head_token_demands": [
        2
      ],
      "head_tokens": [
        "1011100011011100101010"
      ],
      "left_roles": [],
      "matching_capacity": 1,
      "path_index": 35011,
      "right_roles": [
        [
          "head",
          "1011100011011100101010"
        ]
      ]
    },
    {
      "common_edge_owners": [
        "0010110101011010011010"
      ],
      "deficit": 2,
      "demand": 3,
      "edge_count": 1,
      "head_owner_count": 2,
      "head_owners": [
        "0010110101011110011010",
        "0010110101011011011010"
      ],
      "head_token_demands": [
        1,
        2
      ],
      "head_tokens": [
        "0010110101011110011010",
        "0010110101011011011010"
      ],
      "left_roles": [
        [
          "head",
          "0010110101011110011010"
        ]
      ],
      "matching_capacity": 1,
      "path_index": 36928,
      "right_roles": [
        [
          "head",
          "0010110101011011011010"
        ]
      ]
    },
    {
      "common_edge_owners": [
        "0010110101010100111010",
        "0010110101010100110110"
      ],
      "deficit": 1,
      "demand": 2,
      "edge_count": 2,
      "head_owner_count": 3,
      "head_owners": [
        "0010110101010110111010",
        "0010110101010100111110",
        "0010110101010100110111"
      ],
      "head_token_demands": [
        2
      ],
      "head_tokens": [
        "0010110101010110111010"
      ],
      "left_roles": [
        [
          "head",
          "0010110101010110111010"
        ]
      ],
      "matching_capacity": 1,
      "path_index": 37369,
      "right_roles": []
    },
    {
      "common_edge_owners": [
        "0010010011011101001110"
      ],
      "deficit": 1,
      "demand": 2,
      "edge_count": 1,
      "head_owner_count": 2,
      "head_owners": [
        "0010010011011101101110",
        "0010010011011101001111"
      ],
      "head_token_demands": [
        2
      ],
      "head_tokens": [
        "0010010011011101101110"
      ],
      "left_roles": [
        [
          "head",
          "0010010011011101101110"
        ]
      ],
      "matching_capacity": 1,
      "path_index": 42275,
      "right_roles": []
    },
    {
      "common_edge_owners": [
        "0000110011011101001110"
      ],
      "deficit": 1,
      "demand": 2,
      "edge_count": 1,
      "head_owner_count": 2,
      "head_owners": [
        "0000110011011101101110",
        "0000110011011101001111"
      ],
      "head_token_demands": [
        2
      ],
      "head_tokens": [
        "0000110011011101101110"
      ],
      "left_roles": [
        [
          "head",
          "0000110011011101101110"
        ]
      ],
      "matching_capacity": 1,
      "path_index": 42276,
      "right_roles": []
    },
    {
      "common_edge_owners": [
        "0000100011011110110110"
      ],
      "deficit": 1,
      "demand": 2,
      "edge_count": 1,
      "head_owner_count": 2,
      "head_owners": [
        "0000100011011110111110",
        "0000100011011110110111"
      ],
      "head_token_demands": [
        2
      ],
      "head_tokens": [
        "0000100011011110111110"
      ],
      "left_roles": [
        [
          "head",
          "0000100011011110111110"
        ]
      ],
      "matching_capacity": 1,
      "path_index": 42283,
      "right_roles": []
    },
    {
      "common_edge_owners": [
        "0010011011011011010001",
        "0010011011011011000101",
        "0010011011011010001101",
        "0010011011011000101101"
      ],
      "deficit": 1,
      "demand": 3,
      "edge_count": 4,
      "head_owner_count": 5,
      "head_owners": [
        "0010011011011111010001",
        "0010011011011011010101",
        "0010011011011011001101",
        "0010011011011010101101",
        "0010011011011000101111"
      ],
      "head_token_demands": [
        3
      ],
      "head_tokens": [
        "0010011011011111010001"
      ],
      "left_roles": [
        [
          "head",
          "0010011011011111010001"
        ]
      ],
      "matching_capacity": 2,
      "path_index": 47935,
      "right_roles": []
    },
    {
      "common_edge_owners": [
        "0010010101011110110001"
      ],
      "deficit": 1,
      "demand": 2,
      "edge_count": 1,
      "head_owner_count": 2,
      "head_owners": [
        "0010010101011111110001",
        "0010010101011110110101"
      ],
      "head_token_demands": [
        2
      ],
      "head_tokens": [
        "0010010101011110110101"
      ],
      "left_roles": [
        [
          "tail",
          "0010010101011111110000"
        ]
      ],
      "matching_capacity": 1,
      "path_index": 49376,
      "right_roles": [
        [
          "head",
          "0010010101011110110101"
        ]
      ]
    },
    {
      "common_edge_owners": [
        "0010100011011110110001"
      ],
      "deficit": 1,
      "demand": 2,
      "edge_count": 1,
      "head_owner_count": 2,
      "head_owners": [
        "0010100011011111110001",
        "0010100011011110110101"
      ],
      "head_token_demands": [
        2
      ],
      "head_tokens": [
        "0010100011011110110101"
      ],
      "left_roles": [
        [
          "tail",
          "0010100011011111110000"
        ]
      ],
      "matching_capacity": 1,
      "path_index": 49378,
      "right_roles": [
        [
          "head",
          "0010100011011110110101"
        ]
      ]
    },
    {
      "common_edge_owners": [
        "0010010111011011001001",
        "0010010111011010011001",
        "0010010111011000111001",
        "0010010111011000110101"
      ],
      "deficit": 1,
      "demand": 3,
      "edge_count": 4,
      "head_owner_count": 5,
      "head_owners": [
        "0010010111011111001001",
        "0010010111011011011001",
        "0010010111011010111001",
        "0010010111011000111101",
        "0010010111011000110111"
      ],
      "head_token_demands": [
        3
      ],
      "head_tokens": [
        "0010010111011111001001"
      ],
      "left_roles": [
        [
          "head",
          "0010010111011111001001"
        ]
      ],
      "matching_capacity": 2,
      "path_index": 51382,
      "right_roles": []
    },
    {
      "common_edge_owners": [
        "0010101011011010101001"
      ],
      "deficit": 3,
      "demand": 4,
      "edge_count": 1,
      "head_owner_count": 2,
      "head_owners": [
        "0010101011011110101001",
        "0010101011011011101001"
      ],
      "head_token_demands": [
        2,
        2
      ],
      "head_tokens": [
        "0010101011011110101001",
        "0010101011011011101001"
      ],
      "left_roles": [
        [
          "head",
          "0010101011011110101001"
        ]
      ],
      "matching_capacity": 1,
      "path_index": 52387,
      "right_roles": [
        [
          "head",
          "0010101011011011101001"
        ]
      ]
    },
    {
      "common_edge_owners": [
        "0010010101011110101001",
        "0010010101011110011001"
      ],
      "deficit": 1,
      "demand": 2,
      "edge_count": 2,
      "head_owner_count": 3,
      "head_owners": [
        "0010010101011111101001",
        "0010010101011110111001",
        "0010010101011110011101"
      ],
      "head_token_demands": [
        2
      ],
      "head_tokens": [
        "0010010101011110011101"
      ],
      "left_roles": [
        [
          "tail",
          "0010010101011111101000"
        ]
      ],
      "matching_capacity": 1,
      "path_index": 52821,
      "right_roles": [
        [
          "head",
          "0010010101011110011101"
        ]
      ]
    },
    {
      "common_edge_owners": [
        "0000110011011110011001",
        "0000110011011110010101"
      ],
      "deficit": 1,
      "demand": 2,
      "edge_count": 2,
      "head_owner_count": 3,
      "head_owners": [
        "0000110011011110111001",
        "0000110011011110011101",
        "0000110011011110010111"
      ],
      "head_token_demands": [
        2
      ],
      "head_tokens": [
        "0000110011011110111001"
      ],
      "left_roles": [
        [
          "head",
          "0000110011011110111001"
        ]
      ],
      "matching_capacity": 1,
      "path_index": 54264,
      "right_roles": []
    },
    {
      "common_edge_owners": [
        "0000110011011101101001"
      ],
      "deficit": 3,
      "demand": 4,
      "edge_count": 1,
      "head_owner_count": 2,
      "head_owners": [
        "0000110011011101111001",
        "0000110011011101101101"
      ],
      "head_token_demands": [
        2,
        2
      ],
      "head_tokens": [
        "0000110011011101111001",
        "0000110011011101101101"
      ],
      "left_roles": [
        [
          "head",
          "0000110011011101111001"
        ]
      ],
      "matching_capacity": 1,
      "path_index": 54267,
      "right_roles": [
        [
          "head",
          "0000110011011101101101"
        ]
      ]
    },
    {
      "common_edge_owners": [
        "0010010011011011101001"
      ],
      "deficit": 1,
      "demand": 2,
      "edge_count": 1,
      "head_owner_count": 2,
      "head_owners": [
        "0010010011011011111001",
        "0010010011011011101101"
      ],
      "head_token_demands": [
        2
      ],
      "head_tokens": [
        "0010010011011011101101"
      ],
      "left_roles": [
        [
          "tail",
          "0010010011011011111000"
        ]
      ],
      "matching_capacity": 1,
      "path_index": 54269,
      "right_roles": [
        [
          "head",
          "0010010011011011101101"
        ]
      ]
    },
    {
      "common_edge_owners": [
        "0010010011011110100101"
      ],
      "deficit": 1,
      "demand": 2,
      "edge_count": 1,
      "head_owner_count": 2,
      "head_owners": [
        "0010010011011110110101",
        "0010010011011110101101"
      ],
      "head_token_demands": [
        2
      ],
      "head_tokens": [
        "0010010011011110101101"
      ],
      "left_roles": [
        [
          "tail",
          "0010010011011110110001"
        ]
      ],
      "matching_capacity": 1,
      "path_index": 59153,
      "right_roles": [
        [
          "head",
          "0010010011011110101101"
        ]
      ]
    },
    {
      "common_edge_owners": [
        "0010010101111100001101",
        "0010010101111000001111"
      ],
      "deficit": 1,
      "demand": 2,
      "edge_count": 2,
      "head_owner_count": 3,
      "head_owners": [
        "0010010101111100101101",
        "0010010101111100001111",
        "0010010101111010001111"
      ],
      "head_token_demands": [
        2
      ],
      "head_tokens": [
        "0010010101111100101101"
      ],
      "left_roles": [
        [
          "head",
          "0010010101111100101101"
        ]
      ],
      "matching_capacity": 1,
      "path_index": 59160,
      "right_roles": []
    },
    {
      "common_edge_owners": [
        "0010010011111100001101",
        "0010010011111000001111"
      ],
      "deficit": 1,
      "demand": 2,
      "edge_count": 2,
      "head_owner_count": 3,
      "head_owners": [
        "0010010011111100101101",
        "0010010011111100001111",
        "0010010011111010001111"
      ],
      "head_token_demands": [
        2
      ],
      "head_tokens": [
        "0010010011111100101101"
      ],
      "left_roles": [
        [
          "head",
          "0010010011111100101101"
        ]
      ],
      "matching_capacity": 1,
      "path_index": 59161,
      "right_roles": []
    },
    {
      "common_edge_owners": [
        "0010011101010101100101"
      ],
      "deficit": 1,
      "demand": 2,
      "edge_count": 1,
      "head_owner_count": 2,
      "head_owners": [
        "0010011101010101101101",
        "0010011101010101100111"
      ],
      "head_token_demands": [
        2
      ],
      "head_tokens": [
        "0010011101010101101101"
      ],
      "left_roles": [
        [
          "head",
          "0010011101010101101101"
        ]
      ],
      "matching_capacity": 1,
      "path_index": 59164,
      "right_roles": []
    },
    {
      "common_edge_owners": [
        "0010010101011111000011",
        "0010010101011110001011"
      ],
      "deficit": 1,
      "demand": 2,
      "edge_count": 2,
      "head_owner_count": 3,
      "head_owners": [
        "0010010101011111010011",
        "0010010101011111001011",
        "0010010101011110101011"
      ],
      "head_token_demands": [
        2
      ],
      "head_tokens": [
        "0010010101011111010011"
      ],
      "left_roles": [
        [
          "head",
          "0010010101011111010011"
        ]
      ],
      "matching_capacity": 1,
      "path_index": 59180,
      "right_roles": []
    },
    {
      "common_edge_owners": [
        "0010010101111100010011",
        "0010010101111000011011"
      ],
      "deficit": 1,
      "demand": 2,
      "edge_count": 2,
      "head_owner_count": 3,
      "head_owners": [
        "0010010101111100110011",
        "0010010101111100011011",
        "0010010101111010011011"
      ],
      "head_token_demands": [
        2
      ],
      "head_tokens": [
        "0010010101111100110011"
      ],
      "left_roles": [
        [
          "head",
          "0010010101111100110011"
        ]
      ],
      "matching_capacity": 1,
      "path_index": 59181,
      "right_roles": []
    },
    {
      "common_edge_owners": [
        "0010100011011101100011"
      ],
      "deficit": 1,
      "demand": 2,
      "edge_count": 1,
      "head_owner_count": 2,
      "head_owners": [
        "0010100011011101110011",
        "0010100011011101101011"
      ],
      "head_token_demands": [
        2
      ],
      "head_tokens": [
        "0010100011011101110011"
      ],
      "left_roles": [
        [
          "head",
          "0010100011011101110011"
        ]
      ],
      "matching_capacity": 1,
      "path_index": 59184,
      "right_roles": []
    },
    {
      "common_edge_owners": [
        "0010010011011011100011"
      ],
      "deficit": 1,
      "demand": 2,
      "edge_count": 1,
      "head_owner_count": 2,
      "head_owners": [
        "0010010011011011110011",
        "0010010011011011101011"
      ],
      "head_token_demands": [
        2
      ],
      "head_tokens": [
        "0010010011011011110011"
      ],
      "left_roles": [
        [
          "head",
          "0010010011011011110011"
        ]
      ],
      "matching_capacity": 1,
      "path_index": 59185,
      "right_roles": []
    },
    {
      "common_edge_owners": [
        "0000010101011111100011"
      ],
      "deficit": 1,
      "demand": 2,
      "edge_count": 1,
      "head_owner_count": 2,
      "head_owners": [
        "0000010101011111110011",
        "0000010101011111101011"
      ],
      "head_token_demands": [
        2
      ],
      "head_tokens": [
        "0000010101011111110011"
      ],
      "left_roles": [
        [
          "head",
          "0000010101011111110011"
        ]
      ],
      "matching_capacity": 1,
      "path_index": 59186,
      "right_roles": []
    },
    {
      "common_edge_owners": [
        "0010001011111010000111",
        "0010001011111001000111"
      ],
      "deficit": 1,
      "demand": 2,
      "edge_count": 2,
      "head_owner_count": 3,
      "head_owners": [
        "0010001011111110000111",
        "0010001011111011000111",
        "0010001011111001100111"
      ],
      "head_token_demands": [
        2
      ],
      "head_tokens": [
        "0010001011111110000111"
      ],
      "left_roles": [
        [
          "head",
          "0010001011111110000111"
        ]
      ],
      "matching_capacity": 1,
      "path_index": 59195,
      "right_roles": []
    },
    {
      "common_edge_owners": [],
      "deficit": 1,
      "demand": 1,
      "edge_count": 0,
      "head_owner_count": 1,
      "head_owners": [
        "0010010101011111101100"
      ],
      "head_token_demands": [
        1
      ],
      "head_tokens": [
        "0010010101011111101100"
      ],
      "left_roles": [
        [
          "head",
          "0010010101011111101100"
        ],
        [
          "tail",
          "0010010101011110101100"
        ]
      ],
      "matching_capacity": 0,
      "path_index": 59214,
      "right_roles": [
        [
          "head",
          "0010010101011111101100"
        ],
        [
          "tail",
          "0010010101011110101100"
        ]
      ]
    },
    {
      "common_edge_owners": [],
      "deficit": 1,
      "demand": 1,
      "edge_count": 0,
      "head_owner_count": 1,
      "head_owners": [
        "0010010011011111101100"
      ],
      "head_token_demands": [
        1
      ],
      "head_tokens": [
        "0010010011011111101100"
      ],
      "left_roles": [
        [
          "head",
          "0010010011011111101100"
        ],
        [
          "tail",
          "0010010011011101101100"
        ]
      ],
      "matching_capacity": 0,
      "path_index": 59215,
      "right_roles": [
        [
          "head",
          "0010010011011111101100"
        ],
        [
          "tail",
          "0010010011011101101100"
        ]
      ]
    },
    {
      "common_edge_owners": [],
      "deficit": 1,
      "demand": 1,
      "edge_count": 0,
      "head_owner_count": 1,
      "head_owners": [
        "0000110011011111101100"
      ],
      "head_token_demands": [
        1
      ],
      "head_tokens": [
        "0000110011011111101100"
      ],
      "left_roles": [
        [
          "head",
          "0000110011011111101100"
        ],
        [
          "tail",
          "0000110011011110101100"
        ]
      ],
      "matching_capacity": 0,
      "path_index": 59216,
      "right_roles": [
        [
          "head",
          "0000110011011111101100"
        ],
        [
          "tail",
          "0000110011011110101100"
        ]
      ]
    },
    {
      "common_edge_owners": [],
      "deficit": 2,
      "demand": 2,
      "edge_count": 0,
      "head_owner_count": 1,
      "head_owners": [
        "0010100011011111011100"
      ],
      "head_token_demands": [
        2
      ],
      "head_tokens": [
        "0010100011011111011100"
      ],
      "left_roles": [
        [
          "head",
          "0010100011011111011100"
        ],
        [
          "tail",
          "0010100011011111001100"
        ]
      ],
      "matching_capacity": 0,
      "path_index": 59218,
      "right_roles": [
        [
          "head",
          "0010100011011111011100"
        ],
        [
          "tail",
          "0010100011011111001100"
        ]
      ]
    },
    {
      "common_edge_owners": [],
      "deficit": 2,
      "demand": 2,
      "edge_count": 0,
      "head_owner_count": 1,
      "head_owners": [
        "1010010101011110110010"
      ],
      "head_token_demands": [
        2
      ],
      "head_tokens": [
        "1010010101011110110010"
      ],
      "left_roles": [
        [
          "head",
          "1010010101011110110010"
        ],
        [
          "tail",
          "0010010101011110110010"
        ]
      ],
      "matching_capacity": 0,
      "path_index": 59220,
      "right_roles": [
        [
          "head",
          "1010010101011110110010"
        ],
        [
          "tail",
          "0010010101011110110010"
        ]
      ]
    },
    {
      "common_edge_owners": [],
      "deficit": 1,
      "demand": 1,
      "edge_count": 0,
      "head_owner_count": 1,
      "head_owners": [
        "0010100011011111110010"
      ],
      "head_token_demands": [
        1
      ],
      "head_tokens": [
        "0010100011011111110010"
      ],
      "left_roles": [
        [
          "head",
          "0010100011011111110010"
        ],
        [
          "tail",
          "0010100011011110110010"
        ]
      ],
      "matching_capacity": 0,
      "path_index": 59221,
      "right_roles": [
        [
          "head",
          "0010100011011111110010"
        ],
        [
          "tail",
          "0010100011011110110010"
        ]
      ]
    },
    {
      "common_edge_owners": [],
      "deficit": 1,
      "demand": 1,
      "edge_count": 0,
      "head_owner_count": 1,
      "head_owners": [
        "1010011011011100101010"
      ],
      "head_token_demands": [
        1
      ],
      "head_tokens": [
        "1010011011011100101010"
      ],
      "left_roles": [
        [
          "head",
          "1010011011011100101010"
        ],
        [
          "tail",
          "1000011011011100101010"
        ]
      ],
      "matching_capacity": 0,
      "path_index": 59223,
      "right_roles": [
        [
          "head",
          "1010011011011100101010"
        ],
        [
          "tail",
          "1000011011011100101010"
        ]
      ]
    },
    {
      "common_edge_owners": [],
      "deficit": 2,
      "demand": 2,
      "edge_count": 0,
      "head_owner_count": 1,
      "head_owners": [
        "0010110101011110101010"
      ],
      "head_token_demands": [
        2
      ],
      "head_tokens": [
        "0010110101011110101010"
      ],
      "left_roles": [
        [
          "head",
          "0010110101011110101010"
        ],
        [
          "tail",
          "0010110101010110101010"
        ]
      ],
      "matching_capacity": 0,
      "path_index": 59226,
      "right_roles": [
        [
          "head",
          "0010110101011110101010"
        ],
        [
          "tail",
          "0010110101010110101010"
        ]
      ]
    },
    {
      "common_edge_owners": [],
      "deficit": 1,
      "demand": 1,
      "edge_count": 0,
      "head_owner_count": 1,
      "head_owners": [
        "0010100011011111101010"
      ],
      "head_token_demands": [
        1
      ],
      "head_tokens": [
        "0010100011011111101010"
      ],
      "left_roles": [
        [
          "head",
          "0010100011011111101010"
        ],
        [
          "tail",
          "0010100011011110101010"
        ]
      ],
      "matching_capacity": 0,
      "path_index": 59227,
      "right_roles": [
        [
          "head",
          "0010100011011111101010"
        ],
        [
          "tail",
          "0010100011011110101010"
        ]
      ]
    },
    {
      "common_edge_owners": [],
      "deficit": 1,
      "demand": 1,
      "edge_count": 0,
      "head_owner_count": 1,
      "head_owners": [
        "0010010011011111011010"
      ],
      "head_token_demands": [
        1
      ],
      "head_tokens": [
        "0010010011011111011010"
      ],
      "left_roles": [
        [
          "head",
          "0010010011011111011010"
        ],
        [
          "tail",
          "0010010011011111001010"
        ]
      ],
      "matching_capacity": 0,
      "path_index": 59229,
      "right_roles": [
        [
          "head",
          "0010010011011111011010"
        ],
        [
          "tail",
          "0010010011011111001010"
        ]
      ]
    },
    {
      "common_edge_owners": [],
      "deficit": 2,
      "demand": 2,
      "edge_count": 0,
      "head_owner_count": 1,
      "head_owners": [
        "0010100011011101111010"
      ],
      "head_token_demands": [
        2
      ],
      "head_tokens": [
        "0010100011011101111010"
      ],
      "left_roles": [
        [
          "head",
          "0010100011011101111010"
        ],
        [
          "tail",
          "0010100011011101101010"
        ]
      ],
      "matching_capacity": 0,
      "path_index": 59230,
      "right_roles": [
        [
          "head",
          "0010100011011101111010"
        ],
        [
          "tail",
          "0010100011011101101010"
        ]
      ]
    },
    {
      "common_edge_owners": [],
      "deficit": 2,
      "demand": 2,
      "edge_count": 0,
      "head_owner_count": 1,
      "head_owners": [
        "0010100011011101011110"
      ],
      "head_token_demands": [
        2
      ],
      "head_tokens": [
        "0010100011011101011110"
      ],
      "left_roles": [
        [
          "head",
          "0010100011011101011110"
        ],
        [
          "tail",
          "0010100011011101011010"
        ]
      ],
      "matching_capacity": 0,
      "path_index": 59232,
      "right_roles": [
        [
          "head",
          "0010100011011101011110"
        ],
        [
          "tail",
          "0010100011011101011010"
        ]
      ]
    },
    {
      "common_edge_owners": [],
      "deficit": 1,
      "demand": 1,
      "edge_count": 0,
      "head_owner_count": 1,
      "head_owners": [
        "0010010011011111110001"
      ],
      "head_token_demands": [
        1
      ],
      "head_tokens": [
        "0010010011011111110001"
      ],
      "left_roles": [
        [
          "head",
          "0010010011011111110001"
        ],
        [
          "tail",
          "0010010011011111110000"
        ]
      ],
      "matching_capacity": 0,
      "path_index": 59234,
      "right_roles": [
        [
          "head",
          "0010010011011111110001"
        ],
        [
          "tail",
          "0010010011011111110000"
        ]
      ]
    },
    {
      "common_edge_owners": [],
      "deficit": 1,
      "demand": 1,
      "edge_count": 0,
      "head_owner_count": 1,
      "head_owners": [
        "0010010101111100110101"
      ],
      "head_token_demands": [
        1
      ],
      "head_tokens": [
        "0010010101111100110101"
      ],
      "left_roles": [
        [
          "head",
          "0010010101111100110101"
        ],
        [
          "tail",
          "0010010101111100100101"
        ]
      ],
      "matching_capacity": 0,
      "path_index": 59241,
      "right_roles": [
        [
          "head",
          "0010010101111100110101"
        ],
        [
          "tail",
          "0010010101111100100101"
        ]
      ]
    },
    {
      "common_edge_owners": [],
      "deficit": 1,
      "demand": 1,
      "edge_count": 0,
      "head_owner_count": 1,
      "head_owners": [
        "0000110011011110110101"
      ],
      "head_token_demands": [
        1
      ],
      "head_tokens": [
        "0000110011011110110101"
      ],
      "left_roles": [
        [
          "head",
          "0000110011011110110101"
        ],
        [
          "tail",
          "0000110011011110100101"
        ]
      ],
      "matching_capacity": 0,
      "path_index": 59242,
      "right_roles": [
        [
          "head",
          "0000110011011110110101"
        ],
        [
          "tail",
          "0000110011011110100101"
        ]
      ]
    },
    {
      "common_edge_owners": [],
      "deficit": 1,
      "demand": 1,
      "edge_count": 0,
      "head_owner_count": 1,
      "head_owners": [
        "0010010101011110101101"
      ],
      "head_token_demands": [
        1
      ],
      "head_tokens": [
        "0010010101011110101101"
      ],
      "left_roles": [
        [
          "head",
          "0010010101011110101101"
        ],
        [
          "tail",
          "0010010101011110100101"
        ]
      ],
      "matching_capacity": 0,
      "path_index": 59243,
      "right_roles": [
        [
          "head",
          "0010010101011110101101"
        ],
        [
          "tail",
          "0010010101011110100101"
        ]
      ]
    },
    {
      "common_edge_owners": [],
      "deficit": 1,
      "demand": 1,
      "edge_count": 0,
      "head_owner_count": 1,
      "head_owners": [
        "0010100011011110011101"
      ],
      "head_token_demands": [
        1
      ],
      "head_tokens": [
        "0010100011011110011101"
      ],
      "left_roles": [
        [
          "head",
          "0010100011011110011101"
        ],
        [
          "tail",
          "0010100011011110011001"
        ]
      ],
      "matching_capacity": 0,
      "path_index": 59244,
      "right_roles": [
        [
          "head",
          "0010100011011110011101"
        ],
        [
          "tail",
          "0010100011011110011001"
        ]
      ]
    },
    {
      "common_edge_owners": [],
      "deficit": 2,
      "demand": 2,
      "edge_count": 0,
      "head_owner_count": 1,
      "head_owners": [
        "0010010011011110011011"
      ],
      "head_token_demands": [
        2
      ],
      "head_tokens": [
        "0010010011011110011011"
      ],
      "left_roles": [
        [
          "head",
          "0010010011011110011011"
        ]
      ],
      "matching_capacity": 0,
      "path_index": 59245,
      "right_roles": [
        [
          "head",
          "0010010011011110011011"
        ]
      ]
    },
    {
      "common_edge_owners": [],
      "deficit": 1,
      "demand": 1,
      "edge_count": 0,
      "head_owner_count": 1,
      "head_owners": [
        "0000110011011010111011"
      ],
      "head_token_demands": [
        1
      ],
      "head_tokens": [
        "0000110011011010111011"
      ],
      "left_roles": [
        [
          "head",
          "0000110011011010111011"
        ]
      ],
      "matching_capacity": 0,
      "path_index": 59246,
      "right_roles": [
        [
          "head",
          "0000110011011010111011"
        ]
      ]
    },
    {
      "common_edge_owners": [],
      "deficit": 1,
      "demand": 1,
      "edge_count": 0,
      "head_owner_count": 1,
      "head_owners": [
        "0000110011011001111011"
      ],
      "head_token_demands": [
        1
      ],
      "head_tokens": [
        "0000110011011001111011"
      ],
      "left_roles": [
        [
          "head",
          "0000110011011001111011"
        ]
      ],
      "matching_capacity": 0,
      "path_index": 59247,
      "right_roles": [
        [
          "head",
          "0000110011011001111011"
        ]
      ]
    }
  ],
  "per_token_deficit_witnesses": [
    {
      "demand": 3,
      "path_edge_count": 4,
      "path_index": 6200,
      "path_matching_capacity": 2,
      "token": "0010110101011111110000"
    },
    {
      "demand": 3,
      "path_edge_count": 4,
      "path_index": 9598,
      "path_matching_capacity": 2,
      "token": "0011101011011011101000"
    },
    {
      "demand": 2,
      "path_edge_count": 2,
      "path_index": 10827,
      "path_matching_capacity": 1,
      "token": "1011100011011110011000"
    },
    {
      "demand": 2,
      "path_edge_count": 2,
      "path_index": 12881,
      "path_matching_capacity": 1,
      "token": "0010011101011110111000"
    },
    {
      "demand": 3,
      "path_edge_count": 4,
      "path_index": 16974,
      "path_matching_capacity": 2,
      "token": "0010011011011111100100"
    },
    {
      "demand": 2,
      "path_edge_count": 2,
      "path_index": 18528,
      "path_matching_capacity": 1,
      "token": "1010111010011101010100"
    },
    {
      "demand": 2,
      "path_edge_count": 1,
      "path_index": 18538,
      "path_matching_capacity": 1,
      "token": "1000110111011101010100"
    },
    {
      "demand": 2,
      "path_edge_count": 1,
      "path_index": 19222,
      "path_matching_capacity": 1,
      "token": "1100111011011000110100"
    },
    {
      "demand": 2,
      "path_edge_count": 2,
      "path_index": 23286,
      "path_matching_capacity": 1,
      "token": "1011100011011010101100"
    },
    {
      "demand": 1,
      "path_edge_count": 0,
      "path_index": 59214,
      "path_matching_capacity": 0,
      "token": "0010010101011111101100"
    },
    {
      "demand": 1,
      "path_edge_count": 0,
      "path_index": 59215,
      "path_matching_capacity": 0,
      "token": "0010010011011111101100"
    },
    {
      "demand": 1,
      "path_edge_count": 0,
      "path_index": 59216,
      "path_matching_capacity": 0,
      "token": "0000110011011111101100"
    },
    {
      "demand": 2,
      "path_edge_count": 1,
      "path_index": 24899,
      "path_matching_capacity": 1,
      "token": "0010011101011011011100"
    },
    {
      "demand": 2,
      "path_edge_count": 0,
      "path_index": 59218,
      "path_matching_capacity": 0,
      "token": "0010100011011111011100"
    },
    {
      "demand": 2,
      "path_edge_count": 2,
      "path_index": 25345,
      "path_matching_capacity": 1,
      "token": "0010010011011101111100"
    },
    {
      "demand": 3,
      "path_edge_count": 4,
      "path_index": 30756,
      "path_matching_capacity": 2,
      "token": "0011101011011011010010"
    },
    {
      "demand": 2,
      "path_edge_count": 0,
      "path_index": 59220,
      "path_matching_capacity": 0,
      "token": "1010010101011110110010"
    },
    {
      "demand": 1,
      "path_edge_count": 0,
      "path_index": 59221,
      "path_matching_capacity": 0,
      "token": "0010100011011111110010"
    },
    {
      "demand": 2,
      "path_edge_count": 1,
      "path_index": 32460,
      "path_matching_capacity": 1,
      "token": "0010010011011111110010"
    },
    {
      "demand": 2,
      "path_edge_count": 2,
      "path_index": 33427,
      "path_matching_capacity": 1,
      "token": "1011100011011110001010"
    },
    {
      "demand": 2,
      "path_edge_count": 2,
      "path_index": 35011,
      "path_matching_capacity": 1,
      "token": "1011100011011100101010"
    },
    {
      "demand": 1,
      "path_edge_count": 0,
      "path_index": 59223,
      "path_matching_capacity": 0,
      "token": "1010011011011100101010"
    },
    {
      "demand": 2,
      "path_edge_count": 0,
      "path_index": 59226,
      "path_matching_capacity": 0,
      "token": "0010110101011110101010"
    },
    {
      "demand": 1,
      "path_edge_count": 0,
      "path_index": 59227,
      "path_matching_capacity": 0,
      "token": "0010100011011111101010"
    },
    {
      "demand": 2,
      "path_edge_count": 1,
      "path_index": 36928,
      "path_matching_capacity": 1,
      "token": "0010110101011011011010"
    },
    {
      "demand": 1,
      "path_edge_count": 0,
      "path_index": 59229,
      "path_matching_capacity": 0,
      "token": "0010010011011111011010"
    },
    {
      "demand": 2,
      "path_edge_count": 2,
      "path_index": 37369,
      "path_matching_capacity": 1,
      "token": "0010110101010110111010"
    },
    {
      "demand": 2,
      "path_edge_count": 0,
      "path_index": 59230,
      "path_matching_capacity": 0,
      "token": "0010100011011101111010"
    },
    {
      "demand": 2,
      "path_edge_count": 1,
      "path_index": 42275,
      "path_matching_capacity": 1,
      "token": "0010010011011101101110"
    },
    {
      "demand": 2,
      "path_edge_count": 1,
      "path_index": 42276,
      "path_matching_capacity": 1,
      "token": "0000110011011101101110"
    },
    {
      "demand": 2,
      "path_edge_count": 0,
      "path_index": 59232,
      "path_matching_capacity": 0,
      "token": "0010100011011101011110"
    },
    {
      "demand": 2,
      "path_edge_count": 1,
      "path_index": 42283,
      "path_matching_capacity": 1,
      "token": "0000100011011110111110"
    },
    {
      "demand": 3,
      "path_edge_count": 4,
      "path_index": 47935,
      "path_matching_capacity": 2,
      "token": "0010011011011111010001"
    },
    {
      "demand": 1,
      "path_edge_count": 0,
      "path_index": 59234,
      "path_matching_capacity": 0,
      "token": "0010010011011111110001"
    },
    {
      "demand": 3,
      "path_edge_count": 4,
      "path_index": 51382,
      "path_matching_capacity": 2,
      "token": "0010010111011111001001"
    },
    {
      "demand": 2,
      "path_edge_count": 1,
      "path_index": 52387,
      "path_matching_capacity": 1,
      "token": "0010101011011110101001"
    },
    {
      "demand": 2,
      "path_edge_count": 1,
      "path_index": 52387,
      "path_matching_capacity": 1,
      "token": "0010101011011011101001"
    },
    {
      "demand": 2,
      "path_edge_count": 2,
      "path_index": 54264,
      "path_matching_capacity": 1,
      "token": "0000110011011110111001"
    },
    {
      "demand": 2,
      "path_edge_count": 1,
      "path_index": 54267,
      "path_matching_capacity": 1,
      "token": "0000110011011101111001"
    },
    {
      "demand": 1,
      "path_edge_count": 0,
      "path_index": 59241,
      "path_matching_capacity": 0,
      "token": "0010010101111100110101"
    },
    {
      "demand": 2,
      "path_edge_count": 1,
      "path_index": 49376,
      "path_matching_capacity": 1,
      "token": "0010010101011110110101"
    },
    {
      "demand": 2,
      "path_edge_count": 1,
      "path_index": 49378,
      "path_matching_capacity": 1,
      "token": "0010100011011110110101"
    },
    {
      "demand": 1,
      "path_edge_count": 0,
      "path_index": 59242,
      "path_matching_capacity": 0,
      "token": "0000110011011110110101"
    },
    {
      "demand": 2,
      "path_edge_count": 2,
      "path_index": 59160,
      "path_matching_capacity": 1,
      "token": "0010010101111100101101"
    },
    {
      "demand": 2,
      "path_edge_count": 2,
      "path_index": 59161,
      "path_matching_capacity": 1,
      "token": "0010010011111100101101"
    },
    {
      "demand": 1,
      "path_edge_count": 0,
      "path_index": 59243,
      "path_matching_capacity": 0,
      "token": "0010010101011110101101"
    },
    {
      "demand": 2,
      "path_edge_count": 1,
      "path_index": 59153,
      "path_matching_capacity": 1,
      "token": "0010010011011110101101"
    },
    {
      "demand": 2,
      "path_edge_count": 1,
      "path_index": 59164,
      "path_matching_capacity": 1,
      "token": "0010011101010101101101"
    },
    {
      "demand": 2,
      "path_edge_count": 2,
      "path_index": 13319,
      "path_matching_capacity": 1,
      "token": "0010010101011101101101"
    },
    {
      "demand": 2,
      "path_edge_count": 1,
      "path_index": 54267,
      "path_matching_capacity": 1,
      "token": "0000110011011101101101"
    },
    {
      "demand": 2,
      "path_edge_count": 1,
      "path_index": 54269,
      "path_matching_capacity": 1,
      "token": "0010010011011011101101"
    },
    {
      "demand": 2,
      "path_edge_count": 2,
      "path_index": 52821,
      "path_matching_capacity": 1,
      "token": "0010010101011110011101"
    },
    {
      "demand": 1,
      "path_edge_count": 0,
      "path_index": 59244,
      "path_matching_capacity": 0,
      "token": "0010100011011110011101"
    },
    {
      "demand": 2,
      "path_edge_count": 2,
      "path_index": 59180,
      "path_matching_capacity": 1,
      "token": "0010010101011111010011"
    },
    {
      "demand": 2,
      "path_edge_count": 2,
      "path_index": 59181,
      "path_matching_capacity": 1,
      "token": "0010010101111100110011"
    },
    {
      "demand": 2,
      "path_edge_count": 1,
      "path_index": 59184,
      "path_matching_capacity": 1,
      "token": "0010100011011101110011"
    },
    {
      "demand": 2,
      "path_edge_count": 1,
      "path_index": 59185,
      "path_matching_capacity": 1,
      "token": "0010010011011011110011"
    },
    {
      "demand": 2,
      "path_edge_count": 1,
      "path_index": 59186,
      "path_matching_capacity": 1,
      "token": "0000010101011111110011"
    },
    {
      "demand": 2,
      "path_edge_count": 0,
      "path_index": 59245,
      "path_matching_capacity": 0,
      "token": "0010010011011110011011"
    },
    {
      "demand": 1,
      "path_edge_count": 0,
      "path_index": 59246,
      "path_matching_capacity": 0,
      "token": "0000110011011010111011"
    },
    {
      "demand": 1,
      "path_edge_count": 0,
      "path_index": 59247,
      "path_matching_capacity": 0,
      "token": "0000110011011001111011"
    },
    {
      "demand": 2,
      "path_edge_count": 2,
      "path_index": 59195,
      "path_matching_capacity": 1,
      "token": "0010001011111110000111"
    }
  ],
  "per_token_deficits_even_before_path_sharing": 62,
  "phase_common_degree_histogram_on_moved_head_tokens": {
    "0": 20,
    "1": 457
  },
  "phase_common_projected_head_edges": 587383,
  "port_appearances": 678,
  "selection_sha256": "94deb656dac1d8955b20d851e92600156d703842d6de169d4b6bea356fa3ec32",
  "status": "CAPACITY_OBSTRUCTION",
  "tail_head_multiplicity_histogram": {
    "1": 439,
    "2": 19
  },
  "token_ends_per_common_path_histogram": {
    "0": 58790,
    "1": 469,
    "2": 4
  },
  "total_common_path_edge_matching_capacity": 293900,
  "total_path_capacity_deficit": 72
}
