{
  "aggregate_q1_exact": 0,
  "central_router_patterns": 255,
  "certificate_sha256": "05552624784b67253b9f7d07b3e37c63cb25254d9b80872835952c38ba9605c1",
  "compiler_exists_in_scope": false,
  "distinct_histogram": {},
  "endpoint_owner_simple": 0,
  "factor_words": [
    "1010010011011011111000",
    "0010010011011111111000",
    "0010011011011110111000"
  ],
  "flat_sha256": "2b7bc68cb4559696c0dcf6bc0f7464c8dbe0d7d398dfab2b0996282a7f419dcc",
  "four_owner_oriented_pairs": [
    1500,
    1500,
    1500
  ],
  "four_owner_unoriented_pairs": [
    750,
    750,
    750
  ],
  "q1_and_owner_simple": 0,
  "q1_simple": 0,
  "raw_oriented_pairs": [
    2026,
    2026,
    2026
  ],
  "selection_sha256": "94deb656dac1d8955b20d851e92600156d703842d6de169d4b6bea356fa3ec32",
  "status": "PASS"
}
