{
  "e58_mixed": {
    "best_exchange": {
      "add": [
        152345,
        906
      ],
      "delta": 2,
      "kind": "pair+self",
      "remove": [
        152016,
        913
      ]
    },
    "mixed_exact_tests": 1,
    "mixed_surviving_faces": 1,
    "report": "scratch/audit_q4_k17_z17_augmented155k_e58_exact_mixed_two_20260814.h100.json",
    "self_exact_tests": 0,
    "self_surviving_faces": 0,
    "source_energy": 58,
    "status": "NO_NEGATIVE_MIXED_TWO_EXCHANGE"
  },
  "e58_pair": {
    "best_exchange": {
      "add": [
        138299,
        142009
      ],
      "delta": 4,
      "remove": [
        142008,
        169836
      ]
    },
    "exact_incoming_pair_tests": 5,
    "pair_options": 174462,
    "report": "scratch/audit_q4_k17_z17_augmented155k_e58_exact_pair_two_20260814.h100.json",
    "source_energy": 58,
    "status": "NO_NEGATIVE_TWO_PAIR_EXCHANGE",
    "surviving_faces": 31,
    "threshold_survivor_sum": 35
  },
  "e60_mixed": {
    "best_exchange": {
      "add": [
        169836,
        1881
      ],
      "delta": -2,
      "kind": "pair+self",
      "remove": [
        21732,
        1884
      ]
    },
    "mixed_exact_tests": 7,
    "mixed_surviving_faces": 4,
    "report": "scratch/audit_q4_k17_z17_augmented155k_exact_mixed_two_exchange_20260814.h100.json",
    "self_exact_tests": 0,
    "self_surviving_faces": 0,
    "source_energy": 60,
    "status": "PASS"
  },
  "method": "independent replay of all pair+self, self+self, and pair+pair face minima, thresholds, surviving tests, and E58 state",
  "scope": "finite 174462-pair/3749-self face only",
  "status": "PASS"
}
