{
  "reports": [
    {
      "clause_bank_histogram": {
        "lower_q1": 6,
        "lower_q2": 16,
        "upper_q1": 5,
        "upper_q2": 5
      },
      "clauses": 32,
      "cores": [
        [
          {
            "bank": "lower_q1",
            "clause": [
              {
                "must_be": "upper",
                "rail": "p11c1"
              },
              {
                "must_be": "upper",
                "rail": "pX2"
              }
            ],
            "providers": [
              [
                "p11c1",
                8
              ],
              [
                "pX2",
                5
              ]
            ],
            "resource": "01010000110001111"
          },
          {
            "bank": "lower_q2",
            "clause": [
              {
                "must_be": "upper",
                "rail": "p10c4_1"
              },
              {
                "must_be": "upper",
                "rail": "p11c0"
              }
            ],
            "providers": [
              [
                "p10c4_1",
                1
              ],
              [
                "p11c0",
                6
              ]
            ],
            "resource": "10011000000001111"
          },
          {
            "bank": "lower_q2",
            "clause": [
              {
                "must_be": "upper",
                "rail": "p11c2"
              },
              {
                "must_be": "upper",
                "rail": "pX1"
              }
            ],
            "providers": [
              [
                "p11c2",
                0
              ],
              [
                "pX1",
                2
              ]
            ],
            "resource": "00100000110001111"
          },
          {
            "bank": "upper_q1",
            "clause": [
              {
                "must_be": "lower",
                "rail": "p11c2"
              },
              {
                "must_be": "lower",
                "rail": "pX2"
              }
            ],
            "providers": [
              [
                "p11c2",
                2
              ],
              [
                "pX2",
                5
              ]
            ],
            "resource": "01110000110011111"
          },
          {
            "bank": "upper_q1",
            "clause": [
              {
                "must_be": "lower",
                "rail": "pX1"
              },
              {
                "must_be": "lower",
                "rail": "pX2"
              }
            ],
            "providers": [
              [
                "pX1",
                5
              ],
              [
                "pX2",
                2
              ]
            ],
            "resource": "00110111100001111"
          },
          {
            "bank": "upper_q2",
            "clause": [
              {
                "must_be": "lower",
                "rail": "p10c4_1"
              },
              {
                "must_be": "lower",
                "rail": "p11c1"
              }
            ],
            "providers": [
              [
                "p10c4_1",
                3
              ],
              [
                "p11c1",
                7
              ]
            ],
            "resource": "11011100110001111"
          },
          {
            "bank": "upper_q2",
            "clause": [
              {
                "must_be": "lower",
                "rail": "p11c0"
              },
              {
                "must_be": "lower",
                "rail": "p11c1"
              }
            ],
            "providers": [
              [
                "p11c0",
                10
              ],
              [
                "p11c1",
                2
              ]
            ],
            "resource": "11100010001111111"
          }
        ],
        [
          {
            "bank": "lower_q1",
            "clause": [
              {
                "must_be": "upper",
                "rail": "p11c1"
              },
              {
                "must_be": "upper",
                "rail": "pX2"
              }
            ],
            "providers": [
              [
                "p11c1",
                8
              ],
              [
                "pX2",
                5
              ]
            ],
            "resource": "01010000110001111"
          },
          {
            "bank": "lower_q2",
            "clause": [
              {
                "must_be": "upper",
                "rail": "p10c4_1"
              },
              {
                "must_be": "upper",
                "rail": "p11c0"
              }
            ],
            "providers": [
              [
                "p10c4_1",
                1
              ],
              [
                "p11c0",
                6
              ]
            ],
            "resource": "10011000000001111"
          },
          {
            "bank": "lower_q2",
            "clause": [
              {
                "must_be": "upper",
                "rail": "p11c2"
              },
              {
                "must_be": "upper",
                "rail": "pX1"
              }
            ],
            "providers": [
              [
                "p11c2",
                0
              ],
              [
                "pX1",
                2
              ]
            ],
            "resource": "00100000110001111"
          },
          {
            "bank": "upper_q1",
            "clause": [
              {
                "must_be": "lower",
                "rail": "p11c2"
              },
              {
                "must_be": "lower",
                "rail": "pX2"
              }
            ],
            "providers": [
              [
                "p11c2",
                2
              ],
              [
                "pX2",
                5
              ]
            ],
            "resource": "01110000110011111"
          },
          {
            "bank": "upper_q1",
            "clause": [
              {
                "must_be": "lower",
                "rail": "pX1"
              },
              {
                "must_be": "lower",
                "rail": "pX2"
              }
            ],
            "providers": [
              [
                "pX1",
                7
              ],
              [
                "pX2",
                0
              ]
            ],
            "resource": "00000111101101111"
          },
          {
            "bank": "upper_q2",
            "clause": [
              {
                "must_be": "lower",
                "rail": "p10c4_1"
              },
              {
                "must_be": "lower",
                "rail": "p11c1"
              }
            ],
            "providers": [
              [
                "p10c4_1",
                3
              ],
              [
                "p11c1",
                7
              ]
            ],
            "resource": "11011100110001111"
          },
          {
            "bank": "upper_q2",
            "clause": [
              {
                "must_be": "lower",
                "rail": "p11c0"
              },
              {
                "must_be": "lower",
                "rail": "p11c1"
              }
            ],
            "providers": [
              [
                "p11c0",
                10
              ],
              [
                "p11c1",
                2
              ]
            ],
            "resource": "11100010001111111"
          }
        ],
        [
          {
            "bank": "lower_q1",
            "clause": [
              {
                "must_be": "upper",
                "rail": "p11c1"
              },
              {
                "must_be": "upper",
                "rail": "pX2"
              }
            ],
            "providers": [
              [
                "p11c1",
                8
              ],
              [
                "pX2",
                5
              ]
            ],
            "resource": "01010000110001111"
          },
          {
            "bank": "lower_q2",
            "clause": [
              {
                "must_be": "upper",
                "rail": "p10c4_1"
              },
              {
                "must_be": "upper",
                "rail": "p11c0"
              }
            ],
            "providers": [
              [
                "p10c4_1",
                1
              ],
              [
                "p11c0",
                6
              ]
            ],
            "resource": "10011000000001111"
          },
          {
            "bank": "lower_q2",
            "clause": [
              {
                "must_be": "upper",
                "rail": "p11c2"
              },
              {
                "must_be": "upper",
                "rail": "pX1"
              }
            ],
            "providers": [
              [
                "p11c2",
                0
              ],
              [
                "pX1",
                2
              ]
            ],
            "resource": "00100000110001111"
          },
          {
            "bank": "upper_q1",
            "clause": [
              {
                "must_be": "lower",
                "rail": "pX1"
              },
              {
                "must_be": "lower",
                "rail": "pX2"
              }
            ],
            "providers": [
              [
                "pX1",
                5
              ],
              [
                "pX2",
                2
              ]
            ],
            "resource": "00110111100001111"
          },
          {
            "bank": "upper_q2",
            "clause": [
              {
                "must_be": "lower",
                "rail": "p10c4_1"
              },
              {
                "must_be": "lower",
                "rail": "p11c1"
              }
            ],
            "providers": [
              [
                "p10c4_1",
                3
              ],
              [
                "p11c1",
                7
              ]
            ],
            "resource": "11011100110001111"
          },
          {
            "bank": "upper_q2",
            "clause": [
              {
                "must_be": "lower",
                "rail": "p11c0"
              },
              {
                "must_be": "lower",
                "rail": "p11c1"
              }
            ],
            "providers": [
              [
                "p11c0",
                10
              ],
              [
                "p11c1",
                2
              ]
            ],
            "resource": "11100010001111111"
          },
          {
            "bank": "upper_q2",
            "clause": [
              {
                "must_be": "lower",
                "rail": "p11c2"
              },
              {
                "must_be": "lower",
                "rail": "pX2"
              }
            ],
            "providers": [
              [
                "p11c2",
                2
              ],
              [
                "pX2",
                4
              ]
            ],
            "resource": "01110001110011111"
          }
        ],
        [
          {
            "bank": "lower_q1",
            "clause": [
              {
                "must_be": "upper",
                "rail": "p11c1"
              },
              {
                "must_be": "upper",
                "rail": "pX2"
              }
            ],
            "providers": [
              [
                "p11c1",
                8
              ],
              [
                "pX2",
                5
              ]
            ],
            "resource": "01010000110001111"
          },
          {
            "bank": "lower_q2",
            "clause": [
              {
                "must_be": "upper",
                "rail": "p10c4_1"
              },
              {
                "must_be": "upper",
                "rail": "p11c0"
              }
            ],
            "providers": [
              [
                "p10c4_1",
                1
              ],
              [
                "p11c0",
                6
              ]
            ],
            "resource": "10011000000001111"
          },
          {
            "bank": "lower_q2",
            "clause": [
              {
                "must_be": "upper",
                "rail": "p11c2"
              },
              {
                "must_be": "upper",
                "rail": "pX1"
              }
            ],
            "providers": [
              [
                "p11c2",
                0
              ],
              [
                "pX1",
                2
              ]
            ],
            "resource": "00100000110001111"
          },
          {
            "bank": "upper_q1",
            "clause": [
              {
                "must_be": "lower",
                "rail": "pX1"
              },
              {
                "must_be": "lower",
                "rail": "pX2"
              }
            ],
            "providers": [
              [
                "pX1",
                7
              ],
              [
                "pX2",
                0
              ]
            ],
            "resource": "00000111101101111"
          },
          {
            "bank": "upper_q2",
            "clause": [
              {
                "must_be": "lower",
                "rail": "p10c4_1"
              },
              {
                "must_be": "lower",
                "rail": "p11c1"
              }
            ],
            "providers": [
              [
                "p10c4_1",
                3
              ],
              [
                "p11c1",
                7
              ]
            ],
            "resource": "11011100110001111"
          },
          {
            "bank": "upper_q2",
            "clause": [
              {
                "must_be": "lower",
                "rail": "p11c0"
              },
              {
                "must_be": "lower",
                "rail": "p11c1"
              }
            ],
            "providers": [
              [
                "p11c0",
                10
              ],
              [
                "p11c1",
                2
              ]
            ],
            "resource": "11100010001111111"
          },
          {
            "bank": "upper_q2",
            "clause": [
              {
                "must_be": "lower",
                "rail": "p11c2"
              },
              {
                "must_be": "lower",
                "rail": "pX2"
              }
            ],
            "providers": [
              [
                "p11c2",
                2
              ],
              [
                "pX2",
                4
              ]
            ],
            "resource": "01110001110011111"
          }
        ],
        [
          {
            "bank": "lower_q2",
            "clause": [
              {
                "must_be": "upper",
                "rail": "p10c4_1"
              },
              {
                "must_be": "upper",
                "rail": "p11c0"
              }
            ],
            "providers": [
              [
                "p10c4_1",
                1
              ],
              [
                "p11c0",
                6
              ]
            ],
            "resource": "10011000000001111"
          },
          {
            "bank": "lower_q2",
            "clause": [
              {
                "must_be": "upper",
                "rail": "p11c1"
              },
              {
                "must_be": "upper",
                "rail": "pX2"
              }
            ],
            "providers": [
              [
                "p11c1",
                8
              ],
              [
                "pX2",
                5
              ]
            ],
            "resource": "01000000110001111"
          },
          {
            "bank": "lower_q2",
            "clause": [
              {
                "must_be": "upper",
                "rail": "p11c2"
              },
              {
                "must_be": "upper",
                "rail": "pX1"
              }
            ],
            "providers": [
              [
                "p11c2",
                0
              ],
              [
                "pX1",
                2
              ]
            ],
            "resource": "00100000110001111"
          },
          {
            "bank": "upper_q1",
            "clause": [
              {
                "must_be": "lower",
                "rail": "p11c2"
              },
              {
                "must_be": "lower",
                "rail": "pX2"
              }
            ],
            "providers": [
              [
                "p11c2",
                2
              ],
              [
                "pX2",
                5
              ]
            ],
            "resource": "01110000110011111"
          },
          {
            "bank": "upper_q1",
            "clause": [
              {
                "must_be": "lower",
                "rail": "pX1"
              },
              {
                "must_be": "lower",
                "rail": "pX2"
              }
            ],
            "providers": [
              [
                "pX1",
                5
              ],
              [
                "pX2",
                2
              ]
            ],
            "resource": "00110111100001111"
          },
          {
            "bank": "upper_q2",
            "clause": [
              {
                "must_be": "lower",
                "rail": "p10c4_1"
              },
              {
                "must_be": "lower",
                "rail": "p11c1"
              }
            ],
            "providers": [
              [
                "p10c4_1",
                3
              ],
              [
                "p11c1",
                7
              ]
            ],
            "resource": "11011100110001111"
          },
          {
            "bank": "upper_q2",
            "clause": [
              {
                "must_be": "lower",
                "rail": "p11c0"
              },
              {
                "must_be": "lower",
                "rail": "p11c1"
              }
            ],
            "providers": [
              [
                "p11c0",
                10
              ],
              [
                "p11c1",
                2
              ]
            ],
            "resource": "11100010001111111"
          }
        ],
        [
          {
            "bank": "lower_q2",
            "clause": [
              {
                "must_be": "upper",
                "rail": "p10c4_1"
              },
              {
                "must_be": "upper",
                "rail": "p11c0"
              }
            ],
            "providers": [
              [
                "p10c4_1",
                1
              ],
              [
                "p11c0",
                6
              ]
            ],
            "resource": "10011000000001111"
          },
          {
            "bank": "lower_q2",
            "clause": [
              {
                "must_be": "upper",
                "rail": "p11c1"
              },
              {
                "must_be": "upper",
                "rail": "pX2"
              }
            ],
            "providers": [
              [
                "p11c1",
                8
              ],
              [
                "pX2",
                5
              ]
            ],
            "resource": "01000000110001111"
          },
          {
            "bank": "lower_q2",
            "clause": [
              {
                "must_be": "upper",
                "rail": "p11c2"
              },
              {
                "must_be": "upper",
                "rail": "pX1"
              }
            ],
            "providers": [
              [
                "p11c2",
                0
              ],
              [
                "pX1",
                2
              ]
            ],
            "resource": "00100000110001111"
          },
          {
            "bank": "upper_q1",
            "clause": [
              {
                "must_be": "lower",
                "rail": "p11c2"
              },
              {
                "must_be": "lower",
                "rail": "pX2"
              }
            ],
            "providers": [
              [
                "p11c2",
                2
              ],
              [
                "pX2",
                5
              ]
            ],
            "resource": "01110000110011111"
          },
          {
            "bank": "upper_q1",
            "clause": [
              {
                "must_be": "lower",
                "rail": "pX1"
              },
              {
                "must_be": "lower",
                "rail": "pX2"
              }
            ],
            "providers": [
              [
                "pX1",
                7
              ],
              [
                "pX2",
                0
              ]
            ],
            "resource": "00000111101101111"
          },
          {
            "bank": "upper_q2",
            "clause": [
              {
                "must_be": "lower",
                "rail": "p10c4_1"
              },
              {
                "must_be": "lower",
                "rail": "p11c1"
              }
            ],
            "providers": [
              [
                "p10c4_1",
                3
              ],
              [
                "p11c1",
                7
              ]
            ],
            "resource": "11011100110001111"
          },
          {
            "bank": "upper_q2",
            "clause": [
              {
                "must_be": "lower",
                "rail": "p11c0"
              },
              {
                "must_be": "lower",
                "rail": "p11c1"
              }
            ],
            "providers": [
              [
                "p11c0",
                10
              ],
              [
                "p11c1",
                2
              ]
            ],
            "resource": "11100010001111111"
          }
        ],
        [
          {
            "bank": "lower_q2",
            "clause": [
              {
                "must_be": "upper",
                "rail": "p10c4_1"
              },
              {
                "must_be": "upper",
                "rail": "p11c0"
              }
            ],
            "providers": [
              [
                "p10c4_1",
                1
              ],
              [
                "p11c0",
                6
              ]
            ],
            "resource": "10011000000001111"
          },
          {
            "bank": "lower_q2",
            "clause": [
              {
                "must_be": "upper",
                "rail": "p11c1"
              },
              {
                "must_be": "upper",
                "rail": "pX2"
              }
            ],
            "providers": [
              [
                "p11c1",
                8
              ],
              [
                "pX2",
                5
              ]
            ],
            "resource": "01000000110001111"
          },
          {
            "bank": "lower_q2",
            "clause": [
              {
                "must_be": "upper",
                "rail": "p11c2"
              },
              {
                "must_be": "upper",
                "rail": "pX1"
              }
            ],
            "providers": [
              [
                "p11c2",
                0
              ],
              [
                "pX1",
                2
              ]
            ],
            "resource": "00100000110001111"
          },
          {
            "bank": "upper_q1",
            "clause": [
              {
                "must_be": "lower",
                "rail": "pX1"
              },
              {
                "must_be": "lower",
                "rail": "pX2"
              }
            ],
            "providers": [
              [
                "pX1",
                5
              ],
              [
                "pX2",
                2
              ]
            ],
            "resource": "00110111100001111"
          },
          {
            "bank": "upper_q2",
            "clause": [
              {
                "must_be": "lower",
                "rail": "p10c4_1"
              },
              {
                "must_be": "lower",
                "rail": "p11c1"
              }
            ],
            "providers": [
              [
                "p10c4_1",
                3
              ],
              [
                "p11c1",
                7
              ]
            ],
            "resource": "11011100110001111"
          },
          {
            "bank": "upper_q2",
            "clause": [
              {
                "must_be": "lower",
                "rail": "p11c0"
              },
              {
                "must_be": "lower",
                "rail": "p11c1"
              }
            ],
            "providers": [
              [
                "p11c0",
                10
              ],
              [
                "p11c1",
                2
              ]
            ],
            "resource": "11100010001111111"
          },
          {
            "bank": "upper_q2",
            "clause": [
              {
                "must_be": "lower",
                "rail": "p11c2"
              },
              {
                "must_be": "lower",
                "rail": "pX2"
              }
            ],
            "providers": [
              [
                "p11c2",
                2
              ],
              [
                "pX2",
                4
              ]
            ],
            "resource": "01110001110011111"
          }
        ],
        [
          {
            "bank": "lower_q2",
            "clause": [
              {
                "must_be": "upper",
                "rail": "p10c4_1"
              },
              {
                "must_be": "upper",
                "rail": "p11c0"
              }
            ],
            "providers": [
              [
                "p10c4_1",
                1
              ],
              [
                "p11c0",
                6
              ]
            ],
            "resource": "10011000000001111"
          },
          {
            "bank": "lower_q2",
            "clause": [
              {
                "must_be": "upper",
                "rail": "p11c1"
              },
              {
                "must_be": "upper",
                "rail": "pX2"
              }
            ],
            "providers": [
              [
                "p11c1",
                8
              ],
              [
                "pX2",
                5
              ]
            ],
            "resource": "01000000110001111"
          },
          {
            "bank": "lower_q2",
            "clause": [
              {
                "must_be": "upper",
                "rail": "p11c2"
              },
              {
                "must_be": "upper",
                "rail": "pX1"
              }
            ],
            "providers": [
              [
                "p11c2",
                0
              ],
              [
                "pX1",
                2
              ]
            ],
            "resource": "00100000110001111"
          },
          {
            "bank": "upper_q1",
            "clause": [
              {
                "must_be": "lower",
                "rail": "pX1"
              },
              {
                "must_be": "lower",
                "rail": "pX2"
              }
            ],
            "providers": [
              [
                "pX1",
                7
              ],
              [
                "pX2",
                0
              ]
            ],
            "resource": "00000111101101111"
          },
          {
            "bank": "upper_q2",
            "clause": [
              {
                "must_be": "lower",
                "rail": "p10c4_1"
              },
              {
                "must_be": "lower",
                "rail": "p11c1"
              }
            ],
            "providers": [
              [
                "p10c4_1",
                3
              ],
              [
                "p11c1",
                7
              ]
            ],
            "resource": "11011100110001111"
          },
          {
            "bank": "upper_q2",
            "clause": [
              {
                "must_be": "lower",
                "rail": "p11c0"
              },
              {
                "must_be": "lower",
                "rail": "p11c1"
              }
            ],
            "providers": [
              [
                "p11c0",
                10
              ],
              [
                "p11c1",
                2
              ]
            ],
            "resource": "11100010001111111"
          },
          {
            "bank": "upper_q2",
            "clause": [
              {
                "must_be": "lower",
                "rail": "p11c2"
              },
              {
                "must_be": "lower",
                "rail": "pX2"
              }
            ],
            "providers": [
              [
                "p11c2",
                2
              ],
              [
                "pX2",
                4
              ]
            ],
            "resource": "01110001110011111"
          }
        ]
      ],
      "deletion_minimal_upper_bound": 7,
      "first_minimum_assignment": {
        "collision_excess": {
          "lower_q1": 0,
          "lower_q2": 1,
          "upper_q1": 0,
          "upper_q2": 0
        },
        "lower_rails": [
          "Phi1^2-",
          "Phi2+",
          "Phi3+",
          "Phi4+",
          "p10c4_1",
          "p11c0",
          "p11c2",
          "pX2"
        ],
        "upper_rails": [
          "Delta-",
          "Phi1^3-",
          "Phi1^4-",
          "p10c4_2",
          "p11c1",
          "pX1"
        ]
      },
      "minimum_active_collision_excess": 1,
      "minimum_assignments": 160,
      "rails": [
        "Delta-",
        "Phi1^2-",
        "Phi1^3-",
        "Phi1^4-",
        "Phi2+",
        "Phi3+",
        "Phi4+",
        "p10c4_1",
        "p10c4_2",
        "p11c0",
        "p11c1",
        "p11c2",
        "pX1",
        "pX2"
      ],
      "smallest_unsat_core_size": 7,
      "smallest_unsat_cores_returned": 8,
      "state": "state_one"
    },
    {
      "clause_bank_histogram": {
        "lower_q1": 6,
        "lower_q2": 18,
        "upper_q1": 4,
        "upper_q2": 2
      },
      "clauses": 30,
      "cores": [
        [
          {
            "bank": "lower_q1",
            "clause": [
              {
                "must_be": "upper",
                "rail": "n10c2"
              },
              {
                "must_be": "upper",
                "rail": "nX2"
              }
            ],
            "providers": [
              [
                "n10c2",
                0
              ],
              [
                "nX2",
                5
              ]
            ],
            "resource": "01100000110001111"
          },
          {
            "bank": "lower_q2",
            "clause": [
              {
                "must_be": "upper",
                "rail": "n10c1"
              },
              {
                "must_be": "upper",
                "rail": "nX2"
              }
            ],
            "providers": [
              [
                "n10c1",
                4
              ],
              [
                "nX2",
                5
              ]
            ],
            "resource": "01000000110001111"
          },
          {
            "bank": "lower_q2",
            "clause": [
              {
                "must_be": "upper",
                "rail": "n11c3"
              },
              {
                "must_be": "upper",
                "rail": "nX1"
              }
            ],
            "providers": [
              [
                "n11c3",
                10
              ],
              [
                "nX1",
                2
              ]
            ],
            "resource": "00010000110001111"
          },
          {
            "bank": "upper_q1",
            "clause": [
              {
                "must_be": "lower",
                "rail": "n10c1"
              },
              {
                "must_be": "lower",
                "rail": "n10c2"
              }
            ],
            "providers": [
              [
                "n10c1",
                3
              ],
              [
                "n10c2",
                0
              ]
            ],
            "resource": "11101000110001111"
          },
          {
            "bank": "upper_q1",
            "clause": [
              {
                "must_be": "lower",
                "rail": "n11c3"
              },
              {
                "must_be": "lower",
                "rail": "nX2"
              }
            ],
            "providers": [
              [
                "n11c3",
                9
              ],
              [
                "nX2",
                5
              ]
            ],
            "resource": "01110000110011111"
          },
          {
            "bank": "upper_q1",
            "clause": [
              {
                "must_be": "lower",
                "rail": "nX1"
              },
              {
                "must_be": "lower",
                "rail": "nX2"
              }
            ],
            "providers": [
              [
                "nX1",
                5
              ],
              [
                "nX2",
                2
              ]
            ],
            "resource": "00110111100001111"
          }
        ],
        [
          {
            "bank": "lower_q1",
            "clause": [
              {
                "must_be": "upper",
                "rail": "n10c2"
              },
              {
                "must_be": "upper",
                "rail": "nX2"
              }
            ],
            "providers": [
              [
                "n10c2",
                0
              ],
              [
                "nX2",
                5
              ]
            ],
            "resource": "01100000110001111"
          },
          {
            "bank": "lower_q2",
            "clause": [
              {
                "must_be": "upper",
                "rail": "n10c1"
              },
              {
                "must_be": "upper",
                "rail": "nX2"
              }
            ],
            "providers": [
              [
                "n10c1",
                4
              ],
              [
                "nX2",
                5
              ]
            ],
            "resource": "01000000110001111"
          },
          {
            "bank": "lower_q2",
            "clause": [
              {
                "must_be": "upper",
                "rail": "n11c3"
              },
              {
                "must_be": "upper",
                "rail": "nX1"
              }
            ],
            "providers": [
              [
                "n11c3",
                10
              ],
              [
                "nX1",
                2
              ]
            ],
            "resource": "00010000110001111"
          },
          {
            "bank": "upper_q1",
            "clause": [
              {
                "must_be": "lower",
                "rail": "n10c1"
              },
              {
                "must_be": "lower",
                "rail": "n10c2"
              }
            ],
            "providers": [
              [
                "n10c1",
                3
              ],
              [
                "n10c2",
                0
              ]
            ],
            "resource": "11101000110001111"
          },
          {
            "bank": "upper_q1",
            "clause": [
              {
                "must_be": "lower",
                "rail": "n11c3"
              },
              {
                "must_be": "lower",
                "rail": "nX2"
              }
            ],
            "providers": [
              [
                "n11c3",
                9
              ],
              [
                "nX2",
                5
              ]
            ],
            "resource": "01110000110011111"
          },
          {
            "bank": "upper_q1",
            "clause": [
              {
                "must_be": "lower",
                "rail": "nX1"
              },
              {
                "must_be": "lower",
                "rail": "nX2"
              }
            ],
            "providers": [
              [
                "nX1",
                7
              ],
              [
                "nX2",
                0
              ]
            ],
            "resource": "00000111101101111"
          }
        ],
        [
          {
            "bank": "lower_q1",
            "clause": [
              {
                "must_be": "upper",
                "rail": "n10c2"
              },
              {
                "must_be": "upper",
                "rail": "nX2"
              }
            ],
            "providers": [
              [
                "n10c2",
                0
              ],
              [
                "nX2",
                5
              ]
            ],
            "resource": "01100000110001111"
          },
          {
            "bank": "lower_q2",
            "clause": [
              {
                "must_be": "upper",
                "rail": "n10c1"
              },
              {
                "must_be": "upper",
                "rail": "nX2"
              }
            ],
            "providers": [
              [
                "n10c1",
                4
              ],
              [
                "nX2",
                5
              ]
            ],
            "resource": "01000000110001111"
          },
          {
            "bank": "lower_q2",
            "clause": [
              {
                "must_be": "upper",
                "rail": "n11c3"
              },
              {
                "must_be": "upper",
                "rail": "nX1"
              }
            ],
            "providers": [
              [
                "n11c3",
                10
              ],
              [
                "nX1",
                2
              ]
            ],
            "resource": "00010000110001111"
          },
          {
            "bank": "upper_q1",
            "clause": [
              {
                "must_be": "lower",
                "rail": "n10c1"
              },
              {
                "must_be": "lower",
                "rail": "n10c2"
              }
            ],
            "providers": [
              [
                "n10c1",
                3
              ],
              [
                "n10c2",
                0
              ]
            ],
            "resource": "11101000110001111"
          },
          {
            "bank": "upper_q1",
            "clause": [
              {
                "must_be": "lower",
                "rail": "nX1"
              },
              {
                "must_be": "lower",
                "rail": "nX2"
              }
            ],
            "providers": [
              [
                "nX1",
                5
              ],
              [
                "nX2",
                2
              ]
            ],
            "resource": "00110111100001111"
          },
          {
            "bank": "upper_q2",
            "clause": [
              {
                "must_be": "lower",
                "rail": "n11c3"
              },
              {
                "must_be": "lower",
                "rail": "nX2"
              }
            ],
            "providers": [
              [
                "n11c3",
                8
              ],
              [
                "nX2",
                4
              ]
            ],
            "resource": "01110001110011111"
          }
        ],
        [
          {
            "bank": "lower_q1",
            "clause": [
              {
                "must_be": "upper",
                "rail": "n10c2"
              },
              {
                "must_be": "upper",
                "rail": "nX2"
              }
            ],
            "providers": [
              [
                "n10c2",
                0
              ],
              [
                "nX2",
                5
              ]
            ],
            "resource": "01100000110001111"
          },
          {
            "bank": "lower_q2",
            "clause": [
              {
                "must_be": "upper",
                "rail": "n10c1"
              },
              {
                "must_be": "upper",
                "rail": "nX2"
              }
            ],
            "providers": [
              [
                "n10c1",
                4
              ],
              [
                "nX2",
                5
              ]
            ],
            "resource": "01000000110001111"
          },
          {
            "bank": "lower_q2",
            "clause": [
              {
                "must_be": "upper",
                "rail": "n11c3"
              },
              {
                "must_be": "upper",
                "rail": "nX1"
              }
            ],
            "providers": [
              [
                "n11c3",
                10
              ],
              [
                "nX1",
                2
              ]
            ],
            "resource": "00010000110001111"
          },
          {
            "bank": "upper_q1",
            "clause": [
              {
                "must_be": "lower",
                "rail": "n10c1"
              },
              {
                "must_be": "lower",
                "rail": "n10c2"
              }
            ],
            "providers": [
              [
                "n10c1",
                3
              ],
              [
                "n10c2",
                0
              ]
            ],
            "resource": "11101000110001111"
          },
          {
            "bank": "upper_q1",
            "clause": [
              {
                "must_be": "lower",
                "rail": "nX1"
              },
              {
                "must_be": "lower",
                "rail": "nX2"
              }
            ],
            "providers": [
              [
                "nX1",
                7
              ],
              [
                "nX2",
                0
              ]
            ],
            "resource": "00000111101101111"
          },
          {
            "bank": "upper_q2",
            "clause": [
              {
                "must_be": "lower",
                "rail": "n11c3"
              },
              {
                "must_be": "lower",
                "rail": "nX2"
              }
            ],
            "providers": [
              [
                "n11c3",
                8
              ],
              [
                "nX2",
                4
              ]
            ],
            "resource": "01110001110011111"
          }
        ]
      ],
      "deletion_minimal_upper_bound": 6,
      "first_minimum_assignment": {
        "collision_excess": {
          "lower_q1": 0,
          "lower_q2": 1,
          "upper_q1": 0,
          "upper_q2": 0
        },
        "lower_rails": [
          "Phi1^2+",
          "Phi2-",
          "Phi3-",
          "Phi4-",
          "n10c0",
          "n10c1",
          "n11c3",
          "nX2"
        ],
        "upper_rails": [
          "Delta+",
          "Phi1^3+",
          "Phi1^4+",
          "n10c2",
          "n11c4",
          "nX1"
        ]
      },
      "minimum_active_collision_excess": 1,
      "minimum_assignments": 320,
      "rails": [
        "Delta+",
        "Phi1^2+",
        "Phi1^3+",
        "Phi1^4+",
        "Phi2-",
        "Phi3-",
        "Phi4-",
        "n10c0",
        "n10c1",
        "n10c2",
        "n11c3",
        "n11c4",
        "nX1",
        "nX2"
      ],
      "smallest_unsat_core_size": 6,
      "smallest_unsat_cores_returned": 4,
      "state": "state_two"
    }
  ],
  "source_sha256": "cae68fd6542d1925c3663c901f981fee596dfa10560fc01b278d367960c7573d",
  "status": "PASS"
}
