{
  "all_fail_same_logical_token": true,
  "all_q1_exact_and_simple": true,
  "audits": [
    {
      "endpoints": [
        {
          "auxiliary_endpoint": "00000110110110111110000",
          "one": "11000100110100111110000",
          "other": "10000100110110111110000",
          "repeated": [],
          "supports": [
            [
              0,
              6
            ],
            [
              1,
              12
            ],
            [
              10,
              11
            ]
          ],
          "two": "11000100111000111110000",
          "union_size": 6
        },
        {
          "auxiliary_endpoint": "10000110110110110110000",
          "one": "00110010110110110110000",
          "other": "00100110110110110110000",
          "repeated": [
            2
          ],
          "supports": [
            [
              0,
              2
            ],
            [
              3,
              5
            ],
            [
              1,
              2
            ]
          ],
          "two": "01010010110110110110000",
          "union_size": 5
        }
      ],
      "token_permutation": [
        0,
        2,
        1
      ],
      "token_zero_port": 0,
      "witness": 0
    },
    {
      "endpoints": [
        {
          "auxiliary_endpoint": "00000110110110111110000",
          "one": "11000100110100111110000",
          "other": "10000100110110111110000",
          "repeated": [],
          "supports": [
            [
              0,
              6
            ],
            [
              1,
              12
            ],
            [
              10,
              11
            ]
          ],
          "two": "11000100111000111110000",
          "union_size": 6
        },
        {
          "auxiliary_endpoint": "10000110110010111110000",
          "one": "00110010110010111110000",
          "other": "00100110110010111110000",
          "repeated": [
            2
          ],
          "supports": [
            [
              0,
              2
            ],
            [
              3,
              5
            ],
            [
              1,
              2
            ]
          ],
          "two": "01010010110010111110000",
          "union_size": 5
        }
      ],
      "token_permutation": [
        0,
        2,
        1
      ],
      "token_zero_port": 0,
      "witness": 1
    },
    {
      "endpoints": [
        {
          "auxiliary_endpoint": "10000110110110111100000",
          "one": "00110010110110111100000",
          "other": "00100110110110111100000",
          "repeated": [
            2
          ],
          "supports": [
            [
              0,
              2
            ],
            [
              3,
              5
            ],
            [
              1,
              2
            ]
          ],
          "two": "01010010110110111100000",
          "union_size": 5
        },
        {
          "auxiliary_endpoint": "00000110110110111110000",
          "one": "11000100110100111110000",
          "other": "10000100110110111110000",
          "repeated": [],
          "supports": [
            [
              0,
              6
            ],
            [
              1,
              12
            ],
            [
              10,
              11
            ]
          ],
          "two": "11000100111000111110000",
          "union_size": 6
        }
      ],
      "token_permutation": [
        0,
        2,
        1
      ],
      "token_zero_port": 0,
      "witness": 2
    },
    {
      "endpoints": [
        {
          "auxiliary_endpoint": "10000010110110111110000",
          "one": "00110010010110111110000",
          "other": "00100010110110111110000",
          "repeated": [
            2
          ],
          "supports": [
            [
              0,
              2
            ],
            [
              3,
              8
            ],
            [
              1,
              2
            ]
          ],
          "two": "01010010010110111110000",
          "union_size": 5
        },
        {
          "auxiliary_endpoint": "00000110110110111110000",
          "one": "11000100110100111110000",
          "other": "10000100110110111110000",
          "repeated": [],
          "supports": [
            [
              0,
              6
            ],
            [
              1,
              12
            ],
            [
              10,
              11
            ]
          ],
          "two": "11000100111000111110000",
          "union_size": 6
        }
      ],
      "token_permutation": [
        0,
        2,
        1
      ],
      "token_zero_port": 0,
      "witness": 3
    },
    {
      "endpoints": [
        {
          "auxiliary_endpoint": "10000110100110111110000",
          "one": "00110010100110111110000",
          "other": "00100110100110111110000",
          "repeated": [
            2
          ],
          "supports": [
            [
              0,
              2
            ],
            [
              3,
              5
            ],
            [
              1,
              2
            ]
          ],
          "two": "01010010100110111110000",
          "union_size": 5
        },
        {
          "auxiliary_endpoint": "00000110110110111110000",
          "one": "11000100110100111110000",
          "other": "10000100110110111110000",
          "repeated": [],
          "supports": [
            [
              0,
              6
            ],
            [
              1,
              12
            ],
            [
              10,
              11
            ]
          ],
          "two": "11000100111000111110000",
          "union_size": 6
        }
      ],
      "token_permutation": [
        0,
        2,
        1
      ],
      "token_zero_port": 0,
      "witness": 4
    },
    {
      "endpoints": [
        {
          "auxiliary_endpoint": "00000110110110111110000",
          "one": "11000100110100111110000",
          "other": "10000100110110111110000",
          "repeated": [],
          "supports": [
            [
              0,
              6
            ],
            [
              1,
              12
            ],
            [
              10,
              11
            ]
          ],
          "two": "11000100111000111110000",
          "union_size": 6
        },
        {
          "auxiliary_endpoint": "10000110110110111010000",
          "one": "00110010110110111010000",
          "other": "00100110110110111010000",
          "repeated": [
            2
          ],
          "supports": [
            [
              0,
              2
            ],
            [
              3,
              5
            ],
            [
              1,
              2
            ]
          ],
          "two": "01010010110110111010000",
          "union_size": 5
        }
      ],
      "token_permutation": [
        0,
        2,
        1
      ],
      "token_zero_port": 0,
      "witness": 5
    },
    {
      "endpoints": [
        {
          "auxiliary_endpoint": "10000110010110111110000",
          "one": "00110010010110111110000",
          "other": "00100110010110111110000",
          "repeated": [
            2
          ],
          "supports": [
            [
              0,
              2
            ],
            [
              3,
              5
            ],
            [
              1,
              2
            ]
          ],
          "two": "01010010010110111110000",
          "union_size": 5
        },
        {
          "auxiliary_endpoint": "00000110110110111110000",
          "one": "11000100110100111110000",
          "other": "10000100110110111110000",
          "repeated": [],
          "supports": [
            [
              0,
              6
            ],
            [
              1,
              12
            ],
            [
              10,
              11
            ]
          ],
          "two": "11000100111000111110000",
          "union_size": 6
        }
      ],
      "token_permutation": [
        0,
        2,
        1
      ],
      "token_zero_port": 0,
      "witness": 6
    },
    {
      "endpoints": [
        {
          "auxiliary_endpoint": "00000110110110111110000",
          "one": "11000100110100111110000",
          "other": "10000100110110111110000",
          "repeated": [],
          "supports": [
            [
              0,
              6
            ],
            [
              1,
              12
            ],
            [
              10,
              11
            ]
          ],
          "two": "11000100111000111110000",
          "union_size": 6
        },
        {
          "auxiliary_endpoint": "10000110110110110110000",
          "one": "00110010110110110110000",
          "other": "00100110110110110110000",
          "repeated": [
            2
          ],
          "supports": [
            [
              0,
              2
            ],
            [
              3,
              5
            ],
            [
              1,
              2
            ]
          ],
          "two": "01010010110110110110000",
          "union_size": 5
        }
      ],
      "token_permutation": [
        1,
        0,
        2
      ],
      "token_zero_port": 1,
      "witness": 7
    },
    {
      "endpoints": [
        {
          "auxiliary_endpoint": "00000110110110111110000",
          "one": "11000100110100111110000",
          "other": "10000100110110111110000",
          "repeated": [],
          "supports": [
            [
              0,
              6
            ],
            [
              1,
              12
            ],
            [
              10,
              11
            ]
          ],
          "two": "11000100111000111110000",
          "union_size": 6
        },
        {
          "auxiliary_endpoint": "10000110110010111110000",
          "one": "00110010110010111110000",
          "other": "00100110110010111110000",
          "repeated": [
            2
          ],
          "supports": [
            [
              0,
              2
            ],
            [
              3,
              5
            ],
            [
              1,
              2
            ]
          ],
          "two": "01010010110010111110000",
          "union_size": 5
        }
      ],
      "token_permutation": [
        1,
        0,
        2
      ],
      "token_zero_port": 1,
      "witness": 8
    },
    {
      "endpoints": [
        {
          "auxiliary_endpoint": "10000110110110111100000",
          "one": "00110010110110111100000",
          "other": "00100110110110111100000",
          "repeated": [
            2
          ],
          "supports": [
            [
              0,
              2
            ],
            [
              3,
              5
            ],
            [
              1,
              2
            ]
          ],
          "two": "01010010110110111100000",
          "union_size": 5
        },
        {
          "auxiliary_endpoint": "00000110110110111110000",
          "one": "11000100110100111110000",
          "other": "10000100110110111110000",
          "repeated": [],
          "supports": [
            [
              0,
              6
            ],
            [
              1,
              12
            ],
            [
              10,
              11
            ]
          ],
          "two": "11000100111000111110000",
          "union_size": 6
        }
      ],
      "token_permutation": [
        1,
        0,
        2
      ],
      "token_zero_port": 1,
      "witness": 9
    },
    {
      "endpoints": [
        {
          "auxiliary_endpoint": "10000010110110111110000",
          "one": "00110010010110111110000",
          "other": "00100010110110111110000",
          "repeated": [
            2
          ],
          "supports": [
            [
              0,
              2
            ],
            [
              3,
              8
            ],
            [
              1,
              2
            ]
          ],
          "two": "01010010010110111110000",
          "union_size": 5
        },
        {
          "auxiliary_endpoint": "00000110110110111110000",
          "one": "11000100110100111110000",
          "other": "10000100110110111110000",
          "repeated": [],
          "supports": [
            [
              0,
              6
            ],
            [
              1,
              12
            ],
            [
              10,
              11
            ]
          ],
          "two": "11000100111000111110000",
          "union_size": 6
        }
      ],
      "token_permutation": [
        1,
        0,
        2
      ],
      "token_zero_port": 1,
      "witness": 10
    },
    {
      "endpoints": [
        {
          "auxiliary_endpoint": "10000110100110111110000",
          "one": "00110010100110111110000",
          "other": "00100110100110111110000",
          "repeated": [
            2
          ],
          "supports": [
            [
              0,
              2
            ],
            [
              3,
              5
            ],
            [
              1,
              2
            ]
          ],
          "two": "01010010100110111110000",
          "union_size": 5
        },
        {
          "auxiliary_endpoint": "00000110110110111110000",
          "one": "11000100110100111110000",
          "other": "10000100110110111110000",
          "repeated": [],
          "supports": [
            [
              0,
              6
            ],
            [
              1,
              12
            ],
            [
              10,
              11
            ]
          ],
          "two": "11000100111000111110000",
          "union_size": 6
        }
      ],
      "token_permutation": [
        1,
        0,
        2
      ],
      "token_zero_port": 1,
      "witness": 11
    },
    {
      "endpoints": [
        {
          "auxiliary_endpoint": "00000110110110111110000",
          "one": "11000100110100111110000",
          "other": "10000100110110111110000",
          "repeated": [],
          "supports": [
            [
              0,
              6
            ],
            [
              1,
              12
            ],
            [
              10,
              11
            ]
          ],
          "two": "11000100111000111110000",
          "union_size": 6
        },
        {
          "auxiliary_endpoint": "10000110110110111010000",
          "one": "00110010110110111010000",
          "other": "00100110110110111010000",
          "repeated": [
            2
          ],
          "supports": [
            [
              0,
              2
            ],
            [
              3,
              5
            ],
            [
              1,
              2
            ]
          ],
          "two": "01010010110110111010000",
          "union_size": 5
        }
      ],
      "token_permutation": [
        1,
        0,
        2
      ],
      "token_zero_port": 1,
      "witness": 12
    },
    {
      "endpoints": [
        {
          "auxiliary_endpoint": "10000110010110111110000",
          "one": "00110010010110111110000",
          "other": "00100110010110111110000",
          "repeated": [
            2
          ],
          "supports": [
            [
              0,
              2
            ],
            [
              3,
              5
            ],
            [
              1,
              2
            ]
          ],
          "two": "01010010010110111110000",
          "union_size": 5
        },
        {
          "auxiliary_endpoint": "00000110110110111110000",
          "one": "11000100110100111110000",
          "other": "10000100110110111110000",
          "repeated": [],
          "supports": [
            [
              0,
              6
            ],
            [
              1,
              12
            ],
            [
              10,
              11
            ]
          ],
          "two": "11000100111000111110000",
          "union_size": 6
        }
      ],
      "token_permutation": [
        1,
        0,
        2
      ],
      "token_zero_port": 1,
      "witness": 13
    },
    {
      "endpoints": [
        {
          "auxiliary_endpoint": "00000110110110111110000",
          "one": "11000100110100111110000",
          "other": "10000100110110111110000",
          "repeated": [],
          "supports": [
            [
              0,
              6
            ],
            [
              1,
              12
            ],
            [
              10,
              11
            ]
          ],
          "two": "11000100111000111110000",
          "union_size": 6
        },
        {
          "auxiliary_endpoint": "10000110110110110110000",
          "one": "00110010110110110110000",
          "other": "00100110110110110110000",
          "repeated": [
            2
          ],
          "supports": [
            [
              0,
              2
            ],
            [
              3,
              5
            ],
            [
              1,
              2
            ]
          ],
          "two": "01010010110110110110000",
          "union_size": 5
        }
      ],
      "token_permutation": [
        2,
        1,
        0
      ],
      "token_zero_port": 2,
      "witness": 14
    },
    {
      "endpoints": [
        {
          "auxiliary_endpoint": "00000110110110111110000",
          "one": "11000100110100111110000",
          "other": "10000100110110111110000",
          "repeated": [],
          "supports": [
            [
              0,
              6
            ],
            [
              1,
              12
            ],
            [
              10,
              11
            ]
          ],
          "two": "11000100111000111110000",
          "union_size": 6
        },
        {
          "auxiliary_endpoint": "10000110110010111110000",
          "one": "00110010110010111110000",
          "other": "00100110110010111110000",
          "repeated": [
            2
          ],
          "supports": [
            [
              0,
              2
            ],
            [
              3,
              5
            ],
            [
              1,
              2
            ]
          ],
          "two": "01010010110010111110000",
          "union_size": 5
        }
      ],
      "token_permutation": [
        2,
        1,
        0
      ],
      "token_zero_port": 2,
      "witness": 15
    },
    {
      "endpoints": [
        {
          "auxiliary_endpoint": "10000110110110111100000",
          "one": "00110010110110111100000",
          "other": "00100110110110111100000",
          "repeated": [
            2
          ],
          "supports": [
            [
              0,
              2
            ],
            [
              3,
              5
            ],
            [
              1,
              2
            ]
          ],
          "two": "01010010110110111100000",
          "union_size": 5
        },
        {
          "auxiliary_endpoint": "00000110110110111110000",
          "one": "11000100110100111110000",
          "other": "10000100110110111110000",
          "repeated": [],
          "supports": [
            [
              0,
              6
            ],
            [
              1,
              12
            ],
            [
              10,
              11
            ]
          ],
          "two": "11000100111000111110000",
          "union_size": 6
        }
      ],
      "token_permutation": [
        2,
        1,
        0
      ],
      "token_zero_port": 2,
      "witness": 16
    },
    {
      "endpoints": [
        {
          "auxiliary_endpoint": "10000010110110111110000",
          "one": "00110010010110111110000",
          "other": "00100010110110111110000",
          "repeated": [
            2
          ],
          "supports": [
            [
              0,
              2
            ],
            [
              3,
              8
            ],
            [
              1,
              2
            ]
          ],
          "two": "01010010010110111110000",
          "union_size": 5
        },
        {
          "auxiliary_endpoint": "00000110110110111110000",
          "one": "11000100110100111110000",
          "other": "10000100110110111110000",
          "repeated": [],
          "supports": [
            [
              0,
              6
            ],
            [
              1,
              12
            ],
            [
              10,
              11
            ]
          ],
          "two": "11000100111000111110000",
          "union_size": 6
        }
      ],
      "token_permutation": [
        2,
        1,
        0
      ],
      "token_zero_port": 2,
      "witness": 17
    },
    {
      "endpoints": [
        {
          "auxiliary_endpoint": "10000110100110111110000",
          "one": "00110010100110111110000",
          "other": "00100110100110111110000",
          "repeated": [
            2
          ],
          "supports": [
            [
              0,
              2
            ],
            [
              3,
              5
            ],
            [
              1,
              2
            ]
          ],
          "two": "01010010100110111110000",
          "union_size": 5
        },
        {
          "auxiliary_endpoint": "00000110110110111110000",
          "one": "11000100110100111110000",
          "other": "10000100110110111110000",
          "repeated": [],
          "supports": [
            [
              0,
              6
            ],
            [
              1,
              12
            ],
            [
              10,
              11
            ]
          ],
          "two": "11000100111000111110000",
          "union_size": 6
        }
      ],
      "token_permutation": [
        2,
        1,
        0
      ],
      "token_zero_port": 2,
      "witness": 18
    },
    {
      "endpoints": [
        {
          "auxiliary_endpoint": "00000110110110111110000",
          "one": "11000100110100111110000",
          "other": "10000100110110111110000",
          "repeated": [],
          "supports": [
            [
              0,
              6
            ],
            [
              1,
              12
            ],
            [
              10,
              11
            ]
          ],
          "two": "11000100111000111110000",
          "union_size": 6
        },
        {
          "auxiliary_endpoint": "10000110110110111010000",
          "one": "00110010110110111010000",
          "other": "00100110110110111010000",
          "repeated": [
            2
          ],
          "supports": [
            [
              0,
              2
            ],
            [
              3,
              5
            ],
            [
              1,
              2
            ]
          ],
          "two": "01010010110110111010000",
          "union_size": 5
        }
      ],
      "token_permutation": [
        2,
        1,
        0
      ],
      "token_zero_port": 2,
      "witness": 19
    },
    {
      "endpoints": [
        {
          "auxiliary_endpoint": "10000110010110111110000",
          "one": "00110010010110111110000",
          "other": "00100110010110111110000",
          "repeated": [
            2
          ],
          "supports": [
            [
              0,
              2
            ],
            [
              3,
              5
            ],
            [
              1,
              2
            ]
          ],
          "two": "01010010010110111110000",
          "union_size": 5
        },
        {
          "auxiliary_endpoint": "00000110110110111110000",
          "one": "11000100110100111110000",
          "other": "10000100110110111110000",
          "repeated": [],
          "supports": [
            [
              0,
              6
            ],
            [
              1,
              12
            ],
            [
              10,
              11
            ]
          ],
          "two": "11000100111000111110000",
          "union_size": 6
        }
      ],
      "token_permutation": [
        2,
        1,
        0
      ],
      "token_zero_port": 2,
      "witness": 20
    }
  ],
  "certificate_sha256": "05552624784b67253b9f7d07b3e37c63cb25254d9b80872835952c38ba9605c1",
  "dummy_completion_can_repair": false,
  "failing_logical_token": 0,
  "fixed_side_union_size_histogram": {
    "5": 21,
    "6": 21
  },
  "phase_independent": true,
  "q1_witnesses": 21,
  "q1_witnesses_sha256": "18f59d809934a4283b6a71a6ee1311586c42f54955d09820332959b6e9f17b35",
  "repeated_coordinate_histogram_over_both_phases": {
    "2": 42
  },
  "selection_sha256": "94deb656dac1d8955b20d851e92600156d703842d6de169d4b6bea356fa3ec32",
  "status": "PASS"
}
