{
  "runs": [
    {
      "changed_owners": 7,
      "common_binary_phase": true,
      "expected_components": 127,
      "m": 6,
      "packets": 1,
      "shores": {
        "6": {
          "components": 127,
          "immediate_upper_runs": {
            "0": 1,
            "1": 2
          },
          "owner_runs": {
            "0": 2,
            "1": 1
          }
        },
        "7": {
          "components": 127,
          "immediate_upper_runs": {
            "0": 1,
            "1": 3
          },
          "owner_runs": {
            "0": 1,
            "1": 2
          }
        }
      },
      "toggled_incidences": 14,
      "touched_colours": 6,
      "typed_currents": {
        "lower_q1": {
          "negative_values": 4,
          "nonzero_values": 8,
          "positive_values": 4,
          "rows": [
            {
              "delta": -1,
              "new_load": 1,
              "old_load": 2,
              "value": "000011110100"
            },
            {
              "delta": -1,
              "new_load": 1,
              "old_load": 2,
              "value": "100011000110"
            },
            {
              "delta": 1,
              "new_load": 1,
              "old_load": 0,
              "value": "000011100110"
            },
            {
              "delta": 1,
              "new_load": 1,
              "old_load": 0,
              "value": "100010010110"
            },
            {
              "delta": -1,
              "new_load": 1,
              "old_load": 2,
              "value": "110011000001"
            },
            {
              "delta": 1,
              "new_load": 3,
              "old_load": 2,
              "value": "100011010001"
            },
            {
              "delta": 1,
              "new_load": 2,
              "old_load": 1,
              "value": "110001000101"
            },
            {
              "delta": -1,
              "new_load": 1,
              "old_load": 2,
              "value": "100000010111"
            }
          ],
          "support_casualties": []
        },
        "lower_q2": {
          "negative_values": 0,
          "nonzero_values": 0,
          "positive_values": 0,
          "rows": [],
          "support_casualties": []
        },
        "owner": {
          "negative_values": 0,
          "nonzero_values": 0,
          "positive_values": 0,
          "rows": [],
          "support_casualties": []
        },
        "upper_q1": {
          "negative_values": 0,
          "nonzero_values": 0,
          "positive_values": 0,
          "rows": [],
          "support_casualties": []
        },
        "upper_q2": {
          "negative_values": 3,
          "nonzero_values": 6,
          "positive_values": 3,
          "rows": [
            {
              "delta": -1,
              "new_load": 1,
              "old_load": 2,
              "value": "110111000111"
            },
            {
              "delta": -1,
              "new_load": 1,
              "old_load": 2,
              "value": "111010010111"
            },
            {
              "delta": 1,
              "new_load": 3,
              "old_load": 2,
              "value": "110110010111"
            },
            {
              "delta": 1,
              "new_load": 1,
              "old_load": 0,
              "value": "101011010111"
            },
            {
              "delta": 1,
              "new_load": 1,
              "old_load": 0,
              "value": "110011001111"
            },
            {
              "delta": -1,
              "new_load": 1,
              "old_load": 2,
              "value": "000011111111"
            }
          ],
          "support_casualties": []
        }
      }
    },
    {
      "changed_owners": 7,
      "common_binary_phase": true,
      "expected_components": 424,
      "m": 7,
      "packets": 1,
      "shores": {
        "7": {
          "components": 424,
          "immediate_upper_runs": {
            "0": 1,
            "1": 2
          },
          "owner_runs": {
            "0": 2,
            "1": 1
          }
        },
        "8": {
          "components": 424,
          "immediate_upper_runs": {
            "0": 1,
            "1": 3
          },
          "owner_runs": {
            "0": 1,
            "1": 2
          }
        }
      },
      "toggled_incidences": 14,
      "touched_colours": 6,
      "typed_currents": {
        "lower_q1": {
          "negative_values": 4,
          "nonzero_values": 8,
          "positive_values": 4,
          "rows": [
            {
              "delta": -1,
              "new_load": 1,
              "old_load": 2,
              "value": "00001111010010"
            },
            {
              "delta": -1,
              "new_load": 1,
              "old_load": 2,
              "value": "10001100011010"
            },
            {
              "delta": 1,
              "new_load": 1,
              "old_load": 0,
              "value": "00001110011010"
            },
            {
              "delta": 1,
              "new_load": 1,
              "old_load": 0,
              "value": "10001001011010"
            },
            {
              "delta": -1,
              "new_load": 1,
              "old_load": 2,
              "value": "11001100000110"
            },
            {
              "delta": 1,
              "new_load": 3,
              "old_load": 2,
              "value": "10001101000110"
            },
            {
              "delta": 1,
              "new_load": 2,
              "old_load": 1,
              "value": "11000100010110"
            },
            {
              "delta": -1,
              "new_load": 1,
              "old_load": 2,
              "value": "10000001011110"
            }
          ],
          "support_casualties": []
        },
        "lower_q2": {
          "negative_values": 0,
          "nonzero_values": 0,
          "positive_values": 0,
          "rows": [],
          "support_casualties": []
        },
        "owner": {
          "negative_values": 0,
          "nonzero_values": 0,
          "positive_values": 0,
          "rows": [],
          "support_casualties": []
        },
        "upper_q1": {
          "negative_values": 0,
          "nonzero_values": 0,
          "positive_values": 0,
          "rows": [],
          "support_casualties": []
        },
        "upper_q2": {
          "negative_values": 4,
          "nonzero_values": 8,
          "positive_values": 4,
          "rows": [
            {
              "delta": -1,
              "new_load": 1,
              "old_load": 2,
              "value": "11011100011110"
            },
            {
              "delta": -1,
              "new_load": 1,
              "old_load": 2,
              "value": "11101001011110"
            },
            {
              "delta": 1,
              "new_load": 3,
              "old_load": 2,
              "value": "11011001011110"
            },
            {
              "delta": 1,
              "new_load": 1,
              "old_load": 0,
              "value": "10101101011110"
            },
            {
              "delta": 1,
              "new_load": 1,
              "old_load": 0,
              "value": "11001100111110"
            },
            {
              "delta": -1,
              "new_load": 1,
              "old_load": 2,
              "value": "00001111111110"
            },
            {
              "delta": -1,
              "new_load": 1,
              "old_load": 2,
              "value": "10001101011111"
            },
            {
              "delta": 1,
              "new_load": 3,
              "old_load": 2,
              "value": "00001111011111"
            }
          ],
          "support_casualties": []
        }
      }
    },
    {
      "changed_owners": 14,
      "common_binary_phase": true,
      "expected_components": 1420,
      "m": 8,
      "packets": 2,
      "shores": {
        "8": {
          "components": 1420,
          "immediate_upper_runs": {
            "0": 1,
            "1": 2
          },
          "owner_runs": {
            "0": 2,
            "1": 1
          }
        },
        "9": {
          "components": 1420,
          "immediate_upper_runs": {
            "0": 1,
            "1": 3
          },
          "owner_runs": {
            "0": 1,
            "1": 2
          }
        }
      },
      "toggled_incidences": 28,
      "touched_colours": 12,
      "typed_currents": {
        "lower_q1": {
          "negative_values": 8,
          "nonzero_values": 16,
          "positive_values": 8,
          "rows": [
            {
              "delta": -1,
              "new_load": 2,
              "old_load": 3,
              "value": "0000111101001100"
            },
            {
              "delta": -1,
              "new_load": 1,
              "old_load": 2,
              "value": "1000110001101100"
            },
            {
              "delta": 1,
              "new_load": 2,
              "old_load": 1,
              "value": "0000111001101100"
            },
            {
              "delta": 1,
              "new_load": 1,
              "old_load": 0,
              "value": "1000100101101100"
            },
            {
              "delta": -1,
              "new_load": 1,
              "old_load": 2,
              "value": "1100110000011100"
            },
            {
              "delta": 1,
              "new_load": 3,
              "old_load": 2,
              "value": "1000110100011100"
            },
            {
              "delta": 1,
              "new_load": 2,
              "old_load": 1,
              "value": "1100010001011100"
            },
            {
              "delta": -1,
              "new_load": 1,
              "old_load": 2,
              "value": "1000000101111100"
            },
            {
              "delta": -1,
              "new_load": 1,
              "old_load": 2,
              "value": "0000111101001010"
            },
            {
              "delta": -1,
              "new_load": 1,
              "old_load": 2,
              "value": "1000110001101010"
            },
            {
              "delta": 1,
              "new_load": 1,
              "old_load": 0,
              "value": "0000111001101010"
            },
            {
              "delta": 1,
              "new_load": 1,
              "old_load": 0,
              "value": "1000100101101010"
            },
            {
              "delta": -1,
              "new_load": 1,
              "old_load": 2,
              "value": "1100110000011010"
            },
            {
              "delta": 1,
              "new_load": 3,
              "old_load": 2,
              "value": "1000110100011010"
            },
            {
              "delta": 1,
              "new_load": 2,
              "old_load": 1,
              "value": "1100010001011010"
            },
            {
              "delta": -1,
              "new_load": 1,
              "old_load": 2,
              "value": "1000000101111010"
            }
          ],
          "support_casualties": []
        },
        "lower_q2": {
          "negative_values": 0,
          "nonzero_values": 0,
          "positive_values": 0,
          "rows": [],
          "support_casualties": []
        },
        "owner": {
          "negative_values": 0,
          "nonzero_values": 0,
          "positive_values": 0,
          "rows": [],
          "support_casualties": []
        },
        "upper_q1": {
          "negative_values": 0,
          "nonzero_values": 0,
          "positive_values": 0,
          "rows": [],
          "support_casualties": []
        },
        "upper_q2": {
          "negative_values": 8,
          "nonzero_values": 16,
          "positive_values": 8,
          "rows": [
            {
              "delta": -1,
              "new_load": 1,
              "old_load": 2,
              "value": "1101110001111100"
            },
            {
              "delta": -1,
              "new_load": 1,
              "old_load": 2,
              "value": "1110100101111100"
            },
            {
              "delta": 1,
              "new_load": 3,
              "old_load": 2,
              "value": "1101100101111100"
            },
            {
              "delta": 1,
              "new_load": 1,
              "old_load": 0,
              "value": "1010110101111100"
            },
            {
              "delta": 1,
              "new_load": 1,
              "old_load": 0,
              "value": "1100110011111100"
            },
            {
              "delta": -1,
              "new_load": 1,
              "old_load": 2,
              "value": "0000111111111100"
            },
            {
              "delta": -1,
              "new_load": 1,
              "old_load": 2,
              "value": "1101110001111010"
            },
            {
              "delta": -1,
              "new_load": 1,
              "old_load": 2,
              "value": "1110100101111010"
            },
            {
              "delta": 1,
              "new_load": 3,
              "old_load": 2,
              "value": "1101100101111010"
            },
            {
              "delta": 1,
              "new_load": 1,
              "old_load": 0,
              "value": "1010110101111010"
            },
            {
              "delta": 1,
              "new_load": 1,
              "old_load": 0,
              "value": "1100110011111010"
            },
            {
              "delta": -1,
              "new_load": 1,
              "old_load": 2,
              "value": "0000111111111010"
            },
            {
              "delta": -1,
              "new_load": 1,
              "old_load": 2,
              "value": "1000110101111110"
            },
            {
              "delta": 1,
              "new_load": 3,
              "old_load": 2,
              "value": "0000111101111110"
            },
            {
              "delta": -1,
              "new_load": 2,
              "old_load": 3,
              "value": "1000110101111101"
            },
            {
              "delta": 1,
              "new_load": 3,
              "old_load": 2,
              "value": "0000111101111101"
            }
          ],
          "support_casualties": []
        }
      }
    },
    {
      "changed_owners": 35,
      "common_binary_phase": true,
      "expected_components": 4837,
      "m": 9,
      "packets": 5,
      "shores": {
        "10": {
          "components": 4837,
          "immediate_upper_runs": {
            "0": 1,
            "1": 3
          },
          "owner_runs": {
            "0": 1,
            "1": 2
          }
        },
        "9": {
          "components": 4837,
          "immediate_upper_runs": {
            "0": 1,
            "1": 2
          },
          "owner_runs": {
            "0": 2,
            "1": 1
          }
        }
      },
      "toggled_incidences": 70,
      "touched_colours": 30,
      "typed_currents": {
        "lower_q1": {
          "negative_values": 20,
          "nonzero_values": 40,
          "positive_values": 20,
          "rows": [
            {
              "delta": -1,
              "new_load": 2,
              "old_load": 3,
              "value": "000011110100111000"
            },
            {
              "delta": -1,
              "new_load": 1,
              "old_load": 2,
              "value": "100011000110111000"
            },
            {
              "delta": 1,
              "new_load": 2,
              "old_load": 1,
              "value": "000011100110111000"
            },
            {
              "delta": 1,
              "new_load": 1,
              "old_load": 0,
              "value": "100010010110111000"
            },
            {
              "delta": -1,
              "new_load": 1,
              "old_load": 2,
              "value": "110011000001111000"
            },
            {
              "delta": 1,
              "new_load": 3,
              "old_load": 2,
              "value": "100011010001111000"
            },
            {
              "delta": 1,
              "new_load": 2,
              "old_load": 1,
              "value": "110001000101111000"
            },
            {
              "delta": -1,
              "new_load": 1,
              "old_load": 2,
              "value": "100000010111111000"
            },
            {
              "delta": -1,
              "new_load": 2,
              "old_load": 3,
              "value": "000011110100110100"
            },
            {
              "delta": -1,
              "new_load": 1,
              "old_load": 2,
              "value": "100011000110110100"
            },
            {
              "delta": 1,
              "new_load": 2,
              "old_load": 1,
              "value": "000011100110110100"
            },
            {
              "delta": 1,
              "new_load": 1,
              "old_load": 0,
              "value": "100010010110110100"
            },
            {
              "delta": -1,
              "new_load": 1,
              "old_load": 2,
              "value": "110011000001110100"
            },
            {
              "delta": 1,
              "new_load": 3,
              "old_load": 2,
              "value": "100011010001110100"
            },
            {
              "delta": 1,
              "new_load": 2,
              "old_load": 1,
              "value": "110001000101110100"
            },
            {
              "delta": -1,
              "new_load": 1,
              "old_load": 2,
              "value": "100000010111110100"
            },
            {
              "delta": -1,
              "new_load": 2,
              "old_load": 3,
              "value": "000011110100101100"
            },
            {
              "delta": -1,
              "new_load": 1,
              "old_load": 2,
              "value": "100011000110101100"
            },
            {
              "delta": 1,
              "new_load": 2,
              "old_load": 1,
              "value": "000011100110101100"
            },
            {
              "delta": 1,
              "new_load": 1,
              "old_load": 0,
              "value": "100010010110101100"
            },
            {
              "delta": -1,
              "new_load": 1,
              "old_load": 2,
              "value": "110011000001101100"
            },
            {
              "delta": 1,
              "new_load": 3,
              "old_load": 2,
              "value": "100011010001101100"
            },
            {
              "delta": 1,
              "new_load": 2,
              "old_load": 1,
              "value": "110001000101101100"
            },
            {
              "delta": -1,
              "new_load": 1,
              "old_load": 2,
              "value": "100000010111101100"
            },
            {
              "delta": -1,
              "new_load": 2,
              "old_load": 3,
              "value": "000011110100110010"
            },
            {
              "delta": -1,
              "new_load": 1,
              "old_load": 2,
              "value": "100011000110110010"
            },
            {
              "delta": 1,
              "new_load": 2,
              "old_load": 1,
              "value": "000011100110110010"
            },
            {
              "delta": 1,
              "new_load": 1,
              "old_load": 0,
              "value": "100010010110110010"
            },
            {
              "delta": -1,
              "new_load": 1,
              "old_load": 2,
              "value": "110011000001110010"
            },
            {
              "delta": 1,
              "new_load": 3,
              "old_load": 2,
              "value": "100011010001110010"
            },
            {
              "delta": 1,
              "new_load": 2,
              "old_load": 1,
              "value": "110001000101110010"
            },
            {
              "delta": -1,
              "new_load": 1,
              "old_load": 2,
              "value": "100000010111110010"
            },
            {
              "delta": -1,
              "new_load": 1,
              "old_load": 2,
              "value": "000011110100101010"
            },
            {
              "delta": -1,
              "new_load": 1,
              "old_load": 2,
              "value": "100011000110101010"
            },
            {
              "delta": 1,
              "new_load": 1,
              "old_load": 0,
              "value": "000011100110101010"
            },
            {
              "delta": 1,
              "new_load": 1,
              "old_load": 0,
              "value": "100010010110101010"
            },
            {
              "delta": -1,
              "new_load": 1,
              "old_load": 2,
              "value": "110011000001101010"
            },
            {
              "delta": 1,
              "new_load": 3,
              "old_load": 2,
              "value": "100011010001101010"
            },
            {
              "delta": 1,
              "new_load": 2,
              "old_load": 1,
              "value": "110001000101101010"
            },
            {
              "delta": -1,
              "new_load": 1,
              "old_load": 2,
              "value": "100000010111101010"
            }
          ],
          "support_casualties": []
        },
        "lower_q2": {
          "negative_values": 0,
          "nonzero_values": 0,
          "positive_values": 0,
          "rows": [],
          "support_casualties": []
        },
        "owner": {
          "negative_values": 0,
          "nonzero_values": 0,
          "positive_values": 0,
          "rows": [],
          "support_casualties": []
        },
        "upper_q1": {
          "negative_values": 0,
          "nonzero_values": 0,
          "positive_values": 0,
          "rows": [],
          "support_casualties": []
        },
        "upper_q2": {
          "negative_values": 20,
          "nonzero_values": 40,
          "positive_values": 20,
          "rows": [
            {
              "delta": -1,
              "new_load": 1,
              "old_load": 2,
              "value": "110111000111111000"
            },
            {
              "delta": -1,
              "new_load": 1,
              "old_load": 2,
              "value": "111010010111111000"
            },
            {
              "delta": 1,
              "new_load": 3,
              "old_load": 2,
              "value": "110110010111111000"
            },
            {
              "delta": 1,
              "new_load": 1,
              "old_load": 0,
              "value": "101011010111111000"
            },
            {
              "delta": 1,
              "new_load": 1,
              "old_load": 0,
              "value": "110011001111111000"
            },
            {
              "delta": -1,
              "new_load": 1,
              "old_load": 2,
              "value": "000011111111111000"
            },
            {
              "delta": -1,
              "new_load": 1,
              "old_load": 2,
              "value": "110111000111110100"
            },
            {
              "delta": -1,
              "new_load": 1,
              "old_load": 2,
              "value": "111010010111110100"
            },
            {
              "delta": 1,
              "new_load": 3,
              "old_load": 2,
              "value": "110110010111110100"
            },
            {
              "delta": 1,
              "new_load": 1,
              "old_load": 0,
              "value": "101011010111110100"
            },
            {
              "delta": 1,
              "new_load": 1,
              "old_load": 0,
              "value": "110011001111110100"
            },
            {
              "delta": -1,
              "new_load": 1,
              "old_load": 2,
              "value": "000011111111110100"
            },
            {
              "delta": -1,
              "new_load": 1,
              "old_load": 2,
              "value": "110111000111101100"
            },
            {
              "delta": -1,
              "new_load": 1,
              "old_load": 2,
              "value": "111010010111101100"
            },
            {
              "delta": 1,
              "new_load": 3,
              "old_load": 2,
              "value": "110110010111101100"
            },
            {
              "delta": 1,
              "new_load": 1,
              "old_load": 0,
              "value": "101011010111101100"
            },
            {
              "delta": 1,
              "new_load": 1,
              "old_load": 0,
              "value": "110011001111101100"
            },
            {
              "delta": -1,
              "new_load": 1,
              "old_load": 2,
              "value": "000011111111101100"
            },
            {
              "delta": -1,
              "new_load": 1,
              "old_load": 2,
              "value": "100011010111111100"
            },
            {
              "delta": 1,
              "new_load": 3,
              "old_load": 2,
              "value": "000011110111111100"
            },
            {
              "delta": -1,
              "new_load": 1,
              "old_load": 2,
              "value": "110111000111110010"
            },
            {
              "delta": -1,
              "new_load": 1,
              "old_load": 2,
              "value": "111010010111110010"
            },
            {
              "delta": 1,
              "new_load": 3,
              "old_load": 2,
              "value": "110110010111110010"
            },
            {
              "delta": 1,
              "new_load": 1,
              "old_load": 0,
              "value": "101011010111110010"
            },
            {
              "delta": 1,
              "new_load": 1,
              "old_load": 0,
              "value": "110011001111110010"
            },
            {
              "delta": -1,
              "new_load": 1,
              "old_load": 2,
              "value": "000011111111110010"
            },
            {
              "delta": -1,
              "new_load": 1,
              "old_load": 2,
              "value": "110111000111101010"
            },
            {
              "delta": -1,
              "new_load": 1,
              "old_load": 2,
              "value": "111010010111101010"
            },
            {
              "delta": 1,
              "new_load": 3,
              "old_load": 2,
              "value": "110110010111101010"
            },
            {
              "delta": 1,
              "new_load": 1,
              "old_load": 0,
              "value": "101011010111101010"
            },
            {
              "delta": 1,
              "new_load": 1,
              "old_load": 0,
              "value": "110011001111101010"
            },
            {
              "delta": -1,
              "new_load": 1,
              "old_load": 2,
              "value": "000011111111101010"
            },
            {
              "delta": -1,
              "new_load": 1,
              "old_load": 2,
              "value": "100011010111111010"
            },
            {
              "delta": 1,
              "new_load": 3,
              "old_load": 2,
              "value": "000011110111111010"
            },
            {
              "delta": -1,
              "new_load": 2,
              "old_load": 3,
              "value": "100011010111110110"
            },
            {
              "delta": 1,
              "new_load": 3,
              "old_load": 2,
              "value": "000011110111110110"
            },
            {
              "delta": -1,
              "new_load": 2,
              "old_load": 3,
              "value": "100011010111111001"
            },
            {
              "delta": 1,
              "new_load": 3,
              "old_load": 2,
              "value": "000011110111111001"
            },
            {
              "delta": -1,
              "new_load": 2,
              "old_load": 3,
              "value": "100011010111110101"
            },
            {
              "delta": 1,
              "new_load": 3,
              "old_load": 2,
              "value": "000011110111110101"
            }
          ],
          "support_casualties": []
        }
      }
    }
  ],
  "status": "PASS"
}
