{
  "runs": [
    {
      "m": 6,
      "packets": 1,
      "rows": [
        {
          "new_load": 0,
          "new_providers": [],
          "old_load": 1,
          "old_providers": [
            {
              "colours": [
                "110110001101",
                "110110000111",
                "110011000111"
              ],
              "owner_names": [
                [
                  "110110011000",
                  1
                ],
                [
                  "110110011000",
                  2
                ],
                [
                  "110110011000",
                  3
                ],
                [
                  "110110011000",
                  4
                ]
              ],
              "owners": [
                "110110001001",
                "110110000101",
                "110010000111",
                "110001000111"
              ],
              "path_index": 11,
              "start": 1
            }
          ],
          "suffix": "",
          "target": "110111001111"
        }
      ]
    },
    {
      "m": 7,
      "packets": 1,
      "rows": [
        {
          "new_load": 0,
          "new_providers": [],
          "old_load": 1,
          "old_providers": [
            {
              "colours": [
                "11001100011110",
                "11011000011110",
                "11011000110110"
              ],
              "owner_names": [
                [
                  "11011001100010",
                  4
                ],
                [
                  "11011001100010",
                  3
                ],
                [
                  "11011001100010",
                  2
                ],
                [
                  "11011001100010",
                  1
                ]
              ],
              "owners": [
                "11000100011110",
                "11001000011110",
                "11011000010110",
                "11011000100110"
              ],
              "path_index": 375,
              "start": 3
            }
          ],
          "suffix": "10",
          "target": "11011100111110"
        }
      ]
    },
    {
      "m": 8,
      "packets": 2,
      "rows": [
        {
          "new_load": 0,
          "new_providers": [],
          "old_load": 1,
          "old_providers": [
            {
              "colours": [
                "1100110001111100",
                "1101100001111100",
                "1101100011011100"
              ],
              "owner_names": [
                [
                  "1101100110001100",
                  4
                ],
                [
                  "1101100110001100",
                  3
                ],
                [
                  "1101100110001100",
                  2
                ],
                [
                  "1101100110001100",
                  1
                ]
              ],
              "owners": [
                "1100010001111100",
                "1100100001111100",
                "1101100001011100",
                "1101100010011100"
              ],
              "path_index": 403,
              "start": 4
            }
          ],
          "suffix": "1100",
          "target": "1101110011111100"
        },
        {
          "new_load": 0,
          "new_providers": [],
          "old_load": 1,
          "old_providers": [
            {
              "colours": [
                "1101100011011010",
                "1101100001111010",
                "1100110001111010"
              ],
              "owner_names": [
                [
                  "1101100110001010",
                  1
                ],
                [
                  "1101100110001010",
                  2
                ],
                [
                  "1101100110001010",
                  3
                ],
                [
                  "1101100110001010",
                  4
                ]
              ],
              "owners": [
                "1101100010011010",
                "1101100001011010",
                "1100100001111010",
                "1100010001111010"
              ],
              "path_index": 326,
              "start": 1
            }
          ],
          "suffix": "1010",
          "target": "1101110011111010"
        }
      ]
    },
    {
      "m": 9,
      "packets": 5,
      "rows": [
        {
          "new_load": 0,
          "new_providers": [],
          "old_load": 1,
          "old_providers": [
            {
              "colours": [
                "110110001101111000",
                "110110000111111000",
                "110011000111111000"
              ],
              "owner_names": [
                [
                  "110110011000111000",
                  1
                ],
                [
                  "110110011000111000",
                  2
                ],
                [
                  "110110011000111000",
                  3
                ],
                [
                  "110110011000111000",
                  4
                ]
              ],
              "owners": [
                "110110001001111000",
                "110110000101111000",
                "110010000111111000",
                "110001000111111000"
              ],
              "path_index": 1123,
              "start": 1
            }
          ],
          "suffix": "111000",
          "target": "110111001111111000"
        },
        {
          "new_load": 0,
          "new_providers": [],
          "old_load": 1,
          "old_providers": [
            {
              "colours": [
                "110011000111110100",
                "110110000111110100",
                "110110001101110100"
              ],
              "owner_names": [
                [
                  "110110011000110100",
                  4
                ],
                [
                  "110110011000110100",
                  3
                ],
                [
                  "110110011000110100",
                  2
                ],
                [
                  "110110011000110100",
                  1
                ]
              ],
              "owners": [
                "110001000111110100",
                "110010000111110100",
                "110110000101110100",
                "110110001001110100"
              ],
              "path_index": 4623,
              "start": 5
            }
          ],
          "suffix": "110100",
          "target": "110111001111110100"
        },
        {
          "new_load": 0,
          "new_providers": [],
          "old_load": 1,
          "old_providers": [
            {
              "colours": [
                "110011000111110010",
                "110110000111110010",
                "110110001101110010"
              ],
              "owner_names": [
                [
                  "110110011000110010",
                  4
                ],
                [
                  "110110011000110010",
                  3
                ],
                [
                  "110110011000110010",
                  2
                ],
                [
                  "110110011000110010",
                  1
                ]
              ],
              "owners": [
                "110001000111110010",
                "110010000111110010",
                "110110000101110010",
                "110110001001110010"
              ],
              "path_index": 4453,
              "start": 5
            }
          ],
          "suffix": "110010",
          "target": "110111001111110010"
        },
        {
          "new_load": 0,
          "new_providers": [],
          "old_load": 1,
          "old_providers": [
            {
              "colours": [
                "110011000111101100",
                "110110000111101100",
                "110110001101101100"
              ],
              "owner_names": [
                [
                  "110110011000101100",
                  4
                ],
                [
                  "110110011000101100",
                  3
                ],
                [
                  "110110011000101100",
                  2
                ],
                [
                  "110110011000101100",
                  1
                ]
              ],
              "owners": [
                "110001000111101100",
                "110010000111101100",
                "110110000101101100",
                "110110001001101100"
              ],
              "path_index": 1769,
              "start": 5
            }
          ],
          "suffix": "101100",
          "target": "110111001111101100"
        },
        {
          "new_load": 0,
          "new_providers": [],
          "old_load": 1,
          "old_providers": [
            {
              "colours": [
                "110011000111101010",
                "110110000111101010",
                "110110001101101010"
              ],
              "owner_names": [
                [
                  "110110011000101010",
                  4
                ],
                [
                  "110110011000101010",
                  3
                ],
                [
                  "110110011000101010",
                  2
                ],
                [
                  "110110011000101010",
                  1
                ]
              ],
              "owners": [
                "110001000111101010",
                "110010000111101010",
                "110110000101101010",
                "110110001001101010"
              ],
              "path_index": 4301,
              "start": 5
            }
          ],
          "suffix": "101010",
          "target": "110111001111101010"
        }
      ]
    },
    {
      "m": 10,
      "packets": 14,
      "rows": [
        {
          "new_load": 0,
          "new_providers": [],
          "old_load": 1,
          "old_providers": [
            {
              "colours": [
                "11001100011111110000",
                "11011000011111110000",
                "11011000110111110000"
              ],
              "owner_names": [
                [
                  "11011001100011110000",
                  4
                ],
                [
                  "11011001100011110000",
                  3
                ],
                [
                  "11011001100011110000",
                  2
                ],
                [
                  "11011001100011110000",
                  1
                ]
              ],
              "owners": [
                "11000100011111110000",
                "11001000011111110000",
                "11011000010111110000",
                "11011000100111110000"
              ],
              "path_index": 12746,
              "start": 6
            }
          ],
          "suffix": "11110000",
          "target": "11011100111111110000"
        },
        {
          "new_load": 0,
          "new_providers": [],
          "old_load": 1,
          "old_providers": [
            {
              "colours": [
                "11001100011111101000",
                "11011000011111101000",
                "11011000110111101000"
              ],
              "owner_names": [
                [
                  "11011001100011101000",
                  4
                ],
                [
                  "11011001100011101000",
                  3
                ],
                [
                  "11011001100011101000",
                  2
                ],
                [
                  "11011001100011101000",
                  1
                ]
              ],
              "owners": [
                "11000100011111101000",
                "11001000011111101000",
                "11011000010111101000",
                "11011000100111101000"
              ],
              "path_index": 3423,
              "start": 6
            }
          ],
          "suffix": "11101000",
          "target": "11011100111111101000"
        },
        {
          "new_load": 0,
          "new_providers": [],
          "old_load": 1,
          "old_providers": [
            {
              "colours": [
                "11011000110111100100",
                "11011000011111100100",
                "11001100011111100100"
              ],
              "owner_names": [
                [
                  "11011001100011100100",
                  1
                ],
                [
                  "11011001100011100100",
                  2
                ],
                [
                  "11011001100011100100",
                  3
                ],
                [
                  "11011001100011100100",
                  4
                ]
              ],
              "owners": [
                "11011000100111100100",
                "11011000010111100100",
                "11001000011111100100",
                "11000100011111100100"
              ],
              "path_index": 2179,
              "start": 1
            }
          ],
          "suffix": "11100100",
          "target": "11011100111111100100"
        },
        {
          "new_load": 0,
          "new_providers": [],
          "old_load": 1,
          "old_providers": [
            {
              "colours": [
                "11011000110111100010",
                "11011000011111100010",
                "11001100011111100010"
              ],
              "owner_names": [
                [
                  "11011001100011100010",
                  1
                ],
                [
                  "11011001100011100010",
                  2
                ],
                [
                  "11011001100011100010",
                  3
                ],
                [
                  "11011001100011100010",
                  4
                ]
              ],
              "owners": [
                "11011000100111100010",
                "11011000010111100010",
                "11001000011111100010",
                "11000100011111100010"
              ],
              "path_index": 3559,
              "start": 1
            }
          ],
          "suffix": "11100010",
          "target": "11011100111111100010"
        },
        {
          "new_load": 0,
          "new_providers": [],
          "old_load": 1,
          "old_providers": [
            {
              "colours": [
                "11001100011111011000",
                "11011000011111011000",
                "11011000110111011000"
              ],
              "owner_names": [
                [
                  "11011001100011011000",
                  4
                ],
                [
                  "11011001100011011000",
                  3
                ],
                [
                  "11011001100011011000",
                  2
                ],
                [
                  "11011001100011011000",
                  1
                ]
              ],
              "owners": [
                "11000100011111011000",
                "11001000011111011000",
                "11011000010111011000",
                "11011000100111011000"
              ],
              "path_index": 9510,
              "start": 6
            }
          ],
          "suffix": "11011000",
          "target": "11011100111111011000"
        },
        {
          "new_load": 0,
          "new_providers": [],
          "old_load": 1,
          "old_providers": [
            {
              "colours": [
                "11001100011111010100",
                "11011000011111010100",
                "11011000110111010100"
              ],
              "owner_names": [
                [
                  "11011001100011010100",
                  4
                ],
                [
                  "11011001100011010100",
                  3
                ],
                [
                  "11011001100011010100",
                  2
                ],
                [
                  "11011001100011010100",
                  1
                ]
              ],
              "owners": [
                "11000100011111010100",
                "11001000011111010100",
                "11011000010111010100",
                "11011000100111010100"
              ],
              "path_index": 7116,
              "start": 6
            }
          ],
          "suffix": "11010100",
          "target": "11011100111111010100"
        },
        {
          "new_load": 0,
          "new_providers": [],
          "old_load": 1,
          "old_providers": [
            {
              "colours": [
                "11011000110111010010",
                "11011000011111010010",
                "11001100011111010010"
              ],
              "owner_names": [
                [
                  "11011001100011010010",
                  1
                ],
                [
                  "11011001100011010010",
                  2
                ],
                [
                  "11011001100011010010",
                  3
                ],
                [
                  "11011001100011010010",
                  4
                ]
              ],
              "owners": [
                "11011000100111010010",
                "11011000010111010010",
                "11001000011111010010",
                "11000100011111010010"
              ],
              "path_index": 1620,
              "start": 1
            }
          ],
          "suffix": "11010010",
          "target": "11011100111111010010"
        },
        {
          "new_load": 0,
          "new_providers": [],
          "old_load": 1,
          "old_providers": [
            {
              "colours": [
                "11001100011111001100",
                "11011000011111001100",
                "11011000110111001100"
              ],
              "owner_names": [
                [
                  "11011001100011001100",
                  4
                ],
                [
                  "11011001100011001100",
                  3
                ],
                [
                  "11011001100011001100",
                  2
                ],
                [
                  "11011001100011001100",
                  1
                ]
              ],
              "owners": [
                "11000100011111001100",
                "11001000011111001100",
                "11011000010111001100",
                "11011000100111001100"
              ],
              "path_index": 4048,
              "start": 6
            }
          ],
          "suffix": "11001100",
          "target": "11011100111111001100"
        },
        {
          "new_load": 0,
          "new_providers": [],
          "old_load": 1,
          "old_providers": [
            {
              "colours": [
                "11011000110111001010",
                "11011000011111001010",
                "11001100011111001010"
              ],
              "owner_names": [
                [
                  "11011001100011001010",
                  1
                ],
                [
                  "11011001100011001010",
                  2
                ],
                [
                  "11011001100011001010",
                  3
                ],
                [
                  "11011001100011001010",
                  4
                ]
              ],
              "owners": [
                "11011000100111001010",
                "11011000010111001010",
                "11001000011111001010",
                "11000100011111001010"
              ],
              "path_index": 583,
              "start": 1
            }
          ],
          "suffix": "11001010",
          "target": "11011100111111001010"
        },
        {
          "new_load": 0,
          "new_providers": [],
          "old_load": 1,
          "old_providers": [
            {
              "colours": [
                "11011000110110111000",
                "11011000011110111000",
                "11001100011110111000"
              ],
              "owner_names": [
                [
                  "11011001100010111000",
                  1
                ],
                [
                  "11011001100010111000",
                  2
                ],
                [
                  "11011001100010111000",
                  3
                ],
                [
                  "11011001100010111000",
                  4
                ]
              ],
              "owners": [
                "11011000100110111000",
                "11011000010110111000",
                "11001000011110111000",
                "11000100011110111000"
              ],
              "path_index": 10771,
              "start": 1
            }
          ],
          "suffix": "10111000",
          "target": "11011100111110111000"
        },
        {
          "new_load": 0,
          "new_providers": [],
          "old_load": 1,
          "old_providers": [
            {
              "colours": [
                "11001100011110110100",
                "11011000011110110100",
                "11011000110110110100"
              ],
              "owner_names": [
                [
                  "11011001100010110100",
                  4
                ],
                [
                  "11011001100010110100",
                  3
                ],
                [
                  "11011001100010110100",
                  2
                ],
                [
                  "11011001100010110100",
                  1
                ]
              ],
              "owners": [
                "11000100011110110100",
                "11001000011110110100",
                "11011000010110110100",
                "11011000100110110100"
              ],
              "path_index": 12377,
              "start": 6
            }
          ],
          "suffix": "10110100",
          "target": "11011100111110110100"
        },
        {
          "new_load": 0,
          "new_providers": [],
          "old_load": 1,
          "old_providers": [
            {
              "colours": [
                "11001100011110110010",
                "11011000011110110010",
                "11011000110110110010"
              ],
              "owner_names": [
                [
                  "11011001100010110010",
                  4
                ],
                [
                  "11011001100010110010",
                  3
                ],
                [
                  "11011001100010110010",
                  2
                ],
                [
                  "11011001100010110010",
                  1
                ]
              ],
              "owners": [
                "11000100011110110010",
                "11001000011110110010",
                "11011000010110110010",
                "11011000100110110010"
              ],
              "path_index": 10414,
              "start": 6
            }
          ],
          "suffix": "10110010",
          "target": "11011100111110110010"
        },
        {
          "new_load": 0,
          "new_providers": [],
          "old_load": 1,
          "old_providers": [
            {
              "colours": [
                "11011000110110101100",
                "11011000011110101100",
                "11001100011110101100"
              ],
              "owner_names": [
                [
                  "11011001100010101100",
                  1
                ],
                [
                  "11011001100010101100",
                  2
                ],
                [
                  "11011001100010101100",
                  3
                ],
                [
                  "11011001100010101100",
                  4
                ]
              ],
              "owners": [
                "11011000100110101100",
                "11011000010110101100",
                "11001000011110101100",
                "11000100011110101100"
              ],
              "path_index": 12306,
              "start": 1
            }
          ],
          "suffix": "10101100",
          "target": "11011100111110101100"
        },
        {
          "new_load": 0,
          "new_providers": [],
          "old_load": 1,
          "old_providers": [
            {
              "colours": [
                "11001100011110101010",
                "11011000011110101010",
                "11011000110110101010"
              ],
              "owner_names": [
                [
                  "11011001100010101010",
                  4
                ],
                [
                  "11011001100010101010",
                  3
                ],
                [
                  "11011001100010101010",
                  2
                ],
                [
                  "11011001100010101010",
                  1
                ]
              ],
              "owners": [
                "11000100011110101010",
                "11001000011110101010",
                "11011000010110101010",
                "11011000100110101010"
              ],
              "path_index": 11051,
              "start": 6
            }
          ],
          "suffix": "10101010",
          "target": "11011100111110101010"
        }
      ]
    }
  ],
  "status": "PASS"
}
