{
  "atlas_counts": {
    "common_binary_phase": 5,
    "creates_W3": 196055,
    "nonpath_factors": 744,
    "owner_disjoint_pairs": 1393933,
    "q3_support_safe": 66256,
    "typed_q3_safe": 5
  },
  "candidates": [
    {
      "base_histogram": {
        "13": 119,
        "78": 1,
        "91": 1
      },
      "index": 0,
      "left": {
        "active_one_based": [
          1,
          2,
          12
        ],
        "core": "000001101110",
        "index": 823
      },
      "m8_q3_casualties": [],
      "m8_two_suffix_boundary": [
        {
          "delta": -2,
          "new": 3,
          "old": 5,
          "prefix": "100011010111",
          "suffix": "1111"
        },
        {
          "delta": 2,
          "new": 7,
          "old": 5,
          "prefix": "000011110111",
          "suffix": "1111"
        },
        {
          "delta": -2,
          "new": 3,
          "old": 5,
          "prefix": "100001101111",
          "suffix": "1111"
        },
        {
          "delta": 2,
          "new": 7,
          "old": 5,
          "prefix": "010001101111",
          "suffix": "1111"
        }
      ],
      "m9_q3_casualties": [
        {
          "new": 0,
          "old": 1,
          "value": "100011010111110111"
        },
        {
          "new": 0,
          "old": 1,
          "value": "100001101111110111"
        }
      ],
      "right": {
        "colours": [
          "110001001111",
          "100001101111",
          "100001111101",
          "110001111001",
          "110001101011"
        ],
        "index": 1531,
        "owners": [
          "110001001011",
          "100001001111",
          "100001101101",
          "100001111001",
          "110001101001"
        ]
      }
    },
    {
      "base_histogram": {
        "13": 119,
        "78": 1,
        "91": 1
      },
      "index": 1,
      "left": {
        "active_one_based": [
          1,
          2,
          12
        ],
        "core": "000001011110",
        "index": 824
      },
      "m8_q3_casualties": [],
      "m8_two_suffix_boundary": [
        {
          "delta": -2,
          "new": 3,
          "old": 5,
          "prefix": "100011010111",
          "suffix": "1111"
        },
        {
          "delta": 2,
          "new": 7,
          "old": 5,
          "prefix": "000011110111",
          "suffix": "1111"
        },
        {
          "delta": -2,
          "new": 3,
          "old": 5,
          "prefix": "100001011111",
          "suffix": "1111"
        },
        {
          "delta": 2,
          "new": 7,
          "old": 5,
          "prefix": "010001011111",
          "suffix": "1111"
        }
      ],
      "m9_q3_casualties": [
        {
          "new": 0,
          "old": 1,
          "value": "100011010111110111"
        },
        {
          "new": 0,
          "old": 1,
          "value": "100001011111110111"
        }
      ],
      "right": {
        "colours": [
          "110001001111",
          "100001011111",
          "100001111101",
          "110001111001",
          "110001101011"
        ],
        "index": 1532,
        "owners": [
          "110001001011",
          "100001001111",
          "100001011101",
          "100001111001",
          "110001101001"
        ]
      }
    },
    {
      "base_histogram": {
        "13": 120,
        "156": 1
      },
      "index": 2,
      "left": {
        "active_one_based": [
          1,
          2,
          12
        ],
        "core": "000010101110",
        "index": 817
      },
      "m8_q3_casualties": [],
      "m8_two_suffix_boundary": [
        {
          "delta": -2,
          "new": 3,
          "old": 5,
          "prefix": "100011010111",
          "suffix": "1111"
        },
        {
          "delta": 2,
          "new": 7,
          "old": 5,
          "prefix": "000011110111",
          "suffix": "1111"
        },
        {
          "delta": -2,
          "new": 3,
          "old": 5,
          "prefix": "100010101111",
          "suffix": "1111"
        },
        {
          "delta": 2,
          "new": 7,
          "old": 5,
          "prefix": "010010101111",
          "suffix": "1111"
        }
      ],
      "m9_q3_casualties": [
        {
          "new": 0,
          "old": 1,
          "value": "100011010111110111"
        },
        {
          "new": 0,
          "old": 1,
          "value": "100010101111110111"
        }
      ],
      "right": {
        "colours": [
          "110010001111",
          "100010101111",
          "100010111101",
          "110010110101",
          "110010101101"
        ],
        "index": 1143,
        "owners": [
          "110010001101",
          "100010001111",
          "100010101101",
          "100010110101",
          "110010100101"
        ]
      }
    },
    {
      "base_histogram": {
        "13": 118,
        "39": 1,
        "65": 1,
        "78": 1
      },
      "index": 3,
      "left": {
        "active_one_based": [
          3,
          9,
          10
        ],
        "core": "010111000010",
        "index": 498
      },
      "m8_q3_casualties": [],
      "m8_two_suffix_boundary": [
        {
          "delta": -2,
          "new": 3,
          "old": 5,
          "prefix": "100011010111",
          "suffix": "1111"
        },
        {
          "delta": 2,
          "new": 7,
          "old": 5,
          "prefix": "000011110111",
          "suffix": "1111"
        },
        {
          "delta": -2,
          "new": 3,
          "old": 5,
          "prefix": "100011001111",
          "suffix": "1111"
        },
        {
          "delta": 2,
          "new": 7,
          "old": 5,
          "prefix": "000011101111",
          "suffix": "1111"
        }
      ],
      "m9_q3_casualties": [
        {
          "new": 0,
          "old": 1,
          "value": "100011010111110111"
        },
        {
          "new": 0,
          "old": 1,
          "value": "100011001111110111"
        }
      ],
      "right": {
        "colours": [
          "110001001111",
          "100011001111",
          "000011101111",
          "010011101110",
          "110011001110"
        ],
        "index": 608,
        "owners": [
          "110001001110",
          "100001001111",
          "000011001111",
          "000011101110",
          "010011001110"
        ]
      }
    },
    {
      "base_histogram": {
        "13": 118,
        "39": 1,
        "65": 1,
        "78": 1
      },
      "index": 4,
      "left": {
        "active_one_based": [
          3,
          9,
          10
        ],
        "core": "010111000010",
        "index": 498
      },
      "m8_q3_casualties": [],
      "m8_two_suffix_boundary": [
        {
          "delta": -2,
          "new": 3,
          "old": 5,
          "prefix": "100011010111",
          "suffix": "1111"
        },
        {
          "delta": 2,
          "new": 7,
          "old": 5,
          "prefix": "000011110111",
          "suffix": "1111"
        },
        {
          "delta": -2,
          "new": 3,
          "old": 5,
          "prefix": "100001101111",
          "suffix": "1111"
        },
        {
          "delta": 2,
          "new": 7,
          "old": 5,
          "prefix": "000011101111",
          "suffix": "1111"
        }
      ],
      "m9_q3_casualties": [
        {
          "new": 0,
          "old": 1,
          "value": "100011010111110111"
        },
        {
          "new": 0,
          "old": 1,
          "value": "100001101111110111"
        }
      ],
      "right": {
        "colours": [
          "110001001111",
          "100001101111",
          "000011101111",
          "010011101110",
          "110011001110"
        ],
        "index": 611,
        "owners": [
          "110001001110",
          "100001001111",
          "000001101111",
          "000011101110",
          "010011001110"
        ]
      }
    }
  ],
  "status": "PASS"
}
