{
  "candidate_count": 6,
  "candidates": [
    {
      "base_root_action": [
        {
          "new_cycle_length": 91,
          "old_root_count": 7,
          "old_roots": [
            "111010110000",
            "110110110000",
            "101011110000",
            "110110010010",
            "110101010010",
            "101011010010",
            "101010110010"
          ]
        },
        {
          "new_cycle_length": 78,
          "old_root_count": 6,
          "old_roots": [
            "110111010000",
            "111100101000",
            "110101101000",
            "110110011000",
            "111100100010",
            "111100001010"
          ]
        }
      ],
      "colours": [
        "010110001111",
        "010100101111",
        "110100101110",
        "110001101110",
        "110001001111",
        "100101001111",
        "010101001111",
        "010111001110"
      ],
      "common_binary_phase": false,
      "index": 0,
      "owners": [
        "010110001110",
        "010100001111",
        "010100101110",
        "110000101110",
        "110001001110",
        "100001001111",
        "000101001111",
        "010101001110"
      ],
      "shortest_odd_phase_cycle": {
        "edges": [
          {
            "left": "010100101110",
            "present_in": [
              "new",
              "old"
            ],
            "right": "010110001110"
          },
          {
            "left": "010110001110",
            "present_in": [
              "new"
            ],
            "right": "010110001101"
          },
          {
            "left": "010110001101",
            "present_in": [
              "old"
            ],
            "right": "010100001111"
          },
          {
            "left": "010100001111",
            "present_in": [
              "new"
            ],
            "right": "010100101101"
          },
          {
            "left": "010100101101",
            "present_in": [
              "old"
            ],
            "right": "010100101110"
          }
        ],
        "length": 5,
        "owners": [
          "010100101110",
          "010110001110",
          "010110001101",
          "010100001111",
          "010100101101"
        ]
      },
      "widths": {
        "6": {
          "frozen_topology": {
            "components": 127,
            "histogram": {
              "13": 126,
              "78": 1
            }
          },
          "net_component_cost": -6,
          "q3_current_suffix_weight_histogram": {
            "0:-1": 8,
            "0:1": 11
          },
          "topology": {
            "components": 121,
            "histogram": {
              "13": 119,
              "78": 1,
              "91": 1
            }
          },
          "two_suffix_colour_rows": []
        },
        "7": {
          "frozen_topology": {
            "components": 424,
            "histogram": {
              "15": 423,
              "90": 1
            }
          },
          "net_component_cost": -6,
          "q3_current_suffix_weight_histogram": {
            "1:-1": 8,
            "1:1": 11,
            "2:-1": 7,
            "2:1": 5
          },
          "topology": {
            "components": 418,
            "histogram": {
              "15": 416,
              "90": 1,
              "105": 1
            }
          },
          "two_suffix_colour_rows": []
        },
        "8": {
          "frozen_topology": {
            "components": 1420,
            "histogram": {
              "17": 1418,
              "102": 2
            }
          },
          "net_component_cost": -12,
          "q3_current_suffix_weight_histogram": {
            "2:-1": 16,
            "2:1": 22,
            "3:-1": 14,
            "3:1": 10,
            "4:-1": 3,
            "4:1": 3
          },
          "topology": {
            "components": 1408,
            "histogram": {
              "17": 1404,
              "102": 2,
              "119": 2
            }
          },
          "two_suffix_colour_rows": [
            {
              "delta": -2,
              "new_load": 3,
              "old_load": 5,
              "suffix_weight": 4,
              "value": "1000110101111111"
            },
            {
              "delta": 2,
              "new_load": 7,
              "old_load": 5,
              "suffix_weight": 4,
              "value": "0000111101111111"
            },
            {
              "delta": -2,
              "new_load": 3,
              "old_load": 5,
              "suffix_weight": 4,
              "value": "0101100011111111"
            },
            {
              "delta": -2,
              "new_load": 3,
              "old_load": 5,
              "suffix_weight": 4,
              "value": "1001010011111111"
            },
            {
              "delta": 2,
              "new_load": 7,
              "old_load": 5,
              "suffix_weight": 4,
              "value": "0101010011111111"
            },
            {
              "delta": 2,
              "new_load": 7,
              "old_load": 5,
              "suffix_weight": 4,
              "value": "0101001011111111"
            }
          ]
        }
      }
    },
    {
      "base_root_action": [
        {
          "new_cycle_length": 91,
          "old_root_count": 7,
          "old_roots": [
            "111010110000",
            "110110110000",
            "101011110000",
            "110110010010",
            "110101010010",
            "101011010010",
            "111000110010"
          ]
        },
        {
          "new_cycle_length": 78,
          "old_root_count": 6,
          "old_roots": [
            "110111010000",
            "111100101000",
            "110101101000",
            "110110011000",
            "111100100010",
            "111100001010"
          ]
        }
      ],
      "colours": [
        "010110001111",
        "010100101111",
        "110100101110",
        "110001101110",
        "110001001111",
        "100101001111",
        "000111001111",
        "010111001110"
      ],
      "common_binary_phase": false,
      "index": 1,
      "owners": [
        "010110001110",
        "010100001111",
        "010100101110",
        "110000101110",
        "110001001110",
        "100001001111",
        "000101001111",
        "000111001110"
      ],
      "shortest_odd_phase_cycle": {
        "edges": [
          {
            "left": "010100101110",
            "present_in": [
              "new",
              "old"
            ],
            "right": "010110001110"
          },
          {
            "left": "010110001110",
            "present_in": [
              "new"
            ],
            "right": "010110001101"
          },
          {
            "left": "010110001101",
            "present_in": [
              "old"
            ],
            "right": "010100001111"
          },
          {
            "left": "010100001111",
            "present_in": [
              "new"
            ],
            "right": "010100101101"
          },
          {
            "left": "010100101101",
            "present_in": [
              "old"
            ],
            "right": "010100101110"
          }
        ],
        "length": 5,
        "owners": [
          "010100101110",
          "010110001110",
          "010110001101",
          "010100001111",
          "010100101101"
        ]
      },
      "widths": {
        "6": {
          "frozen_topology": {
            "components": 127,
            "histogram": {
              "13": 126,
              "78": 1
            }
          },
          "net_component_cost": -6,
          "q3_current_suffix_weight_histogram": {
            "0:-1": 8,
            "0:1": 11
          },
          "topology": {
            "components": 121,
            "histogram": {
              "13": 119,
              "78": 1,
              "91": 1
            }
          },
          "two_suffix_colour_rows": []
        },
        "7": {
          "frozen_topology": {
            "components": 424,
            "histogram": {
              "15": 423,
              "90": 1
            }
          },
          "net_component_cost": -6,
          "q3_current_suffix_weight_histogram": {
            "1:-1": 8,
            "1:1": 11,
            "2:-1": 7,
            "2:1": 5
          },
          "topology": {
            "components": 418,
            "histogram": {
              "15": 416,
              "90": 1,
              "105": 1
            }
          },
          "two_suffix_colour_rows": []
        },
        "8": {
          "frozen_topology": {
            "components": 1420,
            "histogram": {
              "17": 1418,
              "102": 2
            }
          },
          "net_component_cost": -12,
          "q3_current_suffix_weight_histogram": {
            "2:-1": 16,
            "2:1": 22,
            "3:-1": 14,
            "3:1": 10,
            "4:-1": 3,
            "4:1": 3
          },
          "topology": {
            "components": 1408,
            "histogram": {
              "17": 1404,
              "102": 2,
              "119": 2
            }
          },
          "two_suffix_colour_rows": [
            {
              "delta": -2,
              "new_load": 3,
              "old_load": 5,
              "suffix_weight": 4,
              "value": "1000110101111111"
            },
            {
              "delta": 2,
              "new_load": 7,
              "old_load": 5,
              "suffix_weight": 4,
              "value": "0000111101111111"
            },
            {
              "delta": -2,
              "new_load": 3,
              "old_load": 5,
              "suffix_weight": 4,
              "value": "0101100011111111"
            },
            {
              "delta": -2,
              "new_load": 3,
              "old_load": 5,
              "suffix_weight": 4,
              "value": "1001010011111111"
            },
            {
              "delta": 2,
              "new_load": 7,
              "old_load": 5,
              "suffix_weight": 4,
              "value": "0001110011111111"
            },
            {
              "delta": 2,
              "new_load": 7,
              "old_load": 5,
              "suffix_weight": 4,
              "value": "0101001011111111"
            }
          ]
        }
      }
    },
    {
      "base_root_action": [
        {
          "new_cycle_length": 91,
          "old_root_count": 7,
          "old_roots": [
            "111100110000",
            "110110110000",
            "101011110000",
            "110110010010",
            "110101010010",
            "101011010010",
            "101100110010"
          ]
        },
        {
          "new_cycle_length": 78,
          "old_root_count": 6,
          "old_roots": [
            "110111010000",
            "111100101000",
            "110101101000",
            "110110011000",
            "111100100010",
            "111100001010"
          ]
        }
      ],
      "colours": [
        "010110001111",
        "010100101111",
        "110100101110",
        "110001101110",
        "110001001111",
        "100011001111",
        "010011001111",
        "010111001110"
      ],
      "common_binary_phase": false,
      "index": 2,
      "owners": [
        "010110001110",
        "010100001111",
        "010100101110",
        "110000101110",
        "110001001110",
        "100001001111",
        "000011001111",
        "010011001110"
      ],
      "shortest_odd_phase_cycle": {
        "edges": [
          {
            "left": "010100101110",
            "present_in": [
              "new",
              "old"
            ],
            "right": "010110001110"
          },
          {
            "left": "010110001110",
            "present_in": [
              "new"
            ],
            "right": "010110001101"
          },
          {
            "left": "010110001101",
            "present_in": [
              "old"
            ],
            "right": "010100001111"
          },
          {
            "left": "010100001111",
            "present_in": [
              "new"
            ],
            "right": "010100101101"
          },
          {
            "left": "010100101101",
            "present_in": [
              "old"
            ],
            "right": "010100101110"
          }
        ],
        "length": 5,
        "owners": [
          "010100101110",
          "010110001110",
          "010110001101",
          "010100001111",
          "010100101101"
        ]
      },
      "widths": {
        "6": {
          "frozen_topology": {
            "components": 127,
            "histogram": {
              "13": 126,
              "78": 1
            }
          },
          "net_component_cost": -6,
          "q3_current_suffix_weight_histogram": {
            "0:-1": 8,
            "0:1": 11
          },
          "topology": {
            "components": 121,
            "histogram": {
              "13": 119,
              "78": 1,
              "91": 1
            }
          },
          "two_suffix_colour_rows": []
        },
        "7": {
          "frozen_topology": {
            "components": 424,
            "histogram": {
              "15": 423,
              "90": 1
            }
          },
          "net_component_cost": -6,
          "q3_current_suffix_weight_histogram": {
            "1:-1": 8,
            "1:1": 11,
            "2:-1": 7,
            "2:1": 5
          },
          "topology": {
            "components": 418,
            "histogram": {
              "15": 416,
              "90": 1,
              "105": 1
            }
          },
          "two_suffix_colour_rows": []
        },
        "8": {
          "frozen_topology": {
            "components": 1420,
            "histogram": {
              "17": 1418,
              "102": 2
            }
          },
          "net_component_cost": -12,
          "q3_current_suffix_weight_histogram": {
            "2:-1": 16,
            "2:1": 22,
            "3:-1": 14,
            "3:1": 10,
            "4:-1": 3,
            "4:1": 3
          },
          "topology": {
            "components": 1408,
            "histogram": {
              "17": 1404,
              "102": 2,
              "119": 2
            }
          },
          "two_suffix_colour_rows": [
            {
              "delta": -2,
              "new_load": 3,
              "old_load": 5,
              "suffix_weight": 4,
              "value": "1000110101111111"
            },
            {
              "delta": 2,
              "new_load": 7,
              "old_load": 5,
              "suffix_weight": 4,
              "value": "0000111101111111"
            },
            {
              "delta": -2,
              "new_load": 3,
              "old_load": 5,
              "suffix_weight": 4,
              "value": "0101100011111111"
            },
            {
              "delta": -2,
              "new_load": 3,
              "old_load": 5,
              "suffix_weight": 4,
              "value": "1000110011111111"
            },
            {
              "delta": 2,
              "new_load": 7,
              "old_load": 5,
              "suffix_weight": 4,
              "value": "0100110011111111"
            },
            {
              "delta": 2,
              "new_load": 7,
              "old_load": 5,
              "suffix_weight": 4,
              "value": "0101001011111111"
            }
          ]
        }
      }
    },
    {
      "base_root_action": [
        {
          "new_cycle_length": 91,
          "old_root_count": 7,
          "old_roots": [
            "111100110000",
            "110110110000",
            "101011110000",
            "110110010010",
            "110101010010",
            "101011010010",
            "111000110010"
          ]
        },
        {
          "new_cycle_length": 78,
          "old_root_count": 6,
          "old_roots": [
            "110111010000",
            "111100101000",
            "110101101000",
            "110110011000",
            "111100100010",
            "111100001010"
          ]
        }
      ],
      "colours": [
        "010110001111",
        "010100101111",
        "110100101110",
        "110001101110",
        "110001001111",
        "100011001111",
        "000111001111",
        "010111001110"
      ],
      "common_binary_phase": false,
      "index": 3,
      "owners": [
        "010110001110",
        "010100001111",
        "010100101110",
        "110000101110",
        "110001001110",
        "100001001111",
        "000011001111",
        "000111001110"
      ],
      "shortest_odd_phase_cycle": {
        "edges": [
          {
            "left": "010100101110",
            "present_in": [
              "new",
              "old"
            ],
            "right": "010110001110"
          },
          {
            "left": "010110001110",
            "present_in": [
              "new"
            ],
            "right": "010110001101"
          },
          {
            "left": "010110001101",
            "present_in": [
              "old"
            ],
            "right": "010100001111"
          },
          {
            "left": "010100001111",
            "present_in": [
              "new"
            ],
            "right": "010100101101"
          },
          {
            "left": "010100101101",
            "present_in": [
              "old"
            ],
            "right": "010100101110"
          }
        ],
        "length": 5,
        "owners": [
          "010100101110",
          "010110001110",
          "010110001101",
          "010100001111",
          "010100101101"
        ]
      },
      "widths": {
        "6": {
          "frozen_topology": {
            "components": 127,
            "histogram": {
              "13": 126,
              "78": 1
            }
          },
          "net_component_cost": -6,
          "q3_current_suffix_weight_histogram": {
            "0:-1": 8,
            "0:1": 11
          },
          "topology": {
            "components": 121,
            "histogram": {
              "13": 119,
              "78": 1,
              "91": 1
            }
          },
          "two_suffix_colour_rows": []
        },
        "7": {
          "frozen_topology": {
            "components": 424,
            "histogram": {
              "15": 423,
              "90": 1
            }
          },
          "net_component_cost": -6,
          "q3_current_suffix_weight_histogram": {
            "1:-1": 8,
            "1:1": 11,
            "2:-1": 7,
            "2:1": 5
          },
          "topology": {
            "components": 418,
            "histogram": {
              "15": 416,
              "90": 1,
              "105": 1
            }
          },
          "two_suffix_colour_rows": []
        },
        "8": {
          "frozen_topology": {
            "components": 1420,
            "histogram": {
              "17": 1418,
              "102": 2
            }
          },
          "net_component_cost": -12,
          "q3_current_suffix_weight_histogram": {
            "2:-1": 16,
            "2:1": 22,
            "3:-1": 14,
            "3:1": 10,
            "4:-1": 3,
            "4:1": 3
          },
          "topology": {
            "components": 1408,
            "histogram": {
              "17": 1404,
              "102": 2,
              "119": 2
            }
          },
          "two_suffix_colour_rows": [
            {
              "delta": -2,
              "new_load": 3,
              "old_load": 5,
              "suffix_weight": 4,
              "value": "1000110101111111"
            },
            {
              "delta": 2,
              "new_load": 7,
              "old_load": 5,
              "suffix_weight": 4,
              "value": "0000111101111111"
            },
            {
              "delta": -2,
              "new_load": 3,
              "old_load": 5,
              "suffix_weight": 4,
              "value": "0101100011111111"
            },
            {
              "delta": -2,
              "new_load": 3,
              "old_load": 5,
              "suffix_weight": 4,
              "value": "1000110011111111"
            },
            {
              "delta": 2,
              "new_load": 7,
              "old_load": 5,
              "suffix_weight": 4,
              "value": "0001110011111111"
            },
            {
              "delta": 2,
              "new_load": 7,
              "old_load": 5,
              "suffix_weight": 4,
              "value": "0101001011111111"
            }
          ]
        }
      }
    },
    {
      "base_root_action": [
        {
          "new_cycle_length": 169,
          "old_root_count": 13,
          "old_roots": [
            "110111100000",
            "111101010000",
            "110111010000",
            "110101110000",
            "110111001000",
            "111100101000",
            "110101101000",
            "110110011000",
            "111101000010",
            "110111000010",
            "111100100010",
            "111100001010",
            "101101001010"
          ]
        }
      ],
      "colours": [
        "110010001111",
        "100010101111",
        "000010111111",
        "010010111110",
        "110010110110",
        "110000110111",
        "110010110101",
        "110010101101"
      ],
      "common_binary_phase": true,
      "index": 4,
      "owners": [
        "110010001101",
        "100010001111",
        "000010101111",
        "000010111110",
        "010010110110",
        "110000110110",
        "110000110101",
        "110010100101"
      ],
      "shortest_odd_phase_cycle": null,
      "widths": {
        "6": {
          "frozen_topology": {
            "components": 127,
            "histogram": {
              "13": 126,
              "78": 1
            }
          },
          "net_component_cost": -7,
          "q3_current_suffix_weight_histogram": {
            "0:-1": 10,
            "0:1": 13
          },
          "topology": {
            "components": 120,
            "histogram": {
              "13": 119,
              "169": 1
            }
          },
          "two_suffix_colour_rows": []
        },
        "7": {
          "frozen_topology": {
            "components": 424,
            "histogram": {
              "15": 423,
              "90": 1
            }
          },
          "net_component_cost": -7,
          "q3_current_suffix_weight_histogram": {
            "1:-1": 10,
            "1:1": 13,
            "2:-1": 6,
            "2:1": 4
          },
          "topology": {
            "components": 417,
            "histogram": {
              "15": 416,
              "195": 1
            }
          },
          "two_suffix_colour_rows": []
        },
        "8": {
          "frozen_topology": {
            "components": 1420,
            "histogram": {
              "17": 1418,
              "102": 2
            }
          },
          "net_component_cost": -14,
          "q3_current_suffix_weight_histogram": {
            "2:-1": 20,
            "2:1": 26,
            "3:-1": 12,
            "3:1": 8,
            "4:-1": 2,
            "4:1": 2
          },
          "topology": {
            "components": 1406,
            "histogram": {
              "17": 1404,
              "221": 2
            }
          },
          "two_suffix_colour_rows": [
            {
              "delta": -2,
              "new_load": 3,
              "old_load": 5,
              "suffix_weight": 4,
              "value": "1000110101111111"
            },
            {
              "delta": 2,
              "new_load": 7,
              "old_load": 5,
              "suffix_weight": 4,
              "value": "0000111101111111"
            },
            {
              "delta": -2,
              "new_load": 3,
              "old_load": 5,
              "suffix_weight": 4,
              "value": "1000101011111111"
            },
            {
              "delta": 2,
              "new_load": 7,
              "old_load": 5,
              "suffix_weight": 4,
              "value": "0000101111111111"
            }
          ]
        }
      }
    },
    {
      "base_root_action": [
        {
          "new_cycle_length": 169,
          "old_root_count": 13,
          "old_roots": [
            "111101100000",
            "110111100000",
            "110111010000",
            "110101110000",
            "110111001000",
            "111100101000",
            "110101101000",
            "110110011000",
            "111101000010",
            "110111000010",
            "111100100010",
            "111100001010",
            "101101001010"
          ]
        }
      ],
      "colours": [
        "110010001111",
        "100010011111",
        "000010111111",
        "010010111110",
        "110010110110",
        "110000110111",
        "110010110101",
        "110010101101"
      ],
      "common_binary_phase": true,
      "index": 5,
      "owners": [
        "110010001101",
        "100010001111",
        "000010011111",
        "000010111110",
        "010010110110",
        "110000110110",
        "110000110101",
        "110010100101"
      ],
      "shortest_odd_phase_cycle": null,
      "widths": {
        "6": {
          "frozen_topology": {
            "components": 127,
            "histogram": {
              "13": 126,
              "78": 1
            }
          },
          "net_component_cost": -7,
          "q3_current_suffix_weight_histogram": {
            "0:-1": 10,
            "0:1": 13
          },
          "topology": {
            "components": 120,
            "histogram": {
              "13": 119,
              "169": 1
            }
          },
          "two_suffix_colour_rows": []
        },
        "7": {
          "frozen_topology": {
            "components": 424,
            "histogram": {
              "15": 423,
              "90": 1
            }
          },
          "net_component_cost": -7,
          "q3_current_suffix_weight_histogram": {
            "1:-1": 10,
            "1:1": 13,
            "2:-1": 6,
            "2:1": 4
          },
          "topology": {
            "components": 417,
            "histogram": {
              "15": 416,
              "195": 1
            }
          },
          "two_suffix_colour_rows": []
        },
        "8": {
          "frozen_topology": {
            "components": 1420,
            "histogram": {
              "17": 1418,
              "102": 2
            }
          },
          "net_component_cost": -14,
          "q3_current_suffix_weight_histogram": {
            "2:-1": 20,
            "2:1": 26,
            "3:-1": 12,
            "3:1": 8,
            "4:-1": 2,
            "4:1": 2
          },
          "topology": {
            "components": 1406,
            "histogram": {
              "17": 1404,
              "221": 2
            }
          },
          "two_suffix_colour_rows": [
            {
              "delta": -2,
              "new_load": 3,
              "old_load": 5,
              "suffix_weight": 4,
              "value": "1000110101111111"
            },
            {
              "delta": 2,
              "new_load": 7,
              "old_load": 5,
              "suffix_weight": 4,
              "value": "0000111101111111"
            },
            {
              "delta": -2,
              "new_load": 3,
              "old_load": 5,
              "suffix_weight": 4,
              "value": "1000100111111111"
            },
            {
              "delta": 2,
              "new_load": 7,
              "old_load": 5,
              "suffix_weight": 4,
              "value": "0000101111111111"
            }
          ]
        }
      }
    }
  ],
  "status": "PASS"
}
