{
  "c8_admissible_cases": 399,
  "c8_first": {
    "backup_owners": 28,
    "backups": 4,
    "lower_q2_births": 4,
    "lower_q2_losses": 4,
    "m": 13,
    "main_palette_size_each": 96,
    "q": 5,
    "residual_support_losses": 0
  },
  "c8_last": {
    "backup_owners": 28,
    "backups": 4,
    "lower_q2_births": 4,
    "lower_q2_losses": 4,
    "m": 50,
    "main_palette_size_each": 392,
    "q": 24,
    "residual_support_losses": 0
  },
  "c8_parameter_range": {
    "max_m": 50,
    "min_m": 13
  },
  "certificate_sha256": "05552624784b67253b9f7d07b3e37c63cb25254d9b80872835952c38ba9605c1",
  "d5": {
    "examples": {
      "1,1,1,10,13": [
        "00001100110111011001010",
        "00001100110111011010010",
        "00001110110111011000010"
      ],
      "1,1,2,9,13": [
        "00100100110110111110000",
        "10000100110110111110000",
        "00100100110111011110000"
      ]
    },
    "literal_marked_pair_relabelling_impossible_rows": 164,
    "pass_rows": 265,
    "reset_rows": 212,
    "terminal_geometry_histogram": {
      "1,1,1,10,13": 48,
      "1,1,2,9,13": 164
    }
  },
  "scope": {
    "abstract_internal_clauses_1_and_3": "PASS",
    "exposed_terminal_clauses_2_and_4": "UNPROVED",
    "internal_clause_2": "PASS",
    "internal_clause_4_after_four_backups": "PASS",
    "simultaneous_212_copy_embedding": "UNPROVED"
  },
  "selection_sha256": "94deb656dac1d8955b20d851e92600156d703842d6de169d4b6bea356fa3ec32",
  "status": "PASS"
}
