{
  "input_sha256": {
    "d5_fourthphase_11.out": "866fb4a768b843a3ecafeab70f9c51f0f0c09b9eea6554a480dfc88c44981cfc",
    "d5_fourthphase_23.out": "c744d6dec76fd250958353ca03a11f317b4f2e01cab463a514645d5bfb57b5d8",
    "d5_fourthphase_28.out": "7911e4dfe4c3548505e5ec4431bdf9037d0482f20f189d6d0bd9c514fe47aa8f",
    "d5_fourthphase_29.out": "d33bc502225b30d0b3ced3f7ee2939d8487e0b792287e164ebba64df2485efa5",
    "d5_fourthphase_33.out": "15f5a931e99c0ad0a9d0998b8867cf06619b002f442bdc2614129259897c652a",
    "d5_fourthphase_6.out": "37d3ce1d1cf8bf44d9a5584abb593bc84f8ad3e1956efc43d515a5f3c387499d",
    "d5_fourthphase_cap512_17.out": "e08fb50b8a085c9371fd01b896a610cb442fd4cbc2a84710c7ac1f6aea9d8026",
    "d5_fourthphase_cap512_18.out": "ffae9327402a4df4956ff2cb43093b42a5c5668f73077816438bec10a2c792d7",
    "d5_fourthphase_cap512_3.out": "9833955eedbd9b3bdb00b2bd5f29db1f41285a40e8dfa55e6eca8602accf1422",
    "d5_minimum_candidates_0.out": "477657dff608220c88e9888822d3a06e5e079a4f8dd62c7388dba51346667a4b",
    "d5_minimum_candidates_10.out": "b94ca82b658c4d5343b1029b74c5672fc4673edbe2007d84f02eb286af4f3028",
    "d5_minimum_candidates_14.out": "f75d4296fb415f9331fc8aa9fc794d0d69113dd2bef6be4bf885e13edd754fbd",
    "d5_minimum_candidates_15.out": "c211158be396ae12297ccfea27b696da7152ddbb83b09db715fd60ee9643dcc5",
    "d5_minimum_candidates_16.out": "a0010692bc156c7a0af49614b909ed55a731f585d2906ea512d6c6214e9644d3",
    "d5_minimum_candidates_2.out": "7eb230cd3638a27842adede0f34200be6fd4060e937198852bb5ad0d16d8639c",
    "d5_minimum_candidates_21.out": "80276c3326f3e572ebb96980a6a9667e2e204b2bb07f62f9149619f95905078f",
    "d5_minimum_candidates_22.out": "c572b76d2e7058b37ba1af32b3eb8cd0317e9ecebad1e427714314ca62b6675b",
    "d5_minimum_candidates_24.out": "f84ab59feb20ad29db9adc75c46d16803920f1e058a5458bf0e14e835a1b151e",
    "d5_minimum_candidates_25.out": "b8eeb425898c88f37eb83f695818396dc43c883ad55d4ecd938700b5ff87b2b8",
    "d5_minimum_candidates_26.out": "3e5d661ab6112fdea3bb6a5c2287035a03538e9080d567d1a2fa26916a89bec0",
    "d5_minimum_candidates_27.out": "b57d2c3cc20123e18c456b68188059cff158b2f7e55d260c7950ecda7010c96e",
    "d5_minimum_candidates_30.out": "470131d14c2450f677a1655ded4f01f29dd03c1b303fa5f07bfa29ad54cc6363",
    "d5_minimum_candidates_32.out": "20dc49e0dd3c20a34880391b6def2301c61464d6eb5c851a7bbb7fbd5145f2af",
    "d5_minimum_candidates_34.out": "32a7f7c76c9f36c49725aacafb327aead583fddf19e07335bb19211cc63da427",
    "d5_minimum_candidates_35.out": "d1854abf6c612d56251651d3a015d06d1d63ad97430a004984bd3bd64ad30d87",
    "d5_minimum_candidates_38.out": "21763c4b25447193e66551e0e66ad88b9b085b2c377d391ee346694faf1bb034",
    "d5_minimum_candidates_40.out": "b07c24dc5cdaeca1d9636ba01d7fe2b4d2db4ec4c9ccdd220a7514cd42daa245",
    "d5_minimum_candidates_5.out": "bbbc93ded0a3a80bf79528cb9a97e810e8382fe2b9f92f7536185bae4af8a08f",
    "d5_minimum_candidates_7.out": "549cf0f57af03255e3bc7e34b7f1024f8880cdd6aa760eff1da3a536db066c76",
    "d5_minimum_candidates_8.out": "7ba98f7d18a6ce098b802b7f04cad18675e9ce8894e3b37c680a9402921f6741",
    "d5_minimum_candidates_9.out": "3737c51968b704e8800b7d08a3d0d0315d7787946dc9f94a622310f452291a67",
    "d5_thirdphase_all_1.out": "2245c20f4ea931a402611c9df9abb825780e596e15d3f2b52e966bbe535da55f",
    "d5_thirdphase_all_12.out": "c72e39c583a98d666e6aa74b1ae7b6194cc1d4b7ce1f5bf3140700bd29eacf24",
    "d5_thirdphase_all_13.out": "c48df7f3a413409dce71f95465fcad5c7ea0ea09a2fab03b12be2d44585f2bfc",
    "d5_thirdphase_all_19.out": "39c5ae1c5b5d2a9923d64e46e40b5d44024293c1e395fa427ab08727ab5a046e",
    "d5_thirdphase_all_20.out": "ba8236ea32721ff721b28e81ce090135b394711ad77be0d74053efa4691b691c",
    "d5_thirdphase_all_31.out": "34b804a000d1a29173bce3abf5666c923ea874fcb7f0d57534b4f658981a1f08",
    "d5_thirdphase_all_36.out": "606ea0a673c66ae418935da5b67e61f34aeec2280743dc897ddedfac6581e57d",
    "d5_thirdphase_all_37.out": "1798d03e4aeb6fe7343576de1f8359eae8c5eb439c960c0c0171f5986b5300d9",
    "d5_thirdphase_all_39.out": "94388dda4147d493086ef906bb0806dc932e9e66de1ea3aafb71cff4253f65e7",
    "d5_thirdphase_all_4.out": "cf79cdba8b0e29e0b445ecd3efc679fa9a4f60e2c064650bbb62d35b30f1d55e",
    "solve_t2_suffix_d5_split_tree_fourphase_trial2_20260814.h100.out": "c889f855073190579c423dc502b154a4d5b84ad0a18aea5ef52acc50241118ea",
    "solve_t2_suffix_d5_split_tree_iter3_resource_core_20260814.h100.out": "bceb7c7e70989827e266e6c70701dfc3b85bae53f2380dec5cc3755471f9721d",
    "solve_t2_suffix_d5_split_tree_minimum_sdr_20260814.h100.out": "ec7a31e66027fb2fdde9a55be1a5cb78391a761ffb57c48a872c25ea624b51b0",
    "solve_t2_suffix_d5_split_tree_optimized_threephase_sdr_20260814.h100.out": "204e020261908d6c92b74cf4272613fa9a5e087f7610d381d8c4a73d654c2d24",
    "solve_t2_suffix_d5_topology_cegar_20260814.h100.out": "94deb656dac1d8955b20d851e92600156d703842d6de169d4b6bea356fa3ec32",
    "t2_suffix_d5_reset_menu_bundle_20260814.h100.out": "9c22615cd3058688f048f4e4062d007edadb10ab415c15ee89ed10d21b1bed8d",
    "verify_t2_suffix_d5_topology_cegar_selection_20260814.h100.out": "ff5475083d3d836b5f107c5821c45918676b4a6df81bffc48ac1af8600e6a068"
  },
  "iterative_inclusion_minimal_cores": {
    "solve_t2_suffix_d5_split_tree_fourphase_trial2_20260814.h100.out": {
      "edge_indices": [
        7,
        11,
        13,
        22,
        23,
        27,
        28,
        29,
        33,
        35,
        37,
        38,
        39,
        40
      ],
      "role_histogram": {
        "child_D2": 1,
        "child_D3": 4,
        "child_D4": 5,
        "split_bridge": 4
      },
      "split_histogram": {
        "[[0, 4], [0, 4]]": 1,
        "[[0, 4], [1, 3]]": 1,
        "[[1, 3], [1, 3]]": 1,
        "[[1, 3], [2, 2]]": 1,
        "[[2, 2], [2, 2]]": 1,
        "[[2, 2], [3, 1]]": 1,
        "[[3, 1], [3, 1]]": 3,
        "[[3, 1], [4, 0]]": 1,
        "[[4, 0], [4, 0]]": 4
      }
    },
    "solve_t2_suffix_d5_split_tree_iter3_resource_core_20260814.h100.out": {
      "edge_indices": [
        1,
        17,
        18,
        21
      ],
      "role_histogram": {
        "child_D4": 4
      },
      "split_histogram": {
        "[[0, 4], [0, 4]]": 1,
        "[[4, 0], [4, 0]]": 3
      }
    },
    "solve_t2_suffix_d5_split_tree_minimum_sdr_20260814.h100.out": {
      "edge_indices": [
        35,
        38,
        39
      ],
      "role_histogram": {
        "child_D2": 1,
        "split_bridge": 2
      },
      "split_histogram": {
        "[[1, 3], [2, 2]]": 1,
        "[[2, 2], [2, 2]]": 1,
        "[[2, 2], [3, 1]]": 1
      }
    },
    "solve_t2_suffix_d5_split_tree_optimized_threephase_sdr_20260814.h100.out": {
      "edge_indices": [
        22,
        27,
        33,
        37
      ],
      "role_histogram": {
        "child_D3": 2,
        "child_D4": 1,
        "split_bridge": 1
      },
      "split_histogram": {
        "[[0, 4], [0, 4]]": 1,
        "[[0, 4], [1, 3]]": 1,
        "[[3, 1], [3, 1]]": 2
      }
    }
  },
  "menu_bundle_sha256": "9c22615cd3058688f048f4e4062d007edadb10ab415c15ee89ed10d21b1bed8d",
  "menu_matches": {
    "all-prefix global minimum": 22,
    "reset phase P0": 10,
    "reset phase P1": 9
  },
  "selected_length_histogram": {
    "18": 6,
    "20": 6,
    "22": 11,
    "24": 6,
    "26": 4,
    "28": 3,
    "30": 4,
    "32": 1
  },
  "selected_p1_edges": [
    3,
    6,
    11,
    17,
    18,
    23,
    28,
    29,
    33
  ],
  "selected_prefix_histogram": {
    "100011001101": 9,
    "101001001101": 10,
    "101001010101": 12,
    "101010001101": 10
  },
  "selector_sha256": "94deb656dac1d8955b20d851e92600156d703842d6de169d4b6bea356fa3ec32",
  "simultaneous": {
    "base_components_met": 372,
    "component_reduction": 371,
    "component_trade_hypertree": false,
    "component_trade_incidence_components": 1,
    "component_trade_incidence_cycle_rank": 35,
    "lower_bad_2_collars": 151,
    "minimum_lower_seam_gap": 1,
    "minimum_q2_load_after": 1,
    "minimum_upper_seam_gap": 1,
    "output_component_owner_lengths": [
      12420
    ],
    "output_components_on_touched_owners": 1,
    "q2_negative_occurrences": 346,
    "q2_support_losses": 0,
    "spanning_gate": true,
    "suffix_representative_output_components": 1,
    "undilated_two_shore_residence_gate": false,
    "upper_bad_2_collars": 181
  },
  "status": "PASS",
  "topology_rejected_models": 7,
  "verifier_sha256": "ff5475083d3d836b5f107c5821c45918676b4a6df81bffc48ac1af8600e6a068"
}
