{
  "best_delta": -6,
  "best_hole_change": -3,
  "best_new_energy": 80,
  "best_outgoing_pair_index": 10590,
  "best_rows": [
    36,
    63,
    78,
    149,
    273,
    595,
    631,
    633,
    642,
    654
  ],
  "incumbent_energy": 86,
  "minimum_reservoir_hole_degree": 256,
  "physical_witnesses_replayed": 104725,
  "reservoir_holes_covered": 43,
  "reservoir_records_replayed": 4725,
  "reservoir_unique_masks": 4725,
  "scope": "full independent replay of every emitted physical witness and all 54 outgoing swaps; global top-K completeness follows from the separately audited bounded-shard theorem",
  "status": "PASS",
  "target_row": 595,
  "top_records_replayed": 100000,
  "top_reservoir_overlap": 4725,
  "top_unique_masks": 100000
}
