{
  "best_delta": -2,
  "best_hole_change": -1,
  "best_new_energy": 68,
  "best_outgoing_pair_index": 687,
  "best_rows": [
    102,
    192,
    459,
    495,
    501,
    509,
    606,
    610,
    646,
    673
  ],
  "incumbent_energy": 70,
  "minimum_reservoir_hole_degree": 128,
  "physical_witnesses_replayed": 7001,
  "reservoir_holes_covered": 35,
  "reservoir_records_replayed": 2001,
  "reservoir_unique_masks": 2001,
  "scope": "full independent replay of every emitted physical witness and all 54 outgoing swaps; global top-K completeness follows from the separately audited bounded-shard theorem",
  "status": "PASS",
  "target_row": 459,
  "top_records_replayed": 5000,
  "top_reservoir_overlap": 1942,
  "top_unique_masks": 5000
}
