{
  "appearance_histogram": {
    "1": 436,
    "4": 6,
    "5": 11,
    "6": 10,
    "7": 10,
    "8": 3,
    "9": 1
  },
  "cycle_length_histogram": {
    "9": 6,
    "10": 6,
    "11": 11,
    "12": 6,
    "13": 4,
    "14": 3,
    "15": 4,
    "16": 1
  },
  "decomposition_sha256": "66a0e8eb4ee478108ce7a7638a3ee2bb8380db0119942b64366b933542efc4a4",
  "extra_port_appearances": 201,
  "factor_count": 226,
  "maximum_appearances": 9,
  "minimum_three_cycle_lower_bound": 226,
  "odd_even_cycles": [
    25,
    16
  ],
  "port_appearances": 678,
  "product_verified_on_all_tokens": true,
  "provenance_factor_counts": {
    "even_cycle_pair": 95,
    "odd_cycle": 131
  },
  "selection_sha256": "94deb656dac1d8955b20d851e92600156d703842d6de169d4b6bea356fa3ec32",
  "status": "PASS",
  "target_cycles": 41,
  "target_sign_exponent": 436,
  "tokens": 477
}
