c D3 10 111000 101100 valid=False
c D3 01_phase 111000 101100 valid=False
c D3 wrap 111000 101100 valid=False
c D3 10 111000 101010 valid=False
c D3 01_phase 111000 101010 valid=False
c D3 wrap 111000 101010 valid=False
c D3 10 110100 110010 valid=False
c D3 01_phase 110100 110010 valid=False
c D3 wrap 110100 110010 valid=False
c D3 10 110100 101100 valid=False
c D3 01_phase 110100 101100 valid=False
c D3 wrap 110100 101100 valid=False
c D4 10 11110000 10111000 valid=False
c D4 01_phase 11110000 10111000 valid=False
c D4 wrap 11110000 10111000 valid=False
c D4 10 11110000 10110010 valid=False
c D4 01_phase 11110000 10110010 valid=False
c D4 wrap 11110000 10110010 valid=False
c D4 10 11101000 10101100 valid=False
c D4 01_phase 11101000 10101100 valid=False
c D4 wrap 11101000 10101100 valid=False
c D4 10 11101000 10101010 valid=False
c D4 01_phase 11101000 10101010 valid=False
c D4 wrap 11101000 10101010 valid=False
c D4 10 11100100 11100010 valid=False
c D4 01_phase 11100100 11100010 valid=False
c D4 wrap 11100100 11100010 valid=False
c D4 10 11100100 10101100 valid=False
c D4 01_phase 11100100 10101100 valid=False
c D4 wrap 11100100 10101100 valid=False
c D4 10 11011000 11001100 valid=False
c D4 01_phase 11011000 11001100 valid=False
c D4 wrap 11011000 11001100 valid=False
c D4 10 11011000 10111000 valid=False
c D4 01_phase 11011000 10111000 valid=False
c D4 wrap 11011000 10111000 valid=False
c D4 10 11010100 11010010 valid=False
c D4 01_phase 11010100 11010010 valid=False
c D4 wrap 11010100 11010010 valid=False
c D4 10 11010100 10110100 valid=False
c D4 01_phase 11010100 10110100 valid=False
c D4 wrap 11010100 10110100 valid=False
c D4 10 11010010 11001010 valid=False
c D4 01_phase 11010010 11001010 valid=False
c D4 wrap 11010010 11001010 valid=False
c D4 10 11001010 10101010 valid=False
c D4 01_phase 11001010 10101010 valid=True
c D4 wrap 11001010 10101010 valid=False
c D4 10 10110100 10110010 valid=False
c D4 01_phase 10110100 10110010 valid=False
c D4 wrap 10110100 10110010 valid=False
	Command being timed: "python3 audit_t2_suffix_context_raw_transport_20260814.py search_t2_suffix_d4_spanning_actuator_sat_20260813.h100.out"
	User time (seconds): 31.68
	System time (seconds): 1.79
	Percent of CPU this job got: 99%
	Elapsed (wall clock) time (h:mm:ss or m:ss): 0:33.48
	Average shared text size (kbytes): 0
	Average unshared data size (kbytes): 0
	Average stack size (kbytes): 0
	Average total size (kbytes): 0
	Maximum resident set size (kbytes): 2012172
	Average resident set size (kbytes): 0
	Major (requiring I/O) page faults: 0
	Minor (reclaiming a frame) page faults: 933485
	Voluntary context switches: 1
	Involuntary context switches: 57
	Swaps: 0
	File system inputs: 0
	File system outputs: 0
	Socket messages sent: 0
	Socket messages received: 0
	Signals delivered: 0
	Page size (bytes): 4096
	Exit status: 0
