{
  "runs": [
    {
      "m": 7,
      "rows": [
        {
          "gamma_pairs": [
            [
              1,
              14
            ],
            [
              11,
              13
            ]
          ],
          "negative_target": "10001101011111",
          "old_negative_load": 2,
          "positive_target": "00001111011111",
          "providers": [
            {
              "left_colour": "10001101011101",
              "owner": "10001101010101",
              "position": 6,
              "right_colour": "10001101010111",
              "root": "11110010101000"
            },
            {
              "left_colour": "10001101011110",
              "owner": "00001101011110",
              "position": 6,
              "right_colour": "00001101011111",
              "root": "11110010100010"
            }
          ],
          "suffix": "10",
          "suffix_first_colour": "11"
        }
      ]
    },
    {
      "m": 8,
      "rows": [
        {
          "gamma_pairs": [
            [
              1,
              16
            ],
            [
              11,
              14
            ],
            [
              12,
              13
            ]
          ],
          "negative_target": "1000110101111101",
          "old_negative_load": 3,
          "positive_target": "0000111101111101",
          "providers": [
            {
              "left_colour": "1000110101110101",
              "owner": "1000110101100101",
              "position": 6,
              "right_colour": "1000110101101101",
              "root": "1111001010110000"
            },
            {
              "left_colour": "1000110101111001",
              "owner": "1000110101011001",
              "position": 6,
              "right_colour": "1000110101011101",
              "root": "1111001010101000"
            },
            {
              "left_colour": "1000110101111100",
              "owner": "0000110101111100",
              "position": 6,
              "right_colour": "0000110101111101",
              "root": "1111001010001100"
            }
          ],
          "suffix": "1100",
          "suffix_first_colour": "1101"
        },
        {
          "gamma_pairs": [
            [
              1,
              14
            ],
            [
              11,
              13
            ]
          ],
          "negative_target": "1000110101111110",
          "old_negative_load": 2,
          "positive_target": "0000111101111110",
          "providers": [
            {
              "left_colour": "1000110101110110",
              "owner": "1000110101010110",
              "position": 6,
              "right_colour": "1000110101011110",
              "root": "1111001010100010"
            },
            {
              "left_colour": "1000110101111010",
              "owner": "0000110101111010",
              "position": 6,
              "right_colour": "0000110101111110",
              "root": "1111001010001010"
            }
          ],
          "suffix": "1010",
          "suffix_first_colour": "1110"
        }
      ]
    },
    {
      "m": 9,
      "rows": [
        {
          "gamma_pairs": [
            [
              1,
              18
            ],
            [
              11,
              14
            ],
            [
              12,
              13
            ]
          ],
          "negative_target": "100011010111111001",
          "old_negative_load": 3,
          "positive_target": "000011110111111001",
          "providers": [
            {
              "left_colour": "100011010111011001",
              "owner": "100011010110011001",
              "position": 6,
              "right_colour": "100011010110111001",
              "root": "111100101011001000"
            },
            {
              "left_colour": "100011010111101001",
              "owner": "100011010101101001",
              "position": 6,
              "right_colour": "100011010101111001",
              "root": "111100101010101000"
            },
            {
              "left_colour": "100011010111111000",
              "owner": "000011010111111000",
              "position": 6,
              "right_colour": "000011010111111001",
              "root": "111100101000111000"
            }
          ],
          "suffix": "111000",
          "suffix_first_colour": "111001"
        },
        {
          "gamma_pairs": [
            [
              1,
              18
            ],
            [
              11,
              16
            ],
            [
              12,
              14
            ]
          ],
          "negative_target": "100011010111110101",
          "old_negative_load": 3,
          "positive_target": "000011110111110101",
          "providers": [
            {
              "left_colour": "100011010111100101",
              "owner": "100011010110100101",
              "position": 6,
              "right_colour": "100011010110110101",
              "root": "111100101011100000"
            },
            {
              "left_colour": "100011010111110001",
              "owner": "100011010101110001",
              "position": 6,
              "right_colour": "100011010101110101",
              "root": "111100101010110000"
            },
            {
              "left_colour": "100011010111110100",
              "owner": "000011010111110100",
              "position": 6,
              "right_colour": "000011010111110101",
              "root": "111100101000110100"
            }
          ],
          "suffix": "110100",
          "suffix_first_colour": "110101"
        },
        {
          "gamma_pairs": [
            [
              1,
              16
            ],
            [
              11,
              14
            ],
            [
              12,
              13
            ]
          ],
          "negative_target": "100011010111110110",
          "old_negative_load": 3,
          "positive_target": "000011110111110110",
          "providers": [
            {
              "left_colour": "100011010111010110",
              "owner": "100011010110010110",
              "position": 6,
              "right_colour": "100011010110110110",
              "root": "111100101011000010"
            },
            {
              "left_colour": "100011010111100110",
              "owner": "100011010101100110",
              "position": 6,
              "right_colour": "100011010101110110",
              "root": "111100101010100010"
            },
            {
              "left_colour": "100011010111110010",
              "owner": "000011010111110010",
              "position": 6,
              "right_colour": "000011010111110110",
              "root": "111100101000110010"
            }
          ],
          "suffix": "110010",
          "suffix_first_colour": "110110"
        },
        {
          "gamma_pairs": [
            [
              1,
              14
            ],
            [
              11,
              13
            ]
          ],
          "negative_target": "100011010111111100",
          "old_negative_load": 2,
          "positive_target": "000011110111111100",
          "providers": [
            {
              "left_colour": "100011010111011100",
              "owner": "100011010101011100",
              "position": 6,
              "right_colour": "100011010101111100",
              "root": "111100101010001100"
            },
            {
              "left_colour": "100011010111101100",
              "owner": "000011010111101100",
              "position": 6,
              "right_colour": "000011010111111100",
              "root": "111100101000101100"
            }
          ],
          "suffix": "101100",
          "suffix_first_colour": "111100"
        },
        {
          "gamma_pairs": [
            [
              1,
              14
            ],
            [
              11,
              13
            ]
          ],
          "negative_target": "100011010111111010",
          "old_negative_load": 2,
          "positive_target": "000011110111111010",
          "providers": [
            {
              "left_colour": "100011010111011010",
              "owner": "100011010101011010",
              "position": 6,
              "right_colour": "100011010101111010",
              "root": "111100101010001010"
            },
            {
              "left_colour": "100011010111101010",
              "owner": "000011010111101010",
              "position": 6,
              "right_colour": "000011010111111010",
              "root": "111100101000101010"
            }
          ],
          "suffix": "101010",
          "suffix_first_colour": "111010"
        }
      ]
    }
  ],
  "status": "PASS"
}
