{
  "artifact_sha256": {
    "provenance": "98d2b9242df698cc042b4b4fbff23e72e1f29849ed52fcbf8ae71cc14e10b5da",
    "selection": "94deb656dac1d8955b20d851e92600156d703842d6de169d4b6bea356fa3ec32",
    "state_certificate": "05552624784b67253b9f7d07b3e37c63cb25254d9b80872835952c38ba9605c1",
    "static_dilation": "5052cbf34c8a30b61346e173bb1caa0eb78f985e0e337b740a657702601c8480",
    "successor_tag": "ebe7466e5f5a42ad8f331fa15b55d4b3ff886bd6d9db148fca86dc6447ec0e53",
    "tag_core": "a3057383999192185c492fec32878965b54bec0b8c07cf7ff616ff050e919923",
    "tag_core_audit": "ae5798bdfb0a8172aed5faac393d8129ac3ce497550ce305fbe48089591f65a6",
    "three_state_audit": "cf1672b98e6c4c18c29162611eb023e7f719be97a2bf15b6a7677b6acff745e3"
  },
  "status": "PASS",
  "verdicts": {
    "new_lower_collision_events": 165,
    "new_upper_collision_events": 208,
    "old_new_union_chromatic_number": 3,
    "selected_nontrivial_three_state_resets": 212,
    "static_four_clock_residence": "PASS",
    "static_is_dynamic_switch_lift": false,
    "three_state_reset_cell_constructed": false,
    "two_history_common_phase": "UNSAT",
    "unrestricted_variable_successor_tag": "UNSAT"
  }
}
