{
  "best_delta": -2,
  "best_hole_change": -1,
  "best_new_energy": 72,
  "best_outgoing_pair_index": 27049,
  "best_rows": [
    115,
    150,
    252,
    274,
    322,
    399,
    408,
    420,
    446,
    634
  ],
  "incumbent_energy": 74,
  "minimum_reservoir_hole_degree": 128,
  "physical_witnesses_replayed": 7226,
  "reservoir_holes_covered": 37,
  "reservoir_records_replayed": 2226,
  "reservoir_unique_masks": 2226,
  "scope": "full independent replay of every emitted physical witness and all 54 outgoing swaps; global top-K completeness follows from the separately audited bounded-shard theorem",
  "status": "PASS",
  "target_row": 399,
  "top_records_replayed": 5000,
  "top_reservoir_overlap": 2189,
  "top_unique_masks": 5000
}
