{
  "e86_holes": 43,
  "hard_rows": [
    595,
    484,
    631
  ],
  "hard_rows_share_multiplier_orbit": true,
  "multiplier_links": {
    "484->595": [
      6,
      11
    ],
    "484->631": [
      8,
      9
    ],
    "595->484": [
      3,
      14
    ],
    "595->631": [
      7,
      10
    ],
    "631->484": [
      2,
      15
    ],
    "631->595": [
      5,
      12
    ]
  },
  "raw_parameter_count": 60963840,
  "raw_parameter_formula": "C(9,5)*4!*P(8,6)",
  "sample_witnesses_replayed": 36,
  "scope": "independent reconstruction of E86 hardness, frozen pair masks, sampled physical witnesses, reflection disjointness, and all-43 hole coverage; completeness of the C++ enumeration is symbolic",
  "status": "PASS",
  "summaries": [
    {
      "covered_e86_holes": 43,
      "frozen_pair_degree": 327,
      "genuinely_new_pair_masks": 15485754,
      "maximum_nontarget_hole_coverage": 673967,
      "minimal_blocker_menus": 330,
      "minimum_blocker_vertices": 3,
      "minimum_nontarget_hole_coverage": 116401,
      "quotient_simple_raw": 59564920,
      "raw_parameter_count": 60963840,
      "reflection_disjoint_raw": 30978490,
      "row": 595,
      "unique_pair_masks": 15486081
    },
    {
      "covered_e86_holes": 43,
      "frozen_pair_degree": 327,
      "genuinely_new_pair_masks": 15485754,
      "maximum_nontarget_hole_coverage": 668442,
      "minimal_blocker_menus": 340,
      "minimum_blocker_vertices": 3,
      "minimum_nontarget_hole_coverage": 126787,
      "quotient_simple_raw": 59564920,
      "raw_parameter_count": 60963840,
      "reflection_disjoint_raw": 30978490,
      "row": 484,
      "unique_pair_masks": 15486081
    },
    {
      "covered_e86_holes": 43,
      "frozen_pair_degree": 327,
      "genuinely_new_pair_masks": 15485754,
      "maximum_nontarget_hole_coverage": 626071,
      "minimal_blocker_menus": 340,
      "minimum_blocker_vertices": 2,
      "minimum_nontarget_hole_coverage": 115778,
      "quotient_simple_raw": 59564920,
      "raw_parameter_count": 60963840,
      "reflection_disjoint_raw": 30978490,
      "row": 631,
      "unique_pair_masks": 15486081
    }
  ]
}
