{
  "affected_closure_components": [
    {
      "paths": [
        11,
        20,
        63,
        73,
        96,
        97
      ],
      "roots": [
        187,
        335,
        363,
        411,
        1103,
        1295
      ],
      "stored_orientation_mask": {
        "11": 0,
        "20": 1,
        "63": 1,
        "73": 1,
        "96": 1,
        "97": 1
      }
    }
  ],
  "affected_new_detail": [
    {
      "owner_names": [
        [
          411,
          0
        ],
        [
          411,
          1
        ],
        [
          411,
          2
        ],
        [
          411,
          3
        ],
        [
          363,
          4
        ],
        [
          363,
          3
        ],
        [
          363,
          2
        ],
        [
          363,
          1
        ],
        [
          363,
          0
        ]
      ],
      "owners": [
        "110110011000",
        "110110001001",
        "110110000101",
        "110010000111",
        "110000010111",
        "110100010101",
        "110100011001",
        "110100101001",
        "110101101000"
      ],
      "pid": 11
    },
    {
      "owner_names": [
        [
          187,
          0
        ],
        [
          187,
          1
        ],
        [
          335,
          5
        ],
        [
          335,
          4
        ],
        [
          335,
          3
        ],
        [
          335,
          2
        ],
        [
          335,
          1
        ],
        [
          335,
          0
        ]
      ],
      "owners": [
        "110111010000",
        "110011010001",
        "100011010101",
        "100011011001",
        "100011101001",
        "101001101001",
        "101100101001",
        "111100101000"
      ],
      "pid": 20
    },
    {
      "owner_names": [
        [
          1103,
          6
        ],
        [
          1103,
          5
        ],
        [
          1103,
          4
        ],
        [
          363,
          5
        ],
        [
          363,
          6
        ]
      ],
      "owners": [
        "000011011101",
        "000011011110",
        "100011010110",
        "100010010111",
        "001010010111"
      ],
      "pid": 63
    },
    {
      "owner_names": [
        [
          1295,
          0
        ],
        [
          1295,
          1
        ],
        [
          1295,
          2
        ],
        [
          1295,
          3
        ],
        [
          1295,
          4
        ],
        [
          1295,
          5
        ],
        [
          1103,
          3
        ],
        [
          1103,
          2
        ],
        [
          1103,
          1
        ],
        [
          1103,
          0
        ]
      ],
      "owners": [
        "111100001010",
        "101100011010",
        "101001011010",
        "100011011010",
        "000011111010",
        "000011110110",
        "100011100110",
        "101001100110",
        "101100100110",
        "111100100010"
      ],
      "pid": 73
    },
    {
      "owner_names": [
        [
          335,
          6
        ],
        [
          1295,
          6
        ]
      ],
      "owners": [
        "000011010111",
        "000011110101"
      ],
      "pid": 96
    },
    {
      "owner_names": [
        [
          411,
          6
        ],
        [
          411,
          5
        ],
        [
          411,
          4
        ],
        [
          187,
          2
        ],
        [
          187,
          3
        ],
        [
          187,
          4
        ],
        [
          187,
          5
        ],
        [
          187,
          6
        ]
      ],
      "owners": [
        "001001100111",
        "100001100111",
        "110001000111",
        "110011000101",
        "110010001101",
        "110000101101",
        "100000101111",
        "001000101111"
      ],
      "pid": 97
    }
  ],
  "affected_new_paths": [
    11,
    20,
    63,
    73,
    96,
    97
  ],
  "affected_old_detail": [
    {
      "owner_names": [
        [
          363,
          0
        ],
        [
          363,
          1
        ],
        [
          363,
          2
        ],
        [
          363,
          3
        ],
        [
          363,
          4
        ],
        [
          363,
          5
        ],
        [
          363,
          6
        ]
      ],
      "owners": [
        "110101101000",
        "110100101001",
        "110100011001",
        "110100010101",
        "110000010111",
        "100010010111",
        "001010010111"
      ],
      "pid": 4
    },
    {
      "owner_names": [
        [
          411,
          0
        ],
        [
          411,
          1
        ],
        [
          411,
          2
        ],
        [
          411,
          3
        ],
        [
          411,
          4
        ],
        [
          411,
          5
        ],
        [
          411,
          6
        ]
      ],
      "owners": [
        "110110011000",
        "110110001001",
        "110110000101",
        "110010000111",
        "110001000111",
        "100001100111",
        "001001100111"
      ],
      "pid": 16
    },
    {
      "owner_names": [
        [
          187,
          0
        ],
        [
          187,
          1
        ],
        [
          187,
          2
        ],
        [
          187,
          3
        ],
        [
          187,
          4
        ],
        [
          187,
          5
        ],
        [
          187,
          6
        ]
      ],
      "owners": [
        "110111010000",
        "110011010001",
        "110011000101",
        "110010001101",
        "110000101101",
        "100000101111",
        "001000101111"
      ],
      "pid": 42
    },
    {
      "owner_names": [
        [
          1103,
          0
        ],
        [
          1103,
          1
        ],
        [
          1103,
          2
        ],
        [
          1103,
          3
        ],
        [
          1103,
          4
        ],
        [
          1103,
          5
        ],
        [
          1103,
          6
        ]
      ],
      "owners": [
        "111100100010",
        "101100100110",
        "101001100110",
        "100011100110",
        "100011010110",
        "000011011110",
        "000011011101"
      ],
      "pid": 101
    },
    {
      "owner_names": [
        [
          1295,
          0
        ],
        [
          1295,
          1
        ],
        [
          1295,
          2
        ],
        [
          1295,
          3
        ],
        [
          1295,
          4
        ],
        [
          1295,
          5
        ],
        [
          1295,
          6
        ]
      ],
      "owners": [
        "111100001010",
        "101100011010",
        "101001011010",
        "100011011010",
        "000011111010",
        "000011110110",
        "000011110101"
      ],
      "pid": 114
    },
    {
      "owner_names": [
        [
          335,
          0
        ],
        [
          335,
          1
        ],
        [
          335,
          2
        ],
        [
          335,
          3
        ],
        [
          335,
          4
        ],
        [
          335,
          5
        ],
        [
          335,
          6
        ]
      ],
      "owners": [
        "111100101000",
        "101100101001",
        "101001101001",
        "100011101001",
        "100011011001",
        "100011010101",
        "000011010111"
      ],
      "pid": 121
    }
  ],
  "affected_old_paths": [
    4,
    16,
    42,
    101,
    114,
    121
  ],
  "common_binary_phase": true,
  "new_path_count": 132,
  "old_path_count": 132,
  "orientation_search": {
    "clock_replay": [
      {
        "birth": 102,
        "h": 2,
        "loss": 5,
        "new": 13723,
        "old": 13626
      },
      {
        "birth": 137,
        "h": 3,
        "loss": 7,
        "new": 21952,
        "old": 21822
      },
      {
        "birth": 172,
        "h": 4,
        "loss": 9,
        "new": 31897,
        "old": 31734
      },
      {
        "birth": 207,
        "h": 5,
        "loss": 11,
        "new": 43558,
        "old": 43362
      },
      {
        "birth": 242,
        "h": 6,
        "loss": 13,
        "new": 56935,
        "old": 56706
      },
      {
        "birth": 277,
        "h": 7,
        "loss": 15,
        "new": 72028,
        "old": 71766
      },
      {
        "birth": 312,
        "h": 8,
        "loss": 17,
        "new": 88837,
        "old": 88542
      }
    ],
    "new_mask": 62,
    "new_physical_masks": [
      62,
      1
    ],
    "old_mask": 21,
    "stratified_birth": 32,
    "stratified_loss": 1,
    "stratified_loss_rows": [
      {
        "new_same_value_alternatives": [],
        "old_owner_interval": [
          "110110001001",
          "110110000101",
          "110010000111",
          "110001000111"
        ],
        "old_witness": [
          16,
          1,
          4
        ],
        "signature": "('long', 3899, 4)",
        "value_word": "110111001111"
      }
    ],
    "two_block_birth": 0,
    "two_block_loss": 0
  },
  "phase_conflict": null,
  "status": "PASS"
}
