{
  "base": {
    "current_profile": {
      "lower_q1": {
        "negative_values": 9,
        "positive_values": 8,
        "support_casualties": 0
      },
      "lower_q2": {
        "negative_values": 0,
        "positive_values": 0,
        "support_casualties": 0
      },
      "owner": {
        "negative_values": 0,
        "positive_values": 0,
        "support_casualties": 0
      },
      "upper_q1": {
        "negative_values": 0,
        "positive_values": 0,
        "support_casualties": 0
      },
      "upper_q2": {
        "negative_values": 6,
        "positive_values": 6,
        "support_casualties": 0
      },
      "upper_q3": {
        "negative_values": 8,
        "positive_values": 12,
        "support_casualties": 0
      }
    },
    "loads": {
      "final_H3": 1,
      "final_W3": 2,
      "frozen_W3": 0,
      "old_W3": 1,
      "relay_H3": 0,
      "relay_W3": 2
    },
    "resources": {
      "colours": 16,
      "incidences": 34,
      "owners": 17
    }
  },
  "phase": {
    "affected_old_roots": [
      "110111010000",
      "110101110000",
      "111100101000",
      "110101101000",
      "110110011000",
      "110101011000",
      "111100100010",
      "111100001010"
    ],
    "closure_cycle_histograms": {
      "new": {
        "13": 124,
        "104": 1
      },
      "old": {
        "13": 132
      }
    },
    "colour_class_sizes": {
      "0": 399,
      "1": 520,
      "2": 5
    },
    "common_directed_unit_Z3_potential": false,
    "minimum_nonunit_Z3_edges": {
      "new_affected_cycle": 1,
      "new_full_closure": 249,
      "old_affected_eight_cycles": 16,
      "old_full_closure": 264
    },
    "triangle": [
      "110100000111",
      "110100001101",
      "110100100101"
    ],
    "voltage_obstruction": "13 mod 3 = 1 already in the old closure; 104 mod 3 = 2 in the new merged closure",
    "z_free_three_colouring_verified": true
  },
  "status": "PASS",
  "widths": [
    {
      "component_formula": 125,
      "current_identity_nonzero_rows": {
        "lower_q1": 17,
        "lower_q2": 0,
        "owner": 0,
        "upper_q1": 0,
        "upper_q2": 12,
        "upper_q3": 20
      },
      "m": 6,
      "packets": 1,
      "projected_components": 125,
      "projected_cycle_histogram": {
        "13": 124,
        "104": 1
      },
      "resources": [
        17,
        16,
        34
      ],
      "singleton_W3_suffixes_checked": 1,
      "support_casualties": {
        "lower_q1": [],
        "lower_q2": [],
        "owner": [],
        "upper_q1": [],
        "upper_q2": [],
        "upper_q3": []
      }
    },
    {
      "component_formula": 422,
      "current_identity_nonzero_rows": {
        "lower_q1": 17,
        "lower_q2": 0,
        "owner": 0,
        "upper_q1": 0,
        "upper_q2": 14,
        "upper_q3": 25
      },
      "m": 7,
      "packets": 1,
      "projected_components": 422,
      "projected_cycle_histogram": {
        "15": 421,
        "120": 1
      },
      "resources": [
        17,
        16,
        34
      ],
      "singleton_W3_suffixes_checked": 1,
      "support_casualties": {
        "lower_q1": [],
        "lower_q2": [],
        "owner": [],
        "upper_q1": [],
        "upper_q2": [],
        "upper_q3": []
      }
    },
    {
      "component_formula": 1416,
      "current_identity_nonzero_rows": {
        "lower_q1": 34,
        "lower_q2": 0,
        "owner": 0,
        "upper_q1": 0,
        "upper_q2": 28,
        "upper_q3": 52
      },
      "m": 8,
      "packets": 2,
      "projected_components": 1416,
      "projected_cycle_histogram": {
        "17": 1414,
        "136": 2
      },
      "resources": [
        34,
        32,
        68
      ],
      "singleton_W3_suffixes_checked": 2,
      "support_casualties": {
        "lower_q1": [],
        "lower_q2": [],
        "owner": [],
        "upper_q1": [],
        "upper_q2": [],
        "upper_q3": []
      }
    },
    {
      "component_formula": 4827,
      "current_identity_nonzero_rows": {
        "lower_q1": 85,
        "lower_q2": 0,
        "owner": 0,
        "upper_q1": 0,
        "upper_q2": 70,
        "upper_q3": 131
      },
      "m": 9,
      "packets": 5,
      "projected_components": 4827,
      "projected_cycle_histogram": {
        "19": 4822,
        "152": 5
      },
      "resources": [
        85,
        80,
        170
      ],
      "singleton_W3_suffixes_checked": 5,
      "support_casualties": {
        "lower_q1": [],
        "lower_q2": [],
        "owner": [],
        "upper_q1": [],
        "upper_q2": [],
        "upper_q3": [
          "100011010111110111"
        ]
      }
    },
    {
      "component_formula": 16698,
      "current_identity_nonzero_rows": {
        "lower_q1": 238,
        "lower_q2": 0,
        "owner": 0,
        "upper_q1": 0,
        "upper_q2": 196,
        "upper_q3": 368
      },
      "m": 10,
      "packets": 14,
      "projected_components": 16698,
      "projected_cycle_histogram": {
        "21": 16684,
        "168": 14
      },
      "resources": [
        238,
        224,
        476
      ],
      "singleton_W3_suffixes_checked": 14,
      "support_casualties": {
        "lower_q1": [],
        "lower_q2": [],
        "owner": [],
        "upper_q1": [],
        "upper_q2": [],
        "upper_q3": [
          "10001101011111011110",
          "10001101011111010111"
        ]
      }
    }
  ]
}
