{
  "best_delta": -2,
  "best_hole_change": -1,
  "best_new_energy": 64,
  "best_outgoing_pair_index": 132008,
  "best_rows": [
    4,
    99,
    117,
    310,
    344,
    352,
    386,
    556,
    599,
    605
  ],
  "incumbent_energy": 66,
  "minimum_reservoir_hole_degree": 128,
  "physical_witnesses_replayed": 6962,
  "reservoir_holes_covered": 33,
  "reservoir_records_replayed": 1962,
  "reservoir_unique_masks": 1962,
  "scope": "full independent replay of every emitted physical witness and all 54 outgoing swaps; global top-K completeness follows from the separately audited bounded-shard theorem",
  "status": "PASS",
  "target_row": 605,
  "top_records_replayed": 5000,
  "top_reservoir_overlap": 1798,
  "top_unique_masks": 5000
}
