{
  "first_matching_polarities": null,
  "scope": "occurrence-level pure lower/upper lifts and projected q1/q2 ledgers; not a connected two-sided factor",
  "source_sha256": "cae68fd6542d1925c3663c901f981fee596dfa10560fc01b278d367960c7573d",
  "state_reports": [
    {
      "banks": {
        "lower_q1": {
          "collision_resources": 6,
          "collisions": [
            {
              "providers": [
                [
                  "pX1",
                  6
                ],
                [
                  "pX2",
                  1
                ]
              ],
              "resource": "00000111100001111"
            },
            {
              "providers": [
                [
                  "p10c4_1",
                  5
                ],
                [
                  "p10c4_2",
                  5
                ]
              ],
              "resource": "01001000110001111"
            },
            {
              "providers": [
                [
                  "p11c1",
                  8
                ],
                [
                  "pX2",
                  5
                ]
              ],
              "resource": "01010000110001111"
            },
            {
              "providers": [
                [
                  "p10c4_2",
                  8
                ],
                [
                  "p11c0",
                  8
                ]
              ],
              "resource": "10101000000011111"
            },
            {
              "providers": [
                [
                  "Delta-",
                  9
                ],
                [
                  "p11c0",
                  7
                ]
              ],
              "resource": "10111000000001111"
            },
            {
              "providers": [
                [
                  "Phi1^3-",
                  2
                ],
                [
                  "Phi1^4-",
                  1
                ]
              ],
              "resource": "10111110000101000"
            }
          ],
          "distinct": 140,
          "excess_occurrences": 6,
          "maximum_multiplicity": 2,
          "occurrences": 146
        },
        "lower_q2": {
          "collision_resources": 14,
          "collisions": [
            {
              "providers": [
                [
                  "pX1",
                  8
                ],
                [
                  "pX2",
                  8
                ]
              ],
              "resource": "00000000101101111"
            },
            {
              "providers": [
                [
                  "pX1",
                  6
                ],
                [
                  "pX2",
                  1
                ]
              ],
              "resource": "00000011100001111"
            },
            {
              "providers": [
                [
                  "pX1",
                  5
                ],
                [
                  "pX2",
                  0
                ]
              ],
              "resource": "00000110100001111"
            },
            {
              "providers": [
                [
                  "p10c4_1",
                  4
                ],
                [
                  "pX1",
                  1
                ]
              ],
              "resource": "00001000110001111"
            },
            {
              "providers": [
                [
                  "p11c2",
                  0
                ],
                [
                  "pX1",
                  2
                ]
              ],
              "resource": "00100000110001111"
            },
            {
              "providers": [
                [
                  "pX1",
                  3
                ],
                [
                  "pX2",
                  3
                ]
              ],
              "resource": "00110000100001111"
            },
            {
              "providers": [
                [
                  "Phi1^2-",
                  1
                ],
                [
                  "Phi1^4-",
                  7
                ]
              ],
              "resource": "00111110000000101"
            },
            {
              "providers": [
                [
                  "Phi1^2-",
                  0
                ],
                [
                  "Phi1^3-",
                  3
                ]
              ],
              "resource": "00111110000001100"
            },
            {
              "providers": [
                [
                  "Phi1^3-",
                  2
                ],
                [
                  "Phi1^4-",
                  0
                ]
              ],
              "resource": "00111110000101000"
            },
            {
              "providers": [
                [
                  "Phi1^3-",
                  5
                ],
                [
                  "Phi1^4-",
                  3
                ]
              ],
              "resource": "00111110001000010"
            },
            {
              "providers": [
                [
                  "p11c1",
                  8
                ],
                [
                  "pX2",
                  5
                ]
              ],
              "resource": "01000000110001111"
            },
            {
              "providers": [
                [
                  "p10c4_1",
                  5
                ],
                [
                  "p10c4_2",
                  5
                ]
              ],
              "resource": "01001000010001111"
            },
            {
              "providers": [
                [
                  "Delta-",
                  9
                ],
                [
                  "p10c4_1",
                  1
                ],
                [
                  "p11c0",
                  6
                ]
              ],
              "resource": "10011000000001111"
            },
            {
              "providers": [
                [
                  "p10c4_2",
                  7
                ],
                [
                  "p11c0",
                  7
                ]
              ],
              "resource": "10101000000001111"
            }
          ],
          "distinct": 131,
          "excess_occurrences": 15,
          "maximum_multiplicity": 3,
          "occurrences": 146
        },
        "upper_q1": {
          "collision_resources": 5,
          "collisions": [
            {
              "providers": [
                [
                  "pX1",
                  7
                ],
                [
                  "pX2",
                  0
                ]
              ],
              "resource": "00000111101101111"
            },
            {
              "providers": [
                [
                  "pX1",
                  5
                ],
                [
                  "pX2",
                  2
                ]
              ],
              "resource": "00110111100001111"
            },
            {
              "providers": [
                [
                  "p11c2",
                  2
                ],
                [
                  "pX2",
                  5
                ]
              ],
              "resource": "01110000110011111"
            },
            {
              "providers": [
                [
                  "p10c4_1",
                  3
                ],
                [
                  "p11c0",
                  5
                ]
              ],
              "resource": "10011100110001111"
            },
            {
              "providers": [
                [
                  "p11c0",
                  6
                ],
                [
                  "pX1",
                  2
                ]
              ],
              "resource": "10111000110001111"
            }
          ],
          "distinct": 141,
          "excess_occurrences": 5,
          "maximum_multiplicity": 2,
          "occurrences": 146
        },
        "upper_q2": {
          "collision_resources": 5,
          "collisions": [
            {
              "providers": [
                [
                  "p11c2",
                  2
                ],
                [
                  "pX2",
                  4
                ]
              ],
              "resource": "01110001110011111"
            },
            {
              "providers": [
                [
                  "Delta-",
                  7
                ],
                [
                  "p11c0",
                  7
                ]
              ],
              "resource": "10111000010111111"
            },
            {
              "providers": [
                [
                  "p11c0",
                  5
                ],
                [
                  "pX1",
                  2
                ]
              ],
              "resource": "10111100110001111"
            },
            {
              "providers": [
                [
                  "p10c4_1",
                  3
                ],
                [
                  "p11c1",
                  7
                ]
              ],
              "resource": "11011100110001111"
            },
            {
              "providers": [
                [
                  "p11c0",
                  10
                ],
                [
                  "p11c1",
                  2
                ]
              ],
              "resource": "11100010001111111"
            }
          ],
          "distinct": 141,
          "excess_occurrences": 5,
          "maximum_multiplicity": 2,
          "occurrences": 146
        }
      },
      "degree_if_both_shadows_selected": 4,
      "first_simple_polarity": null,
      "physical_lift_rule": "one whole rail is lower or upper; lower alternates O_i with O_i intersect O_(i+1), upper alternates O_i with O_i union O_(i+1)",
      "polarity_rejection_histogram": {
        "lower_q1,lower_q2": 3936,
        "lower_q1,lower_q2,upper_q2": 2144,
        "lower_q1,upper_q1,lower_q2": 912,
        "lower_q1,upper_q1,lower_q2,upper_q2": 5552,
        "lower_q2": 288,
        "lower_q2,upper_q2": 224,
        "upper_q1": 32,
        "upper_q1,lower_q2": 208,
        "upper_q1,lower_q2,upper_q2": 1648,
        "upper_q1,upper_q2": 1376,
        "upper_q2": 64
      },
      "rail_residence": {
        "Delta-": {
          "owner_positive_run": 4,
          "owner_zero_run": 6,
          "three_support_histogram": {
            "6": 10
          },
          "three_support_minimum": 6,
          "upper_positive_run": 5,
          "upper_zero_run": 5
        },
        "Phi1^2-": {
          "owner_positive_run": 4,
          "owner_zero_run": 6,
          "three_support_histogram": {
            "6": 10
          },
          "three_support_minimum": 6,
          "upper_positive_run": 5,
          "upper_zero_run": 5
        },
        "Phi1^3-": {
          "owner_positive_run": 4,
          "owner_zero_run": 6,
          "three_support_histogram": {
            "6": 10
          },
          "three_support_minimum": 6,
          "upper_positive_run": 5,
          "upper_zero_run": 5
        },
        "Phi1^4-": {
          "owner_positive_run": 4,
          "owner_zero_run": 6,
          "three_support_histogram": {
            "6": 10
          },
          "three_support_minimum": 6,
          "upper_positive_run": 5,
          "upper_zero_run": 5
        },
        "Phi2+": {
          "owner_positive_run": 4,
          "owner_zero_run": 7,
          "three_support_histogram": {
            "6": 11
          },
          "three_support_minimum": 6,
          "upper_positive_run": 5,
          "upper_zero_run": 6
        },
        "Phi3+": {
          "owner_positive_run": 4,
          "owner_zero_run": 7,
          "three_support_histogram": {
            "6": 11
          },
          "three_support_minimum": 6,
          "upper_positive_run": 5,
          "upper_zero_run": 6
        },
        "Phi4+": {
          "owner_positive_run": 4,
          "owner_zero_run": 7,
          "three_support_histogram": {
            "6": 11
          },
          "three_support_minimum": 6,
          "upper_positive_run": 5,
          "upper_zero_run": 6
        },
        "p10c4_1": {
          "owner_positive_run": 4,
          "owner_zero_run": 6,
          "three_support_histogram": {
            "6": 10
          },
          "three_support_minimum": 6,
          "upper_positive_run": 5,
          "upper_zero_run": 5
        },
        "p10c4_2": {
          "owner_positive_run": 4,
          "owner_zero_run": 6,
          "three_support_histogram": {
            "6": 10
          },
          "three_support_minimum": 6,
          "upper_positive_run": 5,
          "upper_zero_run": 5
        },
        "p11c0": {
          "owner_positive_run": 4,
          "owner_zero_run": 7,
          "three_support_histogram": {
            "6": 11
          },
          "three_support_minimum": 6,
          "upper_positive_run": 5,
          "upper_zero_run": 6
        },
        "p11c1": {
          "owner_positive_run": 4,
          "owner_zero_run": 7,
          "three_support_histogram": {
            "6": 11
          },
          "three_support_minimum": 6,
          "upper_positive_run": 5,
          "upper_zero_run": 6
        },
        "p11c2": {
          "owner_positive_run": 4,
          "owner_zero_run": 7,
          "three_support_histogram": {
            "6": 11
          },
          "three_support_minimum": 6,
          "upper_positive_run": 5,
          "upper_zero_run": 6
        },
        "pX1": {
          "owner_positive_run": 4,
          "owner_zero_run": 6,
          "three_support_histogram": {
            "6": 10
          },
          "three_support_minimum": 6,
          "upper_positive_run": 5,
          "upper_zero_run": 5
        },
        "pX2": {
          "owner_positive_run": 4,
          "owner_zero_run": 6,
          "three_support_histogram": {
            "6": 10
          },
          "three_support_minimum": 6,
          "upper_positive_run": 5,
          "upper_zero_run": 5
        }
      },
      "rails": [
        [
          "Delta-",
          10
        ],
        [
          "Phi1^2-",
          10
        ],
        [
          "Phi1^3-",
          10
        ],
        [
          "Phi1^4-",
          10
        ],
        [
          "Phi2+",
          11
        ],
        [
          "Phi3+",
          11
        ],
        [
          "Phi4+",
          11
        ],
        [
          "p10c4_1",
          10
        ],
        [
          "p10c4_2",
          10
        ],
        [
          "p11c0",
          11
        ],
        [
          "p11c1",
          11
        ],
        [
          "p11c2",
          11
        ],
        [
          "pX1",
          10
        ],
        [
          "pX2",
          10
        ]
      ],
      "simple_whole_rail_polarity_assignments": 0,
      "state": "state_one"
    },
    {
      "banks": {
        "lower_q1": {
          "collision_resources": 6,
          "collisions": [
            {
              "providers": [
                [
                  "nX1",
                  6
                ],
                [
                  "nX2",
                  1
                ]
              ],
              "resource": "00000111100001111"
            },
            {
              "providers": [
                [
                  "n10c1",
                  4
                ],
                [
                  "n11c4",
                  2
                ]
              ],
              "resource": "01001000110001111"
            },
            {
              "providers": [
                [
                  "n10c2",
                  0
                ],
                [
                  "nX2",
                  5
                ]
              ],
              "resource": "01100000110001111"
            },
            {
              "providers": [
                [
                  "n10c0",
                  0
                ],
                [
                  "nX1",
                  1
                ]
              ],
              "resource": "10001000110001111"
            },
            {
              "providers": [
                [
                  "n10c0",
                  2
                ],
                [
                  "n11c4",
                  9
                ]
              ],
              "resource": "10101000000011111"
            },
            {
              "providers": [
                [
                  "Delta+",
                  0
                ],
                [
                  "n11c4",
                  10
                ]
              ],
              "resource": "10111000000001111"
            }
          ],
          "distinct": 140,
          "excess_occurrences": 6,
          "maximum_multiplicity": 2,
          "occurrences": 146
        },
        "lower_q2": {
          "collision_resources": 16,
          "collisions": [
            {
              "providers": [
                [
                  "nX1",
                  8
                ],
                [
                  "nX2",
                  8
                ]
              ],
              "resource": "00000000101101111"
            },
            {
              "providers": [
                [
                  "nX1",
                  6
                ],
                [
                  "nX2",
                  1
                ]
              ],
              "resource": "00000011100001111"
            },
            {
              "providers": [
                [
                  "nX1",
                  5
                ],
                [
                  "nX2",
                  0
                ]
              ],
              "resource": "00000110100001111"
            },
            {
              "providers": [
                [
                  "n11c3",
                  10
                ],
                [
                  "nX1",
                  2
                ]
              ],
              "resource": "00010000110001111"
            },
            {
              "providers": [
                [
                  "nX1",
                  3
                ],
                [
                  "nX2",
                  3
                ]
              ],
              "resource": "00110000100001111"
            },
            {
              "providers": [
                [
                  "Phi1^2+",
                  1
                ],
                [
                  "Phi1^4+",
                  8
                ]
              ],
              "resource": "00111110000000101"
            },
            {
              "providers": [
                [
                  "Phi1^2+",
                  0
                ],
                [
                  "Phi1^3+",
                  4
                ]
              ],
              "resource": "00111110000001100"
            },
            {
              "providers": [
                [
                  "Phi1^3+",
                  3
                ],
                [
                  "Phi1^4+",
                  1
                ]
              ],
              "resource": "00111110000101000"
            },
            {
              "providers": [
                [
                  "Phi1^3+",
                  6
                ],
                [
                  "Phi1^4+",
                  4
                ]
              ],
              "resource": "00111110001000010"
            },
            {
              "providers": [
                [
                  "n10c1",
                  4
                ],
                [
                  "nX2",
                  5
                ]
              ],
              "resource": "01000000110001111"
            },
            {
              "providers": [
                [
                  "n10c1",
                  3
                ],
                [
                  "n11c4",
                  1
                ]
              ],
              "resource": "01001000010001111"
            },
            {
              "providers": [
                [
                  "Delta+",
                  0
                ],
                [
                  "n11c3",
                  2
                ],
                [
                  "n11c4",
                  10
                ]
              ],
              "resource": "10011000000001111"
            },
            {
              "providers": [
                [
                  "n10c0",
                  1
                ],
                [
                  "n11c4",
                  9
                ]
              ],
              "resource": "10101000000001111"
            },
            {
              "providers": [
                [
                  "Phi1^2+",
                  5
                ],
                [
                  "Phi1^3+",
                  1
                ]
              ],
              "resource": "10111111000000000"
            },
            {
              "providers": [
                [
                  "Delta+",
                  8
                ],
                [
                  "n10c0",
                  4
                ]
              ],
              "resource": "11000000000101111"
            },
            {
              "providers": [
                [
                  "Delta+",
                  9
                ],
                [
                  "n10c1",
                  1
                ]
              ],
              "resource": "11100000000001111"
            }
          ],
          "distinct": 129,
          "excess_occurrences": 17,
          "maximum_multiplicity": 3,
          "occurrences": 146
        },
        "upper_q1": {
          "collision_resources": 4,
          "collisions": [
            {
              "providers": [
                [
                  "nX1",
                  7
                ],
                [
                  "nX2",
                  0
                ]
              ],
              "resource": "00000111101101111"
            },
            {
              "providers": [
                [
                  "nX1",
                  5
                ],
                [
                  "nX2",
                  2
                ]
              ],
              "resource": "00110111100001111"
            },
            {
              "providers": [
                [
                  "n11c3",
                  9
                ],
                [
                  "nX2",
                  5
                ]
              ],
              "resource": "01110000110011111"
            },
            {
              "providers": [
                [
                  "n10c1",
                  3
                ],
                [
                  "n10c2",
                  0
                ]
              ],
              "resource": "11101000110001111"
            }
          ],
          "distinct": 142,
          "excess_occurrences": 4,
          "maximum_multiplicity": 2,
          "occurrences": 146
        },
        "upper_q2": {
          "collision_resources": 2,
          "collisions": [
            {
              "providers": [
                [
                  "n11c3",
                  8
                ],
                [
                  "nX2",
                  4
                ]
              ],
              "resource": "01110001110011111"
            },
            {
              "providers": [
                [
                  "n10c0",
                  4
                ],
                [
                  "n10c1",
                  9
                ]
              ],
              "resource": "11100010001111111"
            }
          ],
          "distinct": 144,
          "excess_occurrences": 2,
          "maximum_multiplicity": 2,
          "occurrences": 146
        }
      },
      "degree_if_both_shadows_selected": 4,
      "first_simple_polarity": null,
      "physical_lift_rule": "one whole rail is lower or upper; lower alternates O_i with O_i intersect O_(i+1), upper alternates O_i with O_i union O_(i+1)",
      "polarity_rejection_histogram": {
        "lower_q1": 64,
        "lower_q1,lower_q2": 5568,
        "lower_q1,lower_q2,upper_q2": 960,
        "lower_q1,upper_q1,lower_q2": 1792,
        "lower_q1,upper_q1,lower_q2,upper_q2": 3008,
        "lower_q1,upper_q1,upper_q2": 128,
        "lower_q1,upper_q2": 128,
        "lower_q2": 768,
        "lower_q2,upper_q2": 192,
        "upper_q1": 256,
        "upper_q1,lower_q2": 768,
        "upper_q1,lower_q2,upper_q2": 1920,
        "upper_q1,upper_q2": 832
      },
      "rail_residence": {
        "Delta+": {
          "owner_positive_run": 4,
          "owner_zero_run": 7,
          "three_support_histogram": {
            "6": 11
          },
          "three_support_minimum": 6,
          "upper_positive_run": 5,
          "upper_zero_run": 6
        },
        "Phi1^2+": {
          "owner_positive_run": 4,
          "owner_zero_run": 7,
          "three_support_histogram": {
            "6": 11
          },
          "three_support_minimum": 6,
          "upper_positive_run": 5,
          "upper_zero_run": 6
        },
        "Phi1^3+": {
          "owner_positive_run": 4,
          "owner_zero_run": 7,
          "three_support_histogram": {
            "6": 11
          },
          "three_support_minimum": 6,
          "upper_positive_run": 5,
          "upper_zero_run": 6
        },
        "Phi1^4+": {
          "owner_positive_run": 4,
          "owner_zero_run": 7,
          "three_support_histogram": {
            "6": 11
          },
          "three_support_minimum": 6,
          "upper_positive_run": 5,
          "upper_zero_run": 6
        },
        "Phi2-": {
          "owner_positive_run": 4,
          "owner_zero_run": 6,
          "three_support_histogram": {
            "6": 10
          },
          "three_support_minimum": 6,
          "upper_positive_run": 5,
          "upper_zero_run": 5
        },
        "Phi3-": {
          "owner_positive_run": 4,
          "owner_zero_run": 6,
          "three_support_histogram": {
            "6": 10
          },
          "three_support_minimum": 6,
          "upper_positive_run": 5,
          "upper_zero_run": 5
        },
        "Phi4-": {
          "owner_positive_run": 4,
          "owner_zero_run": 6,
          "three_support_histogram": {
            "6": 10
          },
          "three_support_minimum": 6,
          "upper_positive_run": 5,
          "upper_zero_run": 5
        },
        "n10c0": {
          "owner_positive_run": 4,
          "owner_zero_run": 6,
          "three_support_histogram": {
            "6": 10
          },
          "three_support_minimum": 6,
          "upper_positive_run": 5,
          "upper_zero_run": 5
        },
        "n10c1": {
          "owner_positive_run": 4,
          "owner_zero_run": 6,
          "three_support_histogram": {
            "6": 10
          },
          "three_support_minimum": 6,
          "upper_positive_run": 5,
          "upper_zero_run": 5
        },
        "n10c2": {
          "owner_positive_run": 4,
          "owner_zero_run": 6,
          "three_support_histogram": {
            "6": 10
          },
          "three_support_minimum": 6,
          "upper_positive_run": 5,
          "upper_zero_run": 5
        },
        "n11c3": {
          "owner_positive_run": 4,
          "owner_zero_run": 7,
          "three_support_histogram": {
            "6": 11
          },
          "three_support_minimum": 6,
          "upper_positive_run": 5,
          "upper_zero_run": 6
        },
        "n11c4": {
          "owner_positive_run": 4,
          "owner_zero_run": 7,
          "three_support_histogram": {
            "6": 11
          },
          "three_support_minimum": 6,
          "upper_positive_run": 5,
          "upper_zero_run": 6
        },
        "nX1": {
          "owner_positive_run": 4,
          "owner_zero_run": 6,
          "three_support_histogram": {
            "6": 10
          },
          "three_support_minimum": 6,
          "upper_positive_run": 5,
          "upper_zero_run": 5
        },
        "nX2": {
          "owner_positive_run": 4,
          "owner_zero_run": 6,
          "three_support_histogram": {
            "6": 10
          },
          "three_support_minimum": 6,
          "upper_positive_run": 5,
          "upper_zero_run": 5
        }
      },
      "rails": [
        [
          "Delta+",
          11
        ],
        [
          "Phi1^2+",
          11
        ],
        [
          "Phi1^3+",
          11
        ],
        [
          "Phi1^4+",
          11
        ],
        [
          "Phi2-",
          10
        ],
        [
          "Phi3-",
          10
        ],
        [
          "Phi4-",
          10
        ],
        [
          "n10c0",
          10
        ],
        [
          "n10c1",
          10
        ],
        [
          "n10c2",
          10
        ],
        [
          "n11c3",
          11
        ],
        [
          "n11c4",
          11
        ],
        [
          "nX1",
          10
        ],
        [
          "nX2",
          10
        ]
      ],
      "simple_whole_rail_polarity_assignments": 0,
      "state": "state_two"
    }
  ],
  "state_two_minus_state_one_currents": {
    "lower_q1": {
      "maximum_absolute_coefficient": 1,
      "negative": [
        [
          "00001001001101111",
          1
        ],
        [
          "00001100110001111",
          1
        ],
        [
          "00010110100001111",
          1
        ],
        [
          "00100011100001111",
          1
        ],
        [
          "00101000110001111",
          1
        ],
        [
          "00111110000010101",
          1
        ],
        [
          "00111110000110100",
          1
        ],
        [
          "01010000110001111",
          1
        ],
        [
          "01011111000011000",
          1
        ],
        [
          "01011111001000100",
          1
        ],
        [
          "01011111001010000",
          1
        ],
        [
          "01100000010011111",
          1
        ],
        [
          "01101111010001000",
          1
        ],
        [
          "01101111100010000",
          1
        ],
        [
          "01101111110000000",
          1
        ],
        [
          "01110111000000011",
          1
        ],
        [
          "01110111000010010",
          1
        ],
        [
          "01110111010000001",
          1
        ],
        [
          "10001100100001111",
          1
        ],
        [
          "10010000110001111",
          1
        ],
        [
          "10100000010101111",
          1
        ],
        [
          "10110000000101111",
          1
        ],
        [
          "10111110000010010",
          1
        ],
        [
          "10111110000100001",
          1
        ],
        [
          "10111110000101000",
          1
        ],
        [
          "10111110010000010",
          1
        ],
        [
          "11011000000001111",
          1
        ]
      ],
      "negative_total": 27,
      "positive": [
        [
          "00010001001101111",
          1
        ],
        [
          "00010011100001111",
          1
        ],
        [
          "00010100110001111",
          1
        ],
        [
          "00011000110001111",
          1
        ],
        [
          "00100110100001111",
          1
        ],
        [
          "00111111000000101",
          1
        ],
        [
          "00111111000010010",
          1
        ],
        [
          "00111111000010100",
          1
        ],
        [
          "00111111000101000",
          1
        ],
        [
          "00111111000110000",
          1
        ],
        [
          "01010000010011111",
          1
        ],
        [
          "01011110001010100",
          1
        ],
        [
          "01011110001011000",
          1
        ],
        [
          "01100000110001111",
          1
        ],
        [
          "01101110110001000",
          1
        ],
        [
          "01101110110010000",
          1
        ],
        [
          "01110110000010011",
          1
        ],
        [
          "01110110010000011",
          1
        ],
        [
          "10001000110001111",
          1
        ],
        [
          "10010100100001111",
          1
        ],
        [
          "10111111000000001",
          1
        ],
        [
          "10111111000000010",
          1
        ],
        [
          "10111111000100000",
          1
        ],
        [
          "10111111010000000",
          1
        ],
        [
          "11000000010101111",
          1
        ],
        [
          "11100000000101111",
          1
        ],
        [
          "11110000000001111",
          1
        ]
      ],
      "positive_total": 27,
      "support": 54
    },
    "lower_q2": {
      "maximum_absolute_coefficient": 2,
      "negative": [
        [
          "00001000001101111",
          1
        ],
        [
          "00001000110001111",
          1
        ],
        [
          "00001001001001111",
          1
        ],
        [
          "00001100100001111",
          1
        ],
        [
          "00100000110001111",
          1
        ],
        [
          "00100001100001111",
          1
        ],
        [
          "00111110000010100",
          1
        ],
        [
          "01010000100001111",
          1
        ],
        [
          "01011000000001111",
          1
        ],
        [
          "01011111000010000",
          1
        ],
        [
          "01011111001000000",
          1
        ],
        [
          "01100000000011111",
          1
        ],
        [
          "01101111010000000",
          1
        ],
        [
          "01101111100000000",
          1
        ],
        [
          "01110111000000001",
          1
        ],
        [
          "01110111000000010",
          1
        ],
        [
          "10001100000001111",
          1
        ],
        [
          "10010000010001111",
          1
        ],
        [
          "10100000000101111",
          1
        ],
        [
          "10111110000000010",
          1
        ],
        [
          "10111110000100000",
          1
        ]
      ],
      "negative_total": 21,
      "positive": [
        [
          "00010000001101111",
          1
        ],
        [
          "00010000110001111",
          2
        ],
        [
          "00010001001001111",
          1
        ],
        [
          "00010001100001111",
          1
        ],
        [
          "00011000010001111",
          1
        ],
        [
          "00100100100001111",
          1
        ],
        [
          "00111111000000010",
          1
        ],
        [
          "00111111000000100",
          1
        ],
        [
          "00111111000010000",
          1
        ],
        [
          "00111111000100000",
          1
        ],
        [
          "01010000000011111",
          1
        ],
        [
          "01011110001010000",
          1
        ],
        [
          "01100000100001111",
          1
        ],
        [
          "01101110110000000",
          1
        ],
        [
          "01110110000000011",
          1
        ],
        [
          "10010100000001111",
          1
        ],
        [
          "10111111000000000",
          2
        ],
        [
          "11000000000101111",
          1
        ],
        [
          "11100000000001111",
          1
        ]
      ],
      "positive_total": 21,
      "support": 40
    },
    "upper_q1": {
      "maximum_absolute_coefficient": 1,
      "negative": [
        [
          "00010111101001111",
          1
        ],
        [
          "00100111100101111",
          1
        ],
        [
          "00110101001101111",
          1
        ],
        [
          "00111110000111101",
          1
        ],
        [
          "00111110010110101",
          1
        ],
        [
          "00111110110010101",
          1
        ],
        [
          "01010000111011111",
          1
        ],
        [
          "01010100110101111",
          1
        ],
        [
          "01011100110001111",
          1
        ],
        [
          "01011111001011100",
          1
        ],
        [
          "01011111011010100",
          1
        ],
        [
          "01011111011100100",
          1
        ],
        [
          "01101100110001111",
          1
        ],
        [
          "01101111011001001",
          1
        ],
        [
          "01101111110011000",
          1
        ],
        [
          "01101111110110000",
          1
        ],
        [
          "01101111111001000",
          1
        ],
        [
          "01110111000110011",
          1
        ],
        [
          "01110111000110110",
          1
        ],
        [
          "01110111010010011",
          1
        ],
        [
          "01110111110000011",
          1
        ],
        [
          "10010110110001111",
          1
        ],
        [
          "10011100110001111",
          1
        ],
        [
          "10100000011111111",
          1
        ],
        [
          "10101000110101111",
          1
        ],
        [
          "10101100010011111",
          1
        ],
        [
          "10110000010111111",
          1
        ],
        [
          "10111000000111111",
          1
        ],
        [
          "10111000010101111",
          1
        ],
        [
          "10111000110001111",
          1
        ],
        [
          "10111010000101111",
          1
        ],
        [
          "10111110000101101",
          1
        ],
        [
          "10111110000111100",
          1
        ],
        [
          "10111110001101100",
          1
        ],
        [
          "10111110010100011",
          1
        ],
        [
          "10111110010110010",
          1
        ],
        [
          "10111110011010010",
          1
        ],
        [
          "10111110100101001",
          1
        ],
        [
          "10111110100110001",
          1
        ],
        [
          "10111110101010010",
          1
        ],
        [
          "11001000111001111",
          1
        ],
        [
          "11011111000011001",
          1
        ],
        [
          "11011111001011000",
          1
        ],
        [
          "11100000110011111",
          1
        ],
        [
          "11101000010011111",
          1
        ],
        [
          "11101111100110000",
          1
        ],
        [
          "11110111110000001",
          1
        ],
        [
          "11111000001001111",
          1
        ]
      ],
      "negative_total": 48,
      "positive": [
        [
          "00010111100101111",
          1
        ],
        [
          "00100111101001111",
          1
        ],
        [
          "00101101001101111",
          1
        ],
        [
          "00111111000110101",
          1
        ],
        [
          "00111111000111100",
          1
        ],
        [
          "00111111001101100",
          1
        ],
        [
          "00111111010010101",
          1
        ],
        [
          "00111111101010010",
          1
        ],
        [
          "00111111110000101",
          1
        ],
        [
          "01001100110101111",
          1
        ],
        [
          "01010100110011111",
          1
        ],
        [
          "01011000111001111",
          1
        ],
        [
          "01011110011011100",
          1
        ],
        [
          "01011110011110100",
          1
        ],
        [
          "01100000111011111",
          1
        ],
        [
          "01101110110111000",
          1
        ],
        [
          "01101110111001001",
          1
        ],
        [
          "01101110111011000",
          1
        ],
        [
          "01110110000110111",
          1
        ],
        [
          "01110110010110011",
          1
        ],
        [
          "01110110110010011",
          1
        ],
        [
          "10001110110001111",
          1
        ],
        [
          "10011000110101111",
          1
        ],
        [
          "10101000010111111",
          1
        ],
        [
          "10101000110011111",
          1
        ],
        [
          "10101100110001111",
          1
        ],
        [
          "10111100000011111",
          1
        ],
        [
          "10111111000101001",
          1
        ],
        [
          "10111111000101100",
          1
        ],
        [
          "10111111000111000",
          1
        ],
        [
          "10111111001010010",
          1
        ],
        [
          "10111111010010010",
          1
        ],
        [
          "10111111010100001",
          1
        ],
        [
          "10111111010100010",
          1
        ],
        [
          "10111111100010001",
          1
        ],
        [
          "10111111100100001",
          1
        ],
        [
          "11000000011111111",
          1
        ],
        [
          "11010100110001111",
          1
        ],
        [
          "11011110001011001",
          1
        ],
        [
          "11011110001011100",
          1
        ],
        [
          "11100000010111111",
          1
        ],
        [
          "11101000011001111",
          1
        ],
        [
          "11101000110001111",
          1
        ],
        [
          "11101110110110000",
          1
        ],
        [
          "11110000010101111",
          1
        ],
        [
          "11110110110000011",
          1
        ],
        [
          "11111000000101111",
          1
        ],
        [
          "11111010000001111",
          1
        ]
      ],
      "positive_total": 48,
      "support": 96
    },
    "upper_q2": {
      "maximum_absolute_coefficient": 2,
      "negative": [
        [
          "00110101001111111",
          1
        ],
        [
          "00110111001101111",
          1
        ],
        [
          "00111110010111101",
          1
        ],
        [
          "00111110110010111",
          1
        ],
        [
          "00111110110110101",
          1
        ],
        [
          "01010000111111111",
          1
        ],
        [
          "01010100110111111",
          1
        ],
        [
          "01011100110101111",
          1
        ],
        [
          "01011111011011100",
          1
        ],
        [
          "01011111011110100",
          1
        ],
        [
          "01011111111100100",
          1
        ],
        [
          "01101101110001111",
          1
        ],
        [
          "01101111011001011",
          1
        ],
        [
          "01101111110111000",
          1
        ],
        [
          "01101111111001001",
          1
        ],
        [
          "01101111111011000",
          1
        ],
        [
          "01110111000110111",
          1
        ],
        [
          "01110111001110110",
          1
        ],
        [
          "01110111010110011",
          1
        ],
        [
          "01110111110010011",
          1
        ],
        [
          "01111001001101111",
          1
        ],
        [
          "10010110111001111",
          1
        ],
        [
          "10011110110001111",
          1
        ],
        [
          "10100000111111111",
          1
        ],
        [
          "10101000111101111",
          1
        ],
        [
          "10101100010111111",
          1
        ],
        [
          "10110000011111111",
          1
        ],
        [
          "10111000010111111",
          2
        ],
        [
          "10111000110011111",
          1
        ],
        [
          "10111010010101111",
          1
        ],
        [
          "10111011000101111",
          1
        ],
        [
          "10111100110001111",
          1
        ],
        [
          "10111110000111101",
          1
        ],
        [
          "10111110001101101",
          1
        ],
        [
          "10111110001101110",
          1
        ],
        [
          "10111110001111100",
          1
        ],
        [
          "10111110010100111",
          1
        ],
        [
          "10111110010110011",
          1
        ],
        [
          "10111110011110010",
          1
        ],
        [
          "10111110100101101",
          1
        ],
        [
          "10111110100111001",
          1
        ],
        [
          "10111110101011010",
          1
        ],
        [
          "10111110110110001",
          1
        ],
        [
          "10111110111010010",
          1
        ],
        [
          "11001010111001111",
          1
        ],
        [
          "11011100110001111",
          1
        ],
        [
          "11011111000011011",
          1
        ],
        [
          "11011111001011001",
          1
        ],
        [
          "11011111001011100",
          1
        ],
        [
          "11100010110011111",
          1
        ],
        [
          "11101000110011111",
          1
        ],
        [
          "11101100010011111",
          1
        ],
        [
          "11101111100110100",
          1
        ],
        [
          "11101111110110000",
          1
        ],
        [
          "11110000110011111",
          1
        ],
        [
          "11110111110000011",
          1
        ],
        [
          "11110111110001001",
          1
        ],
        [
          "11111000000111111",
          1
        ],
        [
          "11111000011001111",
          1
        ],
        [
          "11111010001001111",
          1
        ]
      ],
      "negative_total": 61,
      "positive": [
        [
          "00101111001101111",
          1
        ],
        [
          "00111001001111111",
          1
        ],
        [
          "00111111000111101",
          1
        ],
        [
          "00111111001101110",
          1
        ],
        [
          "00111111010110101",
          1
        ],
        [
          "00111111101011010",
          1
        ],
        [
          "00111111110000111",
          1
        ],
        [
          "00111111110010101",
          1
        ],
        [
          "01001100110111111",
          1
        ],
        [
          "01011010111001111",
          1
        ],
        [
          "01011110011111100",
          1
        ],
        [
          "01011110111110100",
          1
        ],
        [
          "01100000111111111",
          1
        ],
        [
          "01101101001101111",
          1
        ],
        [
          "01101110111001011",
          1
        ],
        [
          "01101110111011001",
          1
        ],
        [
          "01101110111111000",
          1
        ],
        [
          "01110100110011111",
          1
        ],
        [
          "01110110001110111",
          1
        ],
        [
          "01110110010110111",
          1
        ],
        [
          "01110110110110011",
          1
        ],
        [
          "10001110111001111",
          1
        ],
        [
          "10011000111101111",
          1
        ],
        [
          "10101000110111111",
          1
        ],
        [
          "10101100110011111",
          1
        ],
        [
          "10101110110001111",
          1
        ],
        [
          "10111100000111111",
          1
        ],
        [
          "10111100010011111",
          1
        ],
        [
          "10111111000101101",
          1
        ],
        [
          "10111111000111100",
          1
        ],
        [
          "10111111001101100",
          1
        ],
        [
          "10111111001111000",
          1
        ],
        [
          "10111111010100011",
          1
        ],
        [
          "10111111010100101",
          1
        ],
        [
          "10111111010110010",
          1
        ],
        [
          "10111111011010010",
          1
        ],
        [
          "10111111100101001",
          1
        ],
        [
          "10111111100110001",
          1
        ],
        [
          "10111111101010010",
          1
        ],
        [
          "10111111110010001",
          1
        ],
        [
          "11000000111111111",
          1
        ],
        [
          "11001100110101111",
          1
        ],
        [
          "11010100110011111",
          1
        ],
        [
          "11011000111001111",
          1
        ],
        [
          "11011110001011011",
          1
        ],
        [
          "11011110001011101",
          1
        ],
        [
          "11011110011011100",
          1
        ],
        [
          "11100000011111111",
          1
        ],
        [
          "11101000010111111",
          1
        ],
        [
          "11101001110001111",
          1
        ],
        [
          "11101010011001111",
          1
        ],
        [
          "11101010110001111",
          1
        ],
        [
          "11101110110110100",
          1
        ],
        [
          "11101110110111000",
          1
        ],
        [
          "11110000010111111",
          1
        ],
        [
          "11110110110001011",
          1
        ],
        [
          "11110110110010011",
          1
        ],
        [
          "11111000010011111",
          1
        ],
        [
          "11111000010101111",
          1
        ],
        [
          "11111010000101111",
          1
        ],
        [
          "11111011000001111",
          1
        ]
      ],
      "positive_total": 61,
      "support": 121
    }
  },
  "status": "PASS",
  "typed_simple_polarity_signature_matches": 0
}
