{
  "best_exchange": {
    "add": [
      189699,
      198396,
      199861,
      200077
    ],
    "delta": 8,
    "remove": [
      21378,
      189651,
      194629,
      199463
    ]
  },
  "exact_quadruple_tests": 15,
  "method": "independent replay of all 316251 face cuts, exact distinct exclusions, retained prefixes, and literal quadruples",
  "outgoing_faces": 316251,
  "pair_options": 204462,
  "retained_candidate_sum": 34451,
  "retained_pair_tests": 10877124,
  "retained_triple_tests": 14193069,
  "scope": "finite reflected-pair pool only; self lifts fixed",
  "source_energy": 46,
  "status": "PASS",
  "surviving_faces": 975
}
