{
  "atlas_counts": {
    "all_q3_support_safe": 15,
    "distinct_cycles": 5192016,
    "nonpath_factors": 12675,
    "owner_disjoint_cycles": 4581993,
    "raw_creates_q3_target": 673253,
    "target_relevant_start_arcs": 360,
    "typed_q2_safe": 25
  },
  "candidates": [
    {
      "base_histogram": {
        "13": 117,
        "78": 1,
        "117": 1
      },
      "binary": true,
      "colours": [
        "110001001111",
        "100101001111",
        "010101001111",
        "011101001110",
        "011100001111",
        "011000101111",
        "010100101111",
        "110100101110",
        "110001101110"
      ],
      "index": 0,
      "m8_casualties": [],
      "m8_two_suffix_boundary": [
        {
          "delta": -2,
          "new": 3,
          "old": 5,
          "prefix": "100011010111",
          "suffix": "1111"
        },
        {
          "delta": 2,
          "new": 7,
          "old": 5,
          "prefix": "000011110111",
          "suffix": "1111"
        },
        {
          "delta": -2,
          "new": 3,
          "old": 5,
          "prefix": "100101001111",
          "suffix": "1111"
        },
        {
          "delta": 2,
          "new": 7,
          "old": 5,
          "prefix": "010101001111",
          "suffix": "1111"
        },
        {
          "delta": -2,
          "new": 3,
          "old": 5,
          "prefix": "011000101111",
          "suffix": "1111"
        },
        {
          "delta": 2,
          "new": 7,
          "old": 5,
          "prefix": "010100101111",
          "suffix": "1111"
        }
      ],
      "m9_casualties": [
        {
          "delta": -1,
          "new": 0,
          "old": 1,
          "value": "100011010111110111"
        },
        {
          "delta": -1,
          "new": 0,
          "old": 1,
          "value": "100101001111110111"
        },
        {
          "delta": -1,
          "new": 0,
          "old": 1,
          "value": "011000101111110111"
        }
      ],
      "owners": [
        "110001001110",
        "100001001111",
        "000101001111",
        "010101001110",
        "011100001110",
        "011000001111",
        "010000101111",
        "010100101110",
        "110000101110"
      ]
    },
    {
      "base_histogram": {
        "13": 117,
        "78": 1,
        "117": 1
      },
      "binary": true,
      "colours": [
        "110001001111",
        "100101001111",
        "001101001111",
        "011101001110",
        "011100001111",
        "011000101111",
        "010100101111",
        "110100101110",
        "110001101110"
      ],
      "index": 1,
      "m8_casualties": [],
      "m8_two_suffix_boundary": [
        {
          "delta": -2,
          "new": 3,
          "old": 5,
          "prefix": "100011010111",
          "suffix": "1111"
        },
        {
          "delta": 2,
          "new": 7,
          "old": 5,
          "prefix": "000011110111",
          "suffix": "1111"
        },
        {
          "delta": -2,
          "new": 3,
          "old": 5,
          "prefix": "100101001111",
          "suffix": "1111"
        },
        {
          "delta": 2,
          "new": 7,
          "old": 5,
          "prefix": "001101001111",
          "suffix": "1111"
        },
        {
          "delta": -2,
          "new": 3,
          "old": 5,
          "prefix": "011000101111",
          "suffix": "1111"
        },
        {
          "delta": 2,
          "new": 7,
          "old": 5,
          "prefix": "010100101111",
          "suffix": "1111"
        }
      ],
      "m9_casualties": [
        {
          "delta": -1,
          "new": 0,
          "old": 1,
          "value": "100011010111110111"
        },
        {
          "delta": -1,
          "new": 0,
          "old": 1,
          "value": "100101001111110111"
        },
        {
          "delta": -1,
          "new": 0,
          "old": 1,
          "value": "011000101111110111"
        }
      ],
      "owners": [
        "110001001110",
        "100001001111",
        "000101001111",
        "001101001110",
        "011100001110",
        "011000001111",
        "010000101111",
        "010100101110",
        "110000101110"
      ]
    },
    {
      "base_histogram": {
        "13": 118,
        "78": 1,
        "104": 1
      },
      "binary": false,
      "colours": [
        "110001001111",
        "100101001111",
        "001101001111",
        "001111001110",
        "001110001111",
        "001100101111",
        "101100101110",
        "110100101110",
        "110001101110"
      ],
      "index": 2,
      "m8_casualties": [],
      "m8_two_suffix_boundary": [
        {
          "delta": -2,
          "new": 3,
          "old": 5,
          "prefix": "100011010111",
          "suffix": "1111"
        },
        {
          "delta": 2,
          "new": 7,
          "old": 5,
          "prefix": "000011110111",
          "suffix": "1111"
        },
        {
          "delta": -2,
          "new": 3,
          "old": 5,
          "prefix": "001110001111",
          "suffix": "1111"
        },
        {
          "delta": -2,
          "new": 3,
          "old": 5,
          "prefix": "100101001111",
          "suffix": "1111"
        },
        {
          "delta": 2,
          "new": 7,
          "old": 5,
          "prefix": "001101001111",
          "suffix": "1111"
        },
        {
          "delta": 2,
          "new": 7,
          "old": 5,
          "prefix": "001100101111",
          "suffix": "1111"
        }
      ],
      "m9_casualties": [
        {
          "delta": -1,
          "new": 0,
          "old": 1,
          "value": "100011010111110111"
        },
        {
          "delta": -1,
          "new": 0,
          "old": 1,
          "value": "001110001111110111"
        },
        {
          "delta": -1,
          "new": 0,
          "old": 1,
          "value": "100101001111110111"
        }
      ],
      "owners": [
        "110001001110",
        "100001001111",
        "000101001111",
        "001101001110",
        "001110001110",
        "001100001111",
        "001100101110",
        "100100101110",
        "110000101110"
      ]
    },
    {
      "base_histogram": {
        "13": 118,
        "78": 1,
        "104": 1
      },
      "binary": false,
      "colours": [
        "110001001111",
        "100101001111",
        "000111001111",
        "001111001110",
        "001110001111",
        "001100101111",
        "101100101110",
        "110100101110",
        "110001101110"
      ],
      "index": 3,
      "m8_casualties": [],
      "m8_two_suffix_boundary": [
        {
          "delta": -2,
          "new": 3,
          "old": 5,
          "prefix": "100011010111",
          "suffix": "1111"
        },
        {
          "delta": 2,
          "new": 7,
          "old": 5,
          "prefix": "000011110111",
          "suffix": "1111"
        },
        {
          "delta": -2,
          "new": 3,
          "old": 5,
          "prefix": "001110001111",
          "suffix": "1111"
        },
        {
          "delta": -2,
          "new": 3,
          "old": 5,
          "prefix": "100101001111",
          "suffix": "1111"
        },
        {
          "delta": 2,
          "new": 7,
          "old": 5,
          "prefix": "000111001111",
          "suffix": "1111"
        },
        {
          "delta": 2,
          "new": 7,
          "old": 5,
          "prefix": "001100101111",
          "suffix": "1111"
        }
      ],
      "m9_casualties": [
        {
          "delta": -1,
          "new": 0,
          "old": 1,
          "value": "100011010111110111"
        },
        {
          "delta": -1,
          "new": 0,
          "old": 1,
          "value": "001110001111110111"
        },
        {
          "delta": -1,
          "new": 0,
          "old": 1,
          "value": "100101001111110111"
        }
      ],
      "owners": [
        "110001001110",
        "100001001111",
        "000101001111",
        "000111001110",
        "001110001110",
        "001100001111",
        "001100101110",
        "100100101110",
        "110000101110"
      ]
    },
    {
      "base_histogram": {
        "13": 118,
        "78": 1,
        "104": 1
      },
      "binary": false,
      "colours": [
        "110001001111",
        "100011001111",
        "001011001111",
        "001111001110",
        "001110001111",
        "001100101111",
        "101100101110",
        "110100101110",
        "110001101110"
      ],
      "index": 4,
      "m8_casualties": [],
      "m8_two_suffix_boundary": [
        {
          "delta": -2,
          "new": 3,
          "old": 5,
          "prefix": "100011010111",
          "suffix": "1111"
        },
        {
          "delta": 2,
          "new": 7,
          "old": 5,
          "prefix": "000011110111",
          "suffix": "1111"
        },
        {
          "delta": -2,
          "new": 3,
          "old": 5,
          "prefix": "001110001111",
          "suffix": "1111"
        },
        {
          "delta": -2,
          "new": 3,
          "old": 5,
          "prefix": "100011001111",
          "suffix": "1111"
        },
        {
          "delta": 2,
          "new": 7,
          "old": 5,
          "prefix": "001011001111",
          "suffix": "1111"
        },
        {
          "delta": 2,
          "new": 7,
          "old": 5,
          "prefix": "001100101111",
          "suffix": "1111"
        }
      ],
      "m9_casualties": [
        {
          "delta": -1,
          "new": 0,
          "old": 1,
          "value": "100011010111110111"
        },
        {
          "delta": -1,
          "new": 0,
          "old": 1,
          "value": "001110001111110111"
        },
        {
          "delta": -1,
          "new": 0,
          "old": 1,
          "value": "100011001111110111"
        }
      ],
      "owners": [
        "110001001110",
        "100001001111",
        "000011001111",
        "001011001110",
        "001110001110",
        "001100001111",
        "001100101110",
        "100100101110",
        "110000101110"
      ]
    },
    {
      "base_histogram": {
        "13": 118,
        "78": 1,
        "104": 1
      },
      "binary": false,
      "colours": [
        "110001001111",
        "100011001111",
        "000111001111",
        "001111001110",
        "001110001111",
        "001100101111",
        "101100101110",
        "110100101110",
        "110001101110"
      ],
      "index": 5,
      "m8_casualties": [],
      "m8_two_suffix_boundary": [
        {
          "delta": -2,
          "new": 3,
          "old": 5,
          "prefix": "100011010111",
          "suffix": "1111"
        },
        {
          "delta": 2,
          "new": 7,
          "old": 5,
          "prefix": "000011110111",
          "suffix": "1111"
        },
        {
          "delta": -2,
          "new": 3,
          "old": 5,
          "prefix": "001110001111",
          "suffix": "1111"
        },
        {
          "delta": -2,
          "new": 3,
          "old": 5,
          "prefix": "100011001111",
          "suffix": "1111"
        },
        {
          "delta": 2,
          "new": 7,
          "old": 5,
          "prefix": "000111001111",
          "suffix": "1111"
        },
        {
          "delta": 2,
          "new": 7,
          "old": 5,
          "prefix": "001100101111",
          "suffix": "1111"
        }
      ],
      "m9_casualties": [
        {
          "delta": -1,
          "new": 0,
          "old": 1,
          "value": "100011010111110111"
        },
        {
          "delta": -1,
          "new": 0,
          "old": 1,
          "value": "001110001111110111"
        },
        {
          "delta": -1,
          "new": 0,
          "old": 1,
          "value": "100011001111110111"
        }
      ],
      "owners": [
        "110001001110",
        "100001001111",
        "000011001111",
        "000111001110",
        "001110001110",
        "001100001111",
        "001100101110",
        "100100101110",
        "110000101110"
      ]
    },
    {
      "base_histogram": {
        "13": 118,
        "182": 1
      },
      "binary": true,
      "colours": [
        "110010001111",
        "100010101111",
        "001010101111",
        "001010111110",
        "101010110110",
        "110010110110",
        "110000110111",
        "110010110101",
        "110010101101"
      ],
      "index": 6,
      "m8_casualties": [],
      "m8_two_suffix_boundary": [
        {
          "delta": -2,
          "new": 3,
          "old": 5,
          "prefix": "100011010111",
          "suffix": "1111"
        },
        {
          "delta": 2,
          "new": 7,
          "old": 5,
          "prefix": "000011110111",
          "suffix": "1111"
        },
        {
          "delta": -2,
          "new": 3,
          "old": 5,
          "prefix": "100010101111",
          "suffix": "1111"
        },
        {
          "delta": 2,
          "new": 7,
          "old": 5,
          "prefix": "001010101111",
          "suffix": "1111"
        }
      ],
      "m9_casualties": [
        {
          "delta": -1,
          "new": 0,
          "old": 1,
          "value": "100011010111110111"
        },
        {
          "delta": -1,
          "new": 0,
          "old": 1,
          "value": "100010101111110111"
        }
      ],
      "owners": [
        "110010001101",
        "100010001111",
        "000010101111",
        "001010101110",
        "001010110110",
        "100010110110",
        "110000110110",
        "110000110101",
        "110010100101"
      ]
    },
    {
      "base_histogram": {
        "13": 119,
        "27": 1,
        "142": 1
      },
      "binary": false,
      "colours": [
        "110010001111",
        "100010101111",
        "000110101111",
        "010110101110",
        "110100101110",
        "110000101111",
        "110001101101",
        "110011100101",
        "110010101101"
      ],
      "index": 7,
      "m8_casualties": [],
      "m8_two_suffix_boundary": [
        {
          "delta": -2,
          "new": 3,
          "old": 5,
          "prefix": "100011010111",
          "suffix": "1111"
        },
        {
          "delta": 2,
          "new": 7,
          "old": 5,
          "prefix": "000011110111",
          "suffix": "1111"
        },
        {
          "delta": -2,
          "new": 3,
          "old": 5,
          "prefix": "100010101111",
          "suffix": "1111"
        },
        {
          "delta": 2,
          "new": 7,
          "old": 5,
          "prefix": "000110101111",
          "suffix": "1111"
        }
      ],
      "m9_casualties": [
        {
          "delta": -1,
          "new": 0,
          "old": 1,
          "value": "100011010111110111"
        },
        {
          "delta": -1,
          "new": 0,
          "old": 1,
          "value": "100010101111110111"
        }
      ],
      "owners": [
        "110010001101",
        "100010001111",
        "000010101111",
        "000110101110",
        "010100101110",
        "110000101110",
        "110000101101",
        "110001100101",
        "110010100101"
      ]
    },
    {
      "base_histogram": {
        "13": 118,
        "182": 1
      },
      "binary": true,
      "colours": [
        "110010001111",
        "100010101111",
        "000010111111",
        "010010111110",
        "110010110110",
        "110000110111",
        "110001110101",
        "110011100101",
        "110010101101"
      ],
      "index": 8,
      "m8_casualties": [],
      "m8_two_suffix_boundary": [
        {
          "delta": -2,
          "new": 3,
          "old": 5,
          "prefix": "100011010111",
          "suffix": "1111"
        },
        {
          "delta": 2,
          "new": 7,
          "old": 5,
          "prefix": "000011110111",
          "suffix": "1111"
        },
        {
          "delta": -2,
          "new": 3,
          "old": 5,
          "prefix": "100010101111",
          "suffix": "1111"
        },
        {
          "delta": 2,
          "new": 7,
          "old": 5,
          "prefix": "000010111111",
          "suffix": "1111"
        }
      ],
      "m9_casualties": [
        {
          "delta": -1,
          "new": 0,
          "old": 1,
          "value": "100011010111110111"
        },
        {
          "delta": -1,
          "new": 0,
          "old": 1,
          "value": "100010101111110111"
        }
      ],
      "owners": [
        "110010001101",
        "100010001111",
        "000010101111",
        "000010111110",
        "010010110110",
        "110000110110",
        "110000110101",
        "110001100101",
        "110010100101"
      ]
    },
    {
      "base_histogram": {
        "13": 119,
        "169": 1
      },
      "binary": false,
      "colours": [
        "110010001111",
        "100010101111",
        "000010111111",
        "001010111110",
        "101010110110",
        "110010110110",
        "110000110111",
        "110010110101",
        "110010101101"
      ],
      "index": 9,
      "m8_casualties": [],
      "m8_two_suffix_boundary": [
        {
          "delta": -2,
          "new": 3,
          "old": 5,
          "prefix": "100011010111",
          "suffix": "1111"
        },
        {
          "delta": 2,
          "new": 7,
          "old": 5,
          "prefix": "000011110111",
          "suffix": "1111"
        },
        {
          "delta": -2,
          "new": 3,
          "old": 5,
          "prefix": "100010101111",
          "suffix": "1111"
        },
        {
          "delta": 2,
          "new": 7,
          "old": 5,
          "prefix": "000010111111",
          "suffix": "1111"
        }
      ],
      "m9_casualties": [
        {
          "delta": -1,
          "new": 0,
          "old": 1,
          "value": "100011010111110111"
        },
        {
          "delta": -1,
          "new": 0,
          "old": 1,
          "value": "100010101111110111"
        }
      ],
      "owners": [
        "110010001101",
        "100010001111",
        "000010101111",
        "000010111110",
        "001010110110",
        "100010110110",
        "110000110110",
        "110000110101",
        "110010100101"
      ]
    },
    {
      "base_histogram": {
        "13": 118,
        "182": 1
      },
      "binary": true,
      "colours": [
        "110010001111",
        "100010011111",
        "000010111111",
        "010010111110",
        "110010110110",
        "110000110111",
        "110001110101",
        "110011100101",
        "110010101101"
      ],
      "index": 10,
      "m8_casualties": [],
      "m8_two_suffix_boundary": [
        {
          "delta": -2,
          "new": 3,
          "old": 5,
          "prefix": "100011010111",
          "suffix": "1111"
        },
        {
          "delta": 2,
          "new": 7,
          "old": 5,
          "prefix": "000011110111",
          "suffix": "1111"
        },
        {
          "delta": -2,
          "new": 3,
          "old": 5,
          "prefix": "100010011111",
          "suffix": "1111"
        },
        {
          "delta": 2,
          "new": 7,
          "old": 5,
          "prefix": "000010111111",
          "suffix": "1111"
        }
      ],
      "m9_casualties": [
        {
          "delta": -1,
          "new": 0,
          "old": 1,
          "value": "100011010111110111"
        },
        {
          "delta": -1,
          "new": 0,
          "old": 1,
          "value": "100010011111110111"
        }
      ],
      "owners": [
        "110010001101",
        "100010001111",
        "000010011111",
        "000010111110",
        "010010110110",
        "110000110110",
        "110000110101",
        "110001100101",
        "110010100101"
      ]
    },
    {
      "base_histogram": {
        "13": 119,
        "169": 1
      },
      "binary": false,
      "colours": [
        "110010001111",
        "100010011111",
        "000010111111",
        "001010111110",
        "101010110110",
        "110010110110",
        "110000110111",
        "110010110101",
        "110010101101"
      ],
      "index": 11,
      "m8_casualties": [],
      "m8_two_suffix_boundary": [
        {
          "delta": -2,
          "new": 3,
          "old": 5,
          "prefix": "100011010111",
          "suffix": "1111"
        },
        {
          "delta": 2,
          "new": 7,
          "old": 5,
          "prefix": "000011110111",
          "suffix": "1111"
        },
        {
          "delta": -2,
          "new": 3,
          "old": 5,
          "prefix": "100010011111",
          "suffix": "1111"
        },
        {
          "delta": 2,
          "new": 7,
          "old": 5,
          "prefix": "000010111111",
          "suffix": "1111"
        }
      ],
      "m9_casualties": [
        {
          "delta": -1,
          "new": 0,
          "old": 1,
          "value": "100011010111110111"
        },
        {
          "delta": -1,
          "new": 0,
          "old": 1,
          "value": "100010011111110111"
        }
      ],
      "owners": [
        "110010001101",
        "100010001111",
        "000010011111",
        "000010111110",
        "001010110110",
        "100010110110",
        "110000110110",
        "110000110101",
        "110010100101"
      ]
    },
    {
      "base_histogram": {
        "13": 117,
        "78": 1,
        "117": 1
      },
      "binary": true,
      "colours": [
        "110101001110",
        "110100011110",
        "110000011111",
        "110000111101",
        "110001111001",
        "110001101011",
        "110001001111",
        "100101001111",
        "010101001111"
      ],
      "index": 12,
      "m8_casualties": [],
      "m8_two_suffix_boundary": [
        {
          "delta": -2,
          "new": 3,
          "old": 5,
          "prefix": "100011010111",
          "suffix": "1111"
        },
        {
          "delta": 2,
          "new": 7,
          "old": 5,
          "prefix": "000011110111",
          "suffix": "1111"
        },
        {
          "delta": -2,
          "new": 3,
          "old": 5,
          "prefix": "100101001111",
          "suffix": "1111"
        },
        {
          "delta": 2,
          "new": 7,
          "old": 5,
          "prefix": "010101001111",
          "suffix": "1111"
        }
      ],
      "m9_casualties": [
        {
          "delta": -1,
          "new": 0,
          "old": 1,
          "value": "100011010111110111"
        },
        {
          "delta": -1,
          "new": 0,
          "old": 1,
          "value": "100101001111110111"
        }
      ],
      "owners": [
        "010101001110",
        "110100001110",
        "110000011110",
        "110000011101",
        "110000111001",
        "110001101001",
        "110001001011",
        "100001001111",
        "000101001111"
      ]
    },
    {
      "base_histogram": {
        "13": 118,
        "182": 1
      },
      "binary": true,
      "colours": [
        "110100001111",
        "110000101111",
        "110000111101",
        "110001111001",
        "110001101011",
        "110001001111",
        "100101001111",
        "010101001111",
        "110101001110"
      ],
      "index": 13,
      "m8_casualties": [],
      "m8_two_suffix_boundary": [
        {
          "delta": -2,
          "new": 3,
          "old": 5,
          "prefix": "100011010111",
          "suffix": "1111"
        },
        {
          "delta": 2,
          "new": 7,
          "old": 5,
          "prefix": "000011110111",
          "suffix": "1111"
        },
        {
          "delta": -2,
          "new": 3,
          "old": 5,
          "prefix": "100101001111",
          "suffix": "1111"
        },
        {
          "delta": 2,
          "new": 7,
          "old": 5,
          "prefix": "010101001111",
          "suffix": "1111"
        }
      ],
      "m9_casualties": [
        {
          "delta": -1,
          "new": 0,
          "old": 1,
          "value": "100011010111110111"
        },
        {
          "delta": -1,
          "new": 0,
          "old": 1,
          "value": "100101001111110111"
        }
      ],
      "owners": [
        "110100001110",
        "110000001111",
        "110000101101",
        "110000111001",
        "110001101001",
        "110001001011",
        "100001001111",
        "000101001111",
        "010101001110"
      ]
    },
    {
      "base_histogram": {
        "13": 117,
        "78": 1,
        "117": 1
      },
      "binary": true,
      "colours": [
        "110100001111",
        "110000011111",
        "110000111101",
        "110001111001",
        "110001101011",
        "110001001111",
        "100101001111",
        "010101001111",
        "110101001110"
      ],
      "index": 14,
      "m8_casualties": [],
      "m8_two_suffix_boundary": [
        {
          "delta": -2,
          "new": 3,
          "old": 5,
          "prefix": "100011010111",
          "suffix": "1111"
        },
        {
          "delta": 2,
          "new": 7,
          "old": 5,
          "prefix": "000011110111",
          "suffix": "1111"
        },
        {
          "delta": -2,
          "new": 3,
          "old": 5,
          "prefix": "100101001111",
          "suffix": "1111"
        },
        {
          "delta": 2,
          "new": 7,
          "old": 5,
          "prefix": "010101001111",
          "suffix": "1111"
        }
      ],
      "m9_casualties": [
        {
          "delta": -1,
          "new": 0,
          "old": 1,
          "value": "100011010111110111"
        },
        {
          "delta": -1,
          "new": 0,
          "old": 1,
          "value": "100101001111110111"
        }
      ],
      "owners": [
        "110100001110",
        "110000001111",
        "110000011101",
        "110000111001",
        "110001101001",
        "110001001011",
        "100001001111",
        "000101001111",
        "010101001110"
      ]
    }
  ],
  "status": "PASS"
}
