{
  "degree_histogram": {
    "1": 7,
    "2": 30,
    "3": 5
  },
  "role_histogram": {
    "child_D2": 3,
    "child_D3": 8,
    "child_D4": 26,
    "split_bridge": 4
  },
  "split_sizes": {
    "(0, 4)": 14,
    "(1, 3)": 5,
    "(2, 2)": 4,
    "(3, 1)": 5,
    "(4, 0)": 14
  },
  "status": "PASS",
  "suffix_semilength": 5,
  "tree_edges": [
    {
      "child": "10",
      "role": "child_D4",
      "split_pair": [
        [
          0,
          4
        ],
        [
          0,
          4
        ]
      ],
      "suffix_edge": [
        "1011110000",
        "1010111000"
      ]
    },
    {
      "child": "wrap",
      "role": "child_D4",
      "split_pair": [
        [
          4,
          0
        ],
        [
          4,
          0
        ]
      ],
      "suffix_edge": [
        "1111100000",
        "1101110000"
      ]
    },
    {
      "child": "10",
      "role": "child_D4",
      "split_pair": [
        [
          0,
          4
        ],
        [
          0,
          4
        ]
      ],
      "suffix_edge": [
        "1011110000",
        "1010110010"
      ]
    },
    {
      "child": "wrap",
      "role": "child_D4",
      "split_pair": [
        [
          4,
          0
        ],
        [
          4,
          0
        ]
      ],
      "suffix_edge": [
        "1111100000",
        "1101100100"
      ]
    },
    {
      "child": "10",
      "role": "child_D4",
      "split_pair": [
        [
          0,
          4
        ],
        [
          0,
          4
        ]
      ],
      "suffix_edge": [
        "1011101000",
        "1010101100"
      ]
    },
    {
      "child": "wrap",
      "role": "child_D4",
      "split_pair": [
        [
          4,
          0
        ],
        [
          4,
          0
        ]
      ],
      "suffix_edge": [
        "1111010000",
        "1101011000"
      ]
    },
    {
      "child": "10",
      "role": "child_D4",
      "split_pair": [
        [
          0,
          4
        ],
        [
          0,
          4
        ]
      ],
      "suffix_edge": [
        "1011101000",
        "1010101010"
      ]
    },
    {
      "child": "wrap",
      "role": "child_D4",
      "split_pair": [
        [
          4,
          0
        ],
        [
          4,
          0
        ]
      ],
      "suffix_edge": [
        "1111010000",
        "1101010100"
      ]
    },
    {
      "child": "10",
      "role": "child_D4",
      "split_pair": [
        [
          0,
          4
        ],
        [
          0,
          4
        ]
      ],
      "suffix_edge": [
        "1011100100",
        "1011100010"
      ]
    },
    {
      "child": "wrap",
      "role": "child_D4",
      "split_pair": [
        [
          4,
          0
        ],
        [
          4,
          0
        ]
      ],
      "suffix_edge": [
        "1111001000",
        "1111000100"
      ]
    },
    {
      "child": "10",
      "role": "child_D4",
      "split_pair": [
        [
          0,
          4
        ],
        [
          0,
          4
        ]
      ],
      "suffix_edge": [
        "1011100100",
        "1010101100"
      ]
    },
    {
      "child": "wrap",
      "role": "child_D4",
      "split_pair": [
        [
          4,
          0
        ],
        [
          4,
          0
        ]
      ],
      "suffix_edge": [
        "1111001000",
        "1101011000"
      ]
    },
    {
      "child": "10",
      "role": "child_D4",
      "split_pair": [
        [
          0,
          4
        ],
        [
          0,
          4
        ]
      ],
      "suffix_edge": [
        "1011011000",
        "1011001100"
      ]
    },
    {
      "child": "wrap",
      "role": "child_D4",
      "split_pair": [
        [
          4,
          0
        ],
        [
          4,
          0
        ]
      ],
      "suffix_edge": [
        "1110110000",
        "1110011000"
      ]
    },
    {
      "child": "10",
      "role": "child_D4",
      "split_pair": [
        [
          0,
          4
        ],
        [
          0,
          4
        ]
      ],
      "suffix_edge": [
        "1011011000",
        "1010111000"
      ]
    },
    {
      "child": "wrap",
      "role": "child_D4",
      "split_pair": [
        [
          4,
          0
        ],
        [
          4,
          0
        ]
      ],
      "suffix_edge": [
        "1110110000",
        "1101110000"
      ]
    },
    {
      "child": "10",
      "role": "child_D4",
      "split_pair": [
        [
          0,
          4
        ],
        [
          0,
          4
        ]
      ],
      "suffix_edge": [
        "1011010100",
        "1011010010"
      ]
    },
    {
      "child": "wrap",
      "role": "child_D4",
      "split_pair": [
        [
          4,
          0
        ],
        [
          4,
          0
        ]
      ],
      "suffix_edge": [
        "1110101000",
        "1110100100"
      ]
    },
    {
      "child": "10",
      "role": "child_D4",
      "split_pair": [
        [
          0,
          4
        ],
        [
          0,
          4
        ]
      ],
      "suffix_edge": [
        "1011010100",
        "1010110100"
      ]
    },
    {
      "child": "wrap",
      "role": "child_D4",
      "split_pair": [
        [
          4,
          0
        ],
        [
          4,
          0
        ]
      ],
      "suffix_edge": [
        "1110101000",
        "1101101000"
      ]
    },
    {
      "child": "10",
      "role": "child_D4",
      "split_pair": [
        [
          0,
          4
        ],
        [
          0,
          4
        ]
      ],
      "suffix_edge": [
        "1011010010",
        "1011001010"
      ]
    },
    {
      "child": "wrap",
      "role": "child_D4",
      "split_pair": [
        [
          4,
          0
        ],
        [
          4,
          0
        ]
      ],
      "suffix_edge": [
        "1110100100",
        "1110010100"
      ]
    },
    {
      "child": "10",
      "role": "child_D4",
      "split_pair": [
        [
          0,
          4
        ],
        [
          0,
          4
        ]
      ],
      "suffix_edge": [
        "1011001010",
        "1010101010"
      ]
    },
    {
      "child": "wrap",
      "role": "child_D4",
      "split_pair": [
        [
          4,
          0
        ],
        [
          4,
          0
        ]
      ],
      "suffix_edge": [
        "1110010100",
        "1101010100"
      ]
    },
    {
      "child": "10",
      "role": "child_D4",
      "split_pair": [
        [
          0,
          4
        ],
        [
          0,
          4
        ]
      ],
      "suffix_edge": [
        "1010110100",
        "1010110010"
      ]
    },
    {
      "child": "wrap",
      "role": "child_D4",
      "split_pair": [
        [
          4,
          0
        ],
        [
          4,
          0
        ]
      ],
      "suffix_edge": [
        "1101101000",
        "1101100100"
      ]
    },
    {
      "child": "right",
      "role": "child_D3",
      "split_pair": [
        [
          1,
          3
        ],
        [
          1,
          3
        ]
      ],
      "suffix_edge": [
        "1100111000",
        "1100101100"
      ]
    },
    {
      "child": "wrap_tail",
      "role": "child_D3",
      "split_pair": [
        [
          3,
          1
        ],
        [
          3,
          1
        ]
      ],
      "suffix_edge": [
        "1111000010",
        "1101100010"
      ]
    },
    {
      "child": "right",
      "role": "child_D3",
      "split_pair": [
        [
          1,
          3
        ],
        [
          1,
          3
        ]
      ],
      "suffix_edge": [
        "1100111000",
        "1100101010"
      ]
    },
    {
      "child": "wrap_tail",
      "role": "child_D3",
      "split_pair": [
        [
          3,
          1
        ],
        [
          3,
          1
        ]
      ],
      "suffix_edge": [
        "1111000010",
        "1101010010"
      ]
    },
    {
      "child": "right",
      "role": "child_D3",
      "split_pair": [
        [
          1,
          3
        ],
        [
          1,
          3
        ]
      ],
      "suffix_edge": [
        "1100110100",
        "1100110010"
      ]
    },
    {
      "child": "wrap_tail",
      "role": "child_D3",
      "split_pair": [
        [
          3,
          1
        ],
        [
          3,
          1
        ]
      ],
      "suffix_edge": [
        "1110100010",
        "1110010010"
      ]
    },
    {
      "child": "right",
      "role": "child_D3",
      "split_pair": [
        [
          1,
          3
        ],
        [
          1,
          3
        ]
      ],
      "suffix_edge": [
        "1100110100",
        "1100101100"
      ]
    },
    {
      "child": "wrap_tail",
      "role": "child_D3",
      "split_pair": [
        [
          3,
          1
        ],
        [
          3,
          1
        ]
      ],
      "suffix_edge": [
        "1110100010",
        "1101100010"
      ]
    },
    {
      "child": "left",
      "role": "child_D2",
      "split_pair": [
        [
          2,
          2
        ],
        [
          2,
          2
        ]
      ],
      "suffix_edge": [
        "1110001100",
        "1101001100"
      ]
    },
    {
      "child": "left",
      "role": "child_D2",
      "split_pair": [
        [
          2,
          2
        ],
        [
          2,
          2
        ]
      ],
      "suffix_edge": [
        "1110001010",
        "1101001010"
      ]
    },
    {
      "child": "right",
      "role": "child_D2",
      "split_pair": [
        [
          2,
          2
        ],
        [
          2,
          2
        ]
      ],
      "suffix_edge": [
        "1110001100",
        "1110001010"
      ]
    },
    {
      "child": "(0, 4)->(1, 3)",
      "role": "split_bridge",
      "split_pair": [
        [
          0,
          4
        ],
        [
          1,
          3
        ]
      ],
      "suffix_edge": [
        "1010101010",
        "1100101010"
      ]
    },
    {
      "child": "(1, 3)->(2, 2)",
      "role": "split_bridge",
      "split_pair": [
        [
          1,
          3
        ],
        [
          2,
          2
        ]
      ],
      "suffix_edge": [
        "1100101010",
        "1101001010"
      ]
    },
    {
      "child": "(2, 2)->(3, 1)",
      "role": "split_bridge",
      "split_pair": [
        [
          2,
          2
        ],
        [
          3,
          1
        ]
      ],
      "suffix_edge": [
        "1101001010",
        "1101010010"
      ]
    },
    {
      "child": "(3, 1)->(4, 0)",
      "role": "split_bridge",
      "split_pair": [
        [
          3,
          1
        ],
        [
          4,
          0
        ]
      ],
      "suffix_edge": [
        "1101010010",
        "1101010100"
      ]
    }
  ],
  "vertices": [
    "1111100000",
    "1111010000",
    "1111001000",
    "1111000100",
    "1111000010",
    "1110110000",
    "1110101000",
    "1110100100",
    "1110100010",
    "1110011000",
    "1110010100",
    "1110010010",
    "1110001100",
    "1110001010",
    "1101110000",
    "1101101000",
    "1101100100",
    "1101100010",
    "1101011000",
    "1101010100",
    "1101010010",
    "1101001100",
    "1101001010",
    "1100111000",
    "1100110100",
    "1100110010",
    "1100101100",
    "1100101010",
    "1011110000",
    "1011101000",
    "1011100100",
    "1011100010",
    "1011011000",
    "1011010100",
    "1011010010",
    "1011001100",
    "1011001010",
    "1010111000",
    "1010110100",
    "1010110010",
    "1010101100",
    "1010101010"
  ]
}
