{
  "changed_head_tokens": 477,
  "even_cycle_pairs": 8,
  "even_length_target_cycles": 16,
  "factor_convention": "listed product; rightmost factor acts first",
  "factors": [
    [
      "1010010011011011111000",
      "0010010111111011110000",
      "1010010111011011110000"
    ],
    [
      "1010010011011011111000",
      "0010010011111001110101",
      "0010010111111001110001"
    ],
    [
      "1010010011011011111000",
      "0010010011111010111100",
      "0010010011111000111101"
    ],
    [
      "1010010011011011111000",
      "1010011011011010111000",
      "1010010011111010111000"
    ],
    [
      "1010010011011011111000",
      "0010010011011111111000",
      "0010011011011110111000"
    ],
    [
      "1010100011011111100010",
      "0011101011011111100000",
      "1011100011011111100000"
    ],
    [
      "1010100011011111100010",
      "0010101011011110100101",
      "0010101011011111100001"
    ],
    [
      "1010100011011111100010",
      "0010100011011111110100",
      "0010100011011110110101"
    ],
    [
      "1010100011011111100010",
      "1011100011011101110000",
      "1010100011011111110000"
    ],
    [
      "1010100011011111100010",
      "0010101011011101110001",
      "0011101011011101110000"
    ],
    [
      "1010100011011111100010",
      "0010100011011111110010",
      "0010100011011101110011"
    ],
    [
      "1010010101011111011000",
      "0010011101011111010001",
      "1010011101011111010000"
    ],
    [
      "1010010101011111011000",
      "0010010101011111010110",
      "0010010101011111010011"
    ],
    [
      "1010010101011111011000",
      "1010011101011101010100",
      "1010010101011111010100"
    ],
    [
      "1010010101011111011000",
      "0010011101011001011101",
      "0010011101011101010101"
    ],
    [
      "1010010101011111011000",
      "0010011101011111011000",
      "0010011101011011011100"
    ],
    [
      "1000110011011111001100",
      "1000111110011111001000",
      "1000111011011111001000"
    ],
    [
      "1000110011011111001100",
      "0000111111011011001001",
      "0000111111011111001000"
    ],
    [
      "1000110011011111001100",
      "0000110111011111011000",
      "0000110111011011011001"
    ],
    [
      "1000110011011111001100",
      "1000111011011101011000",
      "1000110011011111011000"
    ],
    [
      "1000110011011111001100",
      "0000111111011101011000",
      "1000111110011101011000"
    ],
    [
      "1000110011011111001100",
      "0000110111011001011101",
      "0000110111011101011001"
    ],
    [
      "1000110011011111001100",
      "0000110111011111001100",
      "0000110111011011011100"
    ],
    [
      "1010010101011011111000",
      "0010110101111011011000",
      "1010110101011011011000"
    ],
    [
      "1010010101011011111000",
      "0010010101111010111001",
      "0010110101111010011001"
    ],
    [
      "1010010101011011111000",
      "1010011101011010111000",
      "1010010101111010111000"
    ],
    [
      "1010010101011011111000",
      "0010010101011111111000",
      "0010011101011110111000"
    ],
    [
      "1010010101011111110000",
      "0010110101111110110000",
      "1010110101011110110000"
    ],
    [
      "1010010101011111110000",
      "0010010101111011110001",
      "0010110101111010110001"
    ],
    [
      "1010010101011111110000",
      "1010010101111101110000",
      "0010010101111111110000"
    ],
    [
      "1010010101011111110000",
      "0010011101011101110001",
      "1010011101011101110000"
    ],
    [
      "1010010101011111110000",
      "0010011101011111110000",
      "0010011101011011110001"
    ],
    [
      "1000110011011110101100",
      "1000111110011110101000",
      "1000111011011110101000"
    ],
    [
      "1000110011011110101100",
      "0000110111011110101001",
      "0000111111011110101000"
    ],
    [
      "1000110011011110101100",
      "0000110011011110110101",
      "0000110011011110111001"
    ],
    [
      "1000110011011110101100",
      "1000111011011110100100",
      "1000110011011110110100"
    ],
    [
      "1000110011011110101100",
      "0000111111011110100100",
      "1000111110011110100100"
    ],
    [
      "1000110011011110101100",
      "0000110011011110101101",
      "0000110111011110100101"
    ],
    [
      "1000110011011011110100",
      "1000111110011011010100",
      "1000111011011011010100"
    ],
    [
      "1000110011011011110100",
      "0000110111111011010100",
      "0000111111011011010100"
    ],
    [
      "1000110011011011110100",
      "0000110011111010110101",
      "0000110111111010010101"
    ],
    [
      "1000110011011011110100",
      "1000111011011010110100",
      "1000110011111010110100"
    ],
    [
      "1000110011011011110100",
      "0100111111011000110100",
      "1100111011011000110100"
    ],
    [
      "1000110011011011110100",
      "0000111011011011110100",
      "0000111111011001110100"
    ],
    [
      "1010100011011111101000",
      "0011101011011110101000",
      "1011100011011110101000"
    ],
    [
      "1010100011011111101000",
      "0000101011011110111001",
      "0010101011011110101001"
    ],
    [
      "1010100011011111101000",
      "1000101011011111101000",
      "0000101011011111111000"
    ],
    [
      "1010100011011111101000",
      "1011100011011101101000",
      "1010101011011101101000"
    ],
    [
      "1010100011011111101000",
      "0010101011011101101001",
      "0011101011011101101000"
    ],
    [
      "1010100011011111101000",
      "0010101011011111101000",
      "0010101011011011101001"
    ],
    [
      "1010010101011110101100",
      "0010011101011110100101",
      "1010011101011110100100"
    ],
    [
      "1010010101011110101100",
      "1010010101011110110100",
      "0010010101011110110101"
    ],
    [
      "1010010101011110101100",
      "0010011101011110010101",
      "1010011101011110010100"
    ],
    [
      "1010010101011110101100",
      "0010010101011110101101",
      "0010010101011110011101"
    ],
    [
      "1010010101011011101010",
      "0010011101011111001010",
      "1010011101011011001010"
    ],
    [
      "1010010101011011101010",
      "0010010101011110111010",
      "0010011101011110011010"
    ],
    [
      "1010010101011011101010",
      "1010110101011010101010",
      "1010010101011010111010"
    ],
    [
      "1010010101011011101010",
      "0010010101011111101010",
      "0010110101011110101010"
    ],
    [
      "1010010011111010110100",
      "0010011011011110110100",
      "1010011011011010110100"
    ],
    [
      "1010010011111010110100",
      "0010010011011111110001",
      "0010011011011110110001"
    ],
    [
      "1010010011111010110100",
      "1010010011011011110010",
      "0010010011011011110011"
    ],
    [
      "1010010011111010110100",
      "0010010111111010110010",
      "1010010111011010110010"
    ],
    [
      "1010010011111010110100",
      "0010010011111010110110",
      "0010010111111010010110"
    ],
    [
      "1010010101011111101000",
      "0010011101011101101001",
      "1010011101011101101000"
    ],
    [
      "1010010101011111101000",
      "0010011101010101111100",
      "0010011101010101101101"
    ],
    [
      "1010010101011111101000",
      "1010010101011101101100",
      "1010010101010101111100"
    ],
    [
      "1010010101011111101000",
      "0010011101011101100101",
      "1010011101011101100100"
    ],
    [
      "1010010101011111101000",
      "0010010101011111101100",
      "0010010101011101101101"
    ],
    [
      "1010010101111100111000",
      "0010011101111100111000",
      "1010011101011100111000"
    ],
    [
      "1010010101111100111000",
      "0010011101111100100101",
      "0010011101111100101001"
    ],
    [
      "1010010101111100111000",
      "1010010101111100101100",
      "0010010101111100101101"
    ],
    [
      "1010010101111100111000",
      "0010011101111100101100",
      "1010011101011100101100"
    ],
    [
      "1010010101111100111000",
      "0010010101111100111100",
      "0010011101111100011100"
    ],
    [
      "1010010011011111001010",
      "0010010111011111000110",
      "1010010111011111000010"
    ],
    [
      "1010010011011111001010",
      "0010010011011110110110",
      "0010010111011110010110"
    ],
    [
      "1010010011011111001010",
      "1010010011011111100010",
      "0010010011011111110010"
    ],
    [
      "1010010011011111001010",
      "0010010111011101100110",
      "1010010111011101100010"
    ],
    [
      "1010010011011111001010",
      "0010010011011111101010",
      "0010010011011101101110"
    ],
    [
      "1000110011111100111000",
      "1000111110011100111000",
      "1000111011011100111000"
    ],
    [
      "1000110011111100111000",
      "0000111011011101111000",
      "0000111111011100111000"
    ],
    [
      "1000110011111100111000",
      "0000110011011001111011",
      "0000110011011101111001"
    ],
    [
      "1000110011111100111000",
      "1000110011011101101010",
      "1000110011011001111010"
    ],
    [
      "1000110011111100111000",
      "1000011011111100101010",
      "1000111011011100101010"
    ],
    [
      "1000110011111100111000",
      "1100110011111100001010",
      "1100010011111100101010"
    ],
    [
      "1000110011111100111000",
      "0000110011111100111010",
      "0100110011111100011010"
    ],
    [
      "1000110011011111000110",
      "1000111110011111000010",
      "1000111011011111000010"
    ],
    [
      "1000110011011111000110",
      "0000111111011011000110",
      "0000111111011111000010"
    ],
    [
      "1000110011011111000110",
      "0000110111011111010010",
      "0000110111011011010110"
    ],
    [
      "1000110011011111000110",
      "1000111011011101010010",
      "1000110011011111010010"
    ],
    [
      "1000110011011111000110",
      "0000111111011101010010",
      "1000111110011101010010"
    ],
    [
      "1000110011011111000110",
      "0000110111011001011110",
      "0000111111011001010110"
    ],
    [
      "1000110011011111000110",
      "1000110011011011010110",
      "1000110011011001011110"
    ],
    [
      "1010010101111100110100",
      "0010110101111100110100",
      "1010110101011100110100"
    ],
    [
      "1010010101111100110100",
      "0010110101111100100011",
      "0010110101111100110001"
    ],
    [
      "1010010101111100110100",
      "1010010101111100110010",
      "0010010101111100110011"
    ],
    [
      "1010010101111100110100",
      "0010011101111100110010",
      "1010011101011100110010"
    ],
    [
      "1010010101111100110100",
      "0010010101111100110101",
      "0010011101111100110001"
    ],
    [
      "1010101011011110100010",
      "0011101011011110100010",
      "1011100011011110100010"
    ],
    [
      "1010101011011110100010",
      "0010100011011110110110",
      "0010101011011110100110"
    ],
    [
      "1010101011011110100010",
      "1011100011011110010010",
      "1010100011011110110010"
    ],
    [
      "1010101011011110100010",
      "0010101011011110010110",
      "0011101011011110010010"
    ],
    [
      "1010101011011110100010",
      "1000101011011110110010",
      "0000101011011110110110"
    ],
    [
      "1010010101011111001100",
      "0010011101111110001100",
      "1010011101011110001100"
    ],
    [
      "1010010101011111001100",
      "0010010101111011011100",
      "0010011101111010011100"
    ],
    [
      "1010010101011111001100",
      "1010010101111101001100",
      "0010010101111111001100"
    ],
    [
      "1010010101011111001100",
      "0010110101011101011100",
      "1010110101011101001100"
    ],
    [
      "1010010101011111001100",
      "0010110101011111001100",
      "0010110101011011011100"
    ],
    [
      "1010010101011111001010",
      "0010110101011110011010",
      "1010110101011110001010"
    ],
    [
      "1010010101011111001010",
      "0010110101010111101010",
      "0010110101010110111010"
    ],
    [
      "1010010101011111001010",
      "1010010101011101101010",
      "1010010101010111101010"
    ],
    [
      "1010010101011111001010",
      "0010110101011101011010",
      "1010110101011101001010"
    ],
    [
      "1010010101011111001010",
      "0010110101011111001010",
      "0010110101011011011010"
    ],
    [
      "1010100011011110001110",
      "0011101011011110001100",
      "1011100011011110001100"
    ],
    [
      "1010100011011110001110",
      "0010101011111110000101",
      "0010101011111110001100"
    ],
    [
      "1010100011011110001110",
      "0010001011111110001011",
      "0010001011111110000111"
    ],
    [
      "1010100011011110001110",
      "1010101011011110001010",
      "1010001011111110001010"
    ],
    [
      "1010100011011110001110",
      "0011100011111110001010",
      "1011100011011110001010"
    ],
    [
      "1010100011011110001110",
      "0000100011111110111010",
      "0001100011111110011010"
    ],
    [
      "1010100011011110001110",
      "1000100011011110011110",
      "0000100011011110111110"
    ],
    [
      "1010100011011011101010",
      "0011100011111010101010",
      "1011100011011010101010"
    ],
    [
      "1010100011011011101010",
      "1010100011011110101010",
      "0010100011111110101010"
    ],
    [
      "1010100011011011101010",
      "0011101011011100101010",
      "1011100011011100101010"
    ],
    [
      "1010100011011011101010",
      "0010100011011111101010",
      "0010101011011101101010"
    ],
    [
      "1010010011011101101010",
      "0010011011111100101010",
      "1010011011011100101010"
    ],
    [
      "1010010011011101101010",
      "1010010011111101001010",
      "0010010011111101101010"
    ],
    [
      "1010010011011101101010",
      "0010011011011101011010",
      "1010011011011101001010"
    ],
    [
      "1010010011011101101010",
      "1010010011010101111010",
      "0010011011010101111010"
    ],
    [
      "1010010011111101010010",
      "0010010111011101010110",
      "1010010111011101010010"
    ],
    [
      "1010010011111101010010",
      "1010010011111101010100",
      "0010010111111101010100"
    ],
    [
      "1010010011111101010010",
      "0010011011111101010100",
      "1010011011011101010100"
    ],
    [
      "1010010011111101010010",
      "0010010011111101010011",
      "0010011011111101010001"
    ],
    [
      "1010010101011011110010",
      "0010110101011111110000",
      "1010110101011011110000"
    ],
    [
      "1010010101011011110010",
      "0000010101011111110011",
      "0000110101011111110001"
    ],
    [
      "1010010101011011110010",
      "1010010101011110110010",
      "1000010101011111110010"
    ],
    [
      "1010010101011011110010",
      "0010011101011110110010",
      "1010011101011010110010"
    ],
    [
      "1000110011011111101000",
      "1010010111011111100000",
      "1010110011011111100000"
    ],
    [
      "1000110011011111101000",
      "0010110111011011100001",
      "1010110111011011100000"
    ],
    [
      "1000110011011111101000",
      "0010110011011111100100",
      "0010110011011011100101"
    ],
    [
      "1000110011011111101000",
      "1000111011011101100100",
      "1000110011011111100100"
    ],
    [
      "1000110011011111101000",
      "0000111111011101100100",
      "1000111110011101100100"
    ],
    [
      "1000110011011111101000",
      "0000110011011101101101",
      "0000111011011101100101"
    ],
    [
      "1010010101011011110010",
      "1000110011011111101000",
      "0010010101011111110010"
    ],
    [
      "1010010101011011110010",
      "1000110011011111101000",
      "0000110011011111101100"
    ],
    [
      "1010100011011011101100",
      "0011101011011011101000",
      "1011100011011011101000"
    ],
    [
      "1010100011011011101100",
      "0010001011011111101001",
      "0011001011011111101000"
    ],
    [
      "1010100011011011101100",
      "1010001011011011101100",
      "0010001011011011101101"
    ],
    [
      "1010100011011011101100",
      "1011100011011010101100",
      "1010101011011010101100"
    ],
    [
      "1010100011011011101100",
      "0010100011111110101100",
      "0011100011111010101100"
    ],
    [
      "1010010011011111110000",
      "0010011011011111010001",
      "1010011011011111010000"
    ],
    [
      "1010010011011111110000",
      "0010010011011110011011",
      "0010011011011110010011"
    ],
    [
      "1010010011011111110000",
      "1010010011011111011000",
      "0010010011011111011010"
    ],
    [
      "1010010011011111110000",
      "0010011011011101011001",
      "1010011011011101011000"
    ],
    [
      "1010010011011111110000",
      "0010011011011011111000",
      "0010011011011001111001"
    ],
    [
      "1010100011011011101100",
      "1010010011011111110000",
      "0010100011011111101100"
    ],
    [
      "1010100011011011101100",
      "1010010011011111110000",
      "0010011011011111110000"
    ],
    [
      "1000110011011011101010",
      "1010010111011011101000",
      "1010110011011011101000"
    ],
    [
      "1000110011011011101010",
      "0010110111011010101001",
      "1010110111011010101000"
    ],
    [
      "1000110011011011101010",
      "0000110011011011111001",
      "0010110011011011101001"
    ],
    [
      "1000110011011011101010",
      "1000110011011010111010",
      "0000110011011010111011"
    ],
    [
      "1000110011011011101010",
      "1000111110011010101010",
      "1000111011011010101010"
    ],
    [
      "1000110011011011101010",
      "0000111111011001101010",
      "0000111111011010101010"
    ],
    [
      "1010010101011111100100",
      "0010110101111011100100",
      "1010110101011011100100"
    ],
    [
      "1010010101011111100100",
      "0010110101111001100011",
      "0010110101111011100001"
    ],
    [
      "1010010101011111100100",
      "1010010101111011100010",
      "0010010101111011100011"
    ],
    [
      "1010010101011111100100",
      "0010110101011111100010",
      "1010110101011011100010"
    ],
    [
      "1000110011011011101010",
      "1010010101011111100100",
      "0000111011011011101010"
    ],
    [
      "1000110011011011101010",
      "1010010101011111100100",
      "0010010101011111100110"
    ],
    [
      "1010010011011111101000",
      "0010010111011111001001",
      "1010010111011111001000"
    ],
    [
      "1010010011011111101000",
      "1010010011011111001100",
      "0010010011011111001101"
    ],
    [
      "1010010011011111101000",
      "0010010111011111000101",
      "1010010111011111000100"
    ],
    [
      "1010010011011111101000",
      "0010010011011110101101",
      "0010010111011110001101"
    ],
    [
      "1010010011111011100100",
      "0010011011011111100100",
      "1010011011011011100100"
    ],
    [
      "1010010011111011100100",
      "0010010011011011101101",
      "0010010011011111100101"
    ],
    [
      "1010010011111011100100",
      "1010011011011010101100",
      "1010010011011011101100"
    ],
    [
      "1010010011111011100100",
      "0010011011111001101100",
      "0010011011111010101100"
    ],
    [
      "1010010011011111101000",
      "1010010011111011100100",
      "0010010011011111101100"
    ],
    [
      "1010010011011111101000",
      "1010010011111011100100",
      "0010010011111011101100"
    ],
    [
      "1010101011011011011000",
      "0011100011111011011000",
      "1011100011011011011000"
    ],
    [
      "1010101011011011011000",
      "0010100011111111001001",
      "0010100011111111011000"
    ],
    [
      "1010101011011011011000",
      "1010100011011111001100",
      "0010100011011111001101"
    ],
    [
      "1010101011011011011000",
      "0011101011011011001100",
      "1011100011011011001100"
    ],
    [
      "1010101011011011011000",
      "0000101011011111011100",
      "0001101011011111001100"
    ],
    [
      "1010100011011110111000",
      "0011100011111110110000",
      "1011100011011110110000"
    ],
    [
      "1010100011011110111000",
      "0010100011111110010101",
      "0010100011111110110001"
    ],
    [
      "1010100011011110111000",
      "0010100011011111011100",
      "0010100011011110011101"
    ],
    [
      "1010100011011110111000",
      "1011100011011110011000",
      "1010100011011111011000"
    ],
    [
      "1010100011011110111000",
      "0010100011111110011001",
      "0011100011111110011000"
    ],
    [
      "1010101011011011011000",
      "1010100011011110111000",
      "1000101011011111011000"
    ],
    [
      "1010101011011011011000",
      "1010100011011110111000",
      "0010100011011110111001"
    ],
    [
      "1010010011011111010100",
      "0010011011111011010100",
      "1010011011011011010100"
    ],
    [
      "1010010011011111010100",
      "0010011011111010010011",
      "0010011011111011010001"
    ],
    [
      "1010010011011111010100",
      "1010010011111011010010",
      "0010010011111011010011"
    ],
    [
      "1010010011011111010100",
      "0010011011011111010010",
      "1010011011011011010010"
    ],
    [
      "1010101011011011010010",
      "0011101011011011010010",
      "1011100011011011010010"
    ],
    [
      "1010101011011011010010",
      "0010101011011111000110",
      "0010101011011111010010"
    ],
    [
      "1010101011011011010010",
      "1010100011011111001010",
      "0010100011011111001110"
    ],
    [
      "1010101011011011010010",
      "0011101011011011001010",
      "1011100011011011001010"
    ],
    [
      "1010101011011011010010",
      "0000101011011111011010",
      "0010101011011111001010"
    ],
    [
      "1010010011011111010100",
      "1010101011011011010010",
      "0010010011011111010110"
    ],
    [
      "1010010011011111010100",
      "1010101011011011010010",
      "1000101011011111010010"
    ],
    [
      "1000110011011111010100",
      "1000111110011110010100",
      "1000111011011110010100"
    ],
    [
      "1000110011011111010100",
      "0000110111011110010101",
      "0000111111011110010100"
    ],
    [
      "1000110011011111010100",
      "0000110101011111011100",
      "0000110101011110011101"
    ],
    [
      "1000110011011111010100",
      "1000110111011101010100",
      "1000110101011111010100"
    ],
    [
      "1000110011011111010100",
      "1010111010011101010100",
      "1000111011011101010100"
    ],
    [
      "1000110011011111010100",
      "0010111110011001010101",
      "0010111110011101010100"
    ],
    [
      "1000110011011111010100",
      "0010111011011011010100",
      "0010111010011011010101"
    ],
    [
      "1010010011011101110100",
      "0010011011111100110100",
      "1010011011011100110100"
    ],
    [
      "1010010011011101110100",
      "0010010011111100101101",
      "0010011011111100100101"
    ],
    [
      "1010010011011101110100",
      "1010011011011100101100",
      "1010010011111100101100"
    ],
    [
      "1010010011011101110100",
      "0010010011011101111100",
      "0010011011011101101100"
    ],
    [
      "1000110011011111010100",
      "1010010011011101110100",
      "0000111011011111010100"
    ],
    [
      "1000110011011111010100",
      "1010010011011101110100",
      "1000010011011101111100"
    ],
    [
      "1000110011011110101010",
      "1010010111011110100010",
      "1010110011011110100010"
    ],
    [
      "1000110011011110101010",
      "0010110111011010100110",
      "1010110111011010100010"
    ],
    [
      "1000110011011110101010",
      "0010110011011111100010",
      "0010110011011011100110"
    ],
    [
      "1000110011011110101010",
      "1000111011011101100010",
      "1000110011011111100010"
    ],
    [
      "1000110011011110101010",
      "0000111111011101100010",
      "1000111110011101100010"
    ],
    [
      "1000110011011110101010",
      "0000110011011101101110",
      "0000111011011101100110"
    ],
    [
      "1010100011011101001110",
      "0011100011111101001010",
      "1011100011011101001010"
    ],
    [
      "1010100011011101001110",
      "0010100011011101111010",
      "0010100011111101011010"
    ],
    [
      "1010100011011101001110",
      "1010100011011101011010",
      "1010100011010101111010"
    ],
    [
      "1010100011011101001110",
      "0011100011111101010010",
      "1011100011011101010010"
    ],
    [
      "1010100011011101001110",
      "0010100011011101011110",
      "0010100011111101010110"
    ],
    [
      "1000110011011110101010",
      "1010100011011101001110",
      "0000110011011110101110"
    ],
    [
      "1000110011011110101010",
      "1010100011011101001110",
      "1010100011010101011110"
    ]
  ],
  "maximum_port_token_appearances": 9,
  "minimality_attained": true,
  "minimum_three_cycle_lower_bound": 226,
  "odd_cycle_internal_factors": 131,
  "odd_length_target_cycles": 25,
  "paired_even_cycle_factors": 95,
  "port_token_appearance_histogram": {
    "1": 436,
    "4": 6,
    "5": 11,
    "6": 10,
    "7": 10,
    "8": 3,
    "9": 1
  },
  "product_verified_on_all_tokens": true,
  "provenance": [
    {
      "edge_indices": [
        0
      ],
      "factor_range": [
        0,
        5
      ],
      "kind": "odd_cycle"
    },
    {
      "edge_indices": [
        1
      ],
      "factor_range": [
        5,
        11
      ],
      "kind": "odd_cycle"
    },
    {
      "edge_indices": [
        7
      ],
      "factor_range": [
        11,
        16
      ],
      "kind": "odd_cycle"
    },
    {
      "edge_indices": [
        11
      ],
      "factor_range": [
        16,
        23
      ],
      "kind": "odd_cycle"
    },
    {
      "edge_indices": [
        14
      ],
      "factor_range": [
        23,
        27
      ],
      "kind": "odd_cycle"
    },
    {
      "edge_indices": [
        15
      ],
      "factor_range": [
        27,
        32
      ],
      "kind": "odd_cycle"
    },
    {
      "edge_indices": [
        17
      ],
      "factor_range": [
        32,
        38
      ],
      "kind": "odd_cycle"
    },
    {
      "edge_indices": [
        18
      ],
      "factor_range": [
        38,
        44
      ],
      "kind": "odd_cycle"
    },
    {
      "edge_indices": [
        19
      ],
      "factor_range": [
        44,
        50
      ],
      "kind": "odd_cycle"
    },
    {
      "edge_indices": [
        21
      ],
      "factor_range": [
        50,
        54
      ],
      "kind": "odd_cycle"
    },
    {
      "edge_indices": [
        22
      ],
      "factor_range": [
        54,
        58
      ],
      "kind": "odd_cycle"
    },
    {
      "edge_indices": [
        24
      ],
      "factor_range": [
        58,
        63
      ],
      "kind": "odd_cycle"
    },
    {
      "edge_indices": [
        25
      ],
      "factor_range": [
        63,
        68
      ],
      "kind": "odd_cycle"
    },
    {
      "edge_indices": [
        26
      ],
      "factor_range": [
        68,
        73
      ],
      "kind": "odd_cycle"
    },
    {
      "edge_indices": [
        27
      ],
      "factor_range": [
        73,
        78
      ],
      "kind": "odd_cycle"
    },
    {
      "edge_indices": [
        28
      ],
      "factor_range": [
        78,
        85
      ],
      "kind": "odd_cycle"
    },
    {
      "edge_indices": [
        29
      ],
      "factor_range": [
        85,
        92
      ],
      "kind": "odd_cycle"
    },
    {
      "edge_indices": [
        30
      ],
      "factor_range": [
        92,
        97
      ],
      "kind": "odd_cycle"
    },
    {
      "edge_indices": [
        31
      ],
      "factor_range": [
        97,
        102
      ],
      "kind": "odd_cycle"
    },
    {
      "edge_indices": [
        34
      ],
      "factor_range": [
        102,
        107
      ],
      "kind": "odd_cycle"
    },
    {
      "edge_indices": [
        35
      ],
      "factor_range": [
        107,
        112
      ],
      "kind": "odd_cycle"
    },
    {
      "edge_indices": [
        36
      ],
      "factor_range": [
        112,
        119
      ],
      "kind": "odd_cycle"
    },
    {
      "edge_indices": [
        37
      ],
      "factor_range": [
        119,
        123
      ],
      "kind": "odd_cycle"
    },
    {
      "edge_indices": [
        38
      ],
      "factor_range": [
        123,
        127
      ],
      "kind": "odd_cycle"
    },
    {
      "edge_indices": [
        40
      ],
      "factor_range": [
        127,
        131
      ],
      "kind": "odd_cycle"
    },
    {
      "edge_indices": [
        2,
        3
      ],
      "factor_range": [
        131,
        143
      ],
      "kind": "even_cycle_pair"
    },
    {
      "edge_indices": [
        4,
        5
      ],
      "factor_range": [
        143,
        155
      ],
      "kind": "even_cycle_pair"
    },
    {
      "edge_indices": [
        6,
        8
      ],
      "factor_range": [
        155,
        167
      ],
      "kind": "even_cycle_pair"
    },
    {
      "edge_indices": [
        9,
        10
      ],
      "factor_range": [
        167,
        177
      ],
      "kind": "even_cycle_pair"
    },
    {
      "edge_indices": [
        12,
        13
      ],
      "factor_range": [
        177,
        189
      ],
      "kind": "even_cycle_pair"
    },
    {
      "edge_indices": [
        16,
        20
      ],
      "factor_range": [
        189,
        200
      ],
      "kind": "even_cycle_pair"
    },
    {
      "edge_indices": [
        23,
        32
      ],
      "factor_range": [
        200,
        213
      ],
      "kind": "even_cycle_pair"
    },
    {
      "edge_indices": [
        33,
        39
      ],
      "factor_range": [
        213,
        226
      ],
      "kind": "even_cycle_pair"
    }
  ],
  "selection_sha256": "94deb656dac1d8955b20d851e92600156d703842d6de169d4b6bea356fa3ec32",
  "status": "PASS",
  "target_circuit_cycles": 41,
  "target_cycle_length_histogram": {
    "9": 6,
    "10": 6,
    "11": 11,
    "12": 6,
    "13": 4,
    "14": 3,
    "15": 4,
    "16": 1
  },
  "target_sign": 1,
  "target_sign_exponent": 436,
  "three_cycle_factors": 226
}
