== ADJACENT ==
T {1,2,3,4,7,9,11} B {1,3,4,5,7,9,11} C {0,1,3,4,7,9,11} phases [1, 3]
EB {1,3,4,5,8,9,11} ; {1,3,4,5,7,9,11} ; {1,3,4,5,7,9,10} ; {0,1,3,4,5,7,10} ; {0,1,3,4,5,8,10} ; {0,1,3,4,5,8,11}
EC {0,1,2,3,4,5,6} ; {0,1,2,3,4,5,7} ; {0,1,2,3,4,7,11} ; {0,1,3,4,7,9,11} ; {0,1,3,4,6,9,11} ; {0,1,3,4,5,6,9}
D {0,1,2,3,5,6,8} ; {0,1,2,3,5,7,8} ; {0,1,3,5,7,8,12} ; {0,3,5,7,8,11,12} ; {0,3,5,6,8,11,12} ; {0,2,3,5,6,8,11}
R0 {1,2,7,9,10,11,12} ; {1,2,8,9,10,11,12} ; {1,5,8,9,10,11,12} ; {1,3,5,8,9,11,12} ; {1,3,5,7,9,11,12} ; {1,2,3,7,9,11,12}
R1 {2,7,8,9,10,11,12} ; {2,6,8,9,10,11,12} ; {5,6,8,9,10,11,12} ; {3,5,6,8,9,11,12} ; {3,5,7,8,9,11,12} ; {2,3,7,8,9,11,12}
R2 {2,6,7,9,10,11,12} ; {1,2,6,9,10,11,12} ; {1,5,6,9,10,11,12} ; {1,3,5,6,9,11,12} ; {3,5,6,7,9,11,12} ; {2,3,6,7,9,11,12}
REMOVED
{0,1,2,3,4,5,6} -- {0,1,2,3,4,5,7}
{0,1,2,3,5,6,8} -- {0,1,2,3,5,7,8}
{0,3,5,6,8,11,12} -- {0,3,5,7,8,11,12}
{1,3,4,5,7,9,11} -- {1,3,4,5,8,9,11}
{1,3,5,7,9,11,12} -- {1,3,5,8,9,11,12}
{3,5,6,8,9,11,12} -- {3,5,7,8,9,11,12}
ADDED
{0,1,2,3,4,5,6} -- {0,1,2,3,5,6,8}
{0,1,2,3,4,5,7} -- {0,1,2,3,5,7,8}
{0,3,5,7,8,11,12} -- {3,5,7,8,9,11,12}
{0,3,5,6,8,11,12} -- {3,5,6,8,9,11,12}
{1,3,5,8,9,11,12} -- {1,3,4,5,8,9,11}
{1,3,5,7,9,11,12} -- {1,3,4,5,7,9,11}
OLDCOMP 12 18 6 NEWCOMP 36
== HARD ==
T {0,1,3,4,5,7,11} B {1,3,4,5,7,11,12} C {0,1,2,3,4,5,7} phases [1, 1]
EB {1,3,4,5,8,11,12} ; {1,3,4,5,7,11,12} ; {1,4,5,7,10,11,12} ; {1,2,4,7,10,11,12} ; {1,2,4,8,10,11,12} ; {1,2,3,4,8,11,12}
EC {0,1,2,3,4,5,6} ; {0,1,2,3,4,5,7} ; {0,1,2,3,4,7,11} ; {0,1,3,4,7,9,11} ; {0,1,3,4,6,9,11} ; {0,1,3,4,5,6,9}
D {0,1,2,3,5,6,8} ; {0,1,2,3,5,7,8} ; {0,1,3,5,7,8,12} ; {0,3,5,7,8,11,12} ; {0,3,5,6,8,11,12} ; {0,2,3,5,6,8,11}
R0 {1,2,7,9,10,11,12} ; {1,2,8,9,10,11,12} ; {1,5,8,9,10,11,12} ; {1,3,5,8,9,11,12} ; {1,3,5,7,9,11,12} ; {1,2,3,7,9,11,12}
R1 {2,7,8,9,10,11,12} ; {2,6,8,9,10,11,12} ; {5,6,8,9,10,11,12} ; {3,5,6,8,9,11,12} ; {3,5,7,8,9,11,12} ; {2,3,7,8,9,11,12}
R2 {2,6,7,9,10,11,12} ; {1,2,6,9,10,11,12} ; {1,5,6,9,10,11,12} ; {1,3,5,6,9,11,12} ; {3,5,6,7,9,11,12} ; {2,3,6,7,9,11,12}
REMOVED
{0,1,2,3,4,5,6} -- {0,1,2,3,4,5,7}
{0,1,2,3,5,6,8} -- {0,1,2,3,5,7,8}
{0,3,5,6,8,11,12} -- {0,3,5,7,8,11,12}
{1,3,4,5,7,11,12} -- {1,3,4,5,8,11,12}
{1,3,5,7,9,11,12} -- {1,3,5,8,9,11,12}
{3,5,6,8,9,11,12} -- {3,5,7,8,9,11,12}
ADDED
{0,1,2,3,4,5,6} -- {0,1,2,3,5,6,8}
{0,1,2,3,4,5,7} -- {0,1,2,3,5,7,8}
{0,3,5,7,8,11,12} -- {3,5,7,8,9,11,12}
{0,3,5,6,8,11,12} -- {3,5,6,8,9,11,12}
{1,3,5,8,9,11,12} -- {1,3,4,5,8,11,12}
{1,3,5,7,9,11,12} -- {1,3,4,5,7,11,12}
OLDCOMP 12 18 6 NEWCOMP 36
