{
  "interpretation": "14 bits permit private tags for all 12420 owners; each core is an alphabet-independent quotient-loop obstruction",
  "orientations": [
    {
      "clauses": 1415880,
      "minimal_owner_core_size": 86,
      "post_reverse": 0,
      "raw_assumption_core_size": 108,
      "rows": [
        {
          "owner": "11111010000011101001000",
          "post_head": "10111010000111101001000",
          "pre_component": 47,
          "pre_forward_head": "11111010000001101001001",
          "pre_reverse_head": "10111010000111101001000",
          "selected_role": null
        },
        {
          "owner": "11111001000011101001000",
          "post_head": "11111001000001101001001",
          "pre_component": 47,
          "pre_forward_head": "10111001000111101001000",
          "pre_reverse_head": "11111001000001101001001",
          "selected_role": null
        },
        {
          "owner": "11110011000011101001000",
          "post_head": "11110011000001101001001",
          "pre_component": 47,
          "pre_forward_head": "10110011000111101001000",
          "pre_reverse_head": "11110011000001101001001",
          "selected_role": null
        },
        {
          "owner": "11001001101011101001000",
          "post_head": "11011000101011101001000",
          "pre_component": 8,
          "pre_forward_head": "11000101101011101001000",
          "pre_reverse_head": "11011000101011101001000",
          "selected_role": null
        },
        {
          "owner": "11000101101011101001000",
          "post_head": "11001001101011101001000",
          "pre_component": 8,
          "pre_forward_head": "10000111101011101001000",
          "pre_reverse_head": "11001001101011101001000",
          "selected_role": null
        },
        {
          "owner": "00100111101011101001000",
          "post_head": "10000111101011101001000",
          "pre_component": 8,
          "pre_forward_head": "00100111011011101001000",
          "pre_reverse_head": "10000111101011101001000",
          "selected_role": null
        },
        {
          "owner": "10111100000111101001000",
          "post_head": "10101100010111101001000",
          "pre_component": 47,
          "pre_forward_head": "11111100000011101001000",
          "pre_reverse_head": "10101100010111101001000",
          "selected_role": null
        },
        {
          "owner": "11010011000111101001000",
          "post_head": "11010111000011101001000",
          "pre_component": 47,
          "pre_forward_head": "11010010010111101001000",
          "pre_reverse_head": "11010111000011101001000",
          "selected_role": null
        },
        {
          "owner": "10100111000111101001000",
          "post_head": "10110011000111101001000",
          "pre_component": 47,
          "pre_forward_head": "10001111000111101001000",
          "pre_reverse_head": "10110011000111101001000",
          "selected_role": null
        },
        {
          "owner": "10111000010111101001000",
          "post_head": "10111001000111101001000",
          "pre_component": 47,
          "pre_forward_head": "10101000110111101001000",
          "pre_reverse_head": "10111001000111101001000",
          "selected_role": null
        },
        {
          "owner": "10101010010111101001000",
          "post_head": "10100110010111101001000",
          "pre_component": 47,
          "pre_forward_head": "10111010000111101001000",
          "pre_reverse_head": "10100110010111101001000",
          "selected_role": null
        },
        {
          "owner": "10100110010111101001000",
          "post_head": "00100111010111101001000",
          "pre_component": 47,
          "pre_forward_head": "10101010010111101001000",
          "pre_reverse_head": "10100101010111101001000",
          "selected_role": null
        },
        {
          "owner": "10001110010111101001000",
          "post_head": "10001111000111101001000",
          "pre_component": 47,
          "pre_forward_head": "10001100110111101001000",
          "pre_reverse_head": "10001111000111101001000",
          "selected_role": null
        },
        {
          "owner": "10100101010111101001000",
          "post_head": "10101001010111101001000",
          "pre_component": 47,
          "pre_forward_head": "10100110010111101001000",
          "pre_reverse_head": "10101001010111101001000",
          "selected_role": {
            "circuit": 21,
            "edge_index": 21,
            "row": 0
          }
        },
        {
          "owner": "10100011010111101001000",
          "post_head": "10000011110111101001000",
          "pre_component": 47,
          "pre_forward_head": "10101001010111101001000",
          "pre_reverse_head": "10000011110111101001000",
          "selected_role": null
        },
        {
          "owner": "00100111010111101001000",
          "post_head": "00100111011011101001000",
          "pre_component": 8,
          "pre_forward_head": "00100111010111101000010",
          "pre_reverse_head": "00100111011011101001000",
          "selected_role": {
            "circuit": 21,
            "edge_index": 21,
            "row": 8
          }
        },
        {
          "owner": "11010000110111101001000",
          "post_head": "11010010010111101001000",
          "pre_component": 47,
          "pre_forward_head": "11000000111111101001000",
          "pre_reverse_head": "11010010010111101001000",
          "selected_role": null
        },
        {
          "owner": "10001100110111101001000",
          "post_head": "10001100110101101101000",
          "pre_component": 47,
          "pre_forward_head": "10101100010111101001000",
          "pre_reverse_head": "10001110010111101001000",
          "selected_role": {
            "circuit": 17,
            "edge_index": 17,
            "row": 6
          }
        },
        {
          "owner": "10000110110111101001000",
          "post_head": "10100100110111101001000",
          "pre_component": 47,
          "pre_forward_head": "00000110111111101001000",
          "pre_reverse_head": "10100100110111101001000",
          "selected_role": null
        },
        {
          "owner": "10000101110111101001000",
          "post_head": "00000101111111101001000",
          "pre_component": 47,
          "pre_forward_head": "10100100110111101001000",
          "pre_reverse_head": "00000101111111101001000",
          "selected_role": null
        },
        {
          "owner": "10001000111111101001000",
          "post_head": "11000000111111101001000",
          "pre_component": 47,
          "pre_forward_head": "00001100111111101001000",
          "pre_reverse_head": "11000000111111101001000",
          "selected_role": null
        },
        {
          "owner": "00101000111111101001000",
          "post_head": "10101000110111101001000",
          "pre_component": 47,
          "pre_forward_head": "00101000111111101000010",
          "pre_reverse_head": "10101000110111101001000",
          "selected_role": null
        },
        {
          "owner": "00000011111111101001000",
          "post_head": "00000011111111101000010",
          "pre_component": 47,
          "pre_forward_head": "10000011110111101001000",
          "pre_reverse_head": "00000011111111101000010",
          "selected_role": null
        },
        {
          "owner": "11001010101001101011000",
          "post_head": "11000110101001101011000",
          "pre_component": 363,
          "pre_forward_head": "11011010101000101011000",
          "pre_reverse_head": "11000110101001101011000",
          "selected_role": null
        },
        {
          "owner": "11000101101001101011000",
          "post_head": "11000101011001101011000",
          "pre_component": 363,
          "pre_forward_head": "11000110101001101011000",
          "pre_reverse_head": "11000101011001101011000",
          "selected_role": null
        },
        {
          "owner": "11000101010101101011000",
          "post_head": "10000101010111101011000",
          "pre_component": 363,
          "pre_forward_head": "11000101011001101011000",
          "pre_reverse_head": "10000101010111101011000",
          "selected_role": null
        },
        {
          "owner": "10000101010111101011000",
          "post_head": "10100101010111101001000",
          "pre_component": 363,
          "pre_forward_head": "11000101010101101011000",
          "pre_reverse_head": "00100101010111101011000",
          "selected_role": null
        },
        {
          "owner": "00100101010111101011000",
          "post_head": "00100101010111111010000",
          "pre_component": 363,
          "pre_forward_head": "10000101010111101011000",
          "pre_reverse_head": "00100101010111011011000",
          "selected_role": {
            "circuit": 21,
            "edge_index": 21,
            "row": 1
          }
        },
        {
          "owner": "00100101010111011011000",
          "post_head": "00100101010111010111000",
          "pre_component": 363,
          "pre_forward_head": "00100101010111101011000",
          "pre_reverse_head": "00100101010111010111000",
          "selected_role": {
            "circuit": 25,
            "edge_index": 25,
            "row": 2
          }
        },
        {
          "owner": "00100111010111101000010",
          "post_head": "00100101010111101001010",
          "pre_component": 8,
          "pre_forward_head": "00100111010110101000110",
          "pre_reverse_head": "00100111010111101001000",
          "selected_role": null
        },
        {
          "owner": "00001100111111101000010",
          "post_head": "00001100111111101001000",
          "pre_component": 47,
          "pre_forward_head": "00001100111110101000110",
          "pre_reverse_head": "00001100111111101001000",
          "selected_role": null
        },
        {
          "owner": "00000110111111101000010",
          "post_head": "00000110111111101001000",
          "pre_component": 47,
          "pre_forward_head": "00000110111110101000110",
          "pre_reverse_head": "00000110111111101001000",
          "selected_role": null
        },
        {
          "owner": "00000101111111101000010",
          "post_head": "00000101111110101000110",
          "pre_component": 47,
          "pre_forward_head": "00000101111111101001000",
          "pre_reverse_head": "00000101111110101000110",
          "selected_role": null
        },
        {
          "owner": "00100101010111010110010",
          "post_head": "00100101010111010100110",
          "pre_component": 363,
          "pre_forward_head": "00100101010111010111000",
          "pre_reverse_head": "00100101010111010100110",
          "selected_role": null
        },
        {
          "owner": "00100101010111101001010",
          "post_head": "00100101010111101011000",
          "pre_component": 264,
          "pre_forward_head": "00100101010111101100010",
          "pre_reverse_head": "00100101010111100011010",
          "selected_role": {
            "circuit": 21,
            "edge_index": 21,
            "row": 7
          }
        },
        {
          "owner": "00100111010110101000110",
          "post_head": "00100111010111101000010",
          "pre_component": 8,
          "pre_forward_head": "00100111010110011000110",
          "pre_reverse_head": "00100111010111101000010",
          "selected_role": null
        },
        {
          "owner": "00101000111110101000110",
          "post_head": "00101000111111101000010",
          "pre_component": 47,
          "pre_forward_head": "00101000111110011000110",
          "pre_reverse_head": "00101000111111101000010",
          "selected_role": null
        },
        {
          "owner": "00000011111110101000110",
          "post_head": "00000011111110011000110",
          "pre_component": 47,
          "pre_forward_head": "00000011111111101000010",
          "pre_reverse_head": "00000011111110011000110",
          "selected_role": null
        },
        {
          "owner": "00001100111110011000110",
          "post_head": "00001100111110101000110",
          "pre_component": 47,
          "pre_forward_head": "00001100111110010100110",
          "pre_reverse_head": "00001100111110101000110",
          "selected_role": null
        },
        {
          "owner": "00000110111110011000110",
          "post_head": "00000110111110101000110",
          "pre_component": 47,
          "pre_forward_head": "00000110111110010100110",
          "pre_reverse_head": "00000110111110101000110",
          "selected_role": null
        },
        {
          "owner": "00000101111110011000110",
          "post_head": "00000101111110010100110",
          "pre_component": 47,
          "pre_forward_head": "00000101111110101000110",
          "pre_reverse_head": "00000101111110010100110",
          "selected_role": null
        },
        {
          "owner": "00100111010110010100110",
          "post_head": "00100111010110011000110",
          "pre_component": 8,
          "pre_forward_head": "00100111010100010110110",
          "pre_reverse_head": "00100111010110011000110",
          "selected_role": null
        },
        {
          "owner": "00101000111110010100110",
          "post_head": "00101000111110011000110",
          "pre_component": 47,
          "pre_forward_head": "00101000111100010110110",
          "pre_reverse_head": "00101000111110011000110",
          "selected_role": null
        },
        {
          "owner": "00000011111110010100110",
          "post_head": "00000011111100010110110",
          "pre_component": 47,
          "pre_forward_head": "00000011111110011000110",
          "pre_reverse_head": "00000011111100010110110",
          "selected_role": null
        },
        {
          "owner": "00001100111100010110110",
          "post_head": "00001100111110010100110",
          "pre_component": 47,
          "pre_forward_head": "00001100111000010110111",
          "pre_reverse_head": "00001100111110010100110",
          "selected_role": null
        },
        {
          "owner": "00000110111100010110110",
          "post_head": "00000110111110010100110",
          "pre_component": 47,
          "pre_forward_head": "00000110111000010110111",
          "pre_reverse_head": "00000110111110010100110",
          "selected_role": null
        },
        {
          "owner": "00000101111100010110110",
          "post_head": "00000101111000010110111",
          "pre_component": 47,
          "pre_forward_head": "00000101111110010100110",
          "pre_reverse_head": "00000101111000010110111",
          "selected_role": null
        },
        {
          "owner": "11011010101000101001001",
          "post_head": "11011010101000101011000",
          "pre_component": 363,
          "pre_forward_head": "11011010101000101000101",
          "pre_reverse_head": "11011010101000101011000",
          "selected_role": null
        },
        {
          "owner": "11111100000001101001001",
          "post_head": "11111100000011101001000",
          "pre_component": 47,
          "pre_forward_head": "11111100000001100011001",
          "pre_reverse_head": "11111100000011101001000",
          "selected_role": null
        },
        {
          "owner": "11010111000001101001001",
          "post_head": "11010111000001100011001",
          "pre_component": 47,
          "pre_forward_head": "11010111000011101001000",
          "pre_reverse_head": "11010111000001100011001",
          "selected_role": null
        },
        {
          "owner": "11011000101001101001001",
          "post_head": "11011000101001100011001",
          "pre_component": 8,
          "pre_forward_head": "11011000101011101001000",
          "pre_reverse_head": "11011000101001100011001",
          "selected_role": null
        },
        {
          "owner": "11111010000001100011001",
          "post_head": "11111010000001101001001",
          "pre_component": 47,
          "pre_forward_head": "11111010000001000111001",
          "pre_reverse_head": "11111010000001101001001",
          "selected_role": null
        },
        {
          "owner": "11111001000001100011001",
          "post_head": "11111001000001000111001",
          "pre_component": 47,
          "pre_forward_head": "11111001000001101001001",
          "pre_reverse_head": "11111001000001000111001",
          "selected_role": null
        },
        {
          "owner": "11110011000001100011001",
          "post_head": "11110011000001000111001",
          "pre_component": 47,
          "pre_forward_head": "11110011000001101001001",
          "pre_reverse_head": "11110011000001000111001",
          "selected_role": null
        },
        {
          "owner": "11111100000001000111001",
          "post_head": "11111100000001100011001",
          "pre_component": 47,
          "pre_forward_head": "11111100000000010111001",
          "pre_reverse_head": "11111100000001100011001",
          "selected_role": null
        },
        {
          "owner": "11010111000001000111001",
          "post_head": "11010111000000010111001",
          "pre_component": 47,
          "pre_forward_head": "11010111000001100011001",
          "pre_reverse_head": "11010111000000010111001",
          "selected_role": null
        },
        {
          "owner": "11011000101001000111001",
          "post_head": "11011000101000010111001",
          "pre_component": 8,
          "pre_forward_head": "11011000101001100011001",
          "pre_reverse_head": "11011000101000010111001",
          "selected_role": null
        },
        {
          "owner": "11111010000000010111001",
          "post_head": "11111010000001000111001",
          "pre_component": 47,
          "pre_forward_head": "11111010000000010110101",
          "pre_reverse_head": "11111010000001000111001",
          "selected_role": null
        },
        {
          "owner": "11111001000000010111001",
          "post_head": "11111001000000010110101",
          "pre_component": 47,
          "pre_forward_head": "11111001000001000111001",
          "pre_reverse_head": "11111001000000010110101",
          "selected_role": null
        },
        {
          "owner": "11110011000000010111001",
          "post_head": "11110011000000010110101",
          "pre_component": 47,
          "pre_forward_head": "11110011000001000111001",
          "pre_reverse_head": "11110011000000010110101",
          "selected_role": null
        },
        {
          "owner": "11111100000000010110101",
          "post_head": "11111100000000010111001",
          "pre_component": 47,
          "pre_forward_head": "01111100000000010110111",
          "pre_reverse_head": "11111100000000010111001",
          "selected_role": null
        },
        {
          "owner": "11010111000000010110101",
          "post_head": "01010111000000010110111",
          "pre_component": 47,
          "pre_forward_head": "11010111000000010111001",
          "pre_reverse_head": "01010111000000010110111",
          "selected_role": null
        },
        {
          "owner": "11011000101000010110101",
          "post_head": "11011000100000010110111",
          "pre_component": 8,
          "pre_forward_head": "11011000101000010111001",
          "pre_reverse_head": "11011000100000010110111",
          "selected_role": null
        },
        {
          "owner": "11011010101000100000111",
          "post_head": "11011010101000101000101",
          "pre_component": 363,
          "pre_forward_head": "11011010101000000100111",
          "pre_reverse_head": "11011010101000101000101",
          "selected_role": null
        },
        {
          "owner": "01011010101000010100111",
          "post_head": "11011010101000000100111",
          "pre_component": 363,
          "pre_forward_head": "00111010101000010100111",
          "pre_reverse_head": "11011010101000000100111",
          "selected_role": null
        },
        {
          "owner": "00111010100010010100111",
          "post_head": "00111010101000010100111",
          "pre_component": 363,
          "pre_forward_head": "00111010000110010100111",
          "pre_reverse_head": "00111010101000010100111",
          "selected_role": null
        },
        {
          "owner": "00111000010110010100111",
          "post_head": "00111010000110010100111",
          "pre_component": 363,
          "pre_forward_head": "00110001010110010100111",
          "pre_reverse_head": "00111010000110010100111",
          "selected_role": null
        },
        {
          "owner": "00100101010110010100111",
          "post_head": "00110001010110010100111",
          "pre_component": 363,
          "pre_forward_head": "00100101010111010100110",
          "pre_reverse_head": "00110001010110010100111",
          "selected_role": null
        },
        {
          "owner": "01111010000000010110111",
          "post_head": "11111010000000010110101",
          "pre_component": 47,
          "pre_forward_head": "01011010001000010110111",
          "pre_reverse_head": "11111010000000010110101",
          "selected_role": null
        },
        {
          "owner": "01111001000000010110111",
          "post_head": "01011001001000010110111",
          "pre_component": 47,
          "pre_forward_head": "11111001000000010110101",
          "pre_reverse_head": "01011001001000010110111",
          "selected_role": null
        },
        {
          "owner": "01110011000000010110111",
          "post_head": "01110001001000010110111",
          "pre_component": 47,
          "pre_forward_head": "11110011000000010110101",
          "pre_reverse_head": "01110001001000010110111",
          "selected_role": null
        },
        {
          "owner": "00110111000000010110111",
          "post_head": "00101111000000010110111",
          "pre_component": 47,
          "pre_forward_head": "01010111000000010110111",
          "pre_reverse_head": "00101111000000010110111",
          "selected_role": null
        },
        {
          "owner": "01011100001000010110111",
          "post_head": "01111100000000010110111",
          "pre_component": 47,
          "pre_forward_head": "01010100101000010110111",
          "pre_reverse_head": "01111100000000010110111",
          "selected_role": null
        },
        {
          "owner": "00101101001000010110111",
          "post_head": "00101100101000010110111",
          "pre_component": 47,
          "pre_forward_head": "00101111000000010110111",
          "pre_reverse_head": "00101100101000010110111",
          "selected_role": null
        },
        {
          "owner": "01010011001000010110111",
          "post_head": "01000111001000010110111",
          "pre_component": 47,
          "pre_forward_head": "01011001001000010110111",
          "pre_reverse_head": "01000111001000010110111",
          "selected_role": null
        },
        {
          "owner": "01110000101000010110111",
          "post_head": "01010000111000010110111",
          "pre_component": 47,
          "pre_forward_head": "01110001001000010110111",
          "pre_reverse_head": "01010000111000010110111",
          "selected_role": null
        },
        {
          "owner": "01011000101000010110111",
          "post_head": "01011010001000010110111",
          "pre_component": 47,
          "pre_forward_head": "01010001101000010110111",
          "pre_reverse_head": "01011010001000010110111",
          "selected_role": null
        },
        {
          "owner": "01010010101000010110111",
          "post_head": "01010100101000010110111",
          "pre_component": 47,
          "pre_forward_head": "01000011101000010110111",
          "pre_reverse_head": "01010100101000010110111",
          "selected_role": null
        },
        {
          "owner": "01000110101000010110111",
          "post_head": "00000110111000010110111",
          "pre_component": 47,
          "pre_forward_head": "01000111001000010110111",
          "pre_reverse_head": "00000110111000010110111",
          "selected_role": null
        },
        {
          "owner": "01000101101000010110111",
          "post_head": "01010001101000010110111",
          "pre_component": 47,
          "pre_forward_head": "00000101111000010110111",
          "pre_reverse_head": "01010001101000010110111",
          "selected_role": null
        },
        {
          "owner": "01001000111000010110111",
          "post_head": "00001100111000010110111",
          "pre_component": 47,
          "pre_forward_head": "01010000111000010110111",
          "pre_reverse_head": "00001100111000010110111",
          "selected_role": null
        },
        {
          "owner": "00101000111000010110111",
          "post_head": "00101000111100010110110",
          "pre_component": 47,
          "pre_forward_head": "00101100101000010110111",
          "pre_reverse_head": "00101000111100010110110",
          "selected_role": null
        },
        {
          "owner": "00000011111000010110111",
          "post_head": "01000011101000010110111",
          "pre_component": 47,
          "pre_forward_head": "00000011111100010110110",
          "pre_reverse_head": "01000011101000010110111",
          "selected_role": null
        },
        {
          "owner": "11011000000100010110111",
          "post_head": "01011000010100010110111",
          "pre_component": 8,
          "pre_forward_head": "11011000100000010110111",
          "pre_reverse_head": "01011000010100010110111",
          "selected_role": null
        },
        {
          "owner": "00111000010100010110111",
          "post_head": "00110010010100010110111",
          "pre_component": 8,
          "pre_forward_head": "01011000010100010110111",
          "pre_reverse_head": "00110010010100010110111",
          "selected_role": null
        },
        {
          "owner": "00100110010100010110111",
          "post_head": "00100111010100010110110",
          "pre_component": 8,
          "pre_forward_head": "00110010010100010110111",
          "pre_reverse_head": "00100111010100010110110",
          "selected_role": null
        }
      ],
      "tag_bits": 14,
      "touched_pre_components": [
        8,
        47,
        264,
        363
      ],
      "variables": 534432
    },
    {
      "clauses": 1415880,
      "minimal_owner_core_size": 96,
      "post_reverse": 1,
      "raw_assumption_core_size": 108,
      "rows": [
        {
          "owner": "11111100000011100110000",
          "post_head": "11111100000001100110001",
          "pre_component": 2,
          "pre_forward_head": "10111100000111100110000",
          "pre_reverse_head": "11111100000001100110001",
          "selected_role": null
        },
        {
          "owner": "11110011000011100110000",
          "post_head": "10110011000111100110000",
          "pre_component": 2,
          "pre_forward_head": "11110011000001100110001",
          "pre_reverse_head": "10110011000111100110000",
          "selected_role": null
        },
        {
          "owner": "10011111000011100110000",
          "post_head": "11001111000011100110000",
          "pre_component": 322,
          "pre_forward_head": "11001111000011100110000",
          "pre_reverse_head": "00111111000011100110000",
          "selected_role": null
        },
        {
          "owner": "10111010000111100110000",
          "post_head": "11111010000011100110000",
          "pre_component": 2,
          "pre_forward_head": "10101010010111100110000",
          "pre_reverse_head": "11111010000011100110000",
          "selected_role": null
        },
        {
          "owner": "10111001000111100110000",
          "post_head": "10111000010111100110000",
          "pre_component": 2,
          "pre_forward_head": "11111001000011100110000",
          "pre_reverse_head": "10111000010111100110000",
          "selected_role": null
        },
        {
          "owner": "11010011000111100110000",
          "post_head": "11010010010111100110000",
          "pre_component": 2,
          "pre_forward_head": "11010111000011100110000",
          "pre_reverse_head": "11010010010111100110000",
          "selected_role": null
        },
        {
          "owner": "00111011000111100110000",
          "post_head": "00111111000011100110000",
          "pre_component": 322,
          "pre_forward_head": "00111111000011100110000",
          "pre_reverse_head": "00111010010111100110000",
          "selected_role": null
        },
        {
          "owner": "10100111000111100110000",
          "post_head": "10001111000111100110000",
          "pre_component": 2,
          "pre_forward_head": "10110011000111100110000",
          "pre_reverse_head": "10001111000111100110000",
          "selected_role": null
        },
        {
          "owner": "10111000010111100110000",
          "post_head": "00111000110111100110000",
          "pre_component": 2,
          "pre_forward_head": "10111001000111100110000",
          "pre_reverse_head": "10101000110111100110000",
          "selected_role": null
        },
        {
          "owner": "10101100010111100110000",
          "post_head": "10111100000111100110000",
          "pre_component": 2,
          "pre_forward_head": "10001100110111100110000",
          "pre_reverse_head": "10111100000111100110000",
          "selected_role": null
        },
        {
          "owner": "10100110010111100110000",
          "post_head": "10101010010111100110000",
          "pre_component": 2,
          "pre_forward_head": "10100101010111100110000",
          "pre_reverse_head": "10101010010111100110000",
          "selected_role": null
        },
        {
          "owner": "10001110010111100110000",
          "post_head": "10001100110111100110000",
          "pre_component": 2,
          "pre_forward_head": "10001111000111100110000",
          "pre_reverse_head": "10001100110111100110000",
          "selected_role": null
        },
        {
          "owner": "10101001010111100110000",
          "post_head": "10100101010111100110000",
          "pre_component": 2,
          "pre_forward_head": "10100011010111100110000",
          "pre_reverse_head": "10100101010111100110000",
          "selected_role": null
        },
        {
          "owner": "11010000110111100110000",
          "post_head": "11000000111111100110000",
          "pre_component": 2,
          "pre_forward_head": "11010010010111100110000",
          "pre_reverse_head": "11000000111111100110000",
          "selected_role": null
        },
        {
          "owner": "10101000110111100110000",
          "post_head": "10001000110111110110000",
          "pre_component": 2,
          "pre_forward_head": "10111000010111100110000",
          "pre_reverse_head": "00101000111111100110000",
          "selected_role": {
            "circuit": 13,
            "edge_index": 13,
            "row": 5
          }
        },
        {
          "owner": "00111000110111100110000",
          "post_head": "00111010010111100110000",
          "pre_component": 322,
          "pre_forward_head": "00111010010111100110000",
          "pre_reverse_head": "00110000111111100110000",
          "selected_role": {
            "circuit": 13,
            "edge_index": 13,
            "row": 4
          }
        },
        {
          "owner": "10100100110111100110000",
          "post_head": "10000110110111100110000",
          "pre_component": 2,
          "pre_forward_head": "10000101110111100110000",
          "pre_reverse_head": "10000110110111100110000",
          "selected_role": null
        },
        {
          "owner": "10000011110111100110000",
          "post_head": "10100011010111100110000",
          "pre_component": 2,
          "pre_forward_head": "00000011111111100110000",
          "pre_reverse_head": "10100011010111100110000",
          "selected_role": null
        },
        {
          "owner": "00110000111111100110000",
          "post_head": "00101000111111100110000",
          "pre_component": 322,
          "pre_forward_head": "00111000110111100110000",
          "pre_reverse_head": "00110000111111100010010",
          "selected_role": null
        },
        {
          "owner": "10001000111111100110000",
          "post_head": "00001100111111100110000",
          "pre_component": 2,
          "pre_forward_head": "11000000111111100110000",
          "pre_reverse_head": "00001100111111100110000",
          "selected_role": null
        },
        {
          "owner": "00000110111111100110000",
          "post_head": "00000110111111100010010",
          "pre_component": 2,
          "pre_forward_head": "10000110110111100110000",
          "pre_reverse_head": "00000110111111100010010",
          "selected_role": null
        },
        {
          "owner": "00000101111111100110000",
          "post_head": "10000101110111100110000",
          "pre_component": 2,
          "pre_forward_head": "00000101111111100010010",
          "pre_reverse_head": "10000101110111100110000",
          "selected_role": null
        },
        {
          "owner": "11010111001000110110000",
          "post_head": "11010111001000010110001",
          "pre_component": 196,
          "pre_forward_head": "11010111001000010110001",
          "pre_reverse_head": "11010011001001110110000",
          "selected_role": null
        },
        {
          "owner": "11010010011001110110000",
          "post_head": "11010011001001110110000",
          "pre_component": 196,
          "pre_forward_head": "11010011001001110110000",
          "pre_reverse_head": "11010000111001110110000",
          "selected_role": null
        },
        {
          "owner": "11010000110101110110000",
          "post_head": "11010000111001110110000",
          "pre_component": 196,
          "pre_forward_head": "11010000111001110110000",
          "pre_reverse_head": "11000000110111110110000",
          "selected_role": null
        },
        {
          "owner": "10001000110111110110000",
          "post_head": "11000000110111110110000",
          "pre_component": 196,
          "pre_forward_head": "11000000110111110110000",
          "pre_reverse_head": "00101000110111110110000",
          "selected_role": null
        },
        {
          "owner": "00101000110111110110000",
          "post_head": "00101000110111110010010",
          "pre_component": 196,
          "pre_forward_head": "10001000110111110110000",
          "pre_reverse_head": "00101000110111110010010",
          "selected_role": {
            "circuit": 13,
            "edge_index": 13,
            "row": 6
          }
        },
        {
          "owner": "11010111001000110011000",
          "post_head": "11010111001000110001001",
          "pre_component": 284,
          "pre_forward_head": "11010111001000110001001",
          "pre_reverse_head": "11010011001001110011000",
          "selected_role": null
        },
        {
          "owner": "11010010011001110011000",
          "post_head": "11010011001001110011000",
          "pre_component": 284,
          "pre_forward_head": "11010011001001110011000",
          "pre_reverse_head": "11010000111001110011000",
          "selected_role": null
        },
        {
          "owner": "11010000110101110011000",
          "post_head": "11010000111001110011000",
          "pre_component": 284,
          "pre_forward_head": "11010000111001110011000",
          "pre_reverse_head": "11000000110111110011000",
          "selected_role": null
        },
        {
          "owner": "10001000110111110011000",
          "post_head": "11000000110111110011000",
          "pre_component": 284,
          "pre_forward_head": "11000000110111110011000",
          "pre_reverse_head": "00101000110111110011000",
          "selected_role": null
        },
        {
          "owner": "00101000110111110011000",
          "post_head": "00101000110111110110000",
          "pre_component": 284,
          "pre_forward_head": "10001000110111110011000",
          "pre_reverse_head": "00101000110111100111000",
          "selected_role": {
            "circuit": 12,
            "edge_index": 12,
            "row": 7
          }
        },
        {
          "owner": "00101000110111100111000",
          "post_head": "00101000110111100110010",
          "pre_component": 284,
          "pre_forward_head": "00101000110111110011000",
          "pre_reverse_head": "00101000110111001111000",
          "selected_role": {
            "circuit": 13,
            "edge_index": 13,
            "row": 7
          }
        },
        {
          "owner": "00101000110111001111000",
          "post_head": "00101000110111100111000",
          "pre_component": 284,
          "pre_forward_head": "00101000110111100111000",
          "pre_reverse_head": "00101000110111001110010",
          "selected_role": null
        },
        {
          "owner": "00001100111111100010010",
          "post_head": "00001100111111100001010",
          "pre_component": 2,
          "pre_forward_head": "00001100111111100110000",
          "pre_reverse_head": "00001100111111100001010",
          "selected_role": null
        },
        {
          "owner": "00000011111111100010010",
          "post_head": "00000011111111100110000",
          "pre_component": 2,
          "pre_forward_head": "00000011111111100001010",
          "pre_reverse_head": "00000011111111100110000",
          "selected_role": null
        },
        {
          "owner": "00101000110111100110010",
          "post_head": "00101000111111100010010",
          "pre_component": 49,
          "pre_forward_head": "00101000110111101010010",
          "pre_reverse_head": "00101000110111100101010",
          "selected_role": {
            "circuit": 13,
            "edge_index": 13,
            "row": 2
          }
        },
        {
          "owner": "00110000111111100001010",
          "post_head": "00110000111111100010010",
          "pre_component": 322,
          "pre_forward_head": "00110000111111100010010",
          "pre_reverse_head": "00110000111110100001110",
          "selected_role": null
        },
        {
          "owner": "00101000111111100001010",
          "post_head": "00101000111110100001110",
          "pre_component": 2,
          "pre_forward_head": "00101000111111100010010",
          "pre_reverse_head": "00101000111110100001110",
          "selected_role": null
        },
        {
          "owner": "00000110111111100001010",
          "post_head": "00000110111110100001110",
          "pre_component": 2,
          "pre_forward_head": "00000110111111100010010",
          "pre_reverse_head": "00000110111110100001110",
          "selected_role": null
        },
        {
          "owner": "00000101111111100001010",
          "post_head": "00000101111111100010010",
          "pre_component": 2,
          "pre_forward_head": "00000101111110100001110",
          "pre_reverse_head": "00000101111111100010010",
          "selected_role": null
        },
        {
          "owner": "00101000110111110001010",
          "post_head": "00101000110111110011000",
          "pre_component": 196,
          "pre_forward_head": "00101000110111110010010",
          "pre_reverse_head": "00101000110111100001110",
          "selected_role": null
        },
        {
          "owner": "00101000110111001100110",
          "post_head": "00101000110111001110010",
          "pre_component": 284,
          "pre_forward_head": "00101000110111001110010",
          "pre_reverse_head": "00101000110110001100111",
          "selected_role": null
        },
        {
          "owner": "00001100111110100001110",
          "post_head": "00001100111110010001110",
          "pre_component": 2,
          "pre_forward_head": "00001100111111100001010",
          "pre_reverse_head": "00001100111110010001110",
          "selected_role": null
        },
        {
          "owner": "00000011111110100001110",
          "post_head": "00000011111111100001010",
          "pre_component": 2,
          "pre_forward_head": "00000011111110010001110",
          "pre_reverse_head": "00000011111111100001010",
          "selected_role": null
        },
        {
          "owner": "00110000111110010001110",
          "post_head": "00110000111110100001110",
          "pre_component": 322,
          "pre_forward_head": "00110000111110100001110",
          "pre_reverse_head": "00110000111100011001110",
          "selected_role": null
        },
        {
          "owner": "00101000111110010001110",
          "post_head": "00101000111100011001110",
          "pre_component": 2,
          "pre_forward_head": "00101000111110100001110",
          "pre_reverse_head": "00101000111100011001110",
          "selected_role": null
        },
        {
          "owner": "00000110111110010001110",
          "post_head": "00000110111100011001110",
          "pre_component": 2,
          "pre_forward_head": "00000110111110100001110",
          "pre_reverse_head": "00000110111100011001110",
          "selected_role": null
        },
        {
          "owner": "00000101111110010001110",
          "post_head": "00000101111110100001110",
          "pre_component": 2,
          "pre_forward_head": "00000101111100011001110",
          "pre_reverse_head": "00000101111110100001110",
          "selected_role": null
        },
        {
          "owner": "00101000110111001001110",
          "post_head": "00101000110111100001110",
          "pre_component": 196,
          "pre_forward_head": "00101000110111100001110",
          "pre_reverse_head": "00101000110110001001111",
          "selected_role": null
        },
        {
          "owner": "00001100111100011001110",
          "post_head": "00001100111000011001111",
          "pre_component": 2,
          "pre_forward_head": "00001100111110010001110",
          "pre_reverse_head": "00001100111000011001111",
          "selected_role": null
        },
        {
          "owner": "00000011111100011001110",
          "post_head": "00000011111110010001110",
          "pre_component": 2,
          "pre_forward_head": "00000011111000011001111",
          "pre_reverse_head": "00000011111110010001110",
          "selected_role": null
        },
        {
          "owner": "11111010000001100110001",
          "post_head": "11111010000001001110001",
          "pre_component": 2,
          "pre_forward_head": "11111010000011100110000",
          "pre_reverse_head": "11111010000001001110001",
          "selected_role": null
        },
        {
          "owner": "11111001000001100110001",
          "post_head": "11111001000011100110000",
          "pre_component": 2,
          "pre_forward_head": "11111001000001001110001",
          "pre_reverse_head": "11111001000011100110000",
          "selected_role": null
        },
        {
          "owner": "11010111000001100110001",
          "post_head": "11010111000011100110000",
          "pre_component": 2,
          "pre_forward_head": "11010111000001001110001",
          "pre_reverse_head": "11010111000011100110000",
          "selected_role": null
        },
        {
          "owner": "11001111000001100110001",
          "post_head": "11001111000001001110001",
          "pre_component": 322,
          "pre_forward_head": "11001111000001001110001",
          "pre_reverse_head": "11001111000011100110000",
          "selected_role": null
        },
        {
          "owner": "11010111001000001110001",
          "post_head": "11010111001000001100101",
          "pre_component": 196,
          "pre_forward_head": "11010111001000001100101",
          "pre_reverse_head": "11010111001000010110001",
          "selected_role": null
        },
        {
          "owner": "11111100000001001110001",
          "post_head": "11111100000000011110001",
          "pre_component": 2,
          "pre_forward_head": "11111100000001100110001",
          "pre_reverse_head": "11111100000000011110001",
          "selected_role": null
        },
        {
          "owner": "11110011000001001110001",
          "post_head": "11110011000001100110001",
          "pre_component": 2,
          "pre_forward_head": "11110011000000011110001",
          "pre_reverse_head": "11110011000001100110001",
          "selected_role": null
        },
        {
          "owner": "11111010000000011110001",
          "post_head": "11111010000000011100101",
          "pre_component": 2,
          "pre_forward_head": "11111010000001001110001",
          "pre_reverse_head": "11111010000000011100101",
          "selected_role": null
        },
        {
          "owner": "11111001000000011110001",
          "post_head": "11111001000001001110001",
          "pre_component": 2,
          "pre_forward_head": "11111001000000011100101",
          "pre_reverse_head": "11111001000001001110001",
          "selected_role": null
        },
        {
          "owner": "11010111000000011110001",
          "post_head": "11010111000001001110001",
          "pre_component": 2,
          "pre_forward_head": "11010111000000011100101",
          "pre_reverse_head": "11010111000001001110001",
          "selected_role": null
        },
        {
          "owner": "11001111000000011110001",
          "post_head": "11001111000000011100101",
          "pre_component": 322,
          "pre_forward_head": "11001111000000011100101",
          "pre_reverse_head": "11001111000001001110001",
          "selected_role": null
        },
        {
          "owner": "11010111001000110000101",
          "post_head": "11010111001000010000111",
          "pre_component": 284,
          "pre_forward_head": "11010111001000010000111",
          "pre_reverse_head": "11010111001000110001001",
          "selected_role": null
        },
        {
          "owner": "11111100000000011100101",
          "post_head": "11111100000000011001101",
          "pre_component": 2,
          "pre_forward_head": "11111100000000011110001",
          "pre_reverse_head": "11111100000000011001101",
          "selected_role": null
        },
        {
          "owner": "11110011000000011100101",
          "post_head": "11110011000000011110001",
          "pre_component": 2,
          "pre_forward_head": "11110011000000011001101",
          "pre_reverse_head": "11110011000000011110001",
          "selected_role": null
        },
        {
          "owner": "11010111001000001001101",
          "post_head": "01010111001000001001111",
          "pre_component": 196,
          "pre_forward_head": "01010111001000001001111",
          "pre_reverse_head": "11010111001000001100101",
          "selected_role": null
        },
        {
          "owner": "11111010000000011001101",
          "post_head": "01111010000000011001111",
          "pre_component": 2,
          "pre_forward_head": "11111010000000011100101",
          "pre_reverse_head": "01111010000000011001111",
          "selected_role": null
        },
        {
          "owner": "11111001000000011001101",
          "post_head": "11111001000000011100101",
          "pre_component": 2,
          "pre_forward_head": "01111001000000011001111",
          "pre_reverse_head": "11111001000000011100101",
          "selected_role": null
        },
        {
          "owner": "11010111000000011001101",
          "post_head": "11010111000000011100101",
          "pre_component": 2,
          "pre_forward_head": "01010111000000011001111",
          "pre_reverse_head": "11010111000000011100101",
          "selected_role": null
        },
        {
          "owner": "11001111000000011001101",
          "post_head": "11000111000000011001111",
          "pre_component": 322,
          "pre_forward_head": "11000111000000011001111",
          "pre_reverse_head": "11001111000000011100101",
          "selected_role": null
        },
        {
          "owner": "11010111001000001000111",
          "post_head": "01010111001000001100111",
          "pre_component": 284,
          "pre_forward_head": "01010111001000001100111",
          "pre_reverse_head": "11010111001000010000111",
          "selected_role": null
        },
        {
          "owner": "00110111001000001100111",
          "post_head": "00101111001000001100111",
          "pre_component": 284,
          "pre_forward_head": "00101111001000001100111",
          "pre_reverse_head": "01010111001000001100111",
          "selected_role": null
        },
        {
          "owner": "00101111000010001100111",
          "post_head": "00101101000110001100111",
          "pre_component": 284,
          "pre_forward_head": "00101101000110001100111",
          "pre_reverse_head": "00101111001000001100111",
          "selected_role": null
        },
        {
          "owner": "00101100100110001100111",
          "post_head": "00101000110110001100111",
          "pre_component": 284,
          "pre_forward_head": "00101000110110001100111",
          "pre_reverse_head": "00101101000110001100111",
          "selected_role": null
        },
        {
          "owner": "00110111001000001001111",
          "post_head": "00101111001000001001111",
          "pre_component": 196,
          "pre_forward_head": "00101111001000001001111",
          "pre_reverse_head": "01010111001000001001111",
          "selected_role": null
        },
        {
          "owner": "00101111000010001001111",
          "post_head": "00101101000110001001111",
          "pre_component": 196,
          "pre_forward_head": "00101101000110001001111",
          "pre_reverse_head": "00101111001000001001111",
          "selected_role": null
        },
        {
          "owner": "00101100100110001001111",
          "post_head": "00101000110110001001111",
          "pre_component": 196,
          "pre_forward_head": "00101000110110001001111",
          "pre_reverse_head": "00101101000110001001111",
          "selected_role": null
        },
        {
          "owner": "01111100000000011001111",
          "post_head": "01011100001000011001111",
          "pre_component": 2,
          "pre_forward_head": "11111100000000011001101",
          "pre_reverse_head": "01011100001000011001111",
          "selected_role": null
        },
        {
          "owner": "01110011000000011001111",
          "post_head": "11110011000000011001101",
          "pre_component": 2,
          "pre_forward_head": "01110001001000011001111",
          "pre_reverse_head": "11110011000000011001101",
          "selected_role": null
        },
        {
          "owner": "00110111000000011001111",
          "post_head": "01010111000000011001111",
          "pre_component": 2,
          "pre_forward_head": "00101111000000011001111",
          "pre_reverse_head": "01010111000000011001111",
          "selected_role": null
        },
        {
          "owner": "01011010001000011001111",
          "post_head": "01011000101000011001111",
          "pre_component": 2,
          "pre_forward_head": "01111010000000011001111",
          "pre_reverse_head": "01011000101000011001111",
          "selected_role": null
        },
        {
          "owner": "01011001001000011001111",
          "post_head": "01111001000000011001111",
          "pre_component": 2,
          "pre_forward_head": "01010011001000011001111",
          "pre_reverse_head": "01111001000000011001111",
          "selected_role": null
        },
        {
          "owner": "11000101001000011001111",
          "post_head": "11000100101000011001111",
          "pre_component": 322,
          "pre_forward_head": "11000100101000011001111",
          "pre_reverse_head": "11000111000000011001111",
          "selected_role": null
        },
        {
          "owner": "00101101001000011001111",
          "post_head": "00101111000000011001111",
          "pre_component": 2,
          "pre_forward_head": "00101100101000011001111",
          "pre_reverse_head": "00101111000000011001111",
          "selected_role": null
        },
        {
          "owner": "01000111001000011001111",
          "post_head": "01010011001000011001111",
          "pre_component": 2,
          "pre_forward_head": "01000110101000011001111",
          "pre_reverse_head": "01010011001000011001111",
          "selected_role": null
        },
        {
          "owner": "01110000101000011001111",
          "post_head": "01110001001000011001111",
          "pre_component": 2,
          "pre_forward_head": "01010000111000011001111",
          "pre_reverse_head": "01110001001000011001111",
          "selected_role": null
        },
        {
          "owner": "01010100101000011001111",
          "post_head": "01010010101000011001111",
          "pre_component": 2,
          "pre_forward_head": "01011100001000011001111",
          "pre_reverse_head": "01010010101000011001111",
          "selected_role": null
        },
        {
          "owner": "01010001101000011001111",
          "post_head": "01000101101000011001111",
          "pre_component": 2,
          "pre_forward_head": "01011000101000011001111",
          "pre_reverse_head": "01000101101000011001111",
          "selected_role": null
        },
        {
          "owner": "01000011101000011001111",
          "post_head": "00000011111000011001111",
          "pre_component": 2,
          "pre_forward_head": "01010010101000011001111",
          "pre_reverse_head": "00000011111000011001111",
          "selected_role": null
        },
        {
          "owner": "11000000111000011001111",
          "post_head": "01000000111100011001111",
          "pre_component": 322,
          "pre_forward_head": "01000000111100011001111",
          "pre_reverse_head": "11000100101000011001111",
          "selected_role": null
        },
        {
          "owner": "01001000111000011001111",
          "post_head": "01010000111000011001111",
          "pre_component": 2,
          "pre_forward_head": "00001100111000011001111",
          "pre_reverse_head": "01010000111000011001111",
          "selected_role": null
        },
        {
          "owner": "00101000111000011001111",
          "post_head": "00101100101000011001111",
          "pre_component": 2,
          "pre_forward_head": "00101000111100011001110",
          "pre_reverse_head": "00101100101000011001111",
          "selected_role": null
        },
        {
          "owner": "00000110111000011001111",
          "post_head": "01000110101000011001111",
          "pre_component": 2,
          "pre_forward_head": "00000110111100011001110",
          "pre_reverse_head": "01000110101000011001111",
          "selected_role": null
        },
        {
          "owner": "00000101111000011001111",
          "post_head": "00000101111100011001110",
          "pre_component": 2,
          "pre_forward_head": "01000101101000011001111",
          "pre_reverse_head": "00000101111100011001110",
          "selected_role": null
        },
        {
          "owner": "00100000111100011001111",
          "post_head": "00110000111100011001110",
          "pre_component": 322,
          "pre_forward_head": "00110000111100011001110",
          "pre_reverse_head": "01000000111100011001111",
          "selected_role": null
        }
      ],
      "tag_bits": 14,
      "touched_pre_components": [
        2,
        49,
        196,
        284,
        322
      ],
      "variables": 534432
    }
  ],
  "selection_sha256": "94deb656dac1d8955b20d851e92600156d703842d6de169d4b6bea356fa3ec32",
  "status": "PASS"
}
