{
  "common_owner_simple_affine_maps": 103,
  "conclusion": "NO_WITNESS",
  "scope": "all 103 affine Z_17 relabelings owner-disjoint in both states; all minimum whole-rail polarity collision types; one bad-window cut per copy; both C4 cross matchings",
  "source_sha256": "cae68fd6542d1925c3663c901f981fee596dfa10560fc01b278d367960c7573d",
  "states": {
    "state_one": {
      "census": {
        "distinct_cross_matchings": 16480,
        "legal_johnson_c4": 0,
        "opposite_polarity_type_pairs": 412,
        "same_polarity_type_pairs": 515,
        "target_cut_pairs": 8240
      },
      "collision_types": [
        {
          "assignments": 32,
          "bank": "lower_q2",
          "providers": [
            [
              "p11c2",
              0
            ],
            [
              "pX1",
              2
            ]
          ],
          "resource": "00100000110001111"
        },
        {
          "assignments": 64,
          "bank": "lower_q2",
          "providers": [
            [
              "p10c4_1",
              1
            ],
            [
              "p11c0",
              6
            ]
          ],
          "resource": "10011000000001111"
        },
        {
          "assignments": 64,
          "bank": "upper_q2",
          "providers": [
            [
              "p10c4_1",
              3
            ],
            [
              "p11c1",
              7
            ]
          ],
          "resource": "11011100110001111"
        }
      ],
      "minimum_assignments": 160
    },
    "state_two": {
      "census": {
        "distinct_cross_matchings": 21424,
        "legal_johnson_c4": 0,
        "opposite_polarity_type_pairs": 618,
        "same_polarity_type_pairs": 1030,
        "target_cut_pairs": 10712
      },
      "collision_types": [
        {
          "assignments": 64,
          "bank": "lower_q1",
          "providers": [
            [
              "n10c2",
              0
            ],
            [
              "nX2",
              5
            ]
          ],
          "resource": "01100000110001111"
        },
        {
          "assignments": 64,
          "bank": "lower_q2",
          "providers": [
            [
              "n11c3",
              10
            ],
            [
              "nX1",
              2
            ]
          ],
          "resource": "00010000110001111"
        },
        {
          "assignments": 128,
          "bank": "lower_q2",
          "providers": [
            [
              "n10c1",
              4
            ],
            [
              "nX2",
              5
            ]
          ],
          "resource": "01000000110001111"
        },
        {
          "assignments": 64,
          "bank": "upper_q1",
          "providers": [
            [
              "n10c1",
              3
            ],
            [
              "n10c2",
              0
            ]
          ],
          "resource": "11101000110001111"
        }
      ],
      "minimum_assignments": 320
    }
  },
  "status": "PASS"
}
