{
  "counts": {
    "all_typed_safe": 0,
    "creators": 14,
    "lower_q1_safe": 4,
    "q2_safe": 1
  },
  "mixed_c8_c6_counts": {
    "all_typed_safe": 1,
    "lower_q1_safe": 645,
    "owner_disjoint_tested": 11418,
    "q2_safe": 548
  },
  "mixed_c8_c6_rows": [
    {
      "c6_active_one_based": [
        1,
        7,
        12
      ],
      "c6_colours": [
        "000011110111",
        "100011010111",
        "100011110110"
      ],
      "c6_core": "000011010110",
      "c6_index": 811,
      "c6_owners": [
        "000011010111",
        "000011110110",
        "100011010110"
      ],
      "c8_colours": [
        "110011000111",
        "110010010111",
        "100011010111",
        "110011010101"
      ],
      "c8_owners": [
        "110011000101",
        "110010000111",
        "100010010111",
        "100011010101"
      ],
      "currents": {
        "lower_q1": [
          {
            "delta": -1,
            "new_load": 1,
            "old_load": 2,
            "value": "000011110100"
          },
          {
            "delta": -1,
            "new_load": 1,
            "old_load": 2,
            "value": "100011000110"
          },
          {
            "delta": 1,
            "new_load": 1,
            "old_load": 0,
            "value": "000011100110"
          },
          {
            "delta": 1,
            "new_load": 1,
            "old_load": 0,
            "value": "100010010110"
          },
          {
            "delta": -1,
            "new_load": 1,
            "old_load": 2,
            "value": "110011000001"
          },
          {
            "delta": 1,
            "new_load": 3,
            "old_load": 2,
            "value": "100011010001"
          },
          {
            "delta": 1,
            "new_load": 2,
            "old_load": 1,
            "value": "110001000101"
          },
          {
            "delta": -1,
            "new_load": 1,
            "old_load": 2,
            "value": "100000010111"
          }
        ],
        "lower_q2": [],
        "owner": [],
        "upper_q1": [],
        "upper_q2": [
          {
            "delta": -1,
            "new_load": 1,
            "old_load": 2,
            "value": "110111000111"
          },
          {
            "delta": -1,
            "new_load": 1,
            "old_load": 2,
            "value": "111010010111"
          },
          {
            "delta": 1,
            "new_load": 3,
            "old_load": 2,
            "value": "110110010111"
          },
          {
            "delta": 1,
            "new_load": 1,
            "old_load": 0,
            "value": "101011010111"
          },
          {
            "delta": 1,
            "new_load": 1,
            "old_load": 0,
            "value": "110011001111"
          },
          {
            "delta": -1,
            "new_load": 1,
            "old_load": 2,
            "value": "000011111111"
          }
        ]
      },
      "topology_residence": {
        "6": {
          "components": 127,
          "owner_runs": {
            "0": 2,
            "1": 1
          },
          "upper_runs": {
            "0": 1,
            "1": 2
          }
        },
        "7": {
          "components": 127,
          "owner_runs": {
            "0": 1,
            "1": 2
          },
          "upper_runs": {
            "0": 1,
            "1": 3
          }
        }
      }
    }
  ],
  "rows": [
    {
      "all_typed_safe": false,
      "casualties": {
        "lower_q1": [
          "000011010101"
        ]
      },
      "colours": [
        "110011000111",
        "110010010111",
        "100011010111",
        "110011010101"
      ],
      "currents": {
        "lower_q1": [
          {
            "delta": -1,
            "value": "110011000001"
          },
          {
            "delta": 1,
            "value": "100011010001"
          },
          {
            "delta": 1,
            "value": "110001000101"
          },
          {
            "delta": -1,
            "value": "000011010101"
          },
          {
            "delta": -1,
            "value": "100000010111"
          },
          {
            "delta": 1,
            "value": "000010010111"
          }
        ],
        "lower_q2": [],
        "owner": [],
        "upper_q1": [],
        "upper_q2": [
          {
            "delta": -1,
            "value": "110111000111"
          },
          {
            "delta": -1,
            "value": "111010010111"
          },
          {
            "delta": 1,
            "value": "110110010111"
          },
          {
            "delta": 1,
            "value": "101011010111"
          },
          {
            "delta": 1,
            "value": "110011001111"
          },
          {
            "delta": -1,
            "value": "100011011111"
          }
        ]
      },
      "lower_q1_safe": false,
      "owners": [
        "110011000101",
        "110010000111",
        "100010010111",
        "100011010101"
      ],
      "q2_safe": true,
      "topology_residence": {
        "6": {
          "components": 129,
          "owner_runs": {
            "0": 2,
            "1": 1
          },
          "upper_runs": {
            "0": 1,
            "1": 2
          }
        },
        "7": {
          "components": 129,
          "owner_runs": {
            "0": 1,
            "1": 2
          },
          "upper_runs": {
            "0": 1,
            "1": 3
          }
        }
      }
    },
    {
      "all_typed_safe": false,
      "casualties": {
        "upper_q2": [
          "110001011111"
        ]
      },
      "colours": [
        "110011000111",
        "110010010111",
        "110001010111",
        "110011010101"
      ],
      "currents": {
        "lower_q1": [
          {
            "delta": -1,
            "value": "110011000001"
          },
          {
            "delta": 1,
            "value": "110001010001"
          },
          {
            "delta": 1,
            "value": "110001000101"
          },
          {
            "delta": -1,
            "value": "100001010101"
          },
          {
            "delta": -1,
            "value": "110000000111"
          },
          {
            "delta": 1,
            "value": "100010000111"
          }
        ],
        "lower_q2": [],
        "owner": [],
        "upper_q1": [],
        "upper_q2": [
          {
            "delta": -1,
            "value": "110111000111"
          },
          {
            "delta": 1,
            "value": "110101010111"
          },
          {
            "delta": 1,
            "value": "110011001111"
          },
          {
            "delta": -1,
            "value": "110001011111"
          }
        ]
      },
      "lower_q1_safe": true,
      "owners": [
        "110011000101",
        "110010000111",
        "110000010111",
        "110001010101"
      ],
      "q2_safe": false,
      "topology_residence": {
        "6": {
          "components": 129,
          "owner_runs": {
            "0": 3,
            "1": 1
          },
          "upper_runs": {
            "0": 2,
            "1": 2
          }
        },
        "7": {
          "components": 129,
          "owner_runs": {
            "0": 2,
            "1": 2
          },
          "upper_runs": {
            "0": 1,
            "1": 3
          }
        }
      }
    },
    {
      "all_typed_safe": false,
      "casualties": {
        "lower_q1": [
          "000011010101"
        ],
        "upper_q2": [
          "110011100111"
        ]
      },
      "colours": [
        "110011000111",
        "110001010111",
        "100011010111",
        "110011010101"
      ],
      "currents": {
        "lower_q1": [
          {
            "delta": -1,
            "value": "110011000001"
          },
          {
            "delta": 1,
            "value": "100011010001"
          },
          {
            "delta": 1,
            "value": "110010000101"
          },
          {
            "delta": 1,
            "value": "110001000101"
          },
          {
            "delta": -1,
            "value": "100001010101"
          },
          {
            "delta": -1,
            "value": "000011010101"
          },
          {
            "delta": -1,
            "value": "110000000111"
          },
          {
            "delta": 1,
            "value": "000001010111"
          }
        ],
        "lower_q2": [],
        "owner": [],
        "upper_q1": [],
        "upper_q2": [
          {
            "delta": -1,
            "value": "110011100111"
          },
          {
            "delta": -1,
            "value": "111001010111"
          },
          {
            "delta": 1,
            "value": "101011010111"
          },
          {
            "delta": 1,
            "value": "110001110111"
          },
          {
            "delta": 1,
            "value": "110011001111"
          },
          {
            "delta": -1,
            "value": "100011011111"
          }
        ]
      },
      "lower_q1_safe": false,
      "owners": [
        "110011000101",
        "110001000111",
        "100001010111",
        "100011010101"
      ],
      "q2_safe": false,
      "topology_residence": {
        "6": {
          "components": 129,
          "owner_runs": {
            "0": 3,
            "1": 1
          },
          "upper_runs": {
            "0": 2,
            "1": 2
          }
        },
        "7": {
          "components": 129,
          "owner_runs": {
            "0": 2,
            "1": 2
          },
          "upper_runs": {
            "0": 1,
            "1": 3
          }
        }
      }
    },
    {
      "all_typed_safe": false,
      "casualties": {
        "upper_q2": [
          "110011011101",
          "110011100111",
          "110001011111"
        ]
      },
      "colours": [
        "110011000111",
        "110001001111",
        "110001011101",
        "110011010101"
      ],
      "currents": {
        "lower_q1": [
          {
            "delta": -1,
            "value": "110011000001"
          },
          {
            "delta": 1,
            "value": "110001001001"
          },
          {
            "delta": 1,
            "value": "110010000101"
          },
          {
            "delta": -1,
            "value": "100001001101"
          },
          {
            "delta": -1,
            "value": "110000000111"
          },
          {
            "delta": 1,
            "value": "100001000111"
          }
        ],
        "lower_q2": [],
        "owner": [],
        "upper_q1": [],
        "upper_q2": [
          {
            "delta": -1,
            "value": "110011011101"
          },
          {
            "delta": 1,
            "value": "110001111101"
          },
          {
            "delta": -1,
            "value": "110011100111"
          },
          {
            "delta": 1,
            "value": "110011010111"
          },
          {
            "delta": 1,
            "value": "110011001111"
          },
          {
            "delta": -1,
            "value": "110001011111"
          }
        ]
      },
      "lower_q1_safe": true,
      "owners": [
        "110011000101",
        "110001000111",
        "110001001101",
        "110001010101"
      ],
      "q2_safe": false,
      "topology_residence": {
        "6": {
          "components": 129,
          "owner_runs": {
            "0": 2,
            "1": 1
          },
          "upper_runs": {
            "0": 1,
            "1": 2
          }
        },
        "7": {
          "components": 129,
          "owner_runs": {
            "0": 1,
            "1": 2
          },
          "upper_runs": {
            "0": 1,
            "1": 3
          }
        }
      }
    },
    {
      "all_typed_safe": false,
      "casualties": {
        "lower_q1": [
          "000010101101"
        ],
        "upper_q2": [
          "110011101101"
        ]
      },
      "colours": [
        "110011001101",
        "110010001111",
        "100010101111",
        "100011101101"
      ],
      "currents": {
        "lower_q1": [
          {
            "delta": -1,
            "value": "110010000101"
          },
          {
            "delta": 1,
            "value": "100010100101"
          },
          {
            "delta": 1,
            "value": "110000001101"
          },
          {
            "delta": -1,
            "value": "000010101101"
          },
          {
            "delta": -1,
            "value": "100000001111"
          },
          {
            "delta": 1,
            "value": "000010001111"
          }
        ],
        "lower_q2": [],
        "owner": [],
        "upper_q1": [],
        "upper_q2": [
          {
            "delta": -1,
            "value": "110011101101"
          },
          {
            "delta": 1,
            "value": "101011101101"
          },
          {
            "delta": -1,
            "value": "111010001111"
          },
          {
            "delta": 1,
            "value": "110011001111"
          },
          {
            "delta": 1,
            "value": "110010101111"
          },
          {
            "delta": -1,
            "value": "100011101111"
          }
        ]
      },
      "lower_q1_safe": false,
      "owners": [
        "100011001101",
        "110010001101",
        "100010001111",
        "100010101101"
      ],
      "q2_safe": false,
      "topology_residence": {
        "6": {
          "components": 129,
          "owner_runs": {
            "0": 2,
            "1": 1
          },
          "upper_runs": {
            "0": 1,
            "1": 2
          }
        },
        "7": {
          "components": 129,
          "owner_runs": {
            "0": 1,
            "1": 2
          },
          "upper_runs": {
            "0": 1,
            "1": 3
          }
        }
      }
    },
    {
      "all_typed_safe": false,
      "casualties": {
        "lower_q1": [
          "000010101101"
        ],
        "upper_q2": [
          "110011101101"
        ]
      },
      "colours": [
        "110010001111",
        "110000101111",
        "100010101111",
        "110010101101"
      ],
      "currents": {
        "lower_q1": [
          {
            "delta": 1,
            "value": "100010001101"
          },
          {
            "delta": -1,
            "value": "000010101101"
          },
          {
            "delta": -1,
            "value": "100000001111"
          },
          {
            "delta": 1,
            "value": "000000101111"
          }
        ],
        "lower_q2": [],
        "owner": [],
        "upper_q1": [],
        "upper_q2": [
          {
            "delta": 1,
            "value": "111010101101"
          },
          {
            "delta": -1,
            "value": "110011101101"
          },
          {
            "delta": -1,
            "value": "110110001111"
          },
          {
            "delta": 1,
            "value": "110011001111"
          },
          {
            "delta": -1,
            "value": "111000101111"
          },
          {
            "delta": 1,
            "value": "110100101111"
          }
        ]
      },
      "lower_q1_safe": false,
      "owners": [
        "110010001101",
        "110000001111",
        "100000101111",
        "100010101101"
      ],
      "q2_safe": false,
      "topology_residence": {
        "6": {
          "components": 130,
          "owner_runs": {
            "0": 2,
            "1": 1
          },
          "upper_runs": {
            "0": 1,
            "1": 2
          }
        },
        "7": {
          "components": 130,
          "owner_runs": {
            "0": 1,
            "1": 2
          },
          "upper_runs": {
            "0": 1,
            "1": 3
          }
        }
      }
    },
    {
      "all_typed_safe": false,
      "casualties": {
        "upper_q2": [
          "110101011101",
          "110101101011",
          "110001101111"
        ]
      },
      "colours": [
        "110001001111",
        "110101001101",
        "110101001011",
        "110100001111"
      ],
      "currents": {
        "lower_q1": [
          {
            "delta": 1,
            "value": "110100001001"
          },
          {
            "delta": 1,
            "value": "110001000101"
          },
          {
            "delta": -1,
            "value": "110000001101"
          },
          {
            "delta": -1,
            "value": "100001001101"
          },
          {
            "delta": -1,
            "value": "110100000011"
          },
          {
            "delta": 1,
            "value": "100000001111"
          }
        ],
        "lower_q2": [],
        "owner": [],
        "upper_q1": [],
        "upper_q2": [
          {
            "delta": 1,
            "value": "110101101101"
          },
          {
            "delta": -1,
            "value": "110101011101"
          },
          {
            "delta": -1,
            "value": "110101101011"
          },
          {
            "delta": 1,
            "value": "110101011011"
          },
          {
            "delta": -1,
            "value": "110110001111"
          },
          {
            "delta": 1,
            "value": "110011001111"
          },
          {
            "delta": 1,
            "value": "110100101111"
          },
          {
            "delta": -1,
            "value": "110001101111"
          }
        ]
      },
      "lower_q1_safe": true,
      "owners": [
        "110000001111",
        "110001001101",
        "110101001001",
        "110100001011"
      ],
      "q2_safe": false,
      "topology_residence": {
        "6": {
          "components": 129,
          "owner_runs": {
            "0": 2,
            "1": 1
          },
          "upper_runs": {
            "0": 1,
            "1": 2
          }
        },
        "7": {
          "components": 129,
          "owner_runs": {
            "0": 1,
            "1": 2
          },
          "upper_runs": {
            "0": 1,
            "1": 3
          }
        }
      }
    },
    {
      "all_typed_safe": false,
      "casualties": {
        "upper_q2": [
          "110001101111"
        ]
      },
      "colours": [
        "110011001101",
        "110010001111",
        "110000101111",
        "110001101101"
      ],
      "currents": {
        "lower_q1": [
          {
            "delta": -1,
            "value": "110010000101"
          },
          {
            "delta": 1,
            "value": "110000100101"
          },
          {
            "delta": 1,
            "value": "100010001101"
          },
          {
            "delta": -1,
            "value": "100000101101"
          }
        ],
        "lower_q2": [],
        "owner": [],
        "upper_q1": [],
        "upper_q2": [
          {
            "delta": -1,
            "value": "110110001111"
          },
          {
            "delta": 1,
            "value": "110011001111"
          },
          {
            "delta": 1,
            "value": "110100101111"
          },
          {
            "delta": -1,
            "value": "110001101111"
          }
        ]
      },
      "lower_q1_safe": true,
      "owners": [
        "110001001101",
        "110010001101",
        "110000001111",
        "110000101101"
      ],
      "q2_safe": false,
      "topology_residence": {
        "6": {
          "components": 130,
          "owner_runs": {
            "0": 2,
            "1": 2
          },
          "upper_runs": {
            "0": 1,
            "1": 3
          }
        },
        "7": {
          "components": 130,
          "owner_runs": {
            "0": 1,
            "1": 3
          },
          "upper_runs": {
            "0": 1,
            "1": 4
          }
        }
      }
    },
    {
      "all_typed_safe": false,
      "casualties": {
        "lower_q1": [
          "110001000101"
        ],
        "upper_q2": [
          "110011011101",
          "110010101111"
        ]
      },
      "colours": [
        "110011001101",
        "110011100101",
        "110010101101",
        "110001101101"
      ],
      "currents": {
        "lower_q1": [
          {
            "delta": 1,
            "value": "110011000001"
          },
          {
            "delta": -1,
            "value": "110010100001"
          },
          {
            "delta": -1,
            "value": "110001000101"
          },
          {
            "delta": 1,
            "value": "110000100101"
          }
        ],
        "lower_q2": [],
        "owner": [],
        "upper_q1": [],
        "upper_q2": [
          {
            "delta": -1,
            "value": "110011011101"
          },
          {
            "delta": 1,
            "value": "110010111101"
          },
          {
            "delta": 1,
            "value": "110011001111"
          },
          {
            "delta": -1,
            "value": "110010101111"
          }
        ]
      },
      "lower_q1_safe": false,
      "owners": [
        "110001001101",
        "110011000101",
        "110010100101",
        "110000101101"
      ],
      "q2_safe": false,
      "topology_residence": {
        "6": {
          "components": 130,
          "owner_runs": {
            "0": 2,
            "1": 1
          },
          "upper_runs": {
            "0": 1,
            "1": 2
          }
        },
        "7": {
          "components": 130,
          "owner_runs": {
            "0": 1,
            "1": 2
          },
          "upper_runs": {
            "0": 1,
            "1": 3
          }
        }
      }
    },
    {
      "all_typed_safe": false,
      "casualties": {
        "lower_q1": [
          "110000101001",
          "110001000101"
        ],
        "upper_q2": [
          "110111100101",
          "110011011101",
          "110001101111"
        ]
      },
      "colours": [
        "110011001101",
        "110011100101",
        "110011101001",
        "110001101101"
      ],
      "currents": {
        "lower_q1": [
          {
            "delta": 1,
            "value": "110001100001"
          },
          {
            "delta": -1,
            "value": "110000101001"
          },
          {
            "delta": -1,
            "value": "110001000101"
          },
          {
            "delta": 1,
            "value": "110000001101"
          }
        ],
        "lower_q2": [],
        "owner": [],
        "upper_q1": [],
        "upper_q2": [
          {
            "delta": 1,
            "value": "110111101001"
          },
          {
            "delta": -1,
            "value": "110011111001"
          },
          {
            "delta": -1,
            "value": "110111100101"
          },
          {
            "delta": 1,
            "value": "110011110101"
          },
          {
            "delta": -1,
            "value": "110011011101"
          },
          {
            "delta": 1,
            "value": "110001111101"
          },
          {
            "delta": 1,
            "value": "110011001111"
          },
          {
            "delta": -1,
            "value": "110001101111"
          }
        ]
      },
      "lower_q1_safe": false,
      "owners": [
        "110001001101",
        "110011000101",
        "110011100001",
        "110001101001"
      ],
      "q2_safe": false,
      "topology_residence": {
        "6": {
          "components": 129,
          "owner_runs": {
            "0": 2,
            "1": 1
          },
          "upper_runs": {
            "0": 1,
            "1": 2
          }
        },
        "7": {
          "components": 129,
          "owner_runs": {
            "0": 1,
            "1": 2
          },
          "upper_runs": {
            "0": 1,
            "1": 3
          }
        }
      }
    },
    {
      "all_typed_safe": false,
      "casualties": {
        "lower_q1": [
          "000011001101"
        ],
        "upper_q2": [
          "101111001101"
        ]
      },
      "colours": [
        "100011001111",
        "100111001101",
        "101110001101",
        "101010001111"
      ],
      "currents": {
        "lower_q1": [
          {
            "delta": -1,
            "value": "101010000101"
          },
          {
            "delta": 1,
            "value": "100011000101"
          },
          {
            "delta": 1,
            "value": "001010001101"
          },
          {
            "delta": -1,
            "value": "000011001101"
          }
        ],
        "lower_q2": [],
        "owner": [],
        "upper_q1": [],
        "upper_q2": [
          {
            "delta": -1,
            "value": "101111001101"
          },
          {
            "delta": 1,
            "value": "101110101101"
          },
          {
            "delta": -1,
            "value": "111010001111"
          },
          {
            "delta": 1,
            "value": "110011001111"
          },
          {
            "delta": 1,
            "value": "101011001111"
          },
          {
            "delta": -1,
            "value": "100011101111"
          }
        ]
      },
      "lower_q1_safe": false,
      "owners": [
        "100010001111",
        "100011001101",
        "100110001101",
        "101010001101"
      ],
      "q2_safe": false,
      "topology_residence": {
        "6": {
          "components": 129,
          "owner_runs": {
            "0": 3,
            "1": 1
          },
          "upper_runs": {
            "0": 2,
            "1": 2
          }
        },
        "7": {
          "components": 129,
          "owner_runs": {
            "0": 2,
            "1": 2
          },
          "upper_runs": {
            "0": 1,
            "1": 3
          }
        }
      }
    },
    {
      "all_typed_safe": false,
      "casualties": {
        "lower_q1": [
          "000001101101"
        ],
        "upper_q2": [
          "110011100111"
        ]
      },
      "colours": [
        "110001001111",
        "100001101111",
        "110001101101",
        "110001100111"
      ],
      "currents": {
        "lower_q1": [
          {
            "delta": 1,
            "value": "100001100101"
          },
          {
            "delta": -1,
            "value": "000001101101"
          },
          {
            "delta": -1,
            "value": "100001000111"
          },
          {
            "delta": 1,
            "value": "000001001111"
          }
        ],
        "lower_q2": [],
        "owner": [],
        "upper_q1": [],
        "upper_q2": [
          {
            "delta": 1,
            "value": "111001101101"
          },
          {
            "delta": -1,
            "value": "110001111101"
          },
          {
            "delta": -1,
            "value": "110011100111"
          },
          {
            "delta": 1,
            "value": "110001110111"
          },
          {
            "delta": -1,
            "value": "111001001111"
          },
          {
            "delta": 1,
            "value": "110011001111"
          }
        ]
      },
      "lower_q1_safe": false,
      "owners": [
        "110001000111",
        "100001001111",
        "100001101101",
        "110001100101"
      ],
      "q2_safe": false,
      "topology_residence": {
        "6": {
          "components": 130,
          "owner_runs": {
            "0": 3,
            "1": 1
          },
          "upper_runs": {
            "0": 2,
            "1": 2
          }
        },
        "7": {
          "components": 130,
          "owner_runs": {
            "0": 2,
            "1": 2
          },
          "upper_runs": {
            "0": 1,
            "1": 3
          }
        }
      }
    },
    {
      "all_typed_safe": false,
      "casualties": {
        "lower_q1": [
          "110001100001"
        ],
        "upper_q2": [
          "110011100111",
          "110001011111"
        ]
      },
      "colours": [
        "110001001111",
        "110001011101",
        "110001110101",
        "110001100111"
      ],
      "currents": {
        "lower_q1": [
          {
            "delta": -1,
            "value": "110001100001"
          },
          {
            "delta": 1,
            "value": "110001001001"
          },
          {
            "delta": 1,
            "value": "100001100101"
          },
          {
            "delta": -1,
            "value": "100001001101"
          }
        ],
        "lower_q2": [],
        "owner": [],
        "upper_q1": [],
        "upper_q2": [
          {
            "delta": -1,
            "value": "110011100111"
          },
          {
            "delta": 1,
            "value": "110001110111"
          },
          {
            "delta": 1,
            "value": "110011001111"
          },
          {
            "delta": -1,
            "value": "110001011111"
          }
        ]
      },
      "lower_q1_safe": false,
      "owners": [
        "110001000111",
        "110001001101",
        "110001010101",
        "110001100101"
      ],
      "q2_safe": false,
      "topology_residence": {
        "6": {
          "components": 130,
          "owner_runs": {
            "0": 2,
            "1": 1
          },
          "upper_runs": {
            "0": 1,
            "1": 2
          }
        },
        "7": {
          "components": 130,
          "owner_runs": {
            "0": 1,
            "1": 2
          },
          "upper_runs": {
            "0": 1,
            "1": 3
          }
        }
      }
    },
    {
      "all_typed_safe": false,
      "casualties": {
        "lower_q1": [
          "010011000110",
          "000011001110"
        ],
        "upper_q2": [
          "110111001110",
          "111010101110"
        ]
      },
      "colours": [
        "110011001110",
        "110010101110",
        "100011101110",
        "010011101110"
      ],
      "currents": {
        "lower_q1": [
          {
            "delta": -1,
            "value": "010011000110"
          },
          {
            "delta": 1,
            "value": "000011100110"
          },
          {
            "delta": 1,
            "value": "100010001110"
          },
          {
            "delta": 1,
            "value": "010001001110"
          },
          {
            "delta": -1,
            "value": "000011001110"
          },
          {
            "delta": -1,
            "value": "100000101110"
          }
        ],
        "lower_q2": [],
        "owner": [],
        "upper_q1": [],
        "upper_q2": [
          {
            "delta": -1,
            "value": "110111001110"
          },
          {
            "delta": -1,
            "value": "111010101110"
          },
          {
            "delta": 1,
            "value": "110110101110"
          },
          {
            "delta": 1,
            "value": "101011101110"
          },
          {
            "delta": 1,
            "value": "110011001111"
          },
          {
            "delta": -1,
            "value": "100011101111"
          }
        ]
      },
      "lower_q1_safe": false,
      "owners": [
        "010011001110",
        "110010001110",
        "100010101110",
        "000011101110"
      ],
      "q2_safe": false,
      "topology_residence": {
        "6": {
          "components": 129,
          "owner_runs": {
            "0": 2,
            "1": 1
          },
          "upper_runs": {
            "0": 1,
            "1": 2
          }
        },
        "7": {
          "components": 129,
          "owner_runs": {
            "0": 1,
            "1": 2
          },
          "upper_runs": {
            "0": 1,
            "1": 3
          }
        }
      }
    }
  ],
  "status": "PASS",
  "target_directed_cycle_supports": 14
}
