{
  "status": "PASS",
  "mode": "streaming_topk_incumbent_swap",
  "target_row": 605,
  "target_owner_id": 1253,
  "threads": 48,
  "raw_parameter_count": 60963840,
  "quotient_simple_raw": 59956782,
  "reflection_disjoint_raw": 32925802,
  "frozen_target_masks_regenerated": 1089,
  "top_k_requested": 5000,
  "top_k_retained": 5000,
  "reservoir_per_hole": 128,
  "reservoir_union_masks": 1962,
  "incumbent_energy": 66,
  "best_delta": -2,
  "best_new_energy": 64,
  "best_hole_change": -1,
  "best_holes_filled": 6,
  "best_outgoing_pair_index": 132008,
  "best_rows":[4,99,117,310,344,352,386,556,599,605],
  "top_delta_histogram":{"-2":2,"0":43,"2":1526,"4":3429},
  "top_hole_change_histogram":{"-1":2,"0":53,"1":1840,"2":3105},
  "reservoir_hole_coverage":{"4":371,"18":259,"38":150,"99":259,"112":163,"114":220,"128":165,"143":211,"144":254,"158":128,"167":484,"284":170,"299":189,"324":141,"348":173,"386":136,"401":161,"402":172,"403":178,"424":224,"441":128,"480":128,"484":128,"486":134,"494":133,"556":481,"563":173,"588":137,"597":137,"599":542,"605":1962,"637":497,"664":144},
  "top_catalog": "/dev/shm/q4z17_e66_row605_targeted_top5000.tsv",
  "reservoir_catalog": "/dev/shm/q4z17_e66_row605_targeted_reservoir.tsv",
  "artifact_schema": "rows,core,order,reflected_core,reflected_order,owner_ids,reflected_owner_ids,best_outgoing_pair_index,delta,new_energy,hole_change,holes_filled,add_base,covered_incumbent_holes,target_row,tier",
  "scope": "exact scoring of every generated new mask; bounded deterministic top-K per shard is sufficient for the global top-K; per-hole reservoirs are independently bounded and union-deduplicated"
}
