{
  "reports": [
    {
      "branches": 8866,
      "conflicts": 3,
      "cycle_multiset": [
        {
          "multiplicity": 2,
          "period": 10,
          "state_ids": [
            0,
            61,
            10,
            62,
            9,
            61,
            10,
            65,
            6,
            70
          ]
        },
        {
          "multiplicity": 3,
          "period": 10,
          "state_ids": [
            0,
            61,
            47,
            54,
            47,
            54,
            47,
            54,
            47,
            70
          ]
        },
        {
          "multiplicity": 3,
          "period": 10,
          "state_ids": [
            0,
            61,
            50,
            11,
            38,
            24,
            20,
            34,
            11,
            70
          ]
        },
        {
          "multiplicity": 1,
          "period": 10,
          "state_ids": [
            0,
            61,
            50,
            13,
            32,
            57,
            44,
            57,
            44,
            70
          ]
        },
        {
          "multiplicity": 1,
          "period": 10,
          "state_ids": [
            0,
            61,
            50,
            51,
            50,
            51,
            60,
            55,
            53,
            70
          ]
        },
        {
          "multiplicity": 17,
          "period": 10,
          "state_ids": [
            0,
            61,
            60,
            55,
            60,
            55,
            60,
            55,
            53,
            70
          ]
        },
        {
          "multiplicity": 1,
          "period": 10,
          "state_ids": [
            0,
            61,
            60,
            55,
            60,
            55,
            60,
            64,
            68,
            70
          ]
        },
        {
          "multiplicity": 30,
          "period": 10,
          "state_ids": [
            0,
            61,
            70,
            0,
            61,
            70,
            0,
            61,
            69,
            70
          ]
        },
        {
          "multiplicity": 1,
          "period": 10,
          "state_ids": [
            0,
            61,
            70,
            0,
            61,
            70,
            0,
            71,
            69,
            70
          ]
        },
        {
          "multiplicity": 7,
          "period": 10,
          "state_ids": [
            0,
            71,
            5,
            71,
            5,
            71,
            5,
            71,
            69,
            70
          ]
        },
        {
          "multiplicity": 11,
          "period": 11,
          "state_ids": [
            0,
            71,
            5,
            71,
            5,
            71,
            5,
            71,
            5,
            71,
            70
          ]
        },
        {
          "multiplicity": 46,
          "period": 11,
          "state_ids": [
            5,
            71,
            5,
            71,
            5,
            71,
            5,
            71,
            5,
            71,
            71
          ]
        },
        {
          "multiplicity": 1,
          "period": 11,
          "state_ids": [
            5,
            71,
            5,
            71,
            70,
            69,
            70,
            69,
            70,
            69,
            71
          ]
        },
        {
          "multiplicity": 4,
          "period": 11,
          "state_ids": [
            66,
            70,
            69,
            70,
            69,
            70,
            69,
            70,
            69,
            70,
            69
          ]
        },
        {
          "multiplicity": 1,
          "period": 11,
          "state_ids": [
            66,
            70,
            69,
            70,
            69,
            70,
            69,
            70,
            69,
            71,
            71
          ]
        },
        {
          "multiplicity": 7,
          "period": 11,
          "state_ids": [
            71,
            71,
            71,
            71,
            71,
            71,
            71,
            71,
            71,
            71,
            71
          ]
        }
      ],
      "number_period_10": 66,
      "number_period_11": 70,
      "status": "OPTIMAL",
      "t": 7,
      "wall_time": 48.231483722
    },
    {
      "branches": 80875,
      "conflicts": 404,
      "cycle_multiset": [
        {
          "multiplicity": 2,
          "period": 10,
          "state_ids": [
            0,
            61,
            10,
            62,
            9,
            61,
            10,
            65,
            6,
            70
          ]
        },
        {
          "multiplicity": 3,
          "period": 10,
          "state_ids": [
            0,
            61,
            47,
            54,
            47,
            54,
            47,
            54,
            47,
            70
          ]
        },
        {
          "multiplicity": 3,
          "period": 10,
          "state_ids": [
            0,
            61,
            50,
            11,
            38,
            24,
            20,
            34,
            11,
            70
          ]
        },
        {
          "multiplicity": 1,
          "period": 10,
          "state_ids": [
            0,
            61,
            50,
            13,
            32,
            57,
            44,
            57,
            44,
            70
          ]
        },
        {
          "multiplicity": 1,
          "period": 10,
          "state_ids": [
            0,
            61,
            50,
            51,
            50,
            51,
            60,
            55,
            53,
            70
          ]
        },
        {
          "multiplicity": 17,
          "period": 10,
          "state_ids": [
            0,
            61,
            60,
            55,
            60,
            55,
            60,
            55,
            53,
            70
          ]
        },
        {
          "multiplicity": 1,
          "period": 10,
          "state_ids": [
            0,
            61,
            60,
            55,
            60,
            55,
            60,
            64,
            68,
            70
          ]
        },
        {
          "multiplicity": 27,
          "period": 10,
          "state_ids": [
            0,
            61,
            70,
            0,
            61,
            70,
            0,
            61,
            69,
            70
          ]
        },
        {
          "multiplicity": 2,
          "period": 11,
          "state_ids": [
            0,
            61,
            70,
            0,
            61,
            70,
            0,
            61,
            69,
            64,
            70
          ]
        },
        {
          "multiplicity": 1,
          "period": 11,
          "state_ids": [
            0,
            61,
            70,
            0,
            61,
            70,
            0,
            61,
            70,
            69,
            70
          ]
        },
        {
          "multiplicity": 21,
          "period": 11,
          "state_ids": [
            0,
            71,
            5,
            71,
            5,
            71,
            5,
            71,
            5,
            71,
            70
          ]
        },
        {
          "multiplicity": 42,
          "period": 11,
          "state_ids": [
            5,
            71,
            5,
            71,
            5,
            71,
            5,
            71,
            5,
            71,
            71
          ]
        },
        {
          "multiplicity": 1,
          "period": 11,
          "state_ids": [
            5,
            71,
            5,
            71,
            5,
            71,
            70,
            69,
            70,
            69,
            71
          ]
        },
        {
          "multiplicity": 5,
          "period": 11,
          "state_ids": [
            66,
            70,
            69,
            70,
            69,
            70,
            69,
            70,
            69,
            70,
            69
          ]
        },
        {
          "multiplicity": 1,
          "period": 11,
          "state_ids": [
            66,
            70,
            69,
            70,
            69,
            70,
            69,
            71,
            71,
            71,
            71
          ]
        },
        {
          "multiplicity": 7,
          "period": 11,
          "state_ids": [
            71,
            71,
            71,
            71,
            71,
            71,
            71,
            71,
            71,
            71,
            71
          ]
        }
      ],
      "number_period_10": 55,
      "number_period_11": 80,
      "status": "OPTIMAL",
      "t": 8,
      "wall_time": 47.464729365000004
    },
    {
      "branches": 22640,
      "conflicts": 41,
      "cycle_multiset": [
        {
          "multiplicity": 2,
          "period": 10,
          "state_ids": [
            0,
            61,
            10,
            62,
            9,
            61,
            10,
            65,
            6,
            70
          ]
        },
        {
          "multiplicity": 3,
          "period": 10,
          "state_ids": [
            0,
            61,
            47,
            54,
            47,
            54,
            47,
            54,
            47,
            70
          ]
        },
        {
          "multiplicity": 3,
          "period": 10,
          "state_ids": [
            0,
            61,
            50,
            11,
            38,
            24,
            20,
            34,
            11,
            70
          ]
        },
        {
          "multiplicity": 1,
          "period": 10,
          "state_ids": [
            0,
            61,
            50,
            13,
            32,
            57,
            44,
            57,
            44,
            70
          ]
        },
        {
          "multiplicity": 1,
          "period": 10,
          "state_ids": [
            0,
            61,
            50,
            51,
            50,
            51,
            60,
            55,
            53,
            70
          ]
        },
        {
          "multiplicity": 17,
          "period": 10,
          "state_ids": [
            0,
            61,
            60,
            55,
            60,
            55,
            60,
            55,
            53,
            70
          ]
        },
        {
          "multiplicity": 1,
          "period": 10,
          "state_ids": [
            0,
            61,
            60,
            55,
            60,
            55,
            60,
            64,
            68,
            70
          ]
        },
        {
          "multiplicity": 16,
          "period": 10,
          "state_ids": [
            0,
            61,
            70,
            0,
            61,
            70,
            0,
            61,
            69,
            70
          ]
        },
        {
          "multiplicity": 1,
          "period": 11,
          "state_ids": [
            0,
            61,
            70,
            0,
            61,
            70,
            0,
            61,
            67,
            62,
            70
          ]
        },
        {
          "multiplicity": 10,
          "period": 11,
          "state_ids": [
            0,
            61,
            70,
            0,
            61,
            70,
            0,
            61,
            69,
            64,
            70
          ]
        },
        {
          "multiplicity": 30,
          "period": 11,
          "state_ids": [
            0,
            71,
            5,
            71,
            5,
            71,
            5,
            71,
            5,
            71,
            70
          ]
        },
        {
          "multiplicity": 32,
          "period": 11,
          "state_ids": [
            5,
            71,
            5,
            71,
            5,
            71,
            5,
            71,
            5,
            71,
            71
          ]
        },
        {
          "multiplicity": 1,
          "period": 11,
          "state_ids": [
            5,
            71,
            5,
            71,
            5,
            71,
            5,
            71,
            70,
            66,
            71
          ]
        },
        {
          "multiplicity": 2,
          "period": 11,
          "state_ids": [
            5,
            71,
            5,
            71,
            5,
            71,
            5,
            71,
            70,
            69,
            71
          ]
        },
        {
          "multiplicity": 1,
          "period": 11,
          "state_ids": [
            5,
            71,
            5,
            71,
            5,
            71,
            5,
            71,
            71,
            5,
            71
          ]
        },
        {
          "multiplicity": 1,
          "period": 11,
          "state_ids": [
            66,
            67,
            70,
            68,
            70,
            68,
            70,
            69,
            70,
            69,
            70
          ]
        },
        {
          "multiplicity": 1,
          "period": 11,
          "state_ids": [
            66,
            67,
            70,
            69,
            70,
            69,
            70,
            69,
            70,
            69,
            70
          ]
        },
        {
          "multiplicity": 1,
          "period": 11,
          "state_ids": [
            66,
            70,
            69,
            70,
            69,
            70,
            69,
            67,
            70,
            68,
            70
          ]
        },
        {
          "multiplicity": 1,
          "period": 11,
          "state_ids": [
            66,
            70,
            69,
            70,
            69,
            70,
            69,
            67,
            70,
            71,
            71
          ]
        },
        {
          "multiplicity": 2,
          "period": 11,
          "state_ids": [
            66,
            70,
            69,
            70,
            69,
            70,
            69,
            70,
            69,
            70,
            69
          ]
        },
        {
          "multiplicity": 7,
          "period": 11,
          "state_ids": [
            71,
            71,
            71,
            71,
            71,
            71,
            71,
            71,
            71,
            71,
            71
          ]
        }
      ],
      "number_period_10": 44,
      "number_period_11": 90,
      "status": "OPTIMAL",
      "t": 9,
      "wall_time": 42.060517147000006
    }
  ],
  "scope": "labelled five-core state cycles and aggregate frozen type counts only; no owner-column, lower-q2 representative, or rank-seven-pin coupling",
  "source_sha256": "0b195aec1a3bf8f3b05c4314d2e8c8e91214fb257fbb01f03e909218bd9affbe",
  "states": [
    {
      "core_classes": [
        [],
        [
          0,
          1,
          2,
          3
        ],
        [
          4
        ]
      ],
      "state_id": 0,
      "type": [
        1,
        5,
        2,
        1
      ],
      "type_id": 0
    },
    {
      "core_classes": [
        [],
        [
          0,
          1,
          2,
          4
        ],
        [
          3
        ]
      ],
      "state_id": 1,
      "type": [
        1,
        5,
        2,
        1
      ],
      "type_id": 0
    },
    {
      "core_classes": [
        [],
        [
          0,
          1,
          3,
          4
        ],
        [
          2
        ]
      ],
      "state_id": 2,
      "type": [
        1,
        5,
        2,
        1
      ],
      "type_id": 0
    },
    {
      "core_classes": [
        [],
        [
          0,
          2,
          3,
          4
        ],
        [
          1
        ]
      ],
      "state_id": 3,
      "type": [
        1,
        5,
        2,
        1
      ],
      "type_id": 0
    },
    {
      "core_classes": [
        [],
        [
          1,
          2,
          3,
          4
        ],
        [
          0
        ]
      ],
      "state_id": 4,
      "type": [
        1,
        5,
        2,
        1
      ],
      "type_id": 0
    },
    {
      "core_classes": [
        [],
        [
          0,
          1,
          2,
          3,
          4
        ],
        []
      ],
      "state_id": 5,
      "type": [
        1,
        6,
        1,
        1
      ],
      "type_id": 1
    },
    {
      "core_classes": [
        [
          4
        ],
        [
          0,
          1,
          2,
          3
        ],
        []
      ],
      "state_id": 6,
      "type": [
        2,
        5,
        1,
        1
      ],
      "type_id": 2
    },
    {
      "core_classes": [
        [
          3
        ],
        [
          0,
          1,
          2,
          4
        ],
        []
      ],
      "state_id": 7,
      "type": [
        2,
        5,
        1,
        1
      ],
      "type_id": 2
    },
    {
      "core_classes": [
        [
          2
        ],
        [
          0,
          1,
          3,
          4
        ],
        []
      ],
      "state_id": 8,
      "type": [
        2,
        5,
        1,
        1
      ],
      "type_id": 2
    },
    {
      "core_classes": [
        [
          1
        ],
        [
          0,
          2,
          3,
          4
        ],
        []
      ],
      "state_id": 9,
      "type": [
        2,
        5,
        1,
        1
      ],
      "type_id": 2
    },
    {
      "core_classes": [
        [
          0
        ],
        [
          1,
          2,
          3,
          4
        ],
        []
      ],
      "state_id": 10,
      "type": [
        2,
        5,
        1,
        1
      ],
      "type_id": 2
    },
    {
      "core_classes": [
        [
          3,
          4
        ],
        [
          0,
          1
        ],
        [
          2
        ]
      ],
      "state_id": 11,
      "type": [
        3,
        3,
        2,
        1
      ],
      "type_id": 3
    },
    {
      "core_classes": [
        [
          2,
          4
        ],
        [
          0,
          1
        ],
        [
          3
        ]
      ],
      "state_id": 12,
      "type": [
        3,
        3,
        2,
        1
      ],
      "type_id": 3
    },
    {
      "core_classes": [
        [
          2,
          3
        ],
        [
          0,
          1
        ],
        [
          4
        ]
      ],
      "state_id": 13,
      "type": [
        3,
        3,
        2,
        1
      ],
      "type_id": 3
    },
    {
      "core_classes": [
        [
          3,
          4
        ],
        [
          0,
          2
        ],
        [
          1
        ]
      ],
      "state_id": 14,
      "type": [
        3,
        3,
        2,
        1
      ],
      "type_id": 3
    },
    {
      "core_classes": [
        [
          1,
          4
        ],
        [
          0,
          2
        ],
        [
          3
        ]
      ],
      "state_id": 15,
      "type": [
        3,
        3,
        2,
        1
      ],
      "type_id": 3
    },
    {
      "core_classes": [
        [
          1,
          3
        ],
        [
          0,
          2
        ],
        [
          4
        ]
      ],
      "state_id": 16,
      "type": [
        3,
        3,
        2,
        1
      ],
      "type_id": 3
    },
    {
      "core_classes": [
        [
          2,
          4
        ],
        [
          0,
          3
        ],
        [
          1
        ]
      ],
      "state_id": 17,
      "type": [
        3,
        3,
        2,
        1
      ],
      "type_id": 3
    },
    {
      "core_classes": [
        [
          1,
          4
        ],
        [
          0,
          3
        ],
        [
          2
        ]
      ],
      "state_id": 18,
      "type": [
        3,
        3,
        2,
        1
      ],
      "type_id": 3
    },
    {
      "core_classes": [
        [
          1,
          2
        ],
        [
          0,
          3
        ],
        [
          4
        ]
      ],
      "state_id": 19,
      "type": [
        3,
        3,
        2,
        1
      ],
      "type_id": 3
    },
    {
      "core_classes": [
        [
          2,
          3
        ],
        [
          0,
          4
        ],
        [
          1
        ]
      ],
      "state_id": 20,
      "type": [
        3,
        3,
        2,
        1
      ],
      "type_id": 3
    },
    {
      "core_classes": [
        [
          1,
          3
        ],
        [
          0,
          4
        ],
        [
          2
        ]
      ],
      "state_id": 21,
      "type": [
        3,
        3,
        2,
        1
      ],
      "type_id": 3
    },
    {
      "core_classes": [
        [
          1,
          2
        ],
        [
          0,
          4
        ],
        [
          3
        ]
      ],
      "state_id": 22,
      "type": [
        3,
        3,
        2,
        1
      ],
      "type_id": 3
    },
    {
      "core_classes": [
        [
          3,
          4
        ],
        [
          1,
          2
        ],
        [
          0
        ]
      ],
      "state_id": 23,
      "type": [
        3,
        3,
        2,
        1
      ],
      "type_id": 3
    },
    {
      "core_classes": [
        [
          0,
          4
        ],
        [
          1,
          2
        ],
        [
          3
        ]
      ],
      "state_id": 24,
      "type": [
        3,
        3,
        2,
        1
      ],
      "type_id": 3
    },
    {
      "core_classes": [
        [
          0,
          3
        ],
        [
          1,
          2
        ],
        [
          4
        ]
      ],
      "state_id": 25,
      "type": [
        3,
        3,
        2,
        1
      ],
      "type_id": 3
    },
    {
      "core_classes": [
        [
          2,
          4
        ],
        [
          1,
          3
        ],
        [
          0
        ]
      ],
      "state_id": 26,
      "type": [
        3,
        3,
        2,
        1
      ],
      "type_id": 3
    },
    {
      "core_classes": [
        [
          0,
          4
        ],
        [
          1,
          3
        ],
        [
          2
        ]
      ],
      "state_id": 27,
      "type": [
        3,
        3,
        2,
        1
      ],
      "type_id": 3
    },
    {
      "core_classes": [
        [
          0,
          2
        ],
        [
          1,
          3
        ],
        [
          4
        ]
      ],
      "state_id": 28,
      "type": [
        3,
        3,
        2,
        1
      ],
      "type_id": 3
    },
    {
      "core_classes": [
        [
          2,
          3
        ],
        [
          1,
          4
        ],
        [
          0
        ]
      ],
      "state_id": 29,
      "type": [
        3,
        3,
        2,
        1
      ],
      "type_id": 3
    },
    {
      "core_classes": [
        [
          0,
          3
        ],
        [
          1,
          4
        ],
        [
          2
        ]
      ],
      "state_id": 30,
      "type": [
        3,
        3,
        2,
        1
      ],
      "type_id": 3
    },
    {
      "core_classes": [
        [
          0,
          2
        ],
        [
          1,
          4
        ],
        [
          3
        ]
      ],
      "state_id": 31,
      "type": [
        3,
        3,
        2,
        1
      ],
      "type_id": 3
    },
    {
      "core_classes": [
        [
          1,
          4
        ],
        [
          2,
          3
        ],
        [
          0
        ]
      ],
      "state_id": 32,
      "type": [
        3,
        3,
        2,
        1
      ],
      "type_id": 3
    },
    {
      "core_classes": [
        [
          0,
          4
        ],
        [
          2,
          3
        ],
        [
          1
        ]
      ],
      "state_id": 33,
      "type": [
        3,
        3,
        2,
        1
      ],
      "type_id": 3
    },
    {
      "core_classes": [
        [
          0,
          1
        ],
        [
          2,
          3
        ],
        [
          4
        ]
      ],
      "state_id": 34,
      "type": [
        3,
        3,
        2,
        1
      ],
      "type_id": 3
    },
    {
      "core_classes": [
        [
          1,
          3
        ],
        [
          2,
          4
        ],
        [
          0
        ]
      ],
      "state_id": 35,
      "type": [
        3,
        3,
        2,
        1
      ],
      "type_id": 3
    },
    {
      "core_classes": [
        [
          0,
          3
        ],
        [
          2,
          4
        ],
        [
          1
        ]
      ],
      "state_id": 36,
      "type": [
        3,
        3,
        2,
        1
      ],
      "type_id": 3
    },
    {
      "core_classes": [
        [
          0,
          1
        ],
        [
          2,
          4
        ],
        [
          3
        ]
      ],
      "state_id": 37,
      "type": [
        3,
        3,
        2,
        1
      ],
      "type_id": 3
    },
    {
      "core_classes": [
        [
          1,
          2
        ],
        [
          3,
          4
        ],
        [
          0
        ]
      ],
      "state_id": 38,
      "type": [
        3,
        3,
        2,
        1
      ],
      "type_id": 3
    },
    {
      "core_classes": [
        [
          0,
          2
        ],
        [
          3,
          4
        ],
        [
          1
        ]
      ],
      "state_id": 39,
      "type": [
        3,
        3,
        2,
        1
      ],
      "type_id": 3
    },
    {
      "core_classes": [
        [
          0,
          1
        ],
        [
          3,
          4
        ],
        [
          2
        ]
      ],
      "state_id": 40,
      "type": [
        3,
        3,
        2,
        1
      ],
      "type_id": 3
    },
    {
      "core_classes": [
        [
          3,
          4
        ],
        [
          0,
          1,
          2
        ],
        []
      ],
      "state_id": 41,
      "type": [
        3,
        4,
        1,
        1
      ],
      "type_id": 4
    },
    {
      "core_classes": [
        [
          2,
          4
        ],
        [
          0,
          1,
          3
        ],
        []
      ],
      "state_id": 42,
      "type": [
        3,
        4,
        1,
        1
      ],
      "type_id": 4
    },
    {
      "core_classes": [
        [
          2,
          3
        ],
        [
          0,
          1,
          4
        ],
        []
      ],
      "state_id": 43,
      "type": [
        3,
        4,
        1,
        1
      ],
      "type_id": 4
    },
    {
      "core_classes": [
        [
          1,
          4
        ],
        [
          0,
          2,
          3
        ],
        []
      ],
      "state_id": 44,
      "type": [
        3,
        4,
        1,
        1
      ],
      "type_id": 4
    },
    {
      "core_classes": [
        [
          1,
          3
        ],
        [
          0,
          2,
          4
        ],
        []
      ],
      "state_id": 45,
      "type": [
        3,
        4,
        1,
        1
      ],
      "type_id": 4
    },
    {
      "core_classes": [
        [
          1,
          2
        ],
        [
          0,
          3,
          4
        ],
        []
      ],
      "state_id": 46,
      "type": [
        3,
        4,
        1,
        1
      ],
      "type_id": 4
    },
    {
      "core_classes": [
        [
          0,
          4
        ],
        [
          1,
          2,
          3
        ],
        []
      ],
      "state_id": 47,
      "type": [
        3,
        4,
        1,
        1
      ],
      "type_id": 4
    },
    {
      "core_classes": [
        [
          0,
          3
        ],
        [
          1,
          2,
          4
        ],
        []
      ],
      "state_id": 48,
      "type": [
        3,
        4,
        1,
        1
      ],
      "type_id": 4
    },
    {
      "core_classes": [
        [
          0,
          2
        ],
        [
          1,
          3,
          4
        ],
        []
      ],
      "state_id": 49,
      "type": [
        3,
        4,
        1,
        1
      ],
      "type_id": 4
    },
    {
      "core_classes": [
        [
          0,
          1
        ],
        [
          2,
          3,
          4
        ],
        []
      ],
      "state_id": 50,
      "type": [
        3,
        4,
        1,
        1
      ],
      "type_id": 4
    },
    {
      "core_classes": [
        [
          2,
          3,
          4
        ],
        [
          0,
          1
        ],
        []
      ],
      "state_id": 51,
      "type": [
        4,
        3,
        1,
        1
      ],
      "type_id": 5
    },
    {
      "core_classes": [
        [
          1,
          3,
          4
        ],
        [
          0,
          2
        ],
        []
      ],
      "state_id": 52,
      "type": [
        4,
        3,
        1,
        1
      ],
      "type_id": 5
    },
    {
      "core_classes": [
        [
          1,
          2,
          4
        ],
        [
          0,
          3
        ],
        []
      ],
      "state_id": 53,
      "type": [
        4,
        3,
        1,
        1
      ],
      "type_id": 5
    },
    {
      "core_classes": [
        [
          1,
          2,
          3
        ],
        [
          0,
          4
        ],
        []
      ],
      "state_id": 54,
      "type": [
        4,
        3,
        1,
        1
      ],
      "type_id": 5
    },
    {
      "core_classes": [
        [
          0,
          3,
          4
        ],
        [
          1,
          2
        ],
        []
      ],
      "state_id": 55,
      "type": [
        4,
        3,
        1,
        1
      ],
      "type_id": 5
    },
    {
      "core_classes": [
        [
          0,
          2,
          4
        ],
        [
          1,
          3
        ],
        []
      ],
      "state_id": 56,
      "type": [
        4,
        3,
        1,
        1
      ],
      "type_id": 5
    },
    {
      "core_classes": [
        [
          0,
          2,
          3
        ],
        [
          1,
          4
        ],
        []
      ],
      "state_id": 57,
      "type": [
        4,
        3,
        1,
        1
      ],
      "type_id": 5
    },
    {
      "core_classes": [
        [
          0,
          1,
          4
        ],
        [
          2,
          3
        ],
        []
      ],
      "state_id": 58,
      "type": [
        4,
        3,
        1,
        1
      ],
      "type_id": 5
    },
    {
      "core_classes": [
        [
          0,
          1,
          3
        ],
        [
          2,
          4
        ],
        []
      ],
      "state_id": 59,
      "type": [
        4,
        3,
        1,
        1
      ],
      "type_id": 5
    },
    {
      "core_classes": [
        [
          0,
          1,
          2
        ],
        [
          3,
          4
        ],
        []
      ],
      "state_id": 60,
      "type": [
        4,
        3,
        1,
        1
      ],
      "type_id": 5
    },
    {
      "core_classes": [
        [
          1,
          2,
          3,
          4
        ],
        [],
        [
          0
        ]
      ],
      "state_id": 61,
      "type": [
        5,
        1,
        2,
        1
      ],
      "type_id": 6
    },
    {
      "core_classes": [
        [
          0,
          2,
          3,
          4
        ],
        [],
        [
          1
        ]
      ],
      "state_id": 62,
      "type": [
        5,
        1,
        2,
        1
      ],
      "type_id": 6
    },
    {
      "core_classes": [
        [
          0,
          1,
          3,
          4
        ],
        [],
        [
          2
        ]
      ],
      "state_id": 63,
      "type": [
        5,
        1,
        2,
        1
      ],
      "type_id": 6
    },
    {
      "core_classes": [
        [
          0,
          1,
          2,
          4
        ],
        [],
        [
          3
        ]
      ],
      "state_id": 64,
      "type": [
        5,
        1,
        2,
        1
      ],
      "type_id": 6
    },
    {
      "core_classes": [
        [
          0,
          1,
          2,
          3
        ],
        [],
        [
          4
        ]
      ],
      "state_id": 65,
      "type": [
        5,
        1,
        2,
        1
      ],
      "type_id": 6
    },
    {
      "core_classes": [
        [
          1,
          2,
          3,
          4
        ],
        [
          0
        ],
        []
      ],
      "state_id": 66,
      "type": [
        5,
        2,
        1,
        1
      ],
      "type_id": 7
    },
    {
      "core_classes": [
        [
          0,
          2,
          3,
          4
        ],
        [
          1
        ],
        []
      ],
      "state_id": 67,
      "type": [
        5,
        2,
        1,
        1
      ],
      "type_id": 7
    },
    {
      "core_classes": [
        [
          0,
          1,
          3,
          4
        ],
        [
          2
        ],
        []
      ],
      "state_id": 68,
      "type": [
        5,
        2,
        1,
        1
      ],
      "type_id": 7
    },
    {
      "core_classes": [
        [
          0,
          1,
          2,
          4
        ],
        [
          3
        ],
        []
      ],
      "state_id": 69,
      "type": [
        5,
        2,
        1,
        1
      ],
      "type_id": 7
    },
    {
      "core_classes": [
        [
          0,
          1,
          2,
          3
        ],
        [
          4
        ],
        []
      ],
      "state_id": 70,
      "type": [
        5,
        2,
        1,
        1
      ],
      "type_id": 7
    },
    {
      "core_classes": [
        [
          0,
          1,
          2,
          3,
          4
        ],
        [],
        []
      ],
      "state_id": 71,
      "type": [
        6,
        1,
        1,
        1
      ],
      "type_id": 8
    }
  ],
  "status": "PASS",
  "transition_arcs": 793,
  "types": [
    {
      "count": 139,
      "type": [
        1,
        5,
        2,
        1
      ],
      "type_id": 0
    },
    {
      "count": 297,
      "type": [
        1,
        6,
        1,
        1
      ],
      "type_id": 1
    },
    {
      "count": 8,
      "type": [
        2,
        5,
        1,
        1
      ],
      "type_id": 2
    },
    {
      "count": 20,
      "type": [
        3,
        3,
        2,
        1
      ],
      "type_id": 3
    },
    {
      "count": 20,
      "type": [
        3,
        4,
        1,
        1
      ],
      "type_id": 4
    },
    {
      "count": 140,
      "type": [
        4,
        3,
        1,
        1
      ],
      "type_id": 5
    },
    {
      "count": 127,
      "type": [
        5,
        1,
        2,
        1
      ],
      "type_id": 6
    },
    {
      "count": 237,
      "type": [
        5,
        2,
        1,
        1
      ],
      "type_id": 7
    },
    {
      "count": 442,
      "type": [
        6,
        1,
        1,
        1
      ],
      "type_id": 8
    }
  ]
}
