{
  "maximum_incidence_length": 28,
  "reports": [
    {
      "anchor_preserving_incidence_lower_bound": 22,
      "broken_arc_directed_distances": {
        "1": 2,
        "4": 3
      },
      "broken_arcs": [
        1,
        4
      ],
      "checked_q2_cycles": 2,
      "checked_simple_cycles": 2,
      "context": "10",
      "mapped_suffix_edge": [
        "10111000",
        "10101100"
      ],
      "prefix": "101001010101",
      "raw_incidence_length": 16,
      "solution": {
        "broken_arc_path_lengths": {
          "1": 2,
          "4": 3
        },
        "incidence_length": 22,
        "new_colours": [
          "10100101010110111100",
          "00100101010111111100",
          "00101101010111101100",
          "10101101010110101100",
          "10100101011110101100",
          "00100101011110101101",
          "00100101011111100101",
          "00100101011111101001",
          "00101101011110101001",
          "00101101011110111000",
          "10101101010110111000"
        ],
        "owners": [
          "10100101010110111000",
          "00100101010110111100",
          "00100101010111101100",
          "00101101010110101100",
          "10100101010110101100",
          "00100101011110101100",
          "00100101011110100101",
          "00100101011111100001",
          "00100101011110101001",
          "00101101011110101000",
          "00101101010110111000"
        ]
      },
      "source_s": 3,
      "source_suffix_edge": [
        "111000",
        "101100"
      ]
    },
    {
      "anchor_preserving_incidence_lower_bound": 26,
      "broken_arc_directed_distances": {
        "1": 3,
        "4": 3,
        "5": 2
      },
      "broken_arcs": [
        1,
        4,
        5
      ],
      "checked_q2_cycles": 5,
      "checked_simple_cycles": 5,
      "context": "wrap",
      "mapped_suffix_edge": [
        "11110000",
        "11011000"
      ],
      "prefix": "101001010101",
      "raw_incidence_length": 16,
      "solution": {
        "broken_arc_path_lengths": {
          "1": 3,
          "4": 3,
          "5": 3
        },
        "incidence_length": 28,
        "new_colours": [
          "10100101010111111000",
          "00101101010111111000",
          "00101101010110111001",
          "00101101010111011001",
          "10101101010111011000",
          "10100101011111011000",
          "00100101011111011100",
          "00100101011110011110",
          "00100101011111010110",
          "00101101011111010010",
          "00101101010111010011",
          "00101101011111010001",
          "00101101011111110000",
          "10101101010111110000"
        ],
        "owners": [
          "10100101010111110000",
          "00100101010111111000",
          "00101101010110111000",
          "00101101010110011001",
          "00101101010111011000",
          "10100101010111011000",
          "00100101011111011000",
          "00100101011110011100",
          "00100101011110010110",
          "00100101011111010010",
          "00101101010111010010",
          "00101101010111010001",
          "00101101011111010000",
          "00101101010111110000"
        ]
      },
      "source_s": 3,
      "source_suffix_edge": [
        "111000",
        "101100"
      ]
    },
    {
      "anchor_preserving_incidence_lower_bound": 22,
      "broken_arc_directed_distances": {
        "2": 3,
        "6": 2
      },
      "broken_arcs": [
        2,
        6
      ],
      "checked_q2_cycles": 1,
      "checked_simple_cycles": 1,
      "context": "10",
      "mapped_suffix_edge": [
        "10111000",
        "10101010"
      ],
      "prefix": "101001001101",
      "raw_incidence_length": 16,
      "solution": {
        "broken_arc_path_lengths": {
          "2": 3,
          "6": 2
        },
        "incidence_length": 22,
        "new_colours": [
          "10100100111110111000",
          "00100110111110111000",
          "00100110110110111010",
          "00100110111110011010",
          "00100110111110101010",
          "10100110110110101010",
          "10100100110110111010",
          "00100100110110111011",
          "00100100110111111001",
          "00100101110111111000",
          "10100101110110111000"
        ],
        "owners": [
          "10100100110110111000",
          "00100100111110111000",
          "00100110110110111000",
          "00100110110110011010",
          "00100110111110001010",
          "00100110110110101010",
          "10100100110110101010",
          "00100100110110111010",
          "00100100110110111001",
          "00100100110111111000",
          "00100101110110111000"
        ]
      },
      "source_s": 3,
      "source_suffix_edge": [
        "111000",
        "101010"
      ]
    },
    {
      "anchor_preserving_incidence_lower_bound": 24,
      "broken_arc_directed_distances": {
        "2": 4,
        "6": 2
      },
      "broken_arcs": [
        2,
        6
      ],
      "checked_q2_cycles": 1,
      "checked_simple_cycles": 1,
      "context": "wrap",
      "mapped_suffix_edge": [
        "11110000",
        "11010100"
      ],
      "prefix": "101001001101",
      "raw_incidence_length": 16,
      "solution": {
        "broken_arc_path_lengths": {
          "2": 4,
          "6": 2
        },
        "incidence_length": 24,
        "new_colours": [
          "10100100111111110000",
          "00100110111111110000",
          "00100110110111111000",
          "00100110110110111100",
          "00100110110110011101",
          "00100110110111010101",
          "10100110110111010100",
          "10100100110111110100",
          "00100100110111110110",
          "00100100110111110011",
          "00100101110111110001",
          "10100101110111110000"
        ],
        "owners": [
          "10100100110111110000",
          "00100100111111110000",
          "00100110110111110000",
          "00100110110110111000",
          "00100110110110011100",
          "00100110110110010101",
          "00100110110111010100",
          "10100100110111010100",
          "00100100110111110100",
          "00100100110111110010",
          "00100100110111110001",
          "00100101110111110000"
        ]
      },
      "source_s": 3,
      "source_suffix_edge": [
        "111000",
        "101010"
      ]
    },
    {
      "anchor_preserving_incidence_lower_bound": 26,
      "broken_arc_directed_distances": {
        "2": 3,
        "5": 3
      },
      "broken_arcs": [
        2,
        5
      ],
      "checked_q2_cycles": 1,
      "checked_simple_cycles": 1,
      "context": "10",
      "mapped_suffix_edge": [
        "10110100",
        "10110010"
      ],
      "prefix": "101001010101",
      "raw_incidence_length": 18,
      "solution": {
        "broken_arc_path_lengths": {
          "2": 3,
          "5": 3
        },
        "incidence_length": 26,
        "new_colours": [
          "10100101011110110100",
          "00101101011110110100",
          "00101101010110110110",
          "00101101011110010110",
          "00101101011110110010",
          "10101101010110110010",
          "10100101011110110010",
          "00100101011110110110",
          "00100101011110010111",
          "00100101011110110101",
          "00100111011110110001",
          "00100111011110110100",
          "10100111010110110100"
        ],
        "owners": [
          "10100101010110110100",
          "00100101011110110100",
          "00101101010110110100",
          "00101101010110010110",
          "00101101011110010010",
          "00101101010110110010",
          "10100101010110110010",
          "00100101011110110010",
          "00100101011110010110",
          "00100101011110010101",
          "00100101011110110001",
          "00100111011110110000",
          "00100111010110110100"
        ]
      },
      "source_s": 3,
      "source_suffix_edge": [
        "110100",
        "110010"
      ]
    },
    {
      "anchor_preserving_incidence_lower_bound": 24,
      "broken_arc_directed_distances": {
        "2": 3,
        "6": 2
      },
      "broken_arcs": [
        2,
        6
      ],
      "checked_q2_cycles": 1,
      "checked_simple_cycles": 1,
      "context": "wrap",
      "mapped_suffix_edge": [
        "11101000",
        "11100100"
      ],
      "prefix": "101001010101",
      "raw_incidence_length": 18,
      "solution": {
        "broken_arc_path_lengths": {
          "2": 3,
          "6": 2
        },
        "incidence_length": 24,
        "new_colours": [
          "10100101011111101000",
          "00101101011111101000",
          "00101101010111101100",
          "00101101010110101101",
          "00101101010111100101",
          "10101101010111100100",
          "10100101011111100100",
          "00100101011111100110",
          "00100101011111100011",
          "00100111011111100001",
          "00100111011111101000",
          "10100111010111101000"
        ],
        "owners": [
          "10100101010111101000",
          "00100101011111101000",
          "00101101010111101000",
          "00101101010110101100",
          "00101101010110100101",
          "00101101010111100100",
          "10100101010111100100",
          "00100101011111100100",
          "00100101011111100010",
          "00100101011111100001",
          "00100111011111100000",
          "00100111010111101000"
        ]
      },
      "source_s": 3,
      "source_suffix_edge": [
        "110100",
        "110010"
      ]
    },
    {
      "anchor_preserving_incidence_lower_bound": 20,
      "broken_arc_directed_distances": {
        "1": 2,
        "6": 2
      },
      "broken_arcs": [
        1,
        6
      ],
      "checked_q2_cycles": 1,
      "checked_simple_cycles": 1,
      "context": "10",
      "mapped_suffix_edge": [
        "10110100",
        "10101100"
      ],
      "prefix": "101001001101",
      "raw_incidence_length": 16,
      "solution": {
        "broken_arc_path_lengths": {
          "1": 2,
          "6": 2
        },
        "incidence_length": 20,
        "new_colours": [
          "10100100110110111100",
          "00100100110111111100",
          "00100110110111101100",
          "10100110110110101100",
          "10100100111110101100",
          "00100101111110101100",
          "00100101110110101101",
          "00100101111110100101",
          "00100101111110110100",
          "10100101110110110100"
        ],
        "owners": [
          "10100100110110110100",
          "00100100110110111100",
          "00100100110111101100",
          "00100110110110101100",
          "10100100110110101100",
          "00100100111110101100",
          "00100101110110101100",
          "00100101110110100101",
          "00100101111110100100",
          "00100101110110110100"
        ]
      },
      "source_s": 3,
      "source_suffix_edge": [
        "110100",
        "101100"
      ]
    },
    {
      "anchor_preserving_incidence_lower_bound": 24,
      "broken_arc_directed_distances": {
        "1": 3,
        "6": 3
      },
      "broken_arcs": [
        1,
        6
      ],
      "checked_q2_cycles": 1,
      "checked_simple_cycles": 1,
      "context": "wrap",
      "mapped_suffix_edge": [
        "11101000",
        "11011000"
      ],
      "prefix": "101001001101",
      "raw_incidence_length": 16,
      "solution": {
        "broken_arc_path_lengths": {
          "1": 3,
          "6": 3
        },
        "incidence_length": 24,
        "new_colours": [
          "10100100110111111000",
          "00100110110111111000",
          "00100110110110111001",
          "00100110110111011001",
          "10100110110111011000",
          "10100100111111011000",
          "00100101111111011000",
          "00100101110111011010",
          "00100101110111001011",
          "00100101110111100011",
          "00100101110111101001",
          "10100101110111101000"
        ],
        "owners": [
          "10100100110111101000",
          "00100100110111111000",
          "00100110110110111000",
          "00100110110110011001",
          "00100110110111011000",
          "10100100110111011000",
          "00100100111111011000",
          "00100101110111011000",
          "00100101110111001010",
          "00100101110111000011",
          "00100101110111100001",
          "00100101110111101000"
        ]
      },
      "source_s": 3,
      "source_suffix_edge": [
        "110100",
        "101100"
      ]
    }
  ],
  "source_s": 3,
  "status": "PASS",
  "summary": {
    "10": {
      "solution_length_histogram": {
        "20": 1,
        "22": 2,
        "26": 1
      },
      "solved": 4,
      "tested": 4
    },
    "wrap": {
      "solution_length_histogram": {
        "24": 3,
        "28": 1
      },
      "solved": 4,
      "tested": 4
    }
  },
  "target_s": 4
}
