{
  "common_owner_simple_maps": 103,
  "maps_tested": 103,
  "reports": [
    {
      "a": 2,
      "b": 0,
      "counters": {
        "state_one": {
          "assignment_pairs": 25600,
          "collision_type_pairs_without_mixed_unit_c4": 5,
          "collision_type_target_cut_pairs": 80,
          "opposite_polarity_collision_pairs": 12288
        },
        "state_two": {
          "assignment_pairs": 102400,
          "collision_type_pairs_without_mixed_unit_c4": 10,
          "collision_type_target_cut_pairs": 104,
          "opposite_polarity_collision_pairs": 32768
        }
      },
      "solutions": {
        "state_one": null,
        "state_two": null
      }
    },
    {
      "a": 2,
      "b": 1,
      "counters": {
        "state_one": {
          "assignment_pairs": 25600,
          "collision_type_pairs_without_mixed_unit_c4": 5,
          "collision_type_target_cut_pairs": 80,
          "opposite_polarity_collision_pairs": 12288
        },
        "state_two": {
          "assignment_pairs": 102400,
          "collision_type_pairs_without_mixed_unit_c4": 10,
          "collision_type_target_cut_pairs": 104,
          "opposite_polarity_collision_pairs": 32768
        }
      },
      "solutions": {
        "state_one": null,
        "state_two": null
      }
    },
    {
      "a": 2,
      "b": 2,
      "counters": {
        "state_one": {
          "assignment_pairs": 25600,
          "collision_type_pairs_without_mixed_unit_c4": 5,
          "collision_type_target_cut_pairs": 80,
          "opposite_polarity_collision_pairs": 12288
        },
        "state_two": {
          "assignment_pairs": 102400,
          "collision_type_pairs_without_mixed_unit_c4": 10,
          "collision_type_target_cut_pairs": 104,
          "opposite_polarity_collision_pairs": 32768
        }
      },
      "solutions": {
        "state_one": null,
        "state_two": null
      }
    },
    {
      "a": 2,
      "b": 12,
      "counters": {
        "state_one": {
          "assignment_pairs": 25600,
          "collision_type_pairs_without_mixed_unit_c4": 5,
          "collision_type_target_cut_pairs": 80,
          "opposite_polarity_collision_pairs": 12288
        },
        "state_two": {
          "assignment_pairs": 102400,
          "collision_type_pairs_without_mixed_unit_c4": 10,
          "collision_type_target_cut_pairs": 104,
          "opposite_polarity_collision_pairs": 32768
        }
      },
      "solutions": {
        "state_one": null,
        "state_two": null
      }
    },
    {
      "a": 2,
      "b": 14,
      "counters": {
        "state_one": {
          "assignment_pairs": 25600,
          "collision_type_pairs_without_mixed_unit_c4": 5,
          "collision_type_target_cut_pairs": 80,
          "opposite_polarity_collision_pairs": 12288
        },
        "state_two": {
          "assignment_pairs": 102400,
          "collision_type_pairs_without_mixed_unit_c4": 10,
          "collision_type_target_cut_pairs": 104,
          "opposite_polarity_collision_pairs": 32768
        }
      },
      "solutions": {
        "state_one": null,
        "state_two": null
      }
    },
    {
      "a": 2,
      "b": 15,
      "counters": {
        "state_one": {
          "assignment_pairs": 25600,
          "collision_type_pairs_without_mixed_unit_c4": 5,
          "collision_type_target_cut_pairs": 80,
          "opposite_polarity_collision_pairs": 12288
        },
        "state_two": {
          "assignment_pairs": 102400,
          "collision_type_pairs_without_mixed_unit_c4": 10,
          "collision_type_target_cut_pairs": 104,
          "opposite_polarity_collision_pairs": 32768
        }
      },
      "solutions": {
        "state_one": null,
        "state_two": null
      }
    },
    {
      "a": 2,
      "b": 16,
      "counters": {
        "state_one": {
          "assignment_pairs": 25600,
          "collision_type_pairs_without_mixed_unit_c4": 5,
          "collision_type_target_cut_pairs": 80,
          "opposite_polarity_collision_pairs": 12288
        },
        "state_two": {
          "assignment_pairs": 102400,
          "collision_type_pairs_without_mixed_unit_c4": 10,
          "collision_type_target_cut_pairs": 104,
          "opposite_polarity_collision_pairs": 32768
        }
      },
      "solutions": {
        "state_one": null,
        "state_two": null
      }
    },
    {
      "a": 3,
      "b": 1,
      "counters": {
        "state_one": {
          "assignment_pairs": 25600,
          "collision_type_pairs_without_mixed_unit_c4": 5,
          "collision_type_target_cut_pairs": 80,
          "opposite_polarity_collision_pairs": 12288
        },
        "state_two": {
          "assignment_pairs": 102400,
          "collision_type_pairs_without_mixed_unit_c4": 10,
          "collision_type_target_cut_pairs": 104,
          "opposite_polarity_collision_pairs": 32768
        }
      },
      "solutions": {
        "state_one": null,
        "state_two": null
      }
    },
    {
      "a": 3,
      "b": 3,
      "counters": {
        "state_one": {
          "assignment_pairs": 25600,
          "collision_type_pairs_without_mixed_unit_c4": 5,
          "collision_type_target_cut_pairs": 80,
          "opposite_polarity_collision_pairs": 12288
        },
        "state_two": {
          "assignment_pairs": 102400,
          "collision_type_pairs_without_mixed_unit_c4": 10,
          "collision_type_target_cut_pairs": 104,
          "opposite_polarity_collision_pairs": 32768
        }
      },
      "solutions": {
        "state_one": null,
        "state_two": null
      }
    },
    {
      "a": 3,
      "b": 5,
      "counters": {
        "state_one": {
          "assignment_pairs": 25600,
          "collision_type_pairs_without_mixed_unit_c4": 5,
          "collision_type_target_cut_pairs": 80,
          "opposite_polarity_collision_pairs": 12288
        },
        "state_two": {
          "assignment_pairs": 102400,
          "collision_type_pairs_without_mixed_unit_c4": 10,
          "collision_type_target_cut_pairs": 104,
          "opposite_polarity_collision_pairs": 32768
        }
      },
      "solutions": {
        "state_one": null,
        "state_two": null
      }
    },
    {
      "a": 3,
      "b": 6,
      "counters": {
        "state_one": {
          "assignment_pairs": 25600,
          "collision_type_pairs_without_mixed_unit_c4": 5,
          "collision_type_target_cut_pairs": 80,
          "opposite_polarity_collision_pairs": 12288
        },
        "state_two": {
          "assignment_pairs": 102400,
          "collision_type_pairs_without_mixed_unit_c4": 10,
          "collision_type_target_cut_pairs": 104,
          "opposite_polarity_collision_pairs": 32768
        }
      },
      "solutions": {
        "state_one": null,
        "state_two": null
      }
    },
    {
      "a": 3,
      "b": 7,
      "counters": {
        "state_one": {
          "assignment_pairs": 25600,
          "collision_type_pairs_without_mixed_unit_c4": 5,
          "collision_type_target_cut_pairs": 80,
          "opposite_polarity_collision_pairs": 12288
        },
        "state_two": {
          "assignment_pairs": 102400,
          "collision_type_pairs_without_mixed_unit_c4": 10,
          "collision_type_target_cut_pairs": 104,
          "opposite_polarity_collision_pairs": 32768
        }
      },
      "solutions": {
        "state_one": null,
        "state_two": null
      }
    },
    {
      "a": 3,
      "b": 9,
      "counters": {
        "state_one": {
          "assignment_pairs": 25600,
          "collision_type_pairs_without_mixed_unit_c4": 5,
          "collision_type_target_cut_pairs": 80,
          "opposite_polarity_collision_pairs": 12288
        },
        "state_two": {
          "assignment_pairs": 102400,
          "collision_type_pairs_without_mixed_unit_c4": 10,
          "collision_type_target_cut_pairs": 104,
          "opposite_polarity_collision_pairs": 32768
        }
      },
      "solutions": {
        "state_one": null,
        "state_two": null
      }
    },
    {
      "a": 4,
      "b": 2,
      "counters": {
        "state_one": {
          "assignment_pairs": 25600,
          "collision_type_pairs_without_mixed_unit_c4": 5,
          "collision_type_target_cut_pairs": 80,
          "opposite_polarity_collision_pairs": 12288
        },
        "state_two": {
          "assignment_pairs": 102400,
          "collision_type_pairs_without_mixed_unit_c4": 10,
          "collision_type_target_cut_pairs": 104,
          "opposite_polarity_collision_pairs": 32768
        }
      },
      "solutions": {
        "state_one": null,
        "state_two": null
      }
    },
    {
      "a": 4,
      "b": 3,
      "counters": {
        "state_one": {
          "assignment_pairs": 25600,
          "collision_type_pairs_without_mixed_unit_c4": 5,
          "collision_type_target_cut_pairs": 80,
          "opposite_polarity_collision_pairs": 12288
        },
        "state_two": {
          "assignment_pairs": 102400,
          "collision_type_pairs_without_mixed_unit_c4": 10,
          "collision_type_target_cut_pairs": 104,
          "opposite_polarity_collision_pairs": 32768
        }
      },
      "solutions": {
        "state_one": null,
        "state_two": null
      }
    },
    {
      "a": 4,
      "b": 4,
      "counters": {
        "state_one": {
          "assignment_pairs": 25600,
          "collision_type_pairs_without_mixed_unit_c4": 5,
          "collision_type_target_cut_pairs": 80,
          "opposite_polarity_collision_pairs": 12288
        },
        "state_two": {
          "assignment_pairs": 102400,
          "collision_type_pairs_without_mixed_unit_c4": 10,
          "collision_type_target_cut_pairs": 104,
          "opposite_polarity_collision_pairs": 32768
        }
      },
      "solutions": {
        "state_one": null,
        "state_two": null
      }
    },
    {
      "a": 4,
      "b": 6,
      "counters": {
        "state_one": {
          "assignment_pairs": 25600,
          "collision_type_pairs_without_mixed_unit_c4": 5,
          "collision_type_target_cut_pairs": 80,
          "opposite_polarity_collision_pairs": 12288
        },
        "state_two": {
          "assignment_pairs": 102400,
          "collision_type_pairs_without_mixed_unit_c4": 10,
          "collision_type_target_cut_pairs": 104,
          "opposite_polarity_collision_pairs": 32768
        }
      },
      "solutions": {
        "state_one": null,
        "state_two": null
      }
    },
    {
      "a": 4,
      "b": 8,
      "counters": {
        "state_one": {
          "assignment_pairs": 25600,
          "collision_type_pairs_without_mixed_unit_c4": 5,
          "collision_type_target_cut_pairs": 80,
          "opposite_polarity_collision_pairs": 12288
        },
        "state_two": {
          "assignment_pairs": 102400,
          "collision_type_pairs_without_mixed_unit_c4": 10,
          "collision_type_target_cut_pairs": 104,
          "opposite_polarity_collision_pairs": 32768
        }
      },
      "solutions": {
        "state_one": null,
        "state_two": null
      }
    },
    {
      "a": 4,
      "b": 10,
      "counters": {
        "state_one": {
          "assignment_pairs": 25600,
          "collision_type_pairs_without_mixed_unit_c4": 5,
          "collision_type_target_cut_pairs": 80,
          "opposite_polarity_collision_pairs": 12288
        },
        "state_two": {
          "assignment_pairs": 102400,
          "collision_type_pairs_without_mixed_unit_c4": 10,
          "collision_type_target_cut_pairs": 104,
          "opposite_polarity_collision_pairs": 32768
        }
      },
      "solutions": {
        "state_one": null,
        "state_two": null
      }
    },
    {
      "a": 5,
      "b": 2,
      "counters": {
        "state_one": {
          "assignment_pairs": 25600,
          "collision_type_pairs_without_mixed_unit_c4": 5,
          "collision_type_target_cut_pairs": 80,
          "opposite_polarity_collision_pairs": 12288
        },
        "state_two": {
          "assignment_pairs": 102400,
          "collision_type_pairs_without_mixed_unit_c4": 10,
          "collision_type_target_cut_pairs": 104,
          "opposite_polarity_collision_pairs": 32768
        }
      },
      "solutions": {
        "state_one": null,
        "state_two": null
      }
    },
    {
      "a": 5,
      "b": 4,
      "counters": {
        "state_one": {
          "assignment_pairs": 25600,
          "collision_type_pairs_without_mixed_unit_c4": 5,
          "collision_type_target_cut_pairs": 80,
          "opposite_polarity_collision_pairs": 12288
        },
        "state_two": {
          "assignment_pairs": 102400,
          "collision_type_pairs_without_mixed_unit_c4": 10,
          "collision_type_target_cut_pairs": 104,
          "opposite_polarity_collision_pairs": 32768
        }
      },
      "solutions": {
        "state_one": null,
        "state_two": null
      }
    },
    {
      "a": 5,
      "b": 5,
      "counters": {
        "state_one": {
          "assignment_pairs": 25600,
          "collision_type_pairs_without_mixed_unit_c4": 5,
          "collision_type_target_cut_pairs": 80,
          "opposite_polarity_collision_pairs": 12288
        },
        "state_two": {
          "assignment_pairs": 102400,
          "collision_type_pairs_without_mixed_unit_c4": 10,
          "collision_type_target_cut_pairs": 104,
          "opposite_polarity_collision_pairs": 32768
        }
      },
      "solutions": {
        "state_one": null,
        "state_two": null
      }
    },
    {
      "a": 5,
      "b": 7,
      "counters": {
        "state_one": {
          "assignment_pairs": 25600,
          "collision_type_pairs_without_mixed_unit_c4": 5,
          "collision_type_target_cut_pairs": 80,
          "opposite_polarity_collision_pairs": 12288
        },
        "state_two": {
          "assignment_pairs": 102400,
          "collision_type_pairs_without_mixed_unit_c4": 10,
          "collision_type_target_cut_pairs": 104,
          "opposite_polarity_collision_pairs": 32768
        }
      },
      "solutions": {
        "state_one": null,
        "state_two": null
      }
    },
    {
      "a": 5,
      "b": 8,
      "counters": {
        "state_one": {
          "assignment_pairs": 25600,
          "collision_type_pairs_without_mixed_unit_c4": 5,
          "collision_type_target_cut_pairs": 80,
          "opposite_polarity_collision_pairs": 12288
        },
        "state_two": {
          "assignment_pairs": 102400,
          "collision_type_pairs_without_mixed_unit_c4": 10,
          "collision_type_target_cut_pairs": 104,
          "opposite_polarity_collision_pairs": 32768
        }
      },
      "solutions": {
        "state_one": null,
        "state_two": null
      }
    },
    {
      "a": 5,
      "b": 9,
      "counters": {
        "state_one": {
          "assignment_pairs": 25600,
          "collision_type_pairs_without_mixed_unit_c4": 5,
          "collision_type_target_cut_pairs": 80,
          "opposite_polarity_collision_pairs": 12288
        },
        "state_two": {
          "assignment_pairs": 102400,
          "collision_type_pairs_without_mixed_unit_c4": 10,
          "collision_type_target_cut_pairs": 104,
          "opposite_polarity_collision_pairs": 32768
        }
      },
      "solutions": {
        "state_one": null,
        "state_two": null
      }
    },
    {
      "a": 5,
      "b": 11,
      "counters": {
        "state_one": {
          "assignment_pairs": 25600,
          "collision_type_pairs_without_mixed_unit_c4": 5,
          "collision_type_target_cut_pairs": 80,
          "opposite_polarity_collision_pairs": 12288
        },
        "state_two": {
          "assignment_pairs": 102400,
          "collision_type_pairs_without_mixed_unit_c4": 10,
          "collision_type_target_cut_pairs": 104,
          "opposite_polarity_collision_pairs": 32768
        }
      },
      "solutions": {
        "state_one": null,
        "state_two": null
      }
    },
    {
      "a": 5,
      "b": 14,
      "counters": {
        "state_one": {
          "assignment_pairs": 25600,
          "collision_type_pairs_without_mixed_unit_c4": 5,
          "collision_type_target_cut_pairs": 80,
          "opposite_polarity_collision_pairs": 12288
        },
        "state_two": {
          "assignment_pairs": 102400,
          "collision_type_pairs_without_mixed_unit_c4": 10,
          "collision_type_target_cut_pairs": 104,
          "opposite_polarity_collision_pairs": 32768
        }
      },
      "solutions": {
        "state_one": null,
        "state_two": null
      }
    },
    {
      "a": 5,
      "b": 15,
      "counters": {
        "state_one": {
          "assignment_pairs": 25600,
          "collision_type_pairs_without_mixed_unit_c4": 5,
          "collision_type_target_cut_pairs": 80,
          "opposite_polarity_collision_pairs": 12288
        },
        "state_two": {
          "assignment_pairs": 102400,
          "collision_type_pairs_without_mixed_unit_c4": 10,
          "collision_type_target_cut_pairs": 104,
          "opposite_polarity_collision_pairs": 32768
        }
      },
      "solutions": {
        "state_one": null,
        "state_two": null
      }
    },
    {
      "a": 6,
      "b": 4,
      "counters": {
        "state_one": {
          "assignment_pairs": 25600,
          "collision_type_pairs_without_mixed_unit_c4": 5,
          "collision_type_target_cut_pairs": 80,
          "opposite_polarity_collision_pairs": 12288
        },
        "state_two": {
          "assignment_pairs": 102400,
          "collision_type_pairs_without_mixed_unit_c4": 10,
          "collision_type_target_cut_pairs": 104,
          "opposite_polarity_collision_pairs": 32768
        }
      },
      "solutions": {
        "state_one": null,
        "state_two": null
      }
    },
    {
      "a": 6,
      "b": 9,
      "counters": {
        "state_one": {
          "assignment_pairs": 25600,
          "collision_type_pairs_without_mixed_unit_c4": 5,
          "collision_type_target_cut_pairs": 80,
          "opposite_polarity_collision_pairs": 12288
        },
        "state_two": {
          "assignment_pairs": 102400,
          "collision_type_pairs_without_mixed_unit_c4": 10,
          "collision_type_target_cut_pairs": 104,
          "opposite_polarity_collision_pairs": 32768
        }
      },
      "solutions": {
        "state_one": null,
        "state_two": null
      }
    },
    {
      "a": 6,
      "b": 11,
      "counters": {
        "state_one": {
          "assignment_pairs": 25600,
          "collision_type_pairs_without_mixed_unit_c4": 5,
          "collision_type_target_cut_pairs": 80,
          "opposite_polarity_collision_pairs": 12288
        },
        "state_two": {
          "assignment_pairs": 102400,
          "collision_type_pairs_without_mixed_unit_c4": 10,
          "collision_type_target_cut_pairs": 104,
          "opposite_polarity_collision_pairs": 32768
        }
      },
      "solutions": {
        "state_one": null,
        "state_two": null
      }
    },
    {
      "a": 6,
      "b": 14,
      "counters": {
        "state_one": {
          "assignment_pairs": 25600,
          "collision_type_pairs_without_mixed_unit_c4": 5,
          "collision_type_target_cut_pairs": 80,
          "opposite_polarity_collision_pairs": 12288
        },
        "state_two": {
          "assignment_pairs": 102400,
          "collision_type_pairs_without_mixed_unit_c4": 10,
          "collision_type_target_cut_pairs": 104,
          "opposite_polarity_collision_pairs": 32768
        }
      },
      "solutions": {
        "state_one": null,
        "state_two": null
      }
    },
    {
      "a": 6,
      "b": 15,
      "counters": {
        "state_one": {
          "assignment_pairs": 25600,
          "collision_type_pairs_without_mixed_unit_c4": 5,
          "collision_type_target_cut_pairs": 80,
          "opposite_polarity_collision_pairs": 12288
        },
        "state_two": {
          "assignment_pairs": 102400,
          "collision_type_pairs_without_mixed_unit_c4": 10,
          "collision_type_target_cut_pairs": 104,
          "opposite_polarity_collision_pairs": 32768
        }
      },
      "solutions": {
        "state_one": null,
        "state_two": null
      }
    },
    {
      "a": 6,
      "b": 16,
      "counters": {
        "state_one": {
          "assignment_pairs": 25600,
          "collision_type_pairs_without_mixed_unit_c4": 5,
          "collision_type_target_cut_pairs": 80,
          "opposite_polarity_collision_pairs": 12288
        },
        "state_two": {
          "assignment_pairs": 102400,
          "collision_type_pairs_without_mixed_unit_c4": 10,
          "collision_type_target_cut_pairs": 104,
          "opposite_polarity_collision_pairs": 32768
        }
      },
      "solutions": {
        "state_one": null,
        "state_two": null
      }
    },
    {
      "a": 7,
      "b": 2,
      "counters": {
        "state_one": {
          "assignment_pairs": 25600,
          "collision_type_pairs_without_mixed_unit_c4": 5,
          "collision_type_target_cut_pairs": 80,
          "opposite_polarity_collision_pairs": 12288
        },
        "state_two": {
          "assignment_pairs": 102400,
          "collision_type_pairs_without_mixed_unit_c4": 10,
          "collision_type_target_cut_pairs": 104,
          "opposite_polarity_collision_pairs": 32768
        }
      },
      "solutions": {
        "state_one": null,
        "state_two": null
      }
    },
    {
      "a": 7,
      "b": 3,
      "counters": {
        "state_one": {
          "assignment_pairs": 25600,
          "collision_type_pairs_without_mixed_unit_c4": 5,
          "collision_type_target_cut_pairs": 80,
          "opposite_polarity_collision_pairs": 12288
        },
        "state_two": {
          "assignment_pairs": 102400,
          "collision_type_pairs_without_mixed_unit_c4": 10,
          "collision_type_target_cut_pairs": 104,
          "opposite_polarity_collision_pairs": 32768
        }
      },
      "solutions": {
        "state_one": null,
        "state_two": null
      }
    },
    {
      "a": 7,
      "b": 4,
      "counters": {
        "state_one": {
          "assignment_pairs": 25600,
          "collision_type_pairs_without_mixed_unit_c4": 5,
          "collision_type_target_cut_pairs": 80,
          "opposite_polarity_collision_pairs": 12288
        },
        "state_two": {
          "assignment_pairs": 102400,
          "collision_type_pairs_without_mixed_unit_c4": 10,
          "collision_type_target_cut_pairs": 104,
          "opposite_polarity_collision_pairs": 32768
        }
      },
      "solutions": {
        "state_one": null,
        "state_two": null
      }
    },
    {
      "a": 7,
      "b": 5,
      "counters": {
        "state_one": {
          "assignment_pairs": 25600,
          "collision_type_pairs_without_mixed_unit_c4": 5,
          "collision_type_target_cut_pairs": 80,
          "opposite_polarity_collision_pairs": 12288
        },
        "state_two": {
          "assignment_pairs": 102400,
          "collision_type_pairs_without_mixed_unit_c4": 10,
          "collision_type_target_cut_pairs": 104,
          "opposite_polarity_collision_pairs": 32768
        }
      },
      "solutions": {
        "state_one": null,
        "state_two": null
      }
    },
    {
      "a": 7,
      "b": 6,
      "counters": {
        "state_one": {
          "assignment_pairs": 25600,
          "collision_type_pairs_without_mixed_unit_c4": 5,
          "collision_type_target_cut_pairs": 80,
          "opposite_polarity_collision_pairs": 12288
        },
        "state_two": {
          "assignment_pairs": 102400,
          "collision_type_pairs_without_mixed_unit_c4": 10,
          "collision_type_target_cut_pairs": 104,
          "opposite_polarity_collision_pairs": 32768
        }
      },
      "solutions": {
        "state_one": null,
        "state_two": null
      }
    },
    {
      "a": 7,
      "b": 8,
      "counters": {
        "state_one": {
          "assignment_pairs": 25600,
          "collision_type_pairs_without_mixed_unit_c4": 5,
          "collision_type_target_cut_pairs": 80,
          "opposite_polarity_collision_pairs": 12288
        },
        "state_two": {
          "assignment_pairs": 102400,
          "collision_type_pairs_without_mixed_unit_c4": 10,
          "collision_type_target_cut_pairs": 104,
          "opposite_polarity_collision_pairs": 32768
        }
      },
      "solutions": {
        "state_one": null,
        "state_two": null
      }
    },
    {
      "a": 7,
      "b": 12,
      "counters": {
        "state_one": {
          "assignment_pairs": 25600,
          "collision_type_pairs_without_mixed_unit_c4": 5,
          "collision_type_target_cut_pairs": 80,
          "opposite_polarity_collision_pairs": 12288
        },
        "state_two": {
          "assignment_pairs": 102400,
          "collision_type_pairs_without_mixed_unit_c4": 10,
          "collision_type_target_cut_pairs": 104,
          "opposite_polarity_collision_pairs": 32768
        }
      },
      "solutions": {
        "state_one": null,
        "state_two": null
      }
    },
    {
      "a": 7,
      "b": 14,
      "counters": {
        "state_one": {
          "assignment_pairs": 25600,
          "collision_type_pairs_without_mixed_unit_c4": 5,
          "collision_type_target_cut_pairs": 80,
          "opposite_polarity_collision_pairs": 12288
        },
        "state_two": {
          "assignment_pairs": 102400,
          "collision_type_pairs_without_mixed_unit_c4": 10,
          "collision_type_target_cut_pairs": 104,
          "opposite_polarity_collision_pairs": 32768
        }
      },
      "solutions": {
        "state_one": null,
        "state_two": null
      }
    },
    {
      "a": 7,
      "b": 16,
      "counters": {
        "state_one": {
          "assignment_pairs": 25600,
          "collision_type_pairs_without_mixed_unit_c4": 5,
          "collision_type_target_cut_pairs": 80,
          "opposite_polarity_collision_pairs": 12288
        },
        "state_two": {
          "assignment_pairs": 102400,
          "collision_type_pairs_without_mixed_unit_c4": 10,
          "collision_type_target_cut_pairs": 104,
          "opposite_polarity_collision_pairs": 32768
        }
      },
      "solutions": {
        "state_one": null,
        "state_two": null
      }
    },
    {
      "a": 8,
      "b": 0,
      "counters": {
        "state_one": {
          "assignment_pairs": 25600,
          "collision_type_pairs_without_mixed_unit_c4": 5,
          "collision_type_target_cut_pairs": 80,
          "opposite_polarity_collision_pairs": 12288
        },
        "state_two": {
          "assignment_pairs": 102400,
          "collision_type_pairs_without_mixed_unit_c4": 10,
          "collision_type_target_cut_pairs": 104,
          "opposite_polarity_collision_pairs": 32768
        }
      },
      "solutions": {
        "state_one": null,
        "state_two": null
      }
    },
    {
      "a": 8,
      "b": 1,
      "counters": {
        "state_one": {
          "assignment_pairs": 25600,
          "collision_type_pairs_without_mixed_unit_c4": 5,
          "collision_type_target_cut_pairs": 80,
          "opposite_polarity_collision_pairs": 12288
        },
        "state_two": {
          "assignment_pairs": 102400,
          "collision_type_pairs_without_mixed_unit_c4": 10,
          "collision_type_target_cut_pairs": 104,
          "opposite_polarity_collision_pairs": 32768
        }
      },
      "solutions": {
        "state_one": null,
        "state_two": null
      }
    },
    {
      "a": 8,
      "b": 5,
      "counters": {
        "state_one": {
          "assignment_pairs": 25600,
          "collision_type_pairs_without_mixed_unit_c4": 5,
          "collision_type_target_cut_pairs": 80,
          "opposite_polarity_collision_pairs": 12288
        },
        "state_two": {
          "assignment_pairs": 102400,
          "collision_type_pairs_without_mixed_unit_c4": 10,
          "collision_type_target_cut_pairs": 104,
          "opposite_polarity_collision_pairs": 32768
        }
      },
      "solutions": {
        "state_one": null,
        "state_two": null
      }
    },
    {
      "a": 8,
      "b": 8,
      "counters": {
        "state_one": {
          "assignment_pairs": 25600,
          "collision_type_pairs_without_mixed_unit_c4": 5,
          "collision_type_target_cut_pairs": 80,
          "opposite_polarity_collision_pairs": 12288
        },
        "state_two": {
          "assignment_pairs": 102400,
          "collision_type_pairs_without_mixed_unit_c4": 10,
          "collision_type_target_cut_pairs": 104,
          "opposite_polarity_collision_pairs": 32768
        }
      },
      "solutions": {
        "state_one": null,
        "state_two": null
      }
    },
    {
      "a": 8,
      "b": 9,
      "counters": {
        "state_one": {
          "assignment_pairs": 25600,
          "collision_type_pairs_without_mixed_unit_c4": 5,
          "collision_type_target_cut_pairs": 80,
          "opposite_polarity_collision_pairs": 12288
        },
        "state_two": {
          "assignment_pairs": 102400,
          "collision_type_pairs_without_mixed_unit_c4": 10,
          "collision_type_target_cut_pairs": 104,
          "opposite_polarity_collision_pairs": 32768
        }
      },
      "solutions": {
        "state_one": null,
        "state_two": null
      }
    },
    {
      "a": 8,
      "b": 13,
      "counters": {
        "state_one": {
          "assignment_pairs": 25600,
          "collision_type_pairs_without_mixed_unit_c4": 5,
          "collision_type_target_cut_pairs": 80,
          "opposite_polarity_collision_pairs": 12288
        },
        "state_two": {
          "assignment_pairs": 102400,
          "collision_type_pairs_without_mixed_unit_c4": 10,
          "collision_type_target_cut_pairs": 104,
          "opposite_polarity_collision_pairs": 32768
        }
      },
      "solutions": {
        "state_one": null,
        "state_two": null
      }
    },
    {
      "a": 8,
      "b": 14,
      "counters": {
        "state_one": {
          "assignment_pairs": 25600,
          "collision_type_pairs_without_mixed_unit_c4": 5,
          "collision_type_target_cut_pairs": 80,
          "opposite_polarity_collision_pairs": 12288
        },
        "state_two": {
          "assignment_pairs": 102400,
          "collision_type_pairs_without_mixed_unit_c4": 10,
          "collision_type_target_cut_pairs": 104,
          "opposite_polarity_collision_pairs": 32768
        }
      },
      "solutions": {
        "state_one": null,
        "state_two": null
      }
    },
    {
      "a": 9,
      "b": 0,
      "counters": {
        "state_one": {
          "assignment_pairs": 25600,
          "collision_type_pairs_without_mixed_unit_c4": 5,
          "collision_type_target_cut_pairs": 80,
          "opposite_polarity_collision_pairs": 12288
        },
        "state_two": {
          "assignment_pairs": 102400,
          "collision_type_pairs_without_mixed_unit_c4": 10,
          "collision_type_target_cut_pairs": 104,
          "opposite_polarity_collision_pairs": 32768
        }
      },
      "solutions": {
        "state_one": null,
        "state_two": null
      }
    },
    {
      "a": 9,
      "b": 1,
      "counters": {
        "state_one": {
          "assignment_pairs": 25600,
          "collision_type_pairs_without_mixed_unit_c4": 5,
          "collision_type_target_cut_pairs": 80,
          "opposite_polarity_collision_pairs": 12288
        },
        "state_two": {
          "assignment_pairs": 102400,
          "collision_type_pairs_without_mixed_unit_c4": 10,
          "collision_type_target_cut_pairs": 104,
          "opposite_polarity_collision_pairs": 32768
        }
      },
      "solutions": {
        "state_one": null,
        "state_two": null
      }
    },
    {
      "a": 9,
      "b": 8,
      "counters": {
        "state_one": {
          "assignment_pairs": 25600,
          "collision_type_pairs_without_mixed_unit_c4": 5,
          "collision_type_target_cut_pairs": 80,
          "opposite_polarity_collision_pairs": 12288
        },
        "state_two": {
          "assignment_pairs": 102400,
          "collision_type_pairs_without_mixed_unit_c4": 10,
          "collision_type_target_cut_pairs": 104,
          "opposite_polarity_collision_pairs": 32768
        }
      },
      "solutions": {
        "state_one": null,
        "state_two": null
      }
    },
    {
      "a": 9,
      "b": 9,
      "counters": {
        "state_one": {
          "assignment_pairs": 25600,
          "collision_type_pairs_without_mixed_unit_c4": 5,
          "collision_type_target_cut_pairs": 80,
          "opposite_polarity_collision_pairs": 12288
        },
        "state_two": {
          "assignment_pairs": 102400,
          "collision_type_pairs_without_mixed_unit_c4": 10,
          "collision_type_target_cut_pairs": 104,
          "opposite_polarity_collision_pairs": 32768
        }
      },
      "solutions": {
        "state_one": null,
        "state_two": null
      }
    },
    {
      "a": 9,
      "b": 10,
      "counters": {
        "state_one": {
          "assignment_pairs": 25600,
          "collision_type_pairs_without_mixed_unit_c4": 5,
          "collision_type_target_cut_pairs": 80,
          "opposite_polarity_collision_pairs": 12288
        },
        "state_two": {
          "assignment_pairs": 102400,
          "collision_type_pairs_without_mixed_unit_c4": 10,
          "collision_type_target_cut_pairs": 104,
          "opposite_polarity_collision_pairs": 32768
        }
      },
      "solutions": {
        "state_one": null,
        "state_two": null
      }
    },
    {
      "a": 9,
      "b": 11,
      "counters": {
        "state_one": {
          "assignment_pairs": 25600,
          "collision_type_pairs_without_mixed_unit_c4": 5,
          "collision_type_target_cut_pairs": 80,
          "opposite_polarity_collision_pairs": 12288
        },
        "state_two": {
          "assignment_pairs": 102400,
          "collision_type_pairs_without_mixed_unit_c4": 10,
          "collision_type_target_cut_pairs": 104,
          "opposite_polarity_collision_pairs": 32768
        }
      },
      "solutions": {
        "state_one": null,
        "state_two": null
      }
    },
    {
      "a": 9,
      "b": 16,
      "counters": {
        "state_one": {
          "assignment_pairs": 25600,
          "collision_type_pairs_without_mixed_unit_c4": 5,
          "collision_type_target_cut_pairs": 80,
          "opposite_polarity_collision_pairs": 12288
        },
        "state_two": {
          "assignment_pairs": 102400,
          "collision_type_pairs_without_mixed_unit_c4": 10,
          "collision_type_target_cut_pairs": 104,
          "opposite_polarity_collision_pairs": 32768
        }
      },
      "solutions": {
        "state_one": null,
        "state_two": null
      }
    },
    {
      "a": 10,
      "b": 0,
      "counters": {
        "state_one": {
          "assignment_pairs": 25600,
          "collision_type_pairs_without_mixed_unit_c4": 5,
          "collision_type_target_cut_pairs": 80,
          "opposite_polarity_collision_pairs": 12288
        },
        "state_two": {
          "assignment_pairs": 102400,
          "collision_type_pairs_without_mixed_unit_c4": 10,
          "collision_type_target_cut_pairs": 104,
          "opposite_polarity_collision_pairs": 32768
        }
      },
      "solutions": {
        "state_one": null,
        "state_two": null
      }
    },
    {
      "a": 10,
      "b": 1,
      "counters": {
        "state_one": {
          "assignment_pairs": 25600,
          "collision_type_pairs_without_mixed_unit_c4": 5,
          "collision_type_target_cut_pairs": 80,
          "opposite_polarity_collision_pairs": 12288
        },
        "state_two": {
          "assignment_pairs": 102400,
          "collision_type_pairs_without_mixed_unit_c4": 10,
          "collision_type_target_cut_pairs": 104,
          "opposite_polarity_collision_pairs": 32768
        }
      },
      "solutions": {
        "state_one": null,
        "state_two": null
      }
    },
    {
      "a": 10,
      "b": 4,
      "counters": {
        "state_one": {
          "assignment_pairs": 25600,
          "collision_type_pairs_without_mixed_unit_c4": 5,
          "collision_type_target_cut_pairs": 80,
          "opposite_polarity_collision_pairs": 12288
        },
        "state_two": {
          "assignment_pairs": 102400,
          "collision_type_pairs_without_mixed_unit_c4": 10,
          "collision_type_target_cut_pairs": 104,
          "opposite_polarity_collision_pairs": 32768
        }
      },
      "solutions": {
        "state_one": null,
        "state_two": null
      }
    },
    {
      "a": 10,
      "b": 8,
      "counters": {
        "state_one": {
          "assignment_pairs": 25600,
          "collision_type_pairs_without_mixed_unit_c4": 5,
          "collision_type_target_cut_pairs": 80,
          "opposite_polarity_collision_pairs": 12288
        },
        "state_two": {
          "assignment_pairs": 102400,
          "collision_type_pairs_without_mixed_unit_c4": 10,
          "collision_type_target_cut_pairs": 104,
          "opposite_polarity_collision_pairs": 32768
        }
      },
      "solutions": {
        "state_one": null,
        "state_two": null
      }
    },
    {
      "a": 10,
      "b": 11,
      "counters": {
        "state_one": {
          "assignment_pairs": 25600,
          "collision_type_pairs_without_mixed_unit_c4": 5,
          "collision_type_target_cut_pairs": 80,
          "opposite_polarity_collision_pairs": 12288
        },
        "state_two": {
          "assignment_pairs": 102400,
          "collision_type_pairs_without_mixed_unit_c4": 10,
          "collision_type_target_cut_pairs": 104,
          "opposite_polarity_collision_pairs": 32768
        }
      },
      "solutions": {
        "state_one": null,
        "state_two": null
      }
    },
    {
      "a": 10,
      "b": 13,
      "counters": {
        "state_one": {
          "assignment_pairs": 25600,
          "collision_type_pairs_without_mixed_unit_c4": 5,
          "collision_type_target_cut_pairs": 80,
          "opposite_polarity_collision_pairs": 12288
        },
        "state_two": {
          "assignment_pairs": 102400,
          "collision_type_pairs_without_mixed_unit_c4": 10,
          "collision_type_target_cut_pairs": 104,
          "opposite_polarity_collision_pairs": 32768
        }
      },
      "solutions": {
        "state_one": null,
        "state_two": null
      }
    },
    {
      "a": 10,
      "b": 14,
      "counters": {
        "state_one": {
          "assignment_pairs": 25600,
          "collision_type_pairs_without_mixed_unit_c4": 5,
          "collision_type_target_cut_pairs": 80,
          "opposite_polarity_collision_pairs": 12288
        },
        "state_two": {
          "assignment_pairs": 102400,
          "collision_type_pairs_without_mixed_unit_c4": 10,
          "collision_type_target_cut_pairs": 104,
          "opposite_polarity_collision_pairs": 32768
        }
      },
      "solutions": {
        "state_one": null,
        "state_two": null
      }
    },
    {
      "a": 10,
      "b": 16,
      "counters": {
        "state_one": {
          "assignment_pairs": 25600,
          "collision_type_pairs_without_mixed_unit_c4": 5,
          "collision_type_target_cut_pairs": 80,
          "opposite_polarity_collision_pairs": 12288
        },
        "state_two": {
          "assignment_pairs": 102400,
          "collision_type_pairs_without_mixed_unit_c4": 10,
          "collision_type_target_cut_pairs": 104,
          "opposite_polarity_collision_pairs": 32768
        }
      },
      "solutions": {
        "state_one": null,
        "state_two": null
      }
    },
    {
      "a": 11,
      "b": 1,
      "counters": {
        "state_one": {
          "assignment_pairs": 25600,
          "collision_type_pairs_without_mixed_unit_c4": 5,
          "collision_type_target_cut_pairs": 80,
          "opposite_polarity_collision_pairs": 12288
        },
        "state_two": {
          "assignment_pairs": 102400,
          "collision_type_pairs_without_mixed_unit_c4": 10,
          "collision_type_target_cut_pairs": 104,
          "opposite_polarity_collision_pairs": 32768
        }
      },
      "solutions": {
        "state_one": null,
        "state_two": null
      }
    },
    {
      "a": 11,
      "b": 3,
      "counters": {
        "state_one": {
          "assignment_pairs": 25600,
          "collision_type_pairs_without_mixed_unit_c4": 5,
          "collision_type_target_cut_pairs": 80,
          "opposite_polarity_collision_pairs": 12288
        },
        "state_two": {
          "assignment_pairs": 102400,
          "collision_type_pairs_without_mixed_unit_c4": 10,
          "collision_type_target_cut_pairs": 104,
          "opposite_polarity_collision_pairs": 32768
        }
      },
      "solutions": {
        "state_one": null,
        "state_two": null
      }
    },
    {
      "a": 11,
      "b": 4,
      "counters": {
        "state_one": {
          "assignment_pairs": 25600,
          "collision_type_pairs_without_mixed_unit_c4": 5,
          "collision_type_target_cut_pairs": 80,
          "opposite_polarity_collision_pairs": 12288
        },
        "state_two": {
          "assignment_pairs": 102400,
          "collision_type_pairs_without_mixed_unit_c4": 10,
          "collision_type_target_cut_pairs": 104,
          "opposite_polarity_collision_pairs": 32768
        }
      },
      "solutions": {
        "state_one": null,
        "state_two": null
      }
    },
    {
      "a": 11,
      "b": 5,
      "counters": {
        "state_one": {
          "assignment_pairs": 25600,
          "collision_type_pairs_without_mixed_unit_c4": 5,
          "collision_type_target_cut_pairs": 80,
          "opposite_polarity_collision_pairs": 12288
        },
        "state_two": {
          "assignment_pairs": 102400,
          "collision_type_pairs_without_mixed_unit_c4": 10,
          "collision_type_target_cut_pairs": 104,
          "opposite_polarity_collision_pairs": 32768
        }
      },
      "solutions": {
        "state_one": null,
        "state_two": null
      }
    },
    {
      "a": 11,
      "b": 9,
      "counters": {
        "state_one": {
          "assignment_pairs": 25600,
          "collision_type_pairs_without_mixed_unit_c4": 5,
          "collision_type_target_cut_pairs": 80,
          "opposite_polarity_collision_pairs": 12288
        },
        "state_two": {
          "assignment_pairs": 102400,
          "collision_type_pairs_without_mixed_unit_c4": 10,
          "collision_type_target_cut_pairs": 104,
          "opposite_polarity_collision_pairs": 32768
        }
      },
      "solutions": {
        "state_one": null,
        "state_two": null
      }
    },
    {
      "a": 11,
      "b": 10,
      "counters": {
        "state_one": {
          "assignment_pairs": 25600,
          "collision_type_pairs_without_mixed_unit_c4": 5,
          "collision_type_target_cut_pairs": 80,
          "opposite_polarity_collision_pairs": 12288
        },
        "state_two": {
          "assignment_pairs": 102400,
          "collision_type_pairs_without_mixed_unit_c4": 10,
          "collision_type_target_cut_pairs": 104,
          "opposite_polarity_collision_pairs": 32768
        }
      },
      "solutions": {
        "state_one": null,
        "state_two": null
      }
    },
    {
      "a": 11,
      "b": 11,
      "counters": {
        "state_one": {
          "assignment_pairs": 25600,
          "collision_type_pairs_without_mixed_unit_c4": 5,
          "collision_type_target_cut_pairs": 80,
          "opposite_polarity_collision_pairs": 12288
        },
        "state_two": {
          "assignment_pairs": 102400,
          "collision_type_pairs_without_mixed_unit_c4": 10,
          "collision_type_target_cut_pairs": 104,
          "opposite_polarity_collision_pairs": 32768
        }
      },
      "solutions": {
        "state_one": null,
        "state_two": null
      }
    },
    {
      "a": 11,
      "b": 13,
      "counters": {
        "state_one": {
          "assignment_pairs": 25600,
          "collision_type_pairs_without_mixed_unit_c4": 5,
          "collision_type_target_cut_pairs": 80,
          "opposite_polarity_collision_pairs": 12288
        },
        "state_two": {
          "assignment_pairs": 102400,
          "collision_type_pairs_without_mixed_unit_c4": 10,
          "collision_type_target_cut_pairs": 104,
          "opposite_polarity_collision_pairs": 32768
        }
      },
      "solutions": {
        "state_one": null,
        "state_two": null
      }
    },
    {
      "a": 12,
      "b": 0,
      "counters": {
        "state_one": {
          "assignment_pairs": 25600,
          "collision_type_pairs_without_mixed_unit_c4": 5,
          "collision_type_target_cut_pairs": 80,
          "opposite_polarity_collision_pairs": 12288
        },
        "state_two": {
          "assignment_pairs": 102400,
          "collision_type_pairs_without_mixed_unit_c4": 10,
          "collision_type_target_cut_pairs": 104,
          "opposite_polarity_collision_pairs": 32768
        }
      },
      "solutions": {
        "state_one": null,
        "state_two": null
      }
    },
    {
      "a": 12,
      "b": 2,
      "counters": {
        "state_one": {
          "assignment_pairs": 25600,
          "collision_type_pairs_without_mixed_unit_c4": 5,
          "collision_type_target_cut_pairs": 80,
          "opposite_polarity_collision_pairs": 12288
        },
        "state_two": {
          "assignment_pairs": 102400,
          "collision_type_pairs_without_mixed_unit_c4": 10,
          "collision_type_target_cut_pairs": 104,
          "opposite_polarity_collision_pairs": 32768
        }
      },
      "solutions": {
        "state_one": null,
        "state_two": null
      }
    },
    {
      "a": 12,
      "b": 3,
      "counters": {
        "state_one": {
          "assignment_pairs": 25600,
          "collision_type_pairs_without_mixed_unit_c4": 5,
          "collision_type_target_cut_pairs": 80,
          "opposite_polarity_collision_pairs": 12288
        },
        "state_two": {
          "assignment_pairs": 102400,
          "collision_type_pairs_without_mixed_unit_c4": 10,
          "collision_type_target_cut_pairs": 104,
          "opposite_polarity_collision_pairs": 32768
        }
      },
      "solutions": {
        "state_one": null,
        "state_two": null
      }
    },
    {
      "a": 12,
      "b": 4,
      "counters": {
        "state_one": {
          "assignment_pairs": 25600,
          "collision_type_pairs_without_mixed_unit_c4": 5,
          "collision_type_target_cut_pairs": 80,
          "opposite_polarity_collision_pairs": 12288
        },
        "state_two": {
          "assignment_pairs": 102400,
          "collision_type_pairs_without_mixed_unit_c4": 10,
          "collision_type_target_cut_pairs": 104,
          "opposite_polarity_collision_pairs": 32768
        }
      },
      "solutions": {
        "state_one": null,
        "state_two": null
      }
    },
    {
      "a": 12,
      "b": 5,
      "counters": {
        "state_one": {
          "assignment_pairs": 25600,
          "collision_type_pairs_without_mixed_unit_c4": 5,
          "collision_type_target_cut_pairs": 80,
          "opposite_polarity_collision_pairs": 12288
        },
        "state_two": {
          "assignment_pairs": 102400,
          "collision_type_pairs_without_mixed_unit_c4": 10,
          "collision_type_target_cut_pairs": 104,
          "opposite_polarity_collision_pairs": 32768
        }
      },
      "solutions": {
        "state_one": null,
        "state_two": null
      }
    },
    {
      "a": 12,
      "b": 6,
      "counters": {
        "state_one": {
          "assignment_pairs": 25600,
          "collision_type_pairs_without_mixed_unit_c4": 5,
          "collision_type_target_cut_pairs": 80,
          "opposite_polarity_collision_pairs": 12288
        },
        "state_two": {
          "assignment_pairs": 102400,
          "collision_type_pairs_without_mixed_unit_c4": 10,
          "collision_type_target_cut_pairs": 104,
          "opposite_polarity_collision_pairs": 32768
        }
      },
      "solutions": {
        "state_one": null,
        "state_two": null
      }
    },
    {
      "a": 12,
      "b": 12,
      "counters": {
        "state_one": {
          "assignment_pairs": 25600,
          "collision_type_pairs_without_mixed_unit_c4": 5,
          "collision_type_target_cut_pairs": 80,
          "opposite_polarity_collision_pairs": 12288
        },
        "state_two": {
          "assignment_pairs": 102400,
          "collision_type_pairs_without_mixed_unit_c4": 10,
          "collision_type_target_cut_pairs": 104,
          "opposite_polarity_collision_pairs": 32768
        }
      },
      "solutions": {
        "state_one": null,
        "state_two": null
      }
    },
    {
      "a": 12,
      "b": 14,
      "counters": {
        "state_one": {
          "assignment_pairs": 25600,
          "collision_type_pairs_without_mixed_unit_c4": 5,
          "collision_type_target_cut_pairs": 80,
          "opposite_polarity_collision_pairs": 12288
        },
        "state_two": {
          "assignment_pairs": 102400,
          "collision_type_pairs_without_mixed_unit_c4": 10,
          "collision_type_target_cut_pairs": 104,
          "opposite_polarity_collision_pairs": 32768
        }
      },
      "solutions": {
        "state_one": null,
        "state_two": null
      }
    },
    {
      "a": 13,
      "b": 6,
      "counters": {
        "state_one": {
          "assignment_pairs": 25600,
          "collision_type_pairs_without_mixed_unit_c4": 5,
          "collision_type_target_cut_pairs": 80,
          "opposite_polarity_collision_pairs": 12288
        },
        "state_two": {
          "assignment_pairs": 102400,
          "collision_type_pairs_without_mixed_unit_c4": 10,
          "collision_type_target_cut_pairs": 104,
          "opposite_polarity_collision_pairs": 32768
        }
      },
      "solutions": {
        "state_one": null,
        "state_two": null
      }
    },
    {
      "a": 13,
      "b": 7,
      "counters": {
        "state_one": {
          "assignment_pairs": 25600,
          "collision_type_pairs_without_mixed_unit_c4": 5,
          "collision_type_target_cut_pairs": 80,
          "opposite_polarity_collision_pairs": 12288
        },
        "state_two": {
          "assignment_pairs": 102400,
          "collision_type_pairs_without_mixed_unit_c4": 10,
          "collision_type_target_cut_pairs": 104,
          "opposite_polarity_collision_pairs": 32768
        }
      },
      "solutions": {
        "state_one": null,
        "state_two": null
      }
    },
    {
      "a": 13,
      "b": 8,
      "counters": {
        "state_one": {
          "assignment_pairs": 25600,
          "collision_type_pairs_without_mixed_unit_c4": 5,
          "collision_type_target_cut_pairs": 80,
          "opposite_polarity_collision_pairs": 12288
        },
        "state_two": {
          "assignment_pairs": 102400,
          "collision_type_pairs_without_mixed_unit_c4": 10,
          "collision_type_target_cut_pairs": 104,
          "opposite_polarity_collision_pairs": 32768
        }
      },
      "solutions": {
        "state_one": null,
        "state_two": null
      }
    },
    {
      "a": 13,
      "b": 12,
      "counters": {
        "state_one": {
          "assignment_pairs": 25600,
          "collision_type_pairs_without_mixed_unit_c4": 5,
          "collision_type_target_cut_pairs": 80,
          "opposite_polarity_collision_pairs": 12288
        },
        "state_two": {
          "assignment_pairs": 102400,
          "collision_type_pairs_without_mixed_unit_c4": 10,
          "collision_type_target_cut_pairs": 104,
          "opposite_polarity_collision_pairs": 32768
        }
      },
      "solutions": {
        "state_one": null,
        "state_two": null
      }
    },
    {
      "a": 13,
      "b": 15,
      "counters": {
        "state_one": {
          "assignment_pairs": 25600,
          "collision_type_pairs_without_mixed_unit_c4": 5,
          "collision_type_target_cut_pairs": 80,
          "opposite_polarity_collision_pairs": 12288
        },
        "state_two": {
          "assignment_pairs": 102400,
          "collision_type_pairs_without_mixed_unit_c4": 10,
          "collision_type_target_cut_pairs": 104,
          "opposite_polarity_collision_pairs": 32768
        }
      },
      "solutions": {
        "state_one": null,
        "state_two": null
      }
    },
    {
      "a": 13,
      "b": 16,
      "counters": {
        "state_one": {
          "assignment_pairs": 25600,
          "collision_type_pairs_without_mixed_unit_c4": 5,
          "collision_type_target_cut_pairs": 80,
          "opposite_polarity_collision_pairs": 12288
        },
        "state_two": {
          "assignment_pairs": 102400,
          "collision_type_pairs_without_mixed_unit_c4": 10,
          "collision_type_target_cut_pairs": 104,
          "opposite_polarity_collision_pairs": 32768
        }
      },
      "solutions": {
        "state_one": null,
        "state_two": null
      }
    },
    {
      "a": 14,
      "b": 3,
      "counters": {
        "state_one": {
          "assignment_pairs": 25600,
          "collision_type_pairs_without_mixed_unit_c4": 5,
          "collision_type_target_cut_pairs": 80,
          "opposite_polarity_collision_pairs": 12288
        },
        "state_two": {
          "assignment_pairs": 102400,
          "collision_type_pairs_without_mixed_unit_c4": 10,
          "collision_type_target_cut_pairs": 104,
          "opposite_polarity_collision_pairs": 32768
        }
      },
      "solutions": {
        "state_one": null,
        "state_two": null
      }
    },
    {
      "a": 14,
      "b": 5,
      "counters": {
        "state_one": {
          "assignment_pairs": 25600,
          "collision_type_pairs_without_mixed_unit_c4": 5,
          "collision_type_target_cut_pairs": 80,
          "opposite_polarity_collision_pairs": 12288
        },
        "state_two": {
          "assignment_pairs": 102400,
          "collision_type_pairs_without_mixed_unit_c4": 10,
          "collision_type_target_cut_pairs": 104,
          "opposite_polarity_collision_pairs": 32768
        }
      },
      "solutions": {
        "state_one": null,
        "state_two": null
      }
    },
    {
      "a": 14,
      "b": 9,
      "counters": {
        "state_one": {
          "assignment_pairs": 25600,
          "collision_type_pairs_without_mixed_unit_c4": 5,
          "collision_type_target_cut_pairs": 80,
          "opposite_polarity_collision_pairs": 12288
        },
        "state_two": {
          "assignment_pairs": 102400,
          "collision_type_pairs_without_mixed_unit_c4": 10,
          "collision_type_target_cut_pairs": 104,
          "opposite_polarity_collision_pairs": 32768
        }
      },
      "solutions": {
        "state_one": null,
        "state_two": null
      }
    },
    {
      "a": 14,
      "b": 10,
      "counters": {
        "state_one": {
          "assignment_pairs": 25600,
          "collision_type_pairs_without_mixed_unit_c4": 5,
          "collision_type_target_cut_pairs": 80,
          "opposite_polarity_collision_pairs": 12288
        },
        "state_two": {
          "assignment_pairs": 102400,
          "collision_type_pairs_without_mixed_unit_c4": 10,
          "collision_type_target_cut_pairs": 104,
          "opposite_polarity_collision_pairs": 32768
        }
      },
      "solutions": {
        "state_one": null,
        "state_two": null
      }
    },
    {
      "a": 14,
      "b": 12,
      "counters": {
        "state_one": {
          "assignment_pairs": 25600,
          "collision_type_pairs_without_mixed_unit_c4": 5,
          "collision_type_target_cut_pairs": 80,
          "opposite_polarity_collision_pairs": 12288
        },
        "state_two": {
          "assignment_pairs": 102400,
          "collision_type_pairs_without_mixed_unit_c4": 10,
          "collision_type_target_cut_pairs": 104,
          "opposite_polarity_collision_pairs": 32768
        }
      },
      "solutions": {
        "state_one": null,
        "state_two": null
      }
    },
    {
      "a": 14,
      "b": 13,
      "counters": {
        "state_one": {
          "assignment_pairs": 25600,
          "collision_type_pairs_without_mixed_unit_c4": 5,
          "collision_type_target_cut_pairs": 80,
          "opposite_polarity_collision_pairs": 12288
        },
        "state_two": {
          "assignment_pairs": 102400,
          "collision_type_pairs_without_mixed_unit_c4": 10,
          "collision_type_target_cut_pairs": 104,
          "opposite_polarity_collision_pairs": 32768
        }
      },
      "solutions": {
        "state_one": null,
        "state_two": null
      }
    },
    {
      "a": 14,
      "b": 15,
      "counters": {
        "state_one": {
          "assignment_pairs": 25600,
          "collision_type_pairs_without_mixed_unit_c4": 5,
          "collision_type_target_cut_pairs": 80,
          "opposite_polarity_collision_pairs": 12288
        },
        "state_two": {
          "assignment_pairs": 102400,
          "collision_type_pairs_without_mixed_unit_c4": 10,
          "collision_type_target_cut_pairs": 104,
          "opposite_polarity_collision_pairs": 32768
        }
      },
      "solutions": {
        "state_one": null,
        "state_two": null
      }
    },
    {
      "a": 14,
      "b": 16,
      "counters": {
        "state_one": {
          "assignment_pairs": 25600,
          "collision_type_pairs_without_mixed_unit_c4": 5,
          "collision_type_target_cut_pairs": 80,
          "opposite_polarity_collision_pairs": 12288
        },
        "state_two": {
          "assignment_pairs": 102400,
          "collision_type_pairs_without_mixed_unit_c4": 10,
          "collision_type_target_cut_pairs": 104,
          "opposite_polarity_collision_pairs": 32768
        }
      },
      "solutions": {
        "state_one": null,
        "state_two": null
      }
    },
    {
      "a": 15,
      "b": 0,
      "counters": {
        "state_one": {
          "assignment_pairs": 25600,
          "collision_type_pairs_without_mixed_unit_c4": 5,
          "collision_type_target_cut_pairs": 80,
          "opposite_polarity_collision_pairs": 12288
        },
        "state_two": {
          "assignment_pairs": 102400,
          "collision_type_pairs_without_mixed_unit_c4": 10,
          "collision_type_target_cut_pairs": 104,
          "opposite_polarity_collision_pairs": 32768
        }
      },
      "solutions": {
        "state_one": null,
        "state_two": null
      }
    },
    {
      "a": 15,
      "b": 1,
      "counters": {
        "state_one": {
          "assignment_pairs": 25600,
          "collision_type_pairs_without_mixed_unit_c4": 5,
          "collision_type_target_cut_pairs": 80,
          "opposite_polarity_collision_pairs": 12288
        },
        "state_two": {
          "assignment_pairs": 102400,
          "collision_type_pairs_without_mixed_unit_c4": 10,
          "collision_type_target_cut_pairs": 104,
          "opposite_polarity_collision_pairs": 32768
        }
      },
      "solutions": {
        "state_one": null,
        "state_two": null
      }
    },
    {
      "a": 15,
      "b": 2,
      "counters": {
        "state_one": {
          "assignment_pairs": 25600,
          "collision_type_pairs_without_mixed_unit_c4": 5,
          "collision_type_target_cut_pairs": 80,
          "opposite_polarity_collision_pairs": 12288
        },
        "state_two": {
          "assignment_pairs": 102400,
          "collision_type_pairs_without_mixed_unit_c4": 10,
          "collision_type_target_cut_pairs": 104,
          "opposite_polarity_collision_pairs": 32768
        }
      },
      "solutions": {
        "state_one": null,
        "state_two": null
      }
    },
    {
      "a": 15,
      "b": 9,
      "counters": {
        "state_one": {
          "assignment_pairs": 25600,
          "collision_type_pairs_without_mixed_unit_c4": 5,
          "collision_type_target_cut_pairs": 80,
          "opposite_polarity_collision_pairs": 12288
        },
        "state_two": {
          "assignment_pairs": 102400,
          "collision_type_pairs_without_mixed_unit_c4": 10,
          "collision_type_target_cut_pairs": 104,
          "opposite_polarity_collision_pairs": 32768
        }
      },
      "solutions": {
        "state_one": null,
        "state_two": null
      }
    },
    {
      "a": 15,
      "b": 10,
      "counters": {
        "state_one": {
          "assignment_pairs": 25600,
          "collision_type_pairs_without_mixed_unit_c4": 5,
          "collision_type_target_cut_pairs": 80,
          "opposite_polarity_collision_pairs": 12288
        },
        "state_two": {
          "assignment_pairs": 102400,
          "collision_type_pairs_without_mixed_unit_c4": 10,
          "collision_type_target_cut_pairs": 104,
          "opposite_polarity_collision_pairs": 32768
        }
      },
      "solutions": {
        "state_one": null,
        "state_two": null
      }
    },
    {
      "a": 15,
      "b": 11,
      "counters": {
        "state_one": {
          "assignment_pairs": 25600,
          "collision_type_pairs_without_mixed_unit_c4": 5,
          "collision_type_target_cut_pairs": 80,
          "opposite_polarity_collision_pairs": 12288
        },
        "state_two": {
          "assignment_pairs": 102400,
          "collision_type_pairs_without_mixed_unit_c4": 10,
          "collision_type_target_cut_pairs": 104,
          "opposite_polarity_collision_pairs": 32768
        }
      },
      "solutions": {
        "state_one": null,
        "state_two": null
      }
    },
    {
      "a": 15,
      "b": 16,
      "counters": {
        "state_one": {
          "assignment_pairs": 25600,
          "collision_type_pairs_without_mixed_unit_c4": 5,
          "collision_type_target_cut_pairs": 80,
          "opposite_polarity_collision_pairs": 12288
        },
        "state_two": {
          "assignment_pairs": 102400,
          "collision_type_pairs_without_mixed_unit_c4": 10,
          "collision_type_target_cut_pairs": 104,
          "opposite_polarity_collision_pairs": 32768
        }
      },
      "solutions": {
        "state_one": null,
        "state_two": null
      }
    },
    {
      "a": 16,
      "b": 6,
      "counters": {
        "state_one": {
          "assignment_pairs": 25600,
          "collision_type_pairs_without_mixed_unit_c4": 5,
          "collision_type_target_cut_pairs": 80,
          "opposite_polarity_collision_pairs": 12288
        },
        "state_two": {
          "assignment_pairs": 102400,
          "collision_type_pairs_without_mixed_unit_c4": 10,
          "collision_type_target_cut_pairs": 104,
          "opposite_polarity_collision_pairs": 32768
        }
      },
      "solutions": {
        "state_one": null,
        "state_two": null
      }
    }
  ],
  "scope": "every common-owner-simple affine Z_17 relabelling until the first two-state witness; every pair of minimum-polarity assignments; no preexisting cross-copy typed collision; one collision-touching cut per copy; exact mixed unit C4",
  "solution": null,
  "source_sha256": "cae68fd6542d1925c3663c901f981fee596dfa10560fc01b278d367960c7573d",
  "status": "NO_WITNESS"
}
