{
  "reports": [
    {
      "allprefix_directed_distance_incidence_bound": 22,
      "context": "10",
      "image_suffix_edge": [
        "1011110000",
        "1010111000"
      ],
      "label_simple_cycles_checked": 287,
      "length_reports": [
        {
          "incidence_length": 22,
          "label_simple_cycles_checked": 287
        }
      ],
      "prefix_bounds": {
        "100010001111": 22,
        "100011001101": 22,
        "101001001101": 22,
        "101001010101": 22,
        "101010001101": 26,
        "101011000101": 26
      },
      "solution": {
        "forward_owner_length": 4,
        "incidence_length": 22,
        "new_colours": [
          "1010010101011111110000",
          "0010010101011111111000",
          "0010110101011110111000",
          "1010110101011010111000",
          "1010010101111010111000",
          "0010010101111010111100",
          "0010010101111000111101",
          "0010010101111001110101",
          "0010110101111001110001",
          "0010110101111011110000",
          "1010110101011011110000"
        ],
        "owners": [
          "1010010101011011110000",
          "0010010101011111110000",
          "0010010101011110111000",
          "0010110101011010111000",
          "1010010101011010111000",
          "0010010101111010111000",
          "0010010101111000111100",
          "0010010101111000110101",
          "0010010101111001110001",
          "0010110101111001110000",
          "0010110101011011110000"
        ],
        "prefix": "101001010101",
        "reverse_owner_length": 7
      },
      "source_suffix_edge": [
        "11110000",
        "10111000"
      ]
    },
    {
      "allprefix_directed_distance_incidence_bound": 22,
      "context": "wrap",
      "image_suffix_edge": [
        "1111100000",
        "1101110000"
      ],
      "label_simple_cycles_checked": 56,
      "length_reports": [
        {
          "incidence_length": 22,
          "label_simple_cycles_checked": 56
        }
      ],
      "prefix_bounds": {
        "100010001111": 22,
        "100011001101": 22,
        "101001001101": 22,
        "101001010101": 22,
        "101010001101": 26,
        "101011000101": 24
      },
      "solution": {
        "forward_owner_length": 5,
        "incidence_length": 22,
        "new_colours": [
          "1010010101011111100010",
          "0010010101011111110010",
          "0010010101011101110011",
          "0010110101011101110001",
          "1010110101011101110000",
          "1010010101011111110000",
          "0010010101011111110100",
          "0010010101011110110101",
          "0010110101011110100101",
          "0010110101011111100001",
          "1010110101011111100000"
        ],
        "owners": [
          "1010010101011111100000",
          "0010010101011111100010",
          "0010010101011101110010",
          "0010010101011101110001",
          "0010110101011101110000",
          "1010010101011101110000",
          "0010010101011111110000",
          "0010010101011110110100",
          "0010010101011110100101",
          "0010110101011110100001",
          "0010110101011111100000"
        ],
        "prefix": "101001010101",
        "reverse_owner_length": 6
      },
      "source_suffix_edge": [
        "11110000",
        "10111000"
      ]
    },
    {
      "allprefix_directed_distance_incidence_bound": 18,
      "context": "10",
      "image_suffix_edge": [
        "1011110000",
        "1010110010"
      ],
      "label_simple_cycles_checked": 80,
      "length_reports": [
        {
          "incidence_length": 18,
          "label_simple_cycles_checked": 0
        },
        {
          "incidence_length": 20,
          "label_simple_cycles_checked": 80
        }
      ],
      "prefix_bounds": {
        "100010001111": 18,
        "100011001101": 18,
        "101001001101": 18,
        "101001010101": 18,
        "101010001101": 22,
        "101011000101": 22
      },
      "solution": {
        "forward_owner_length": 4,
        "incidence_length": 20,
        "new_colours": [
          "1010010101011111110000",
          "0010010101011111110010",
          "0010110101011110110010",
          "1010110101011010110010",
          "1010010101111010110010",
          "0010010101111010110011",
          "0010110101111010010011",
          "0010110101111011010001",
          "0010110101111011110000",
          "1010110101011011110000"
        ],
        "owners": [
          "1010010101011011110000",
          "0010010101011111110000",
          "0010010101011110110010",
          "0010110101011010110010",
          "1010010101011010110010",
          "0010010101111010110010",
          "0010010101111010010011",
          "0010110101111010010001",
          "0010110101111011010000",
          "0010110101011011110000"
        ],
        "prefix": "101001010101",
        "reverse_owner_length": 6
      },
      "source_suffix_edge": [
        "11110000",
        "10110010"
      ]
    },
    {
      "allprefix_directed_distance_incidence_bound": 20,
      "context": "wrap",
      "image_suffix_edge": [
        "1111100000",
        "1101100100"
      ],
      "label_simple_cycles_checked": 6,
      "length_reports": [
        {
          "incidence_length": 20,
          "label_simple_cycles_checked": 6
        }
      ],
      "prefix_bounds": {
        "100010001111": 20,
        "100011001101": 20,
        "101001001101": 20,
        "101001010101": 20,
        "101010001101": 24,
        "101011000101": 24
      },
      "solution": {
        "forward_owner_length": 5,
        "incidence_length": 20,
        "new_colours": [
          "1010010101011111101000",
          "0010010101011111101100",
          "0010010101011101101101",
          "0010110101011101100101",
          "1010110101011101100100",
          "1010010101011111100100",
          "0010010101011111100110",
          "0010010101011111100011",
          "0010110101011111100001",
          "1010110101011111100000"
        ],
        "owners": [
          "1010010101011111100000",
          "0010010101011111101000",
          "0010010101011101101100",
          "0010010101011101100101",
          "0010110101011101100100",
          "1010010101011101100100",
          "0010010101011111100100",
          "0010010101011111100010",
          "0010010101011111100001",
          "0010110101011111100000"
        ],
        "prefix": "101001010101",
        "reverse_owner_length": 5
      },
      "source_suffix_edge": [
        "11110000",
        "10110010"
      ]
    },
    {
      "allprefix_directed_distance_incidence_bound": 18,
      "context": "10",
      "image_suffix_edge": [
        "1011101000",
        "1010101100"
      ],
      "label_simple_cycles_checked": 96,
      "length_reports": [
        {
          "incidence_length": 18,
          "label_simple_cycles_checked": 0
        },
        {
          "incidence_length": 20,
          "label_simple_cycles_checked": 96
        }
      ],
      "prefix_bounds": {
        "100010001111": 18,
        "100011001101": 18,
        "101001001101": 18,
        "101001010101": 18,
        "101010001101": 22,
        "101011000101": 22
      },
      "solution": {
        "forward_owner_length": 4,
        "incidence_length": 20,
        "new_colours": [
          "1010010101011111101000",
          "0010010101011111101100",
          "0010110101011110101100",
          "1010110101011010101100",
          "1010010101011110101100",
          "1000010101011111101100",
          "0000010101011111101101",
          "0000110101011111101001",
          "0010110101011111101000",
          "1010110101011011101000"
        ],
        "owners": [
          "1010010101011011101000",
          "0010010101011111101000",
          "0010010101011110101100",
          "0010110101011010101100",
          "1010010101011010101100",
          "1000010101011110101100",
          "0000010101011111101100",
          "0000010101011111101001",
          "0000110101011111101000",
          "0010110101011011101000"
        ],
        "prefix": "101001010101",
        "reverse_owner_length": 6
      },
      "source_suffix_edge": [
        "11101000",
        "10101100"
      ]
    },
    {
      "allprefix_directed_distance_incidence_bound": 24,
      "context": "wrap",
      "image_suffix_edge": [
        "1111010000",
        "1101011000"
      ],
      "label_simple_cycles_checked": 281,
      "length_reports": [
        {
          "incidence_length": 24,
          "label_simple_cycles_checked": 281
        }
      ],
      "prefix_bounds": {
        "100010001111": 24,
        "100011001101": 24,
        "101001001101": 24,
        "101001010101": 24,
        "101010001101": 28,
        "101011000101": 28
      },
      "solution": {
        "forward_owner_length": 6,
        "incidence_length": 24,
        "new_colours": [
          "1010010101011111110000",
          "0010110101011111110000",
          "0010110101011011111000",
          "0010110101011001111001",
          "0010110101011101011001",
          "1010110101011101011000",
          "1010010101011111011000",
          "0010010101011111011100",
          "0010010101011110011101",
          "0010110101011110010101",
          "0010110101011111010001",
          "1010110101011111010000"
        ],
        "owners": [
          "1010010101011111010000",
          "0010010101011111110000",
          "0010110101011011110000",
          "0010110101011001111000",
          "0010110101011001011001",
          "0010110101011101011000",
          "1010010101011101011000",
          "0010010101011111011000",
          "0010010101011110011100",
          "0010010101011110010101",
          "0010110101011110010001",
          "0010110101011111010000"
        ],
        "prefix": "101001010101",
        "reverse_owner_length": 6
      },
      "source_suffix_edge": [
        "11101000",
        "10101100"
      ]
    },
    {
      "allprefix_directed_distance_incidence_bound": 20,
      "context": "10",
      "image_suffix_edge": [
        "1011101000",
        "1010101010"
      ],
      "label_simple_cycles_checked": 21,
      "length_reports": [
        {
          "incidence_length": 20,
          "label_simple_cycles_checked": 21
        }
      ],
      "prefix_bounds": {
        "100010001111": 20,
        "100011001101": 20,
        "101001001101": 20,
        "101001010101": 20,
        "101010001101": 24,
        "101011000101": 24
      },
      "solution": {
        "forward_owner_length": 4,
        "incidence_length": 20,
        "new_colours": [
          "1010010101011111101000",
          "0010010101011111101010",
          "0010110101011110101010",
          "1010110101011010101010",
          "1010010101011011101010",
          "0010010101011011101011",
          "0010010101011111100011",
          "0010110101011111100001",
          "0010110101011111101000",
          "1010110101011011101000"
        ],
        "owners": [
          "1010010101011011101000",
          "0010010101011111101000",
          "0010010101011110101010",
          "0010110101011010101010",
          "1010010101011010101010",
          "0010010101011011101010",
          "0010010101011011100011",
          "0010010101011111100001",
          "0010110101011111100000",
          "0010110101011011101000"
        ],
        "prefix": "101001010101",
        "reverse_owner_length": 6
      },
      "source_suffix_edge": [
        "11101000",
        "10101010"
      ]
    },
    {
      "allprefix_directed_distance_incidence_bound": 22,
      "context": "wrap",
      "image_suffix_edge": [
        "1111010000",
        "1101010100"
      ],
      "label_simple_cycles_checked": 6,
      "length_reports": [
        {
          "incidence_length": 22,
          "label_simple_cycles_checked": 6
        }
      ],
      "prefix_bounds": {
        "100010001111": 22,
        "100011001101": 22,
        "101001001101": 22,
        "101001010101": 22,
        "101010001101": 26,
        "101011000101": 26
      },
      "solution": {
        "forward_owner_length": 6,
        "incidence_length": 22,
        "new_colours": [
          "1010010101011111011000",
          "0010110101011111011000",
          "0010110101011011011100",
          "0010110101011001011101",
          "0010110101011101010101",
          "1010110101011101010100",
          "1010010101011111010100",
          "0010010101011111010110",
          "0010010101011111010011",
          "0010110101011111010001",
          "1010110101011111010000"
        ],
        "owners": [
          "1010010101011111010000",
          "0010010101011111011000",
          "0010110101011011011000",
          "0010110101011001011100",
          "0010110101011001010101",
          "0010110101011101010100",
          "1010010101011101010100",
          "0010010101011111010100",
          "0010010101011111010010",
          "0010010101011111010001",
          "0010110101011111010000"
        ],
        "prefix": "101001010101",
        "reverse_owner_length": 5
      },
      "source_suffix_edge": [
        "11101000",
        "10101010"
      ]
    },
    {
      "allprefix_directed_distance_incidence_bound": 18,
      "context": "10",
      "image_suffix_edge": [
        "1011100100",
        "1011100010"
      ],
      "label_simple_cycles_checked": 41,
      "length_reports": [
        {
          "incidence_length": 18,
          "label_simple_cycles_checked": 0
        },
        {
          "incidence_length": 20,
          "label_simple_cycles_checked": 41
        }
      ],
      "prefix_bounds": {
        "100010001111": 18,
        "100011001101": 18,
        "101001001101": 18,
        "101001010101": 18,
        "101010001101": 22,
        "101011000101": 22
      },
      "solution": {
        "forward_owner_length": 4,
        "incidence_length": 20,
        "new_colours": [
          "1010010101011111100100",
          "0010010101011111100110",
          "0010110101011111100010",
          "1010110101011011100010",
          "1010010101111011100010",
          "0010010101111011100011",
          "0010110101111001100011",
          "0010110101111011100001",
          "0010110101111011100100",
          "1010110101011011100100"
        ],
        "owners": [
          "1010010101011011100100",
          "0010010101011111100100",
          "0010010101011111100010",
          "0010110101011011100010",
          "1010010101011011100010",
          "0010010101111011100010",
          "0010010101111001100011",
          "0010110101111001100001",
          "0010110101111011100000",
          "0010110101011011100100"
        ],
        "prefix": "101001010101",
        "reverse_owner_length": 6
      },
      "source_suffix_edge": [
        "11100100",
        "11100010"
      ]
    },
    {
      "allprefix_directed_distance_incidence_bound": 16,
      "context": "wrap",
      "image_suffix_edge": [
        "1111001000",
        "1111000100"
      ],
      "label_simple_cycles_checked": 487,
      "length_reports": [
        {
          "incidence_length": 16,
          "label_simple_cycles_checked": 0
        },
        {
          "incidence_length": 18,
          "label_simple_cycles_checked": 26
        },
        {
          "incidence_length": 20,
          "label_simple_cycles_checked": 461
        }
      ],
      "prefix_bounds": {
        "100010001111": 16,
        "100011001101": 16,
        "101001001101": 16,
        "101001010101": 16,
        "101010001101": 20,
        "101011000101": 20
      },
      "solution": {
        "forward_owner_length": 6,
        "incidence_length": 20,
        "new_colours": [
          "1010010101011111101000",
          "0010010101011111101100",
          "0010010101011110101101",
          "0010110101011110001101",
          "0010110101011111000101",
          "1010110101011111000100",
          "1010010101011111001100",
          "0010010101011111001101",
          "0010110101011111001001",
          "1010110101011111001000"
        ],
        "owners": [
          "1010010101011111001000",
          "0010010101011111101000",
          "0010010101011110101100",
          "0010010101011110001101",
          "0010110101011110000101",
          "0010110101011111000100",
          "1010010101011111000100",
          "0010010101011111001100",
          "0010010101011111001001",
          "0010110101011111001000"
        ],
        "prefix": "101001010101",
        "reverse_owner_length": 4
      },
      "source_suffix_edge": [
        "11100100",
        "11100010"
      ]
    },
    {
      "allprefix_directed_distance_incidence_bound": 18,
      "context": "10",
      "image_suffix_edge": [
        "1011100100",
        "1010101100"
      ],
      "label_simple_cycles_checked": 196,
      "length_reports": [
        {
          "incidence_length": 18,
          "label_simple_cycles_checked": 0
        },
        {
          "incidence_length": 20,
          "label_simple_cycles_checked": 196
        }
      ],
      "prefix_bounds": {
        "100010001111": 18,
        "100011001101": 18,
        "101001001101": 18,
        "101001010101": 18,
        "101010001101": 22,
        "101011000101": 22
      },
      "solution": {
        "forward_owner_length": 4,
        "incidence_length": 20,
        "new_colours": [
          "1010010101011111100100",
          "0010010101011111101100",
          "0010110101011110101100",
          "1010110101011010101100",
          "1010010101111010101100",
          "0010010101111011101100",
          "0010010101111001101101",
          "0010110101111001100101",
          "0010110101111011100100",
          "1010110101011011100100"
        ],
        "owners": [
          "1010010101011011100100",
          "0010010101011111100100",
          "0010010101011110101100",
          "0010110101011010101100",
          "1010010101011010101100",
          "0010010101111010101100",
          "0010010101111001101100",
          "0010010101111001100101",
          "0010110101111001100100",
          "0010110101011011100100"
        ],
        "prefix": "101001010101",
        "reverse_owner_length": 6
      },
      "source_suffix_edge": [
        "11100100",
        "10101100"
      ]
    },
    {
      "allprefix_directed_distance_incidence_bound": 22,
      "context": "wrap",
      "image_suffix_edge": [
        "1111001000",
        "1101011000"
      ],
      "label_simple_cycles_checked": 21,
      "length_reports": [
        {
          "incidence_length": 22,
          "label_simple_cycles_checked": 21
        }
      ],
      "prefix_bounds": {
        "100010001111": 22,
        "100011001101": 22,
        "101001001101": 22,
        "101001010101": 22,
        "101010001101": 26,
        "101011000101": 26
      },
      "solution": {
        "forward_owner_length": 6,
        "incidence_length": 22,
        "new_colours": [
          "1010010101011111101000",
          "0010110101011111101000",
          "0010110101011011111000",
          "0010110101011001111001",
          "0010110101011101011001",
          "1010110101011101011000",
          "1010010101011111011000",
          "0010010101011111011100",
          "0010010101011111001101",
          "0010110101011111001001",
          "1010110101011111001000"
        ],
        "owners": [
          "1010010101011111001000",
          "0010010101011111101000",
          "0010110101011011101000",
          "0010110101011001111000",
          "0010110101011001011001",
          "0010110101011101011000",
          "1010010101011101011000",
          "0010010101011111011000",
          "0010010101011111001100",
          "0010010101011111001001",
          "0010110101011111001000"
        ],
        "prefix": "101001010101",
        "reverse_owner_length": 5
      },
      "source_suffix_edge": [
        "11100100",
        "10101100"
      ]
    },
    {
      "allprefix_directed_distance_incidence_bound": 18,
      "context": "10",
      "image_suffix_edge": [
        "1011011000",
        "1011001100"
      ],
      "label_simple_cycles_checked": 41,
      "length_reports": [
        {
          "incidence_length": 18,
          "label_simple_cycles_checked": 0
        },
        {
          "incidence_length": 20,
          "label_simple_cycles_checked": 41
        }
      ],
      "prefix_bounds": {
        "100010001111": 18,
        "100011001101": 18,
        "101001001101": 18,
        "101001010101": 18,
        "101010001101": 22,
        "101011000101": 22
      },
      "solution": {
        "forward_owner_length": 4,
        "incidence_length": 20,
        "new_colours": [
          "1010010101011111011000",
          "0010010101011111011100",
          "0010110101011111001100",
          "1010110101011011001100",
          "1010010101111011001100",
          "0010010101111011011100",
          "0010010101111001011101",
          "0010110101111001011001",
          "0010110101111011011000",
          "1010110101011011011000"
        ],
        "owners": [
          "1010010101011011011000",
          "0010010101011111011000",
          "0010010101011111001100",
          "0010110101011011001100",
          "1010010101011011001100",
          "0010010101111011001100",
          "0010010101111001011100",
          "0010010101111001011001",
          "0010110101111001011000",
          "0010110101011011011000"
        ],
        "prefix": "101001010101",
        "reverse_owner_length": 6
      },
      "source_suffix_edge": [
        "11011000",
        "11001100"
      ]
    },
    {
      "allprefix_directed_distance_incidence_bound": 20,
      "context": "wrap",
      "image_suffix_edge": [
        "1110110000",
        "1110011000"
      ],
      "label_simple_cycles_checked": 16,
      "length_reports": [
        {
          "incidence_length": 20,
          "label_simple_cycles_checked": 16
        }
      ],
      "prefix_bounds": {
        "100010001111": 20,
        "100011001101": 20,
        "101001001101": 20,
        "101001010101": 20,
        "101010001101": 24,
        "101011000101": 24
      },
      "solution": {
        "forward_owner_length": 4,
        "incidence_length": 20,
        "new_colours": [
          "1010010101011110111000",
          "0010010101011110111001",
          "0010110101011110011001",
          "1010110101011110011000",
          "1010010101011111011000",
          "0010010101011111011100",
          "0010010101011110011101",
          "0010110101011110010101",
          "0010110101011110110001",
          "1010110101011110110000"
        ],
        "owners": [
          "1010010101011110110000",
          "0010010101011110111000",
          "0010010101011110011001",
          "0010110101011110011000",
          "1010010101011110011000",
          "0010010101011111011000",
          "0010010101011110011100",
          "0010010101011110010101",
          "0010110101011110010001",
          "0010110101011110110000"
        ],
        "prefix": "101001010101",
        "reverse_owner_length": 6
      },
      "source_suffix_edge": [
        "11011000",
        "11001100"
      ]
    },
    {
      "allprefix_directed_distance_incidence_bound": 18,
      "context": "10",
      "image_suffix_edge": [
        "1011011000",
        "1010111000"
      ],
      "label_simple_cycles_checked": 11,
      "length_reports": [
        {
          "incidence_length": 18,
          "label_simple_cycles_checked": 11
        }
      ],
      "prefix_bounds": {
        "100010001111": 18,
        "100011001101": 18,
        "101001001101": 18,
        "101001010101": 18,
        "101010001101": 22,
        "101011000101": 22
      },
      "solution": {
        "forward_owner_length": 4,
        "incidence_length": 18,
        "new_colours": [
          "1010010101011111011000",
          "0010010101011111111000",
          "0010110101011110111000",
          "1010110101011010111000",
          "1010010101111010111000",
          "0010010101111010111001",
          "0010110101111010011001",
          "0010110101111011011000",
          "1010110101011011011000"
        ],
        "owners": [
          "1010010101011011011000",
          "0010010101011111011000",
          "0010010101011110111000",
          "0010110101011010111000",
          "1010010101011010111000",
          "0010010101111010111000",
          "0010010101111010011001",
          "0010110101111010011000",
          "0010110101011011011000"
        ],
        "prefix": "101001010101",
        "reverse_owner_length": 5
      },
      "source_suffix_edge": [
        "11011000",
        "10111000"
      ]
    },
    {
      "allprefix_directed_distance_incidence_bound": 20,
      "context": "wrap",
      "image_suffix_edge": [
        "1110110000",
        "1101110000"
      ],
      "label_simple_cycles_checked": 92,
      "length_reports": [
        {
          "incidence_length": 20,
          "label_simple_cycles_checked": 0
        },
        {
          "incidence_length": 22,
          "label_simple_cycles_checked": 92
        }
      ],
      "prefix_bounds": {
        "100010001111": 20,
        "100011001101": 20,
        "101001001101": 20,
        "101001010101": 20,
        "101010001101": 24,
        "101011000101": 24
      },
      "solution": {
        "forward_owner_length": 5,
        "incidence_length": 22,
        "new_colours": [
          "1010010101011111110000",
          "0010110101011111110000",
          "0010110101011011110001",
          "0010110101011101110001",
          "1010110101011101110000",
          "1010010101111101110000",
          "0010011101111101110000",
          "0010011101011101110100",
          "0010011101011100110101",
          "0010011101011110110001",
          "1010011101011110110000"
        ],
        "owners": [
          "1010010101011110110000",
          "0010010101011111110000",
          "0010110101011011110000",
          "0010110101011001110001",
          "0010110101011101110000",
          "1010010101011101110000",
          "0010010101111101110000",
          "0010011101011101110000",
          "0010011101011100110100",
          "0010011101011100110001",
          "0010011101011110110000"
        ],
        "prefix": "101001010101",
        "reverse_owner_length": 6
      },
      "source_suffix_edge": [
        "11011000",
        "10111000"
      ]
    },
    {
      "allprefix_directed_distance_incidence_bound": 18,
      "context": "10",
      "image_suffix_edge": [
        "1011010100",
        "1011010010"
      ],
      "label_simple_cycles_checked": 31,
      "length_reports": [
        {
          "incidence_length": 18,
          "label_simple_cycles_checked": 0
        },
        {
          "incidence_length": 20,
          "label_simple_cycles_checked": 31
        }
      ],
      "prefix_bounds": {
        "100010001111": 18,
        "100011001101": 18,
        "101001001101": 18,
        "101001010101": 18,
        "101010001101": 22,
        "101011000101": 22
      },
      "solution": {
        "forward_owner_length": 4,
        "incidence_length": 20,
        "new_colours": [
          "1010010101011111010100",
          "0010010101011111010110",
          "0010110101011111010010",
          "1010110101011011010010",
          "1010010101111011010010",
          "0010010101111011010011",
          "0010110101111010010011",
          "0010110101111011010001",
          "0010110101111011010100",
          "1010110101011011010100"
        ],
        "owners": [
          "1010010101011011010100",
          "0010010101011111010100",
          "0010010101011111010010",
          "0010110101011011010010",
          "1010010101011011010010",
          "0010010101111011010010",
          "0010010101111010010011",
          "0010110101111010010001",
          "0010110101111011010000",
          "0010110101011011010100"
        ],
        "prefix": "101001010101",
        "reverse_owner_length": 6
      },
      "source_suffix_edge": [
        "11010100",
        "11010010"
      ]
    },
    {
      "allprefix_directed_distance_incidence_bound": 18,
      "context": "wrap",
      "image_suffix_edge": [
        "1110101000",
        "1110100100"
      ],
      "label_simple_cycles_checked": 6,
      "length_reports": [
        {
          "incidence_length": 18,
          "label_simple_cycles_checked": 6
        }
      ],
      "prefix_bounds": {
        "100010001111": 18,
        "100011001101": 18,
        "101001001101": 18,
        "101001010101": 18,
        "101010001101": 22,
        "101011000101": 22
      },
      "solution": {
        "forward_owner_length": 4,
        "incidence_length": 18,
        "new_colours": [
          "1010010101011110101100",
          "0010010101011110101101",
          "0010110101011110100101",
          "1010110101011110100100",
          "1010010101011110110100",
          "0010010101011110110101",
          "0010010101011110111001",
          "0010110101011110101001",
          "1010110101011110101000"
        ],
        "owners": [
          "1010010101011110101000",
          "0010010101011110101100",
          "0010010101011110100101",
          "0010110101011110100100",
          "1010010101011110100100",
          "0010010101011110110100",
          "0010010101011110110001",
          "0010010101011110101001",
          "0010110101011110101000"
        ],
        "prefix": "101001010101",
        "reverse_owner_length": 5
      },
      "source_suffix_edge": [
        "11010100",
        "11010010"
      ]
    },
    {
      "allprefix_directed_distance_incidence_bound": 18,
      "context": "10",
      "image_suffix_edge": [
        "1011010100",
        "1010110100"
      ],
      "label_simple_cycles_checked": 11,
      "length_reports": [
        {
          "incidence_length": 18,
          "label_simple_cycles_checked": 11
        }
      ],
      "prefix_bounds": {
        "100010001111": 18,
        "100011001101": 18,
        "101001001101": 18,
        "101001010101": 18,
        "101010001101": 24,
        "101011000101": 22
      },
      "solution": {
        "forward_owner_length": 4,
        "incidence_length": 18,
        "new_colours": [
          "1010010101011111010100",
          "0010010101011111110100",
          "0010110101011110110100",
          "1010110101011010110100",
          "1010010101111010110100",
          "0010010101111010110101",
          "0010110101111010010101",
          "0010110101111011010100",
          "1010110101011011010100"
        ],
        "owners": [
          "1010010101011011010100",
          "0010010101011111010100",
          "0010010101011110110100",
          "0010110101011010110100",
          "1010010101011010110100",
          "0010010101111010110100",
          "0010010101111010010101",
          "0010110101111010010100",
          "0010110101011011010100"
        ],
        "prefix": "101001010101",
        "reverse_owner_length": 5
      },
      "source_suffix_edge": [
        "11010100",
        "10110100"
      ]
    },
    {
      "allprefix_directed_distance_incidence_bound": 20,
      "context": "wrap",
      "image_suffix_edge": [
        "1110101000",
        "1101101000"
      ],
      "label_simple_cycles_checked": 102,
      "length_reports": [
        {
          "incidence_length": 20,
          "label_simple_cycles_checked": 0
        },
        {
          "incidence_length": 22,
          "label_simple_cycles_checked": 102
        }
      ],
      "prefix_bounds": {
        "100010001111": 20,
        "100011001101": 20,
        "101001001101": 20,
        "101001010101": 20,
        "101010001101": 24,
        "101011000101": 24
      },
      "solution": {
        "forward_owner_length": 5,
        "incidence_length": 22,
        "new_colours": [
          "1010010101011111101000",
          "0010110101011111101000",
          "0010110101011011101001",
          "0010110101011101101001",
          "1010110101011101101000",
          "1010010101111101101000",
          "0010011101111101101000",
          "0010011101011101111000",
          "0010011101011100111001",
          "0010011101011110101001",
          "1010011101011110101000"
        ],
        "owners": [
          "1010010101011110101000",
          "0010010101011111101000",
          "0010110101011011101000",
          "0010110101011001101001",
          "0010110101011101101000",
          "1010010101011101101000",
          "0010010101111101101000",
          "0010011101011101101000",
          "0010011101011100111000",
          "0010011101011100101001",
          "0010011101011110101000"
        ],
        "prefix": "101001010101",
        "reverse_owner_length": 6
      },
      "source_suffix_edge": [
        "11010100",
        "10110100"
      ]
    },
    {
      "allprefix_directed_distance_incidence_bound": 18,
      "context": "10",
      "image_suffix_edge": [
        "1011010010",
        "1011001010"
      ],
      "label_simple_cycles_checked": 90,
      "length_reports": [
        {
          "incidence_length": 18,
          "label_simple_cycles_checked": 0
        },
        {
          "incidence_length": 20,
          "label_simple_cycles_checked": 90
        }
      ],
      "prefix_bounds": {
        "100010001111": 18,
        "100011001101": 18,
        "101001001101": 18,
        "101001010101": 18,
        "101010001101": 22,
        "101011000101": 22
      },
      "solution": {
        "forward_owner_length": 4,
        "incidence_length": 20,
        "new_colours": [
          "1010010101011111010010",
          "0010010101011111011010",
          "0010110101011111001010",
          "1010110101011011001010",
          "1010010101111011001010",
          "0010010101111011011010",
          "0010010101111001011110",
          "0010110101111001010110",
          "0010110101111011010010",
          "1010110101011011010010"
        ],
        "owners": [
          "1010010101011011010010",
          "0010010101011111010010",
          "0010010101011111001010",
          "0010110101011011001010",
          "1010010101011011001010",
          "0010010101111011001010",
          "0010010101111001011010",
          "0010010101111001010110",
          "0010110101111001010010",
          "0010110101011011010010"
        ],
        "prefix": "101001010101",
        "reverse_owner_length": 6
      },
      "source_suffix_edge": [
        "11010010",
        "11001010"
      ]
    },
    {
      "allprefix_directed_distance_incidence_bound": 18,
      "context": "wrap",
      "image_suffix_edge": [
        "1110100100",
        "1110010100"
      ],
      "label_simple_cycles_checked": 16,
      "length_reports": [
        {
          "incidence_length": 18,
          "label_simple_cycles_checked": 16
        }
      ],
      "prefix_bounds": {
        "100010001111": 18,
        "100011001101": 18,
        "101001001101": 18,
        "101001010101": 18,
        "101010001101": 22,
        "101011000101": 22
      },
      "solution": {
        "forward_owner_length": 5,
        "incidence_length": 18,
        "new_colours": [
          "1010010101011110101100",
          "0010010101011110111100",
          "0010010101011110011101",
          "0010110101011110010101",
          "1010110101011110010100",
          "1010010101011110110100",
          "0010010101011110110101",
          "0010110101011110100101",
          "1010110101011110100100"
        ],
        "owners": [
          "1010010101011110100100",
          "0010010101011110101100",
          "0010010101011110011100",
          "0010010101011110010101",
          "0010110101011110010100",
          "1010010101011110010100",
          "0010010101011110110100",
          "0010010101011110100101",
          "0010110101011110100100"
        ],
        "prefix": "101001010101",
        "reverse_owner_length": 4
      },
      "source_suffix_edge": [
        "11010010",
        "11001010"
      ]
    },
    {
      "allprefix_directed_distance_incidence_bound": 18,
      "context": "10",
      "image_suffix_edge": [
        "1011001010",
        "1010101010"
      ],
      "label_simple_cycles_checked": 16,
      "length_reports": [
        {
          "incidence_length": 18,
          "label_simple_cycles_checked": 16
        }
      ],
      "prefix_bounds": {
        "100010001111": 18,
        "100011001101": 18,
        "101001001101": 18,
        "101001010101": 18,
        "101010001101": 22,
        "101011000101": 22
      },
      "solution": {
        "forward_owner_length": 4,
        "incidence_length": 18,
        "new_colours": [
          "1010010101011111001010",
          "0010010101011111101010",
          "0010110101011110101010",
          "1010110101011010101010",
          "1010010101011010111010",
          "0010010101011110111010",
          "0010110101011110011010",
          "0010110101011111001010",
          "1010110101011011001010"
        ],
        "owners": [
          "1010010101011011001010",
          "0010010101011111001010",
          "0010010101011110101010",
          "0010110101011010101010",
          "1010010101011010101010",
          "0010010101011010111010",
          "0010010101011110011010",
          "0010110101011110001010",
          "0010110101011011001010"
        ],
        "prefix": "101001010101",
        "reverse_owner_length": 5
      },
      "source_suffix_edge": [
        "11001010",
        "10101010"
      ]
    },
    {
      "allprefix_directed_distance_incidence_bound": 22,
      "context": "wrap",
      "image_suffix_edge": [
        "1110010100",
        "1101010100"
      ],
      "label_simple_cycles_checked": 362,
      "length_reports": [
        {
          "incidence_length": 22,
          "label_simple_cycles_checked": 13
        },
        {
          "incidence_length": 24,
          "label_simple_cycles_checked": 349
        }
      ],
      "prefix_bounds": {
        "100010001111": 22,
        "100011001101": 22,
        "101001001101": 22,
        "101001010101": 22,
        "101010001101": 26,
        "101011000101": 26
      },
      "solution": {
        "forward_owner_length": 7,
        "incidence_length": 24,
        "new_colours": [
          "1010010101111110010100",
          "0010110101111110010100",
          "0010110101011111010100",
          "0010110101011011011100",
          "0010110101011001011101",
          "0010110101011101010101",
          "1010110101011101010100",
          "1010010101011111010100",
          "0010010101011111011100",
          "0010010101011110011101",
          "0010011101011110010101",
          "1010011101011110010100"
        ],
        "owners": [
          "1010010101011110010100",
          "0010010101111110010100",
          "0010110101011110010100",
          "0010110101011011010100",
          "0010110101011001011100",
          "0010110101011001010101",
          "0010110101011101010100",
          "1010010101011101010100",
          "0010010101011111010100",
          "0010010101011110011100",
          "0010010101011110010101",
          "0010011101011110010100"
        ],
        "prefix": "101001010101",
        "reverse_owner_length": 5
      },
      "source_suffix_edge": [
        "11001010",
        "10101010"
      ]
    },
    {
      "allprefix_directed_distance_incidence_bound": 22,
      "context": "10",
      "image_suffix_edge": [
        "1010110100",
        "1010110010"
      ],
      "label_simple_cycles_checked": 158,
      "length_reports": [
        {
          "incidence_length": 22,
          "label_simple_cycles_checked": 158
        }
      ],
      "prefix_bounds": {
        "100010001111": 22,
        "100011001101": 22,
        "101001001101": 22,
        "101001010101": 22,
        "101010001101": 26,
        "101011000101": 26
      },
      "solution": {
        "forward_owner_length": 5,
        "incidence_length": 22,
        "new_colours": [
          "1010010101111010110100",
          "0010010101111010110110",
          "0010110101111010010110",
          "0010110101111010110010",
          "1010110101011010110010",
          "1010010101111010110010",
          "0010010101111010110011",
          "0010110101111010010011",
          "0010110101111010110001",
          "0010110101111010110100",
          "1010110101011010110100"
        ],
        "owners": [
          "1010010101011010110100",
          "0010010101111010110100",
          "0010010101111010010110",
          "0010110101111010010010",
          "0010110101011010110010",
          "1010010101011010110010",
          "0010010101111010110010",
          "0010010101111010010011",
          "0010110101111010010001",
          "0010110101111010110000",
          "0010110101011010110100"
        ],
        "prefix": "101001010101",
        "reverse_owner_length": 6
      },
      "source_suffix_edge": [
        "10110100",
        "10110010"
      ]
    },
    {
      "allprefix_directed_distance_incidence_bound": 20,
      "context": "wrap",
      "image_suffix_edge": [
        "1101101000",
        "1101100100"
      ],
      "label_simple_cycles_checked": 152,
      "length_reports": [
        {
          "incidence_length": 20,
          "label_simple_cycles_checked": 0
        },
        {
          "incidence_length": 22,
          "label_simple_cycles_checked": 152
        }
      ],
      "prefix_bounds": {
        "100010001111": 20,
        "100011001101": 20,
        "101001001101": 20,
        "101001010101": 20,
        "101010001101": 24,
        "101011000101": 24
      },
      "solution": {
        "forward_owner_length": 5,
        "incidence_length": 22,
        "new_colours": [
          "1010010101011111101000",
          "0010010101011111101100",
          "0010010101011101101101",
          "0010110101011101100101",
          "1010110101011101100100",
          "1010010101111101100100",
          "0010011101111101100100",
          "0010011101011101100110",
          "0010011101011101100011",
          "0010011101011101101001",
          "1010011101011101101000"
        ],
        "owners": [
          "1010010101011101101000",
          "0010010101011111101000",
          "0010010101011101101100",
          "0010010101011101100101",
          "0010110101011101100100",
          "1010010101011101100100",
          "0010010101111101100100",
          "0010011101011101100100",
          "0010011101011101100010",
          "0010011101011101100001",
          "0010011101011101101000"
        ],
        "prefix": "101001010101",
        "reverse_owner_length": 6
      },
      "source_suffix_edge": [
        "10110100",
        "10110010"
      ]
    }
  ],
  "source_s": 4,
  "status": "PASS",
  "summary": {
    "10": {
      "minimum_length_histogram": {
        "18": 3,
        "20": 8,
        "22": 2
      },
      "solved": 13,
      "tested": 13
    },
    "wrap": {
      "minimum_length_histogram": {
        "18": 2,
        "20": 3,
        "22": 6,
        "24": 2
      },
      "solved": 13,
      "tested": 13
    }
  },
  "target_s": 5
}
