{
  "catalogue_sizes": [
    804,
    1757
  ],
  "counts": {
    "common_binary_phase": 5,
    "creates_W3": 196055,
    "nonpath_factors": 744,
    "owner_disjoint_pairs": 1393933,
    "q3_support_safe": 66256,
    "typed_q3_safe": 5
  },
  "menu": "c6c10",
  "solutions": [
    {
      "base_topology": {
        "components": 121,
        "histogram": {
          "13": 119,
          "78": 1,
          "91": 1
        }
      },
      "common_binary_phase": true,
      "left": {
        "active_one_based": [
          1,
          2,
          12
        ],
        "core": "000001101110",
        "index": 823
      },
      "no_two_colour_G2_seam": false,
      "right": {
        "colours": [
          "110001001111",
          "100001101111",
          "100001111101",
          "110001111001",
          "110001101011"
        ],
        "index": 1531,
        "owners": [
          "110001001011",
          "100001001111",
          "100001101101",
          "100001111001",
          "110001101001"
        ]
      },
      "suffix_safe_m7_m8": true,
      "typed_q3_safe": true,
      "widths": {
        "7": {
          "q3_current_by_suffix_weight_and_sign": {
            "1:-1": 11,
            "1:1": 13,
            "2:-1": 5,
            "2:1": 3
          },
          "support_casualties": {
            "lower_q1": [],
            "lower_q2": [],
            "owner": [],
            "upper_q1": [],
            "upper_q2": [],
            "upper_q3": []
          },
          "topology": {
            "components": 418,
            "histogram": {
              "15": 416,
              "90": 1,
              "105": 1
            }
          }
        },
        "8": {
          "q3_current_by_suffix_weight_and_sign": {
            "2:-1": 22,
            "2:1": 26,
            "3:-1": 10,
            "3:1": 6,
            "4:-1": 4,
            "4:1": 4
          },
          "support_casualties": {
            "lower_q1": [],
            "lower_q2": [],
            "owner": [],
            "upper_q1": [],
            "upper_q2": [],
            "upper_q3": []
          },
          "topology": {
            "components": 1408,
            "histogram": {
              "17": 1404,
              "102": 2,
              "119": 2
            }
          }
        }
      }
    },
    {
      "base_topology": {
        "components": 121,
        "histogram": {
          "13": 119,
          "78": 1,
          "91": 1
        }
      },
      "common_binary_phase": true,
      "left": {
        "active_one_based": [
          1,
          2,
          12
        ],
        "core": "000001011110",
        "index": 824
      },
      "no_two_colour_G2_seam": false,
      "right": {
        "colours": [
          "110001001111",
          "100001011111",
          "100001111101",
          "110001111001",
          "110001101011"
        ],
        "index": 1532,
        "owners": [
          "110001001011",
          "100001001111",
          "100001011101",
          "100001111001",
          "110001101001"
        ]
      },
      "suffix_safe_m7_m8": true,
      "typed_q3_safe": true,
      "widths": {
        "7": {
          "q3_current_by_suffix_weight_and_sign": {
            "1:-1": 12,
            "1:1": 14,
            "2:-1": 5,
            "2:1": 3
          },
          "support_casualties": {
            "lower_q1": [],
            "lower_q2": [],
            "owner": [],
            "upper_q1": [],
            "upper_q2": [],
            "upper_q3": []
          },
          "topology": {
            "components": 418,
            "histogram": {
              "15": 416,
              "90": 1,
              "105": 1
            }
          }
        },
        "8": {
          "q3_current_by_suffix_weight_and_sign": {
            "2:-1": 24,
            "2:1": 28,
            "3:-1": 10,
            "3:1": 6,
            "4:-1": 4,
            "4:1": 4
          },
          "support_casualties": {
            "lower_q1": [],
            "lower_q2": [],
            "owner": [],
            "upper_q1": [],
            "upper_q2": [],
            "upper_q3": []
          },
          "topology": {
            "components": 1408,
            "histogram": {
              "17": 1404,
              "102": 2,
              "119": 2
            }
          }
        }
      }
    },
    {
      "base_topology": {
        "components": 121,
        "histogram": {
          "13": 120,
          "156": 1
        }
      },
      "common_binary_phase": true,
      "left": {
        "active_one_based": [
          1,
          2,
          12
        ],
        "core": "000010101110",
        "index": 817
      },
      "no_two_colour_G2_seam": false,
      "right": {
        "colours": [
          "110010001111",
          "100010101111",
          "100010111101",
          "110010110101",
          "110010101101"
        ],
        "index": 1143,
        "owners": [
          "110010001101",
          "100010001111",
          "100010101101",
          "100010110101",
          "110010100101"
        ]
      },
      "suffix_safe_m7_m8": true,
      "typed_q3_safe": true,
      "widths": {
        "7": {
          "q3_current_by_suffix_weight_and_sign": {
            "1:-1": 12,
            "1:1": 14,
            "2:-1": 6,
            "2:1": 4
          },
          "support_casualties": {
            "lower_q1": [],
            "lower_q2": [],
            "owner": [],
            "upper_q1": [],
            "upper_q2": [],
            "upper_q3": []
          },
          "topology": {
            "components": 418,
            "histogram": {
              "15": 417,
              "180": 1
            }
          }
        },
        "8": {
          "q3_current_by_suffix_weight_and_sign": {
            "2:-1": 24,
            "2:1": 28,
            "3:-1": 12,
            "3:1": 8,
            "4:-1": 4,
            "4:1": 4
          },
          "support_casualties": {
            "lower_q1": [],
            "lower_q2": [],
            "owner": [],
            "upper_q1": [],
            "upper_q2": [],
            "upper_q3": []
          },
          "topology": {
            "components": 1408,
            "histogram": {
              "17": 1406,
              "204": 2
            }
          }
        }
      }
    },
    {
      "base_topology": {
        "components": 121,
        "histogram": {
          "13": 118,
          "39": 1,
          "65": 1,
          "78": 1
        }
      },
      "common_binary_phase": true,
      "left": {
        "active_one_based": [
          3,
          9,
          10
        ],
        "core": "010111000010",
        "index": 498
      },
      "no_two_colour_G2_seam": false,
      "right": {
        "colours": [
          "110001001111",
          "100011001111",
          "000011101111",
          "010011101110",
          "110011001110"
        ],
        "index": 608,
        "owners": [
          "110001001110",
          "100001001111",
          "000011001111",
          "000011101110",
          "010011001110"
        ]
      },
      "suffix_safe_m7_m8": true,
      "typed_q3_safe": true,
      "widths": {
        "7": {
          "q3_current_by_suffix_weight_and_sign": {
            "1:-1": 11,
            "1:1": 13,
            "2:-1": 7,
            "2:1": 5
          },
          "support_casualties": {
            "lower_q1": [],
            "lower_q2": [],
            "owner": [],
            "upper_q1": [],
            "upper_q2": [],
            "upper_q3": []
          },
          "topology": {
            "components": 418,
            "histogram": {
              "15": 415,
              "45": 1,
              "75": 1,
              "90": 1
            }
          }
        },
        "8": {
          "q3_current_by_suffix_weight_and_sign": {
            "2:-1": 22,
            "2:1": 26,
            "3:-1": 14,
            "3:1": 10,
            "4:-1": 4,
            "4:1": 4
          },
          "support_casualties": {
            "lower_q1": [],
            "lower_q2": [],
            "owner": [],
            "upper_q1": [],
            "upper_q2": [],
            "upper_q3": []
          },
          "topology": {
            "components": 1408,
            "histogram": {
              "17": 1402,
              "51": 2,
              "85": 2,
              "102": 2
            }
          }
        }
      }
    },
    {
      "base_topology": {
        "components": 121,
        "histogram": {
          "13": 118,
          "39": 1,
          "65": 1,
          "78": 1
        }
      },
      "common_binary_phase": true,
      "left": {
        "active_one_based": [
          3,
          9,
          10
        ],
        "core": "010111000010",
        "index": 498
      },
      "no_two_colour_G2_seam": false,
      "right": {
        "colours": [
          "110001001111",
          "100001101111",
          "000011101111",
          "010011101110",
          "110011001110"
        ],
        "index": 611,
        "owners": [
          "110001001110",
          "100001001111",
          "000001101111",
          "000011101110",
          "010011001110"
        ]
      },
      "suffix_safe_m7_m8": true,
      "typed_q3_safe": true,
      "widths": {
        "7": {
          "q3_current_by_suffix_weight_and_sign": {
            "1:-1": 12,
            "1:1": 14,
            "2:-1": 6,
            "2:1": 4
          },
          "support_casualties": {
            "lower_q1": [],
            "lower_q2": [],
            "owner": [],
            "upper_q1": [],
            "upper_q2": [],
            "upper_q3": []
          },
          "topology": {
            "components": 418,
            "histogram": {
              "15": 415,
              "45": 1,
              "75": 1,
              "90": 1
            }
          }
        },
        "8": {
          "q3_current_by_suffix_weight_and_sign": {
            "2:-1": 24,
            "2:1": 28,
            "3:-1": 12,
            "3:1": 8,
            "4:-1": 4,
            "4:1": 4
          },
          "support_casualties": {
            "lower_q1": [],
            "lower_q2": [],
            "owner": [],
            "upper_q1": [],
            "upper_q2": [],
            "upper_q3": []
          },
          "topology": {
            "components": 1408,
            "histogram": {
              "17": 1402,
              "51": 2,
              "85": 2,
              "102": 2
            }
          }
        }
      }
    }
  ],
  "status": "PASS"
}
