{
  "status": "PASS",
  "mode": "streaming_topk_incumbent_swap",
  "target_row": 516,
  "target_owner_id": 900,
  "threads": 48,
  "raw_parameter_count": 60963840,
  "quotient_simple_raw": 59974574,
  "reflection_disjoint_raw": 33166418,
  "frozen_target_masks_regenerated": 942,
  "top_k_requested": 5000,
  "top_k_retained": 5000,
  "reservoir_per_hole": 128,
  "reservoir_union_masks": 2338,
  "incumbent_energy": 78,
  "best_delta": -2,
  "best_new_energy": 76,
  "best_hole_change": -1,
  "best_holes_filled": 7,
  "best_outgoing_pair_index": 13581,
  "best_rows":[10,34,130,176,202,283,502,516,594,670],
  "top_delta_histogram":{"-2":6,"0":243,"2":4751},
  "top_hole_change_histogram":{"-1":6,"0":281,"1":4713},
  "reservoir_hole_coverage":{"18":254,"38":188,"53":241,"81":147,"99":197,"112":209,"114":158,"130":149,"143":150,"158":128,"176":250,"188":357,"191":167,"192":205,"202":766,"283":337,"284":200,"310":141,"319":293,"324":136,"376":146,"386":382,"402":163,"424":138,"441":131,"446":604,"480":363,"484":153,"494":131,"516":2338,"532":129,"588":183,"594":878,"597":129,"606":147,"610":131,"629":129,"634":154,"670":191},
  "top_catalog": "/dev/shm/q4z17_e78_row516_targeted_top5000.tsv",
  "reservoir_catalog": "/dev/shm/q4z17_e78_row516_targeted_reservoir.tsv",
  "artifact_schema": "rows,core,order,reflected_core,reflected_order,owner_ids,reflected_owner_ids,best_outgoing_pair_index,delta,new_energy,hole_change,holes_filled,add_base,covered_incumbent_holes,target_row,tier",
  "scope": "exact scoring of every generated new mask; bounded deterministic top-K per shard is sufficient for the global top-K; per-hole reservoirs are independently bounded and union-deduplicated"
}
