{
  "certificate_sha256": "05552624784b67253b9f7d07b3e37c63cb25254d9b80872835952c38ba9605c1",
  "class": "general owner-simple alternating C8 with prescribed opposite context/router cuts",
  "counters": {
    "left_paths": 47040,
    "oriented_pairs": 84,
    "right_paths": 47040
  },
  "failure_histogram_per_phase": {},
  "orientation_reports": [
    {
      "context_orientation": [
        "00100100110110111110000",
        "10000100110110111110000"
      ],
      "left_paths": 708,
      "owner_simple_path_pairs": 0,
      "q1_exact_path_pairs": 0,
      "right_paths": 708,
      "router_orientation": [
        "10100100110110110110000",
        "00100110110110110110000"
      ],
      "witness_index": 0
    },
    {
      "context_orientation": [
        "00100100110110111110000",
        "10000100110110111110000"
      ],
      "left_paths": 154,
      "owner_simple_path_pairs": 0,
      "q1_exact_path_pairs": 0,
      "right_paths": 670,
      "router_orientation": [
        "00100110110110110110000",
        "10100100110110110110000"
      ],
      "witness_index": 0
    },
    {
      "context_orientation": [
        "10000100110110111110000",
        "00100100110110111110000"
      ],
      "left_paths": 670,
      "owner_simple_path_pairs": 0,
      "q1_exact_path_pairs": 0,
      "right_paths": 154,
      "router_orientation": [
        "10100100110110110110000",
        "00100110110110110110000"
      ],
      "witness_index": 0
    },
    {
      "context_orientation": [
        "10000100110110111110000",
        "00100100110110111110000"
      ],
      "left_paths": 708,
      "owner_simple_path_pairs": 0,
      "q1_exact_path_pairs": 0,
      "right_paths": 708,
      "router_orientation": [
        "00100110110110110110000",
        "10100100110110110110000"
      ],
      "witness_index": 0
    },
    {
      "context_orientation": [
        "00100100110110111110000",
        "10000100110110111110000"
      ],
      "left_paths": 154,
      "owner_simple_path_pairs": 0,
      "q1_exact_path_pairs": 0,
      "right_paths": 670,
      "router_orientation": [
        "00100110110010111110000",
        "10100100110010111110000"
      ],
      "witness_index": 1
    },
    {
      "context_orientation": [
        "00100100110110111110000",
        "10000100110110111110000"
      ],
      "left_paths": 708,
      "owner_simple_path_pairs": 0,
      "q1_exact_path_pairs": 0,
      "right_paths": 708,
      "router_orientation": [
        "10100100110010111110000",
        "00100110110010111110000"
      ],
      "witness_index": 1
    },
    {
      "context_orientation": [
        "10000100110110111110000",
        "00100100110110111110000"
      ],
      "left_paths": 708,
      "owner_simple_path_pairs": 0,
      "q1_exact_path_pairs": 0,
      "right_paths": 708,
      "router_orientation": [
        "00100110110010111110000",
        "10100100110010111110000"
      ],
      "witness_index": 1
    },
    {
      "context_orientation": [
        "10000100110110111110000",
        "00100100110110111110000"
      ],
      "left_paths": 670,
      "owner_simple_path_pairs": 0,
      "q1_exact_path_pairs": 0,
      "right_paths": 154,
      "router_orientation": [
        "10100100110010111110000",
        "00100110110010111110000"
      ],
      "witness_index": 1
    },
    {
      "context_orientation": [
        "00100100110110111110000",
        "10000100110110111110000"
      ],
      "left_paths": 154,
      "owner_simple_path_pairs": 0,
      "q1_exact_path_pairs": 0,
      "right_paths": 670,
      "router_orientation": [
        "00100110110110111100000",
        "10100100110110111100000"
      ],
      "witness_index": 2
    },
    {
      "context_orientation": [
        "00100100110110111110000",
        "10000100110110111110000"
      ],
      "left_paths": 708,
      "owner_simple_path_pairs": 0,
      "q1_exact_path_pairs": 0,
      "right_paths": 708,
      "router_orientation": [
        "10100100110110111100000",
        "00100110110110111100000"
      ],
      "witness_index": 2
    },
    {
      "context_orientation": [
        "10000100110110111110000",
        "00100100110110111110000"
      ],
      "left_paths": 708,
      "owner_simple_path_pairs": 0,
      "q1_exact_path_pairs": 0,
      "right_paths": 708,
      "router_orientation": [
        "00100110110110111100000",
        "10100100110110111100000"
      ],
      "witness_index": 2
    },
    {
      "context_orientation": [
        "10000100110110111110000",
        "00100100110110111110000"
      ],
      "left_paths": 670,
      "owner_simple_path_pairs": 0,
      "q1_exact_path_pairs": 0,
      "right_paths": 154,
      "router_orientation": [
        "10100100110110111100000",
        "00100110110110111100000"
      ],
      "witness_index": 2
    },
    {
      "context_orientation": [
        "00100100110110111110000",
        "10000100110110111110000"
      ],
      "left_paths": 708,
      "owner_simple_path_pairs": 0,
      "q1_exact_path_pairs": 0,
      "right_paths": 708,
      "router_orientation": [
        "10100000110110111110000",
        "00100010110110111110000"
      ],
      "witness_index": 3
    },
    {
      "context_orientation": [
        "00100100110110111110000",
        "10000100110110111110000"
      ],
      "left_paths": 154,
      "owner_simple_path_pairs": 0,
      "q1_exact_path_pairs": 0,
      "right_paths": 670,
      "router_orientation": [
        "00100010110110111110000",
        "10100000110110111110000"
      ],
      "witness_index": 3
    },
    {
      "context_orientation": [
        "10000100110110111110000",
        "00100100110110111110000"
      ],
      "left_paths": 670,
      "owner_simple_path_pairs": 0,
      "q1_exact_path_pairs": 0,
      "right_paths": 154,
      "router_orientation": [
        "10100000110110111110000",
        "00100010110110111110000"
      ],
      "witness_index": 3
    },
    {
      "context_orientation": [
        "10000100110110111110000",
        "00100100110110111110000"
      ],
      "left_paths": 708,
      "owner_simple_path_pairs": 0,
      "q1_exact_path_pairs": 0,
      "right_paths": 708,
      "router_orientation": [
        "00100010110110111110000",
        "10100000110110111110000"
      ],
      "witness_index": 3
    },
    {
      "context_orientation": [
        "00100100110110111110000",
        "10000100110110111110000"
      ],
      "left_paths": 708,
      "owner_simple_path_pairs": 0,
      "q1_exact_path_pairs": 0,
      "right_paths": 708,
      "router_orientation": [
        "10100100100110111110000",
        "00100110100110111110000"
      ],
      "witness_index": 4
    },
    {
      "context_orientation": [
        "00100100110110111110000",
        "10000100110110111110000"
      ],
      "left_paths": 154,
      "owner_simple_path_pairs": 0,
      "q1_exact_path_pairs": 0,
      "right_paths": 670,
      "router_orientation": [
        "00100110100110111110000",
        "10100100100110111110000"
      ],
      "witness_index": 4
    },
    {
      "context_orientation": [
        "10000100110110111110000",
        "00100100110110111110000"
      ],
      "left_paths": 670,
      "owner_simple_path_pairs": 0,
      "q1_exact_path_pairs": 0,
      "right_paths": 154,
      "router_orientation": [
        "10100100100110111110000",
        "00100110100110111110000"
      ],
      "witness_index": 4
    },
    {
      "context_orientation": [
        "10000100110110111110000",
        "00100100110110111110000"
      ],
      "left_paths": 708,
      "owner_simple_path_pairs": 0,
      "q1_exact_path_pairs": 0,
      "right_paths": 708,
      "router_orientation": [
        "00100110100110111110000",
        "10100100100110111110000"
      ],
      "witness_index": 4
    },
    {
      "context_orientation": [
        "00100100110110111110000",
        "10000100110110111110000"
      ],
      "left_paths": 708,
      "owner_simple_path_pairs": 0,
      "q1_exact_path_pairs": 0,
      "right_paths": 708,
      "router_orientation": [
        "10100100110110111010000",
        "00100110110110111010000"
      ],
      "witness_index": 5
    },
    {
      "context_orientation": [
        "00100100110110111110000",
        "10000100110110111110000"
      ],
      "left_paths": 154,
      "owner_simple_path_pairs": 0,
      "q1_exact_path_pairs": 0,
      "right_paths": 670,
      "router_orientation": [
        "00100110110110111010000",
        "10100100110110111010000"
      ],
      "witness_index": 5
    },
    {
      "context_orientation": [
        "10000100110110111110000",
        "00100100110110111110000"
      ],
      "left_paths": 670,
      "owner_simple_path_pairs": 0,
      "q1_exact_path_pairs": 0,
      "right_paths": 154,
      "router_orientation": [
        "10100100110110111010000",
        "00100110110110111010000"
      ],
      "witness_index": 5
    },
    {
      "context_orientation": [
        "10000100110110111110000",
        "00100100110110111110000"
      ],
      "left_paths": 708,
      "owner_simple_path_pairs": 0,
      "q1_exact_path_pairs": 0,
      "right_paths": 708,
      "router_orientation": [
        "00100110110110111010000",
        "10100100110110111010000"
      ],
      "witness_index": 5
    },
    {
      "context_orientation": [
        "00100100110110111110000",
        "10000100110110111110000"
      ],
      "left_paths": 154,
      "owner_simple_path_pairs": 0,
      "q1_exact_path_pairs": 0,
      "right_paths": 670,
      "router_orientation": [
        "00100110010110111110000",
        "10100100010110111110000"
      ],
      "witness_index": 6
    },
    {
      "context_orientation": [
        "00100100110110111110000",
        "10000100110110111110000"
      ],
      "left_paths": 708,
      "owner_simple_path_pairs": 0,
      "q1_exact_path_pairs": 0,
      "right_paths": 708,
      "router_orientation": [
        "10100100010110111110000",
        "00100110010110111110000"
      ],
      "witness_index": 6
    },
    {
      "context_orientation": [
        "10000100110110111110000",
        "00100100110110111110000"
      ],
      "left_paths": 708,
      "owner_simple_path_pairs": 0,
      "q1_exact_path_pairs": 0,
      "right_paths": 708,
      "router_orientation": [
        "00100110010110111110000",
        "10100100010110111110000"
      ],
      "witness_index": 6
    },
    {
      "context_orientation": [
        "10000100110110111110000",
        "00100100110110111110000"
      ],
      "left_paths": 670,
      "owner_simple_path_pairs": 0,
      "q1_exact_path_pairs": 0,
      "right_paths": 154,
      "router_orientation": [
        "10100100010110111110000",
        "00100110010110111110000"
      ],
      "witness_index": 6
    },
    {
      "context_orientation": [
        "00100100110110111110000",
        "10000100110110111110000"
      ],
      "left_paths": 708,
      "owner_simple_path_pairs": 0,
      "q1_exact_path_pairs": 0,
      "right_paths": 708,
      "router_orientation": [
        "10100100110110110110000",
        "00100110110110110110000"
      ],
      "witness_index": 7
    },
    {
      "context_orientation": [
        "00100100110110111110000",
        "10000100110110111110000"
      ],
      "left_paths": 154,
      "owner_simple_path_pairs": 0,
      "q1_exact_path_pairs": 0,
      "right_paths": 670,
      "router_orientation": [
        "00100110110110110110000",
        "10100100110110110110000"
      ],
      "witness_index": 7
    },
    {
      "context_orientation": [
        "10000100110110111110000",
        "00100100110110111110000"
      ],
      "left_paths": 670,
      "owner_simple_path_pairs": 0,
      "q1_exact_path_pairs": 0,
      "right_paths": 154,
      "router_orientation": [
        "10100100110110110110000",
        "00100110110110110110000"
      ],
      "witness_index": 7
    },
    {
      "context_orientation": [
        "10000100110110111110000",
        "00100100110110111110000"
      ],
      "left_paths": 708,
      "owner_simple_path_pairs": 0,
      "q1_exact_path_pairs": 0,
      "right_paths": 708,
      "router_orientation": [
        "00100110110110110110000",
        "10100100110110110110000"
      ],
      "witness_index": 7
    },
    {
      "context_orientation": [
        "00100100110110111110000",
        "10000100110110111110000"
      ],
      "left_paths": 154,
      "owner_simple_path_pairs": 0,
      "q1_exact_path_pairs": 0,
      "right_paths": 670,
      "router_orientation": [
        "00100110110010111110000",
        "10100100110010111110000"
      ],
      "witness_index": 8
    },
    {
      "context_orientation": [
        "00100100110110111110000",
        "10000100110110111110000"
      ],
      "left_paths": 708,
      "owner_simple_path_pairs": 0,
      "q1_exact_path_pairs": 0,
      "right_paths": 708,
      "router_orientation": [
        "10100100110010111110000",
        "00100110110010111110000"
      ],
      "witness_index": 8
    },
    {
      "context_orientation": [
        "10000100110110111110000",
        "00100100110110111110000"
      ],
      "left_paths": 708,
      "owner_simple_path_pairs": 0,
      "q1_exact_path_pairs": 0,
      "right_paths": 708,
      "router_orientation": [
        "00100110110010111110000",
        "10100100110010111110000"
      ],
      "witness_index": 8
    },
    {
      "context_orientation": [
        "10000100110110111110000",
        "00100100110110111110000"
      ],
      "left_paths": 670,
      "owner_simple_path_pairs": 0,
      "q1_exact_path_pairs": 0,
      "right_paths": 154,
      "router_orientation": [
        "10100100110010111110000",
        "00100110110010111110000"
      ],
      "witness_index": 8
    },
    {
      "context_orientation": [
        "00100100110110111110000",
        "10000100110110111110000"
      ],
      "left_paths": 154,
      "owner_simple_path_pairs": 0,
      "q1_exact_path_pairs": 0,
      "right_paths": 670,
      "router_orientation": [
        "00100110110110111100000",
        "10100100110110111100000"
      ],
      "witness_index": 9
    },
    {
      "context_orientation": [
        "00100100110110111110000",
        "10000100110110111110000"
      ],
      "left_paths": 708,
      "owner_simple_path_pairs": 0,
      "q1_exact_path_pairs": 0,
      "right_paths": 708,
      "router_orientation": [
        "10100100110110111100000",
        "00100110110110111100000"
      ],
      "witness_index": 9
    },
    {
      "context_orientation": [
        "10000100110110111110000",
        "00100100110110111110000"
      ],
      "left_paths": 708,
      "owner_simple_path_pairs": 0,
      "q1_exact_path_pairs": 0,
      "right_paths": 708,
      "router_orientation": [
        "00100110110110111100000",
        "10100100110110111100000"
      ],
      "witness_index": 9
    },
    {
      "context_orientation": [
        "10000100110110111110000",
        "00100100110110111110000"
      ],
      "left_paths": 670,
      "owner_simple_path_pairs": 0,
      "q1_exact_path_pairs": 0,
      "right_paths": 154,
      "router_orientation": [
        "10100100110110111100000",
        "00100110110110111100000"
      ],
      "witness_index": 9
    },
    {
      "context_orientation": [
        "00100100110110111110000",
        "10000100110110111110000"
      ],
      "left_paths": 708,
      "owner_simple_path_pairs": 0,
      "q1_exact_path_pairs": 0,
      "right_paths": 708,
      "router_orientation": [
        "10100000110110111110000",
        "00100010110110111110000"
      ],
      "witness_index": 10
    },
    {
      "context_orientation": [
        "00100100110110111110000",
        "10000100110110111110000"
      ],
      "left_paths": 154,
      "owner_simple_path_pairs": 0,
      "q1_exact_path_pairs": 0,
      "right_paths": 670,
      "router_orientation": [
        "00100010110110111110000",
        "10100000110110111110000"
      ],
      "witness_index": 10
    },
    {
      "context_orientation": [
        "10000100110110111110000",
        "00100100110110111110000"
      ],
      "left_paths": 670,
      "owner_simple_path_pairs": 0,
      "q1_exact_path_pairs": 0,
      "right_paths": 154,
      "router_orientation": [
        "10100000110110111110000",
        "00100010110110111110000"
      ],
      "witness_index": 10
    },
    {
      "context_orientation": [
        "10000100110110111110000",
        "00100100110110111110000"
      ],
      "left_paths": 708,
      "owner_simple_path_pairs": 0,
      "q1_exact_path_pairs": 0,
      "right_paths": 708,
      "router_orientation": [
        "00100010110110111110000",
        "10100000110110111110000"
      ],
      "witness_index": 10
    },
    {
      "context_orientation": [
        "00100100110110111110000",
        "10000100110110111110000"
      ],
      "left_paths": 708,
      "owner_simple_path_pairs": 0,
      "q1_exact_path_pairs": 0,
      "right_paths": 708,
      "router_orientation": [
        "10100100100110111110000",
        "00100110100110111110000"
      ],
      "witness_index": 11
    },
    {
      "context_orientation": [
        "00100100110110111110000",
        "10000100110110111110000"
      ],
      "left_paths": 154,
      "owner_simple_path_pairs": 0,
      "q1_exact_path_pairs": 0,
      "right_paths": 670,
      "router_orientation": [
        "00100110100110111110000",
        "10100100100110111110000"
      ],
      "witness_index": 11
    },
    {
      "context_orientation": [
        "10000100110110111110000",
        "00100100110110111110000"
      ],
      "left_paths": 670,
      "owner_simple_path_pairs": 0,
      "q1_exact_path_pairs": 0,
      "right_paths": 154,
      "router_orientation": [
        "10100100100110111110000",
        "00100110100110111110000"
      ],
      "witness_index": 11
    },
    {
      "context_orientation": [
        "10000100110110111110000",
        "00100100110110111110000"
      ],
      "left_paths": 708,
      "owner_simple_path_pairs": 0,
      "q1_exact_path_pairs": 0,
      "right_paths": 708,
      "router_orientation": [
        "00100110100110111110000",
        "10100100100110111110000"
      ],
      "witness_index": 11
    },
    {
      "context_orientation": [
        "00100100110110111110000",
        "10000100110110111110000"
      ],
      "left_paths": 708,
      "owner_simple_path_pairs": 0,
      "q1_exact_path_pairs": 0,
      "right_paths": 708,
      "router_orientation": [
        "10100100110110111010000",
        "00100110110110111010000"
      ],
      "witness_index": 12
    },
    {
      "context_orientation": [
        "00100100110110111110000",
        "10000100110110111110000"
      ],
      "left_paths": 154,
      "owner_simple_path_pairs": 0,
      "q1_exact_path_pairs": 0,
      "right_paths": 670,
      "router_orientation": [
        "00100110110110111010000",
        "10100100110110111010000"
      ],
      "witness_index": 12
    },
    {
      "context_orientation": [
        "10000100110110111110000",
        "00100100110110111110000"
      ],
      "left_paths": 670,
      "owner_simple_path_pairs": 0,
      "q1_exact_path_pairs": 0,
      "right_paths": 154,
      "router_orientation": [
        "10100100110110111010000",
        "00100110110110111010000"
      ],
      "witness_index": 12
    },
    {
      "context_orientation": [
        "10000100110110111110000",
        "00100100110110111110000"
      ],
      "left_paths": 708,
      "owner_simple_path_pairs": 0,
      "q1_exact_path_pairs": 0,
      "right_paths": 708,
      "router_orientation": [
        "00100110110110111010000",
        "10100100110110111010000"
      ],
      "witness_index": 12
    },
    {
      "context_orientation": [
        "00100100110110111110000",
        "10000100110110111110000"
      ],
      "left_paths": 154,
      "owner_simple_path_pairs": 0,
      "q1_exact_path_pairs": 0,
      "right_paths": 670,
      "router_orientation": [
        "00100110010110111110000",
        "10100100010110111110000"
      ],
      "witness_index": 13
    },
    {
      "context_orientation": [
        "00100100110110111110000",
        "10000100110110111110000"
      ],
      "left_paths": 708,
      "owner_simple_path_pairs": 0,
      "q1_exact_path_pairs": 0,
      "right_paths": 708,
      "router_orientation": [
        "10100100010110111110000",
        "00100110010110111110000"
      ],
      "witness_index": 13
    },
    {
      "context_orientation": [
        "10000100110110111110000",
        "00100100110110111110000"
      ],
      "left_paths": 708,
      "owner_simple_path_pairs": 0,
      "q1_exact_path_pairs": 0,
      "right_paths": 708,
      "router_orientation": [
        "00100110010110111110000",
        "10100100010110111110000"
      ],
      "witness_index": 13
    },
    {
      "context_orientation": [
        "10000100110110111110000",
        "00100100110110111110000"
      ],
      "left_paths": 670,
      "owner_simple_path_pairs": 0,
      "q1_exact_path_pairs": 0,
      "right_paths": 154,
      "router_orientation": [
        "10100100010110111110000",
        "00100110010110111110000"
      ],
      "witness_index": 13
    },
    {
      "context_orientation": [
        "00100100110110111110000",
        "10000100110110111110000"
      ],
      "left_paths": 708,
      "owner_simple_path_pairs": 0,
      "q1_exact_path_pairs": 0,
      "right_paths": 708,
      "router_orientation": [
        "10100100110110110110000",
        "00100110110110110110000"
      ],
      "witness_index": 14
    },
    {
      "context_orientation": [
        "00100100110110111110000",
        "10000100110110111110000"
      ],
      "left_paths": 154,
      "owner_simple_path_pairs": 0,
      "q1_exact_path_pairs": 0,
      "right_paths": 670,
      "router_orientation": [
        "00100110110110110110000",
        "10100100110110110110000"
      ],
      "witness_index": 14
    },
    {
      "context_orientation": [
        "10000100110110111110000",
        "00100100110110111110000"
      ],
      "left_paths": 670,
      "owner_simple_path_pairs": 0,
      "q1_exact_path_pairs": 0,
      "right_paths": 154,
      "router_orientation": [
        "10100100110110110110000",
        "00100110110110110110000"
      ],
      "witness_index": 14
    },
    {
      "context_orientation": [
        "10000100110110111110000",
        "00100100110110111110000"
      ],
      "left_paths": 708,
      "owner_simple_path_pairs": 0,
      "q1_exact_path_pairs": 0,
      "right_paths": 708,
      "router_orientation": [
        "00100110110110110110000",
        "10100100110110110110000"
      ],
      "witness_index": 14
    },
    {
      "context_orientation": [
        "00100100110110111110000",
        "10000100110110111110000"
      ],
      "left_paths": 154,
      "owner_simple_path_pairs": 0,
      "q1_exact_path_pairs": 0,
      "right_paths": 670,
      "router_orientation": [
        "00100110110010111110000",
        "10100100110010111110000"
      ],
      "witness_index": 15
    },
    {
      "context_orientation": [
        "00100100110110111110000",
        "10000100110110111110000"
      ],
      "left_paths": 708,
      "owner_simple_path_pairs": 0,
      "q1_exact_path_pairs": 0,
      "right_paths": 708,
      "router_orientation": [
        "10100100110010111110000",
        "00100110110010111110000"
      ],
      "witness_index": 15
    },
    {
      "context_orientation": [
        "10000100110110111110000",
        "00100100110110111110000"
      ],
      "left_paths": 708,
      "owner_simple_path_pairs": 0,
      "q1_exact_path_pairs": 0,
      "right_paths": 708,
      "router_orientation": [
        "00100110110010111110000",
        "10100100110010111110000"
      ],
      "witness_index": 15
    },
    {
      "context_orientation": [
        "10000100110110111110000",
        "00100100110110111110000"
      ],
      "left_paths": 670,
      "owner_simple_path_pairs": 0,
      "q1_exact_path_pairs": 0,
      "right_paths": 154,
      "router_orientation": [
        "10100100110010111110000",
        "00100110110010111110000"
      ],
      "witness_index": 15
    },
    {
      "context_orientation": [
        "00100100110110111110000",
        "10000100110110111110000"
      ],
      "left_paths": 154,
      "owner_simple_path_pairs": 0,
      "q1_exact_path_pairs": 0,
      "right_paths": 670,
      "router_orientation": [
        "00100110110110111100000",
        "10100100110110111100000"
      ],
      "witness_index": 16
    },
    {
      "context_orientation": [
        "00100100110110111110000",
        "10000100110110111110000"
      ],
      "left_paths": 708,
      "owner_simple_path_pairs": 0,
      "q1_exact_path_pairs": 0,
      "right_paths": 708,
      "router_orientation": [
        "10100100110110111100000",
        "00100110110110111100000"
      ],
      "witness_index": 16
    },
    {
      "context_orientation": [
        "10000100110110111110000",
        "00100100110110111110000"
      ],
      "left_paths": 708,
      "owner_simple_path_pairs": 0,
      "q1_exact_path_pairs": 0,
      "right_paths": 708,
      "router_orientation": [
        "00100110110110111100000",
        "10100100110110111100000"
      ],
      "witness_index": 16
    },
    {
      "context_orientation": [
        "10000100110110111110000",
        "00100100110110111110000"
      ],
      "left_paths": 670,
      "owner_simple_path_pairs": 0,
      "q1_exact_path_pairs": 0,
      "right_paths": 154,
      "router_orientation": [
        "10100100110110111100000",
        "00100110110110111100000"
      ],
      "witness_index": 16
    },
    {
      "context_orientation": [
        "00100100110110111110000",
        "10000100110110111110000"
      ],
      "left_paths": 708,
      "owner_simple_path_pairs": 0,
      "q1_exact_path_pairs": 0,
      "right_paths": 708,
      "router_orientation": [
        "10100000110110111110000",
        "00100010110110111110000"
      ],
      "witness_index": 17
    },
    {
      "context_orientation": [
        "00100100110110111110000",
        "10000100110110111110000"
      ],
      "left_paths": 154,
      "owner_simple_path_pairs": 0,
      "q1_exact_path_pairs": 0,
      "right_paths": 670,
      "router_orientation": [
        "00100010110110111110000",
        "10100000110110111110000"
      ],
      "witness_index": 17
    },
    {
      "context_orientation": [
        "10000100110110111110000",
        "00100100110110111110000"
      ],
      "left_paths": 670,
      "owner_simple_path_pairs": 0,
      "q1_exact_path_pairs": 0,
      "right_paths": 154,
      "router_orientation": [
        "10100000110110111110000",
        "00100010110110111110000"
      ],
      "witness_index": 17
    },
    {
      "context_orientation": [
        "10000100110110111110000",
        "00100100110110111110000"
      ],
      "left_paths": 708,
      "owner_simple_path_pairs": 0,
      "q1_exact_path_pairs": 0,
      "right_paths": 708,
      "router_orientation": [
        "00100010110110111110000",
        "10100000110110111110000"
      ],
      "witness_index": 17
    },
    {
      "context_orientation": [
        "00100100110110111110000",
        "10000100110110111110000"
      ],
      "left_paths": 708,
      "owner_simple_path_pairs": 0,
      "q1_exact_path_pairs": 0,
      "right_paths": 708,
      "router_orientation": [
        "10100100100110111110000",
        "00100110100110111110000"
      ],
      "witness_index": 18
    },
    {
      "context_orientation": [
        "00100100110110111110000",
        "10000100110110111110000"
      ],
      "left_paths": 154,
      "owner_simple_path_pairs": 0,
      "q1_exact_path_pairs": 0,
      "right_paths": 670,
      "router_orientation": [
        "00100110100110111110000",
        "10100100100110111110000"
      ],
      "witness_index": 18
    },
    {
      "context_orientation": [
        "10000100110110111110000",
        "00100100110110111110000"
      ],
      "left_paths": 670,
      "owner_simple_path_pairs": 0,
      "q1_exact_path_pairs": 0,
      "right_paths": 154,
      "router_orientation": [
        "10100100100110111110000",
        "00100110100110111110000"
      ],
      "witness_index": 18
    },
    {
      "context_orientation": [
        "10000100110110111110000",
        "00100100110110111110000"
      ],
      "left_paths": 708,
      "owner_simple_path_pairs": 0,
      "q1_exact_path_pairs": 0,
      "right_paths": 708,
      "router_orientation": [
        "00100110100110111110000",
        "10100100100110111110000"
      ],
      "witness_index": 18
    },
    {
      "context_orientation": [
        "00100100110110111110000",
        "10000100110110111110000"
      ],
      "left_paths": 708,
      "owner_simple_path_pairs": 0,
      "q1_exact_path_pairs": 0,
      "right_paths": 708,
      "router_orientation": [
        "10100100110110111010000",
        "00100110110110111010000"
      ],
      "witness_index": 19
    },
    {
      "context_orientation": [
        "00100100110110111110000",
        "10000100110110111110000"
      ],
      "left_paths": 154,
      "owner_simple_path_pairs": 0,
      "q1_exact_path_pairs": 0,
      "right_paths": 670,
      "router_orientation": [
        "00100110110110111010000",
        "10100100110110111010000"
      ],
      "witness_index": 19
    },
    {
      "context_orientation": [
        "10000100110110111110000",
        "00100100110110111110000"
      ],
      "left_paths": 670,
      "owner_simple_path_pairs": 0,
      "q1_exact_path_pairs": 0,
      "right_paths": 154,
      "router_orientation": [
        "10100100110110111010000",
        "00100110110110111010000"
      ],
      "witness_index": 19
    },
    {
      "context_orientation": [
        "10000100110110111110000",
        "00100100110110111110000"
      ],
      "left_paths": 708,
      "owner_simple_path_pairs": 0,
      "q1_exact_path_pairs": 0,
      "right_paths": 708,
      "router_orientation": [
        "00100110110110111010000",
        "10100100110110111010000"
      ],
      "witness_index": 19
    },
    {
      "context_orientation": [
        "00100100110110111110000",
        "10000100110110111110000"
      ],
      "left_paths": 154,
      "owner_simple_path_pairs": 0,
      "q1_exact_path_pairs": 0,
      "right_paths": 670,
      "router_orientation": [
        "00100110010110111110000",
        "10100100010110111110000"
      ],
      "witness_index": 20
    },
    {
      "context_orientation": [
        "00100100110110111110000",
        "10000100110110111110000"
      ],
      "left_paths": 708,
      "owner_simple_path_pairs": 0,
      "q1_exact_path_pairs": 0,
      "right_paths": 708,
      "router_orientation": [
        "10100100010110111110000",
        "00100110010110111110000"
      ],
      "witness_index": 20
    },
    {
      "context_orientation": [
        "10000100110110111110000",
        "00100100110110111110000"
      ],
      "left_paths": 708,
      "owner_simple_path_pairs": 0,
      "q1_exact_path_pairs": 0,
      "right_paths": 708,
      "router_orientation": [
        "00100110010110111110000",
        "10100100010110111110000"
      ],
      "witness_index": 20
    },
    {
      "context_orientation": [
        "10000100110110111110000",
        "00100100110110111110000"
      ],
      "left_paths": 670,
      "owner_simple_path_pairs": 0,
      "q1_exact_path_pairs": 0,
      "right_paths": 154,
      "router_orientation": [
        "10100100010110111110000",
        "00100110010110111110000"
      ],
      "witness_index": 20
    }
  ],
  "q1_witnesses_sha256": "18f59d809934a4283b6a71a6ee1311586c42f54955d09820332959b6e9f17b35",
  "selection_sha256": "94deb656dac1d8955b20d851e92600156d703842d6de169d4b6bea356fa3ec32",
  "solutions": [],
  "source_witnesses": 21,
  "status": "NO_WITNESS"
}
