{
  "status": "PASS",
  "mode": "streaming_topk_incumbent_swap",
  "target_row": 395,
  "target_owner_id": 681,
  "threads": 48,
  "raw_parameter_count": 60963840,
  "quotient_simple_raw": 59932504,
  "reflection_disjoint_raw": 34684548,
  "frozen_target_masks_regenerated": 733,
  "top_k_requested": 5000,
  "top_k_retained": 5000,
  "reservoir_per_hole": 128,
  "reservoir_union_masks": 2368,
  "incumbent_energy": 76,
  "best_delta": -2,
  "best_new_energy": 74,
  "best_hole_change": -1,
  "best_holes_filled": 6,
  "best_outgoing_pair_index": 19587,
  "best_rows":[51,53,107,117,188,226,310,319,327,395],
  "top_delta_histogram":{"-2":4,"0":115,"2":2656,"4":2225},
  "top_hole_change_histogram":{"-1":4,"0":126,"1":3244,"2":1626},
  "reservoir_hole_coverage":{"18":152,"38":202,"51":1330,"53":406,"81":233,"99":155,"112":306,"114":178,"143":182,"144":184,"158":131,"167":132,"188":215,"191":159,"192":264,"284":180,"310":227,"319":241,"324":193,"376":233,"386":137,"395":2368,"402":301,"403":260,"424":131,"441":128,"446":162,"480":152,"484":174,"494":131,"530":688,"532":176,"588":128,"597":138,"606":166,"610":191,"629":165,"634":128},
  "top_catalog": "/dev/shm/q4z17_e76_row395_targeted_top5000.tsv",
  "reservoir_catalog": "/dev/shm/q4z17_e76_row395_targeted_reservoir.tsv",
  "artifact_schema": "rows,core,order,reflected_core,reflected_order,owner_ids,reflected_owner_ids,best_outgoing_pair_index,delta,new_energy,hole_change,holes_filled,add_base,covered_incumbent_holes,target_row,tier",
  "scope": "exact scoring of every generated new mask; bounded deterministic top-K per shard is sufficient for the global top-K; per-hole reservoirs are independently bounded and union-deduplicated"
}
