{
  "aggregate_exact_distinct_lower_upper_histogram": {},
  "certificate_sha256": "05552624784b67253b9f7d07b3e37c63cb25254d9b80872835952c38ba9605c1",
  "context_edges": [
    [
      "00100100110110111110000",
      "10000100110110111110000"
    ],
    [
      "00100100110111101110000",
      "00100100110111011110000"
    ],
    [
      "00100110110110101110000",
      "00100110110101101110000"
    ]
  ],
  "factor_index": 0,
  "factor_words": [
    "1010010011011011111000",
    "0010010011011111111000",
    "0010011011011110111000"
  ],
  "first_aggregate_exact_pattern": null,
  "flat_atlas_sha256": "2b7bc68cb4559696c0dcf6bc0f7464c8dbe0d7d398dfab2b0996282a7f419dcc",
  "owner_simple_patterns": 0,
  "pattern_diagnostics": {
    "central_router_patterns": 255
  },
  "per_context_edge_four_owner_cross_legal_pairs": [
    1500,
    1500,
    1500
  ],
  "per_context_edge_raw_cross_legal_pairs": [
    2026,
    2026,
    2026
  ],
  "per_context_edge_unoriented_four_owner_cross_legal_pairs": [
    750,
    750,
    750
  ],
  "scope": "first flat factor; canonical P2--Q0 cut; three ordinary bare splices; aggregate exact q1 refill required before clocks/collars",
  "selection_sha256": "94deb656dac1d8955b20d851e92600156d703842d6de169d4b6bea356fa3ec32",
  "status": "UNSAT_BARE_ROUTER_AGGREGATE_Q1_REFILL",
  "tested_patterns": 0,
  "witness": null
}
