{
  "reports": [
    {
      "class": "all minimum-excess pure-rail polarities; one target-window cut plus one same-polarity cut; legal mixed C4 with unit lower and upper q1 current",
      "counters": {
        "active_bank_collision": 512,
        "cross_johnson_c4": 896,
        "minimum_assignments": 160,
        "mixed_unit_c4": 512,
        "owner_disjoint_edge_pairs": 46592,
        "post_active_excess_1": 256,
        "post_active_excess_2": 256
      },
      "first_minimum_near_miss": {
        "c4_lower_q1_delta": {
          "frozenset({0, 1, 4, 9, 13, 14, 15, 16})": 1,
          "frozenset({1, 3, 4, 9, 13, 14, 15, 16})": -1
        },
        "c4_upper_q1_delta": {
          "frozenset({0, 1, 4, 8, 9, 10, 13, 14, 15, 16})": -1,
          "frozenset({1, 3, 4, 8, 9, 10, 13, 14, 15, 16})": 1
        },
        "lower_rails": [
          "Phi1^2-",
          "Phi2+",
          "Phi3+",
          "Phi4+",
          "p11c0",
          "p11c2",
          "pX2"
        ],
        "minimum_three_support_union": 4,
        "new_edges": [
          [
            "11001000110001111",
            "11011000010001111"
          ],
          [
            "01001000111001111",
            "01011000110001111"
          ]
        ],
        "old_cuts": [
          [
            "01011000110001111",
            "11011000010001111"
          ],
          [
            "01001000111001111",
            "11001000110001111"
          ]
        ],
        "remaining_collisions": [
          [
            "upper_q2",
            "11111000110001111",
            2
          ]
        ],
        "source_bank": "upper_q2",
        "source_collision_providers": [
          [
            "p10c4_1",
            3
          ],
          [
            "p11c1",
            7
          ]
        ],
        "source_collision_resource": "11011100110001111",
        "upper_rails": [
          "Delta-",
          "Phi1^3-",
          "Phi1^4-",
          "p10c4_1",
          "p10c4_2",
          "p11c1",
          "pX1"
        ]
      },
      "minimum_post_c4_collision_excess": 1,
      "solution": null,
      "state": "state_one",
      "status": "NO_WITNESS"
    },
    {
      "class": "all minimum-excess pure-rail polarities; one target-window cut plus one same-polarity cut; legal mixed C4 with unit lower and upper q1 current",
      "counters": {
        "active_bank_collision": 960,
        "cross_johnson_c4": 2368,
        "minimum_assignments": 320,
        "mixed_unit_c4": 960,
        "owner_disjoint_edge_pairs": 59584,
        "post_active_excess_1": 576,
        "post_active_excess_2": 384
      },
      "first_minimum_near_miss": {
        "c4_lower_q1_delta": {
          "frozenset({1, 2, 8, 9, 13, 14, 15, 16})": -1,
          "frozenset({1, 8, 9, 12, 13, 14, 15, 16})": 1
        },
        "c4_upper_q1_delta": {
          "frozenset({1, 2, 3, 5, 8, 9, 13, 14, 15, 16})": 1,
          "frozenset({1, 3, 5, 8, 9, 12, 13, 14, 15, 16})": -1
        },
        "lower_rails": [
          "Phi1^2+",
          "Phi2-",
          "Phi3-",
          "Phi4-",
          "n10c0",
          "n10c1",
          "n11c3",
          "nX2"
        ],
        "minimum_three_support_union": 4,
        "new_edges": [
          [
            "01010000110011111",
            "01100000110011111"
          ],
          [
            "01010100110001111",
            "01110000110001111"
          ]
        ],
        "old_cuts": [
          [
            "01100000110011111",
            "01110000110001111"
          ],
          [
            "01010000110011111",
            "01010100110001111"
          ]
        ],
        "remaining_collisions": [
          [
            "lower_q1",
            "01000000110011111",
            2
          ]
        ],
        "source_bank": "lower_q2",
        "source_collision_providers": [
          [
            "n10c1",
            4
          ],
          [
            "nX2",
            5
          ]
        ],
        "source_collision_resource": "01000000110001111",
        "upper_rails": [
          "Delta+",
          "Phi1^3+",
          "Phi1^4+",
          "n10c2",
          "n11c4",
          "nX1"
        ]
      },
      "minimum_post_c4_collision_excess": 1,
      "solution": null,
      "state": "state_two",
      "status": "NO_WITNESS"
    }
  ],
  "source_sha256": "cae68fd6542d1925c3663c901f981fee596dfa10560fc01b278d367960c7573d",
  "status": "NO_WITNESS"
}
