{
  "status": "PASS",
  "mode": "streaming_topk_incumbent_swap",
  "target_row": 664,
  "target_owner_id": 1349,
  "threads": 48,
  "raw_parameter_count": 60963840,
  "quotient_simple_raw": 59679886,
  "reflection_disjoint_raw": 35875306,
  "frozen_target_masks_regenerated": 1796,
  "top_k_requested": 5000,
  "top_k_retained": 5000,
  "reservoir_per_hole": 128,
  "reservoir_union_masks": 1955,
  "incumbent_energy": 64,
  "best_delta": 0,
  "best_new_energy": 64,
  "best_hole_change": 0,
  "best_holes_filled": 6,
  "best_outgoing_pair_index": 16092,
  "best_rows":[26,91,143,348,401,402,486,538,589,664],
  "top_delta_histogram":{"0":11,"2":333,"4":4656},
  "top_hole_change_histogram":{"0":11,"1":404,"2":4585},
  "reservoir_hole_coverage":{"18":345,"38":338,"51":361,"53":276,"112":167,"114":171,"128":138,"143":150,"144":260,"158":128,"167":177,"188":238,"284":153,"299":143,"319":217,"324":134,"327":249,"348":179,"401":160,"402":173,"403":746,"424":138,"441":144,"480":142,"484":142,"486":437,"494":150,"563":210,"588":141,"597":128,"637":130,"664":1955},
  "top_catalog": "/dev/shm/q4z17_e64_row664_targeted_top5000.tsv",
  "reservoir_catalog": "/dev/shm/q4z17_e64_row664_targeted_reservoir.tsv",
  "artifact_schema": "rows,core,order,reflected_core,reflected_order,owner_ids,reflected_owner_ids,best_outgoing_pair_index,delta,new_energy,hole_change,holes_filled,add_base,covered_incumbent_holes,target_row,tier",
  "scope": "exact scoring of every generated new mask; bounded deterministic top-K per shard is sufficient for the global top-K; per-hole reservoirs are independently bounded and union-deduplicated"
}
