{
  "attempts": 21,
  "counters": {
    "owner_collision": 2,
    "q1_not_simple": 18
  },
  "ground": 13,
  "rank": 7,
  "required_head_distance": 2,
  "status": "SAT",
  "witness": {
    "additions": [
      [
        [
          0,
          1,
          2,
          3,
          4,
          5,
          6
        ],
        [
          0,
          1,
          2,
          3,
          5,
          6,
          8
        ]
      ],
      [
        [
          0,
          1,
          2,
          3,
          4,
          5,
          7
        ],
        [
          0,
          1,
          2,
          3,
          5,
          7,
          8
        ]
      ],
      [
        [
          0,
          3,
          5,
          7,
          8,
          11,
          12
        ],
        [
          3,
          5,
          7,
          8,
          9,
          11,
          12
        ]
      ],
      [
        [
          0,
          3,
          5,
          6,
          8,
          11,
          12
        ],
        [
          3,
          5,
          6,
          8,
          9,
          11,
          12
        ]
      ],
      [
        [
          1,
          3,
          5,
          8,
          9,
          11,
          12
        ],
        [
          1,
          3,
          4,
          5,
          8,
          11,
          12
        ]
      ],
      [
        [
          1,
          3,
          5,
          7,
          9,
          11,
          12
        ],
        [
          1,
          3,
          4,
          5,
          7,
          11,
          12
        ]
      ]
    ],
    "attempt": 21,
    "cable_cycle": [
      [
        0,
        1,
        2,
        3,
        5,
        6,
        8
      ],
      [
        0,
        1,
        2,
        3,
        5,
        7,
        8
      ],
      [
        0,
        1,
        3,
        5,
        7,
        8,
        12
      ],
      [
        0,
        3,
        5,
        7,
        8,
        11,
        12
      ],
      [
        0,
        3,
        5,
        6,
        8,
        11,
        12
      ],
      [
        0,
        2,
        3,
        5,
        6,
        8,
        11
      ]
    ],
    "external_b_cycle": [
      [
        1,
        3,
        4,
        5,
        8,
        11,
        12
      ],
      [
        1,
        3,
        4,
        5,
        7,
        11,
        12
      ],
      [
        1,
        4,
        5,
        7,
        10,
        11,
        12
      ],
      [
        1,
        2,
        4,
        7,
        10,
        11,
        12
      ],
      [
        1,
        2,
        4,
        8,
        10,
        11,
        12
      ],
      [
        1,
        2,
        3,
        4,
        8,
        11,
        12
      ]
    ],
    "external_b_parameters": [
      12,
      3,
      5,
      10,
      2,
      8,
      7,
      9,
      4
    ],
    "external_c_cycle": [
      [
        0,
        1,
        2,
        3,
        4,
        5,
        6
      ],
      [
        0,
        1,
        2,
        3,
        4,
        5,
        7
      ],
      [
        0,
        1,
        2,
        3,
        4,
        7,
        11
      ],
      [
        0,
        1,
        3,
        4,
        7,
        9,
        11
      ],
      [
        0,
        1,
        3,
        4,
        6,
        9,
        11
      ],
      [
        0,
        1,
        3,
        4,
        5,
        6,
        9
      ]
    ],
    "marked_quotient": {
      "[0, 1, 2, 3, 4, 5, 7]": [
        1,
        3,
        4,
        5,
        7,
        11,
        12
      ],
      "[1, 3, 4, 5, 7, 11, 12]": [
        0,
        1,
        2,
        3,
        4,
        5,
        7
      ]
    },
    "new_cycles": [
      [
        [
          1,
          3,
          4,
          5,
          8,
          11,
          12
        ],
        [
          1,
          2,
          3,
          4,
          8,
          11,
          12
        ],
        [
          1,
          2,
          4,
          8,
          10,
          11,
          12
        ],
        [
          1,
          2,
          4,
          7,
          10,
          11,
          12
        ],
        [
          1,
          4,
          5,
          7,
          10,
          11,
          12
        ],
        [
          1,
          3,
          4,
          5,
          7,
          11,
          12
        ],
        [
          1,
          3,
          5,
          7,
          9,
          11,
          12
        ],
        [
          1,
          2,
          3,
          7,
          9,
          11,
          12
        ],
        [
          1,
          2,
          7,
          9,
          10,
          11,
          12
        ],
        [
          1,
          2,
          6,
          9,
          10,
          11,
          12
        ],
        [
          1,
          5,
          6,
          9,
          10,
          11,
          12
        ],
        [
          1,
          3,
          5,
          6,
          9,
          11,
          12
        ],
        [
          3,
          5,
          6,
          7,
          9,
          11,
          12
        ],
        [
          2,
          3,
          6,
          7,
          9,
          11,
          12
        ],
        [
          2,
          6,
          7,
          9,
          10,
          11,
          12
        ],
        [
          2,
          6,
          8,
          9,
          10,
          11,
          12
        ],
        [
          5,
          6,
          8,
          9,
          10,
          11,
          12
        ],
        [
          3,
          5,
          6,
          8,
          9,
          11,
          12
        ],
        [
          0,
          3,
          5,
          6,
          8,
          11,
          12
        ],
        [
          0,
          2,
          3,
          5,
          6,
          8,
          11
        ],
        [
          0,
          1,
          2,
          3,
          5,
          6,
          8
        ],
        [
          0,
          1,
          2,
          3,
          4,
          5,
          6
        ],
        [
          0,
          1,
          3,
          4,
          5,
          6,
          9
        ],
        [
          0,
          1,
          3,
          4,
          6,
          9,
          11
        ],
        [
          0,
          1,
          3,
          4,
          7,
          9,
          11
        ],
        [
          0,
          1,
          2,
          3,
          4,
          7,
          11
        ],
        [
          0,
          1,
          2,
          3,
          4,
          5,
          7
        ],
        [
          0,
          1,
          2,
          3,
          5,
          7,
          8
        ],
        [
          0,
          1,
          3,
          5,
          7,
          8,
          12
        ],
        [
          0,
          3,
          5,
          7,
          8,
          11,
          12
        ],
        [
          3,
          5,
          7,
          8,
          9,
          11,
          12
        ],
        [
          2,
          3,
          7,
          8,
          9,
          11,
          12
        ],
        [
          2,
          7,
          8,
          9,
          10,
          11,
          12
        ],
        [
          1,
          2,
          8,
          9,
          10,
          11,
          12
        ],
        [
          1,
          5,
          8,
          9,
          10,
          11,
          12
        ],
        [
          1,
          3,
          5,
          8,
          9,
          11,
          12
        ]
      ]
    ],
    "new_map": {
      "[0, 1, 2, 3, 4, 5, 7]": [
        1,
        3,
        4,
        5,
        7,
        11,
        12
      ],
      "[1, 3, 4, 5, 7, 11, 12]": [
        2,
        6,
        7,
        9,
        10,
        11,
        12
      ],
      "[2, 6, 7, 9, 10, 11, 12]": [
        0,
        1,
        2,
        3,
        4,
        5,
        7
      ]
    },
    "new_minima": [
      3,
      3,
      4,
      2
    ],
    "old_cycles": [
      [
        [
          1,
          3,
          4,
          5,
          8,
          11,
          12
        ],
        [
          1,
          2,
          3,
          4,
          8,
          11,
          12
        ],
        [
          1,
          2,
          4,
          8,
          10,
          11,
          12
        ],
        [
          1,
          2,
          4,
          7,
          10,
          11,
          12
        ],
        [
          1,
          4,
          5,
          7,
          10,
          11,
          12
        ],
        [
          1,
          3,
          4,
          5,
          7,
          11,
          12
        ],
        [
          1,
          3,
          5,
          7,
          9,
          11,
          12
        ],
        [
          1,
          2,
          3,
          7,
          9,
          11,
          12
        ],
        [
          1,
          2,
          7,
          9,
          10,
          11,
          12
        ],
        [
          1,
          2,
          8,
          9,
          10,
          11,
          12
        ],
        [
          1,
          5,
          8,
          9,
          10,
          11,
          12
        ],
        [
          1,
          3,
          5,
          8,
          9,
          11,
          12
        ]
      ],
      [
        [
          0,
          1,
          2,
          3,
          4,
          5,
          6
        ],
        [
          0,
          1,
          3,
          4,
          5,
          6,
          9
        ],
        [
          0,
          1,
          3,
          4,
          6,
          9,
          11
        ],
        [
          0,
          1,
          3,
          4,
          7,
          9,
          11
        ],
        [
          0,
          1,
          2,
          3,
          4,
          7,
          11
        ],
        [
          0,
          1,
          2,
          3,
          4,
          5,
          7
        ],
        [
          0,
          1,
          2,
          3,
          5,
          7,
          8
        ],
        [
          0,
          1,
          3,
          5,
          7,
          8,
          12
        ],
        [
          0,
          3,
          5,
          7,
          8,
          11,
          12
        ],
        [
          3,
          5,
          7,
          8,
          9,
          11,
          12
        ],
        [
          2,
          3,
          7,
          8,
          9,
          11,
          12
        ],
        [
          2,
          7,
          8,
          9,
          10,
          11,
          12
        ],
        [
          2,
          6,
          8,
          9,
          10,
          11,
          12
        ],
        [
          5,
          6,
          8,
          9,
          10,
          11,
          12
        ],
        [
          3,
          5,
          6,
          8,
          9,
          11,
          12
        ],
        [
          0,
          3,
          5,
          6,
          8,
          11,
          12
        ],
        [
          0,
          2,
          3,
          5,
          6,
          8,
          11
        ],
        [
          0,
          1,
          2,
          3,
          5,
          6,
          8
        ]
      ],
      [
        [
          2,
          6,
          7,
          9,
          10,
          11,
          12
        ],
        [
          2,
          3,
          6,
          7,
          9,
          11,
          12
        ],
        [
          3,
          5,
          6,
          7,
          9,
          11,
          12
        ],
        [
          1,
          3,
          5,
          6,
          9,
          11,
          12
        ],
        [
          1,
          5,
          6,
          9,
          10,
          11,
          12
        ],
        [
          1,
          2,
          6,
          9,
          10,
          11,
          12
        ]
      ]
    ],
    "old_map": {
      "[0, 1, 2, 3, 4, 5, 7]": [
        0,
        1,
        2,
        3,
        4,
        5,
        7
      ],
      "[1, 3, 4, 5, 7, 11, 12]": [
        1,
        3,
        4,
        5,
        7,
        11,
        12
      ],
      "[2, 6, 7, 9, 10, 11, 12]": [
        2,
        6,
        7,
        9,
        10,
        11,
        12
      ]
    },
    "old_minima": [
      3,
      3,
      4,
      2
    ],
    "router_cycles": [
      [
        [
          1,
          2,
          7,
          9,
          10,
          11,
          12
        ],
        [
          1,
          2,
          8,
          9,
          10,
          11,
          12
        ],
        [
          1,
          5,
          8,
          9,
          10,
          11,
          12
        ],
        [
          1,
          3,
          5,
          8,
          9,
          11,
          12
        ],
        [
          1,
          3,
          5,
          7,
          9,
          11,
          12
        ],
        [
          1,
          2,
          3,
          7,
          9,
          11,
          12
        ]
      ],
      [
        [
          2,
          7,
          8,
          9,
          10,
          11,
          12
        ],
        [
          2,
          6,
          8,
          9,
          10,
          11,
          12
        ],
        [
          5,
          6,
          8,
          9,
          10,
          11,
          12
        ],
        [
          3,
          5,
          6,
          8,
          9,
          11,
          12
        ],
        [
          3,
          5,
          7,
          8,
          9,
          11,
          12
        ],
        [
          2,
          3,
          7,
          8,
          9,
          11,
          12
        ]
      ],
      [
        [
          2,
          6,
          7,
          9,
          10,
          11,
          12
        ],
        [
          1,
          2,
          6,
          9,
          10,
          11,
          12
        ],
        [
          1,
          5,
          6,
          9,
          10,
          11,
          12
        ],
        [
          1,
          3,
          5,
          6,
          9,
          11,
          12
        ],
        [
          3,
          5,
          6,
          7,
          9,
          11,
          12
        ],
        [
          2,
          3,
          6,
          7,
          9,
          11,
          12
        ]
      ]
    ],
    "terminal_heads": [
      [
        1,
        3,
        4,
        5,
        7,
        11,
        12
      ],
      [
        0,
        1,
        2,
        3,
        4,
        5,
        7
      ]
    ],
    "terminal_phase_indices": [
      1,
      1
    ],
    "terminal_signature": [
      1,
      1,
      2,
      5,
      9
    ],
    "terminal_tail": [
      0,
      1,
      3,
      4,
      5,
      7,
      11
    ]
  }
}
