{
  "counts": {
    "all_q3_support_safe": 15,
    "distinct_cycles": 5192016,
    "nonpath_factors": 12675,
    "owner_disjoint_cycles": 4581993,
    "raw_creates_q3_target": 673253,
    "target_relevant_start_arcs": 360,
    "typed_q2_safe": 25
  },
  "cycle_length": 18,
  "near_misses": [
    {
      "colours": [
        "110001001111",
        "100011001111",
        "010011001111",
        "010011011110",
        "010011110110",
        "010011110011",
        "110011110001",
        "110001111001",
        "110001101011"
      ],
      "owners": [
        "110001001011",
        "100001001111",
        "000011001111",
        "010011001110",
        "010011010110",
        "010011110010",
        "010011110001",
        "110001110001",
        "110001101001"
      ],
      "q3_casualties": [
        "011011110111"
      ],
      "topology_residence": {
        "6": {
          "components": 123,
          "owner_runs": {
            "0": 2,
            "1": 1
          },
          "upper_runs": {
            "0": 1,
            "1": 2
          }
        },
        "7": {
          "components": 123,
          "owner_runs": {
            "0": 1,
            "1": 2
          },
          "upper_runs": {
            "0": 1,
            "1": 3
          }
        }
      }
    },
    {
      "colours": [
        "110001001111",
        "100011001111",
        "000011011111",
        "010011011110",
        "010011110110",
        "010011110011",
        "110011110001",
        "110001111001",
        "110001101011"
      ],
      "owners": [
        "110001001011",
        "100001001111",
        "000011001111",
        "000011011110",
        "010011010110",
        "010011110010",
        "010011110001",
        "110001110001",
        "110001101001"
      ],
      "q3_casualties": [
        "011011110111"
      ],
      "topology_residence": {
        "6": {
          "components": 121,
          "owner_runs": {
            "0": 2,
            "1": 1
          },
          "upper_runs": {
            "0": 1,
            "1": 2
          }
        },
        "7": {
          "components": 121,
          "owner_runs": {
            "0": 1,
            "1": 2
          },
          "upper_runs": {
            "0": 1,
            "1": 3
          }
        }
      }
    },
    {
      "colours": [
        "110001001111",
        "100001101111",
        "010001101111",
        "010001111110",
        "010011110110",
        "010011110011",
        "110011110001",
        "110001111001",
        "110001101011"
      ],
      "owners": [
        "110001001011",
        "100001001111",
        "000001101111",
        "010001101110",
        "010001110110",
        "010011110010",
        "010011110001",
        "110001110001",
        "110001101001"
      ],
      "q3_casualties": [
        "011011110111"
      ],
      "topology_residence": {
        "6": {
          "components": 121,
          "owner_runs": {
            "0": 2,
            "1": 1
          },
          "upper_runs": {
            "0": 1,
            "1": 2
          }
        },
        "7": {
          "components": 121,
          "owner_runs": {
            "0": 1,
            "1": 2
          },
          "upper_runs": {
            "0": 1,
            "1": 3
          }
        }
      }
    },
    {
      "colours": [
        "110001001111",
        "100001101111",
        "000001111111",
        "010001111110",
        "010011110110",
        "010011110011",
        "110011110001",
        "110001111001",
        "110001101011"
      ],
      "owners": [
        "110001001011",
        "100001001111",
        "000001101111",
        "000001111110",
        "010001110110",
        "010011110010",
        "010011110001",
        "110001110001",
        "110001101001"
      ],
      "q3_casualties": [
        "011011110111"
      ],
      "topology_residence": {
        "6": {
          "components": 121,
          "owner_runs": {
            "0": 2,
            "1": 1
          },
          "upper_runs": {
            "0": 1,
            "1": 2
          }
        },
        "7": {
          "components": 121,
          "owner_runs": {
            "0": 1,
            "1": 2
          },
          "upper_runs": {
            "0": 1,
            "1": 3
          }
        }
      }
    },
    {
      "colours": [
        "110001001111",
        "100001011111",
        "010001011111",
        "010011011110",
        "010011110110",
        "010011110011",
        "110011110001",
        "110001111001",
        "110001101011"
      ],
      "owners": [
        "110001001011",
        "100001001111",
        "000001011111",
        "010001011110",
        "010011010110",
        "010011110010",
        "010011110001",
        "110001110001",
        "110001101001"
      ],
      "q3_casualties": [
        "011011110111"
      ],
      "topology_residence": {
        "6": {
          "components": 121,
          "owner_runs": {
            "0": 2,
            "1": 1
          },
          "upper_runs": {
            "0": 1,
            "1": 2
          }
        },
        "7": {
          "components": 121,
          "owner_runs": {
            "0": 1,
            "1": 2
          },
          "upper_runs": {
            "0": 1,
            "1": 3
          }
        }
      }
    },
    {
      "colours": [
        "110001001111",
        "100001011111",
        "010001011111",
        "010001111110",
        "010011110110",
        "010011110011",
        "110011110001",
        "110001111001",
        "110001101011"
      ],
      "owners": [
        "110001001011",
        "100001001111",
        "000001011111",
        "010001011110",
        "010001110110",
        "010011110010",
        "010011110001",
        "110001110001",
        "110001101001"
      ],
      "q3_casualties": [
        "011011110111"
      ],
      "topology_residence": {
        "6": {
          "components": 121,
          "owner_runs": {
            "0": 2,
            "1": 1
          },
          "upper_runs": {
            "0": 1,
            "1": 2
          }
        },
        "7": {
          "components": 121,
          "owner_runs": {
            "0": 1,
            "1": 2
          },
          "upper_runs": {
            "0": 1,
            "1": 3
          }
        }
      }
    },
    {
      "colours": [
        "110001001111",
        "100001011111",
        "000011011111",
        "010011011110",
        "010011110110",
        "010011110011",
        "110011110001",
        "110001111001",
        "110001101011"
      ],
      "owners": [
        "110001001011",
        "100001001111",
        "000001011111",
        "000011011110",
        "010011010110",
        "010011110010",
        "010011110001",
        "110001110001",
        "110001101001"
      ],
      "q3_casualties": [
        "011011110111"
      ],
      "topology_residence": {
        "6": {
          "components": 121,
          "owner_runs": {
            "0": 2,
            "1": 1
          },
          "upper_runs": {
            "0": 1,
            "1": 2
          }
        },
        "7": {
          "components": 121,
          "owner_runs": {
            "0": 1,
            "1": 2
          },
          "upper_runs": {
            "0": 1,
            "1": 3
          }
        }
      }
    },
    {
      "colours": [
        "110001001111",
        "100001011111",
        "000001111111",
        "010001111110",
        "010011110110",
        "010011110011",
        "110011110001",
        "110001111001",
        "110001101011"
      ],
      "owners": [
        "110001001011",
        "100001001111",
        "000001011111",
        "000001111110",
        "010001110110",
        "010011110010",
        "010011110001",
        "110001110001",
        "110001101001"
      ],
      "q3_casualties": [
        "011011110111"
      ],
      "topology_residence": {
        "6": {
          "components": 121,
          "owner_runs": {
            "0": 2,
            "1": 1
          },
          "upper_runs": {
            "0": 1,
            "1": 2
          }
        },
        "7": {
          "components": 121,
          "owner_runs": {
            "0": 1,
            "1": 2
          },
          "upper_runs": {
            "0": 1,
            "1": 3
          }
        }
      }
    },
    {
      "colours": [
        "110011001011",
        "111010001011",
        "111110000011",
        "111111000001",
        "111111010000",
        "011111010100",
        "110111010100",
        "110011010101",
        "110011010011"
      ],
      "owners": [
        "110011000011",
        "110010001011",
        "111010000011",
        "111110000001",
        "111111000000",
        "011111010000",
        "010111010100",
        "110011010100",
        "110011010001"
      ],
      "q3_casualties": [
        "110111011101",
        "110111011011"
      ],
      "topology_residence": {
        "6": {
          "components": 119,
          "owner_runs": {
            "0": 2,
            "1": 1
          },
          "upper_runs": {
            "0": 1,
            "1": 2
          }
        },
        "7": {
          "components": 119,
          "owner_runs": {
            "0": 1,
            "1": 2
          },
          "upper_runs": {
            "0": 1,
            "1": 3
          }
        }
      }
    },
    {
      "colours": [
        "110011001011",
        "111010001011",
        "111110000011",
        "111110010001",
        "111111010000",
        "011111010100",
        "110111010100",
        "110011010101",
        "110011010011"
      ],
      "owners": [
        "110011000011",
        "110010001011",
        "111010000011",
        "111110000001",
        "111110010000",
        "011111010000",
        "010111010100",
        "110011010100",
        "110011010001"
      ],
      "q3_casualties": [
        "110111011101",
        "110111011011"
      ],
      "topology_residence": {
        "6": {
          "components": 119,
          "owner_runs": {
            "0": 2,
            "1": 1
          },
          "upper_runs": {
            "0": 1,
            "1": 2
          }
        },
        "7": {
          "components": 119,
          "owner_runs": {
            "0": 1,
            "1": 2
          },
          "upper_runs": {
            "0": 1,
            "1": 3
          }
        }
      }
    }
  ],
  "solutions": [
    {
      "colours": [
        "110001001111",
        "100101001111",
        "010101001111",
        "011101001110",
        "011100001111",
        "011000101111",
        "010100101111",
        "110100101110",
        "110001101110"
      ],
      "owners": [
        "110001001110",
        "100001001111",
        "000101001111",
        "010101001110",
        "011100001110",
        "011000001111",
        "010000101111",
        "010100101110",
        "110000101110"
      ],
      "q3_casualties": [],
      "topology_residence": {
        "6": {
          "components": 119,
          "owner_runs": {
            "0": 2,
            "1": 1
          },
          "upper_runs": {
            "0": 1,
            "1": 2
          }
        },
        "7": {
          "components": 119,
          "owner_runs": {
            "0": 1,
            "1": 2
          },
          "upper_runs": {
            "0": 1,
            "1": 3
          }
        }
      }
    },
    {
      "colours": [
        "110001001111",
        "100101001111",
        "001101001111",
        "011101001110",
        "011100001111",
        "011000101111",
        "010100101111",
        "110100101110",
        "110001101110"
      ],
      "owners": [
        "110001001110",
        "100001001111",
        "000101001111",
        "001101001110",
        "011100001110",
        "011000001111",
        "010000101111",
        "010100101110",
        "110000101110"
      ],
      "q3_casualties": [],
      "topology_residence": {
        "6": {
          "components": 119,
          "owner_runs": {
            "0": 2,
            "1": 1
          },
          "upper_runs": {
            "0": 1,
            "1": 2
          }
        },
        "7": {
          "components": 119,
          "owner_runs": {
            "0": 1,
            "1": 2
          },
          "upper_runs": {
            "0": 1,
            "1": 3
          }
        }
      }
    },
    {
      "colours": [
        "110001001111",
        "100101001111",
        "001101001111",
        "001111001110",
        "001110001111",
        "001100101111",
        "101100101110",
        "110100101110",
        "110001101110"
      ],
      "owners": [
        "110001001110",
        "100001001111",
        "000101001111",
        "001101001110",
        "001110001110",
        "001100001111",
        "001100101110",
        "100100101110",
        "110000101110"
      ],
      "q3_casualties": [],
      "topology_residence": {
        "6": {
          "components": 120,
          "owner_runs": {
            "0": 2,
            "1": 1
          },
          "upper_runs": {
            "0": 1,
            "1": 2
          }
        },
        "7": {
          "components": 120,
          "owner_runs": {
            "0": 1,
            "1": 2
          },
          "upper_runs": {
            "0": 1,
            "1": 3
          }
        }
      }
    },
    {
      "colours": [
        "110001001111",
        "100101001111",
        "000111001111",
        "001111001110",
        "001110001111",
        "001100101111",
        "101100101110",
        "110100101110",
        "110001101110"
      ],
      "owners": [
        "110001001110",
        "100001001111",
        "000101001111",
        "000111001110",
        "001110001110",
        "001100001111",
        "001100101110",
        "100100101110",
        "110000101110"
      ],
      "q3_casualties": [],
      "topology_residence": {
        "6": {
          "components": 120,
          "owner_runs": {
            "0": 2,
            "1": 1
          },
          "upper_runs": {
            "0": 1,
            "1": 2
          }
        },
        "7": {
          "components": 120,
          "owner_runs": {
            "0": 1,
            "1": 2
          },
          "upper_runs": {
            "0": 1,
            "1": 3
          }
        }
      }
    },
    {
      "colours": [
        "110001001111",
        "100011001111",
        "001011001111",
        "001111001110",
        "001110001111",
        "001100101111",
        "101100101110",
        "110100101110",
        "110001101110"
      ],
      "owners": [
        "110001001110",
        "100001001111",
        "000011001111",
        "001011001110",
        "001110001110",
        "001100001111",
        "001100101110",
        "100100101110",
        "110000101110"
      ],
      "q3_casualties": [],
      "topology_residence": {
        "6": {
          "components": 120,
          "owner_runs": {
            "0": 2,
            "1": 1
          },
          "upper_runs": {
            "0": 1,
            "1": 2
          }
        },
        "7": {
          "components": 120,
          "owner_runs": {
            "0": 1,
            "1": 2
          },
          "upper_runs": {
            "0": 1,
            "1": 3
          }
        }
      }
    },
    {
      "colours": [
        "110001001111",
        "100011001111",
        "000111001111",
        "001111001110",
        "001110001111",
        "001100101111",
        "101100101110",
        "110100101110",
        "110001101110"
      ],
      "owners": [
        "110001001110",
        "100001001111",
        "000011001111",
        "000111001110",
        "001110001110",
        "001100001111",
        "001100101110",
        "100100101110",
        "110000101110"
      ],
      "q3_casualties": [],
      "topology_residence": {
        "6": {
          "components": 120,
          "owner_runs": {
            "0": 2,
            "1": 1
          },
          "upper_runs": {
            "0": 1,
            "1": 2
          }
        },
        "7": {
          "components": 120,
          "owner_runs": {
            "0": 1,
            "1": 2
          },
          "upper_runs": {
            "0": 1,
            "1": 3
          }
        }
      }
    },
    {
      "colours": [
        "110010001111",
        "100010101111",
        "001010101111",
        "001010111110",
        "101010110110",
        "110010110110",
        "110000110111",
        "110010110101",
        "110010101101"
      ],
      "owners": [
        "110010001101",
        "100010001111",
        "000010101111",
        "001010101110",
        "001010110110",
        "100010110110",
        "110000110110",
        "110000110101",
        "110010100101"
      ],
      "q3_casualties": [],
      "topology_residence": {
        "6": {
          "components": 119,
          "owner_runs": {
            "0": 2,
            "1": 1
          },
          "upper_runs": {
            "0": 1,
            "1": 2
          }
        },
        "7": {
          "components": 119,
          "owner_runs": {
            "0": 1,
            "1": 2
          },
          "upper_runs": {
            "0": 1,
            "1": 3
          }
        }
      }
    },
    {
      "colours": [
        "110010001111",
        "100010101111",
        "000110101111",
        "010110101110",
        "110100101110",
        "110000101111",
        "110001101101",
        "110011100101",
        "110010101101"
      ],
      "owners": [
        "110010001101",
        "100010001111",
        "000010101111",
        "000110101110",
        "010100101110",
        "110000101110",
        "110000101101",
        "110001100101",
        "110010100101"
      ],
      "q3_casualties": [],
      "topology_residence": {
        "6": {
          "components": 121,
          "owner_runs": {
            "0": 2,
            "1": 1
          },
          "upper_runs": {
            "0": 1,
            "1": 2
          }
        },
        "7": {
          "components": 121,
          "owner_runs": {
            "0": 1,
            "1": 2
          },
          "upper_runs": {
            "0": 1,
            "1": 3
          }
        }
      }
    },
    {
      "colours": [
        "110010001111",
        "100010101111",
        "000010111111",
        "010010111110",
        "110010110110",
        "110000110111",
        "110001110101",
        "110011100101",
        "110010101101"
      ],
      "owners": [
        "110010001101",
        "100010001111",
        "000010101111",
        "000010111110",
        "010010110110",
        "110000110110",
        "110000110101",
        "110001100101",
        "110010100101"
      ],
      "q3_casualties": [],
      "topology_residence": {
        "6": {
          "components": 119,
          "owner_runs": {
            "0": 2,
            "1": 1
          },
          "upper_runs": {
            "0": 1,
            "1": 2
          }
        },
        "7": {
          "components": 119,
          "owner_runs": {
            "0": 1,
            "1": 2
          },
          "upper_runs": {
            "0": 1,
            "1": 3
          }
        }
      }
    },
    {
      "colours": [
        "110010001111",
        "100010101111",
        "000010111111",
        "001010111110",
        "101010110110",
        "110010110110",
        "110000110111",
        "110010110101",
        "110010101101"
      ],
      "owners": [
        "110010001101",
        "100010001111",
        "000010101111",
        "000010111110",
        "001010110110",
        "100010110110",
        "110000110110",
        "110000110101",
        "110010100101"
      ],
      "q3_casualties": [],
      "topology_residence": {
        "6": {
          "components": 120,
          "owner_runs": {
            "0": 2,
            "1": 1
          },
          "upper_runs": {
            "0": 1,
            "1": 2
          }
        },
        "7": {
          "components": 120,
          "owner_runs": {
            "0": 1,
            "1": 2
          },
          "upper_runs": {
            "0": 1,
            "1": 3
          }
        }
      }
    },
    {
      "colours": [
        "110010001111",
        "100010011111",
        "000010111111",
        "010010111110",
        "110010110110",
        "110000110111",
        "110001110101",
        "110011100101",
        "110010101101"
      ],
      "owners": [
        "110010001101",
        "100010001111",
        "000010011111",
        "000010111110",
        "010010110110",
        "110000110110",
        "110000110101",
        "110001100101",
        "110010100101"
      ],
      "q3_casualties": [],
      "topology_residence": {
        "6": {
          "components": 119,
          "owner_runs": {
            "0": 2,
            "1": 1
          },
          "upper_runs": {
            "0": 1,
            "1": 2
          }
        },
        "7": {
          "components": 119,
          "owner_runs": {
            "0": 1,
            "1": 2
          },
          "upper_runs": {
            "0": 1,
            "1": 3
          }
        }
      }
    },
    {
      "colours": [
        "110010001111",
        "100010011111",
        "000010111111",
        "001010111110",
        "101010110110",
        "110010110110",
        "110000110111",
        "110010110101",
        "110010101101"
      ],
      "owners": [
        "110010001101",
        "100010001111",
        "000010011111",
        "000010111110",
        "001010110110",
        "100010110110",
        "110000110110",
        "110000110101",
        "110010100101"
      ],
      "q3_casualties": [],
      "topology_residence": {
        "6": {
          "components": 120,
          "owner_runs": {
            "0": 2,
            "1": 1
          },
          "upper_runs": {
            "0": 1,
            "1": 2
          }
        },
        "7": {
          "components": 120,
          "owner_runs": {
            "0": 1,
            "1": 2
          },
          "upper_runs": {
            "0": 1,
            "1": 3
          }
        }
      }
    },
    {
      "colours": [
        "110101001110",
        "110100011110",
        "110000011111",
        "110000111101",
        "110001111001",
        "110001101011",
        "110001001111",
        "100101001111",
        "010101001111"
      ],
      "owners": [
        "010101001110",
        "110100001110",
        "110000011110",
        "110000011101",
        "110000111001",
        "110001101001",
        "110001001011",
        "100001001111",
        "000101001111"
      ],
      "q3_casualties": [],
      "topology_residence": {
        "6": {
          "components": 119,
          "owner_runs": {
            "0": 2,
            "1": 1
          },
          "upper_runs": {
            "0": 1,
            "1": 2
          }
        },
        "7": {
          "components": 119,
          "owner_runs": {
            "0": 1,
            "1": 2
          },
          "upper_runs": {
            "0": 1,
            "1": 3
          }
        }
      }
    },
    {
      "colours": [
        "110100001111",
        "110000101111",
        "110000111101",
        "110001111001",
        "110001101011",
        "110001001111",
        "100101001111",
        "010101001111",
        "110101001110"
      ],
      "owners": [
        "110100001110",
        "110000001111",
        "110000101101",
        "110000111001",
        "110001101001",
        "110001001011",
        "100001001111",
        "000101001111",
        "010101001110"
      ],
      "q3_casualties": [],
      "topology_residence": {
        "6": {
          "components": 119,
          "owner_runs": {
            "0": 2,
            "1": 1
          },
          "upper_runs": {
            "0": 1,
            "1": 2
          }
        },
        "7": {
          "components": 119,
          "owner_runs": {
            "0": 1,
            "1": 2
          },
          "upper_runs": {
            "0": 1,
            "1": 3
          }
        }
      }
    },
    {
      "colours": [
        "110100001111",
        "110000011111",
        "110000111101",
        "110001111001",
        "110001101011",
        "110001001111",
        "100101001111",
        "010101001111",
        "110101001110"
      ],
      "owners": [
        "110100001110",
        "110000001111",
        "110000011101",
        "110000111001",
        "110001101001",
        "110001001011",
        "100001001111",
        "000101001111",
        "010101001110"
      ],
      "q3_casualties": [],
      "topology_residence": {
        "6": {
          "components": 119,
          "owner_runs": {
            "0": 2,
            "1": 1
          },
          "upper_runs": {
            "0": 1,
            "1": 2
          }
        },
        "7": {
          "components": 119,
          "owner_runs": {
            "0": 1,
            "1": 2
          },
          "upper_runs": {
            "0": 1,
            "1": 3
          }
        }
      }
    }
  ],
  "status": "PASS"
}
