{
  "attempts": 3002,
  "counters": {
    "old_not_resident": 32,
    "owner_collision": 1152,
    "q1_not_simple": 1817
  },
  "ground": 13,
  "rank": 7,
  "status": "SAT",
  "witness": {
    "additions": [
      [
        [
          0,
          1,
          2,
          3,
          4,
          5,
          6
        ],
        [
          0,
          1,
          2,
          3,
          5,
          6,
          8
        ]
      ],
      [
        [
          0,
          1,
          2,
          3,
          4,
          5,
          7
        ],
        [
          0,
          1,
          2,
          3,
          5,
          7,
          8
        ]
      ],
      [
        [
          0,
          3,
          5,
          7,
          8,
          11,
          12
        ],
        [
          3,
          5,
          7,
          8,
          9,
          11,
          12
        ]
      ],
      [
        [
          0,
          3,
          5,
          6,
          8,
          11,
          12
        ],
        [
          3,
          5,
          6,
          8,
          9,
          11,
          12
        ]
      ]
    ],
    "attempt": 3002,
    "cable_cycle": [
      [
        0,
        1,
        2,
        3,
        5,
        6,
        8
      ],
      [
        0,
        1,
        2,
        3,
        5,
        7,
        8
      ],
      [
        0,
        1,
        3,
        5,
        7,
        8,
        12
      ],
      [
        0,
        3,
        5,
        7,
        8,
        11,
        12
      ],
      [
        0,
        3,
        5,
        6,
        8,
        11,
        12
      ],
      [
        0,
        2,
        3,
        5,
        6,
        8,
        11
      ]
    ],
    "cable_parameters": [
      0,
      2,
      1,
      12,
      11,
      6,
      7,
      4,
      8
    ],
    "cut_index": 3,
    "external_cycle": [
      [
        0,
        1,
        2,
        3,
        4,
        5,
        6
      ],
      [
        0,
        1,
        2,
        3,
        4,
        5,
        7
      ],
      [
        0,
        1,
        2,
        3,
        4,
        7,
        11
      ],
      [
        0,
        1,
        3,
        4,
        7,
        9,
        11
      ],
      [
        0,
        1,
        3,
        4,
        6,
        9,
        11
      ],
      [
        0,
        1,
        3,
        4,
        5,
        6,
        9
      ]
    ],
    "external_parameters": [
      1,
      5,
      2,
      11,
      9,
      6,
      7
    ],
    "new_cycles": [
      [
        [
          0,
          1,
          2,
          3,
          4,
          5,
          6
        ],
        [
          0,
          1,
          3,
          4,
          5,
          6,
          9
        ],
        [
          0,
          1,
          3,
          4,
          6,
          9,
          11
        ],
        [
          0,
          1,
          3,
          4,
          7,
          9,
          11
        ],
        [
          0,
          1,
          2,
          3,
          4,
          7,
          11
        ],
        [
          0,
          1,
          2,
          3,
          4,
          5,
          7
        ],
        [
          0,
          1,
          2,
          3,
          5,
          7,
          8
        ],
        [
          0,
          1,
          3,
          5,
          7,
          8,
          12
        ],
        [
          0,
          3,
          5,
          7,
          8,
          11,
          12
        ],
        [
          3,
          5,
          7,
          8,
          9,
          11,
          12
        ],
        [
          2,
          3,
          7,
          8,
          9,
          11,
          12
        ],
        [
          2,
          7,
          8,
          9,
          10,
          11,
          12
        ],
        [
          1,
          2,
          8,
          9,
          10,
          11,
          12
        ],
        [
          1,
          5,
          8,
          9,
          10,
          11,
          12
        ],
        [
          1,
          3,
          5,
          8,
          9,
          11,
          12
        ],
        [
          1,
          3,
          5,
          7,
          9,
          11,
          12
        ],
        [
          1,
          2,
          3,
          7,
          9,
          11,
          12
        ],
        [
          1,
          2,
          7,
          9,
          10,
          11,
          12
        ],
        [
          1,
          2,
          6,
          9,
          10,
          11,
          12
        ],
        [
          1,
          5,
          6,
          9,
          10,
          11,
          12
        ],
        [
          1,
          3,
          5,
          6,
          9,
          11,
          12
        ],
        [
          3,
          5,
          6,
          7,
          9,
          11,
          12
        ],
        [
          2,
          3,
          6,
          7,
          9,
          11,
          12
        ],
        [
          2,
          6,
          7,
          9,
          10,
          11,
          12
        ],
        [
          2,
          6,
          8,
          9,
          10,
          11,
          12
        ],
        [
          5,
          6,
          8,
          9,
          10,
          11,
          12
        ],
        [
          3,
          5,
          6,
          8,
          9,
          11,
          12
        ],
        [
          0,
          3,
          5,
          6,
          8,
          11,
          12
        ],
        [
          0,
          2,
          3,
          5,
          6,
          8,
          11
        ],
        [
          0,
          1,
          2,
          3,
          5,
          6,
          8
        ]
      ]
    ],
    "new_map": {
      "[0, 1, 2, 3, 4, 5, 6]": [
        1,
        2,
        7,
        9,
        10,
        11,
        12
      ],
      "[1, 2, 7, 9, 10, 11, 12]": [
        2,
        6,
        7,
        9,
        10,
        11,
        12
      ],
      "[2, 6, 7, 9, 10, 11, 12]": [
        0,
        1,
        2,
        3,
        4,
        5,
        6
      ]
    },
    "new_minima": [
      3,
      3,
      4,
      2
    ],
    "old_cycles": [
      [
        [
          0,
          1,
          2,
          3,
          4,
          5,
          6
        ],
        [
          0,
          1,
          3,
          4,
          5,
          6,
          9
        ],
        [
          0,
          1,
          3,
          4,
          6,
          9,
          11
        ],
        [
          0,
          1,
          3,
          4,
          7,
          9,
          11
        ],
        [
          0,
          1,
          2,
          3,
          4,
          7,
          11
        ],
        [
          0,
          1,
          2,
          3,
          4,
          5,
          7
        ],
        [
          0,
          1,
          2,
          3,
          5,
          7,
          8
        ],
        [
          0,
          1,
          3,
          5,
          7,
          8,
          12
        ],
        [
          0,
          3,
          5,
          7,
          8,
          11,
          12
        ],
        [
          3,
          5,
          7,
          8,
          9,
          11,
          12
        ],
        [
          2,
          3,
          7,
          8,
          9,
          11,
          12
        ],
        [
          2,
          7,
          8,
          9,
          10,
          11,
          12
        ],
        [
          2,
          6,
          8,
          9,
          10,
          11,
          12
        ],
        [
          5,
          6,
          8,
          9,
          10,
          11,
          12
        ],
        [
          3,
          5,
          6,
          8,
          9,
          11,
          12
        ],
        [
          0,
          3,
          5,
          6,
          8,
          11,
          12
        ],
        [
          0,
          2,
          3,
          5,
          6,
          8,
          11
        ],
        [
          0,
          1,
          2,
          3,
          5,
          6,
          8
        ]
      ],
      [
        [
          1,
          2,
          7,
          9,
          10,
          11,
          12
        ],
        [
          1,
          2,
          3,
          7,
          9,
          11,
          12
        ],
        [
          1,
          3,
          5,
          7,
          9,
          11,
          12
        ],
        [
          1,
          3,
          5,
          8,
          9,
          11,
          12
        ],
        [
          1,
          5,
          8,
          9,
          10,
          11,
          12
        ],
        [
          1,
          2,
          8,
          9,
          10,
          11,
          12
        ]
      ],
      [
        [
          2,
          6,
          7,
          9,
          10,
          11,
          12
        ],
        [
          2,
          3,
          6,
          7,
          9,
          11,
          12
        ],
        [
          3,
          5,
          6,
          7,
          9,
          11,
          12
        ],
        [
          1,
          3,
          5,
          6,
          9,
          11,
          12
        ],
        [
          1,
          5,
          6,
          9,
          10,
          11,
          12
        ],
        [
          1,
          2,
          6,
          9,
          10,
          11,
          12
        ]
      ]
    ],
    "old_map": {
      "[0, 1, 2, 3, 4, 5, 6]": [
        0,
        1,
        2,
        3,
        4,
        5,
        6
      ],
      "[1, 2, 7, 9, 10, 11, 12]": [
        1,
        2,
        7,
        9,
        10,
        11,
        12
      ],
      "[2, 6, 7, 9, 10, 11, 12]": [
        2,
        6,
        7,
        9,
        10,
        11,
        12
      ]
    },
    "old_minima": [
      3,
      3,
      4,
      2
    ],
    "router_cycles": [
      [
        [
          1,
          2,
          7,
          9,
          10,
          11,
          12
        ],
        [
          1,
          2,
          8,
          9,
          10,
          11,
          12
        ],
        [
          1,
          5,
          8,
          9,
          10,
          11,
          12
        ],
        [
          1,
          3,
          5,
          8,
          9,
          11,
          12
        ],
        [
          1,
          3,
          5,
          7,
          9,
          11,
          12
        ],
        [
          1,
          2,
          3,
          7,
          9,
          11,
          12
        ]
      ],
      [
        [
          2,
          7,
          8,
          9,
          10,
          11,
          12
        ],
        [
          2,
          6,
          8,
          9,
          10,
          11,
          12
        ],
        [
          5,
          6,
          8,
          9,
          10,
          11,
          12
        ],
        [
          3,
          5,
          6,
          8,
          9,
          11,
          12
        ],
        [
          3,
          5,
          7,
          8,
          9,
          11,
          12
        ],
        [
          2,
          3,
          7,
          8,
          9,
          11,
          12
        ]
      ],
      [
        [
          2,
          6,
          7,
          9,
          10,
          11,
          12
        ],
        [
          1,
          2,
          6,
          9,
          10,
          11,
          12
        ],
        [
          1,
          5,
          6,
          9,
          10,
          11,
          12
        ],
        [
          1,
          3,
          5,
          6,
          9,
          11,
          12
        ],
        [
          3,
          5,
          6,
          7,
          9,
          11,
          12
        ],
        [
          2,
          3,
          6,
          7,
          9,
          11,
          12
        ]
      ]
    ],
    "router_parameters": [
      7,
      1,
      8,
      6,
      2,
      10,
      5,
      3,
      0,
      9
    ]
  }
}
