{
  "reports": [
    {
      "class": "all minimum-excess whole-rail polarities; prescribed bad-window cuts; two further same-polarity cuts; adjacent C8; exact lower+upper q1",
      "collision_type_histogram": [
        {
          "assignments": 32,
          "bank": "lower_q2",
          "providers": [
            [
              "p11c2",
              0
            ],
            [
              "pX1",
              2
            ]
          ],
          "resource": "00100000110001111"
        },
        {
          "assignments": 64,
          "bank": "lower_q2",
          "providers": [
            [
              "p10c4_1",
              1
            ],
            [
              "p11c0",
              6
            ]
          ],
          "resource": "10011000000001111"
        },
        {
          "assignments": 64,
          "bank": "upper_q2",
          "providers": [
            [
              "p10c4_1",
              3
            ],
            [
              "p11c1",
              7
            ]
          ],
          "resource": "11011100110001111"
        }
      ],
      "counters": {
        "cross_johnson_c8": 832,
        "minimum_assignments": 160,
        "target_cut_pairs_with_direct_johnson": 256,
        "target_cut_pairs_without_direct_johnson": 384
      },
      "solution": null,
      "state": "state_one",
      "status": "NO_WITNESS"
    },
    {
      "class": "all minimum-excess whole-rail polarities; prescribed bad-window cuts; two further same-polarity cuts; adjacent C8; exact lower+upper q1",
      "collision_type_histogram": [
        {
          "assignments": 64,
          "bank": "lower_q1",
          "providers": [
            [
              "n10c2",
              0
            ],
            [
              "nX2",
              5
            ]
          ],
          "resource": "01100000110001111"
        },
        {
          "assignments": 64,
          "bank": "lower_q2",
          "providers": [
            [
              "n11c3",
              10
            ],
            [
              "nX1",
              2
            ]
          ],
          "resource": "00010000110001111"
        },
        {
          "assignments": 128,
          "bank": "lower_q2",
          "providers": [
            [
              "n10c1",
              4
            ],
            [
              "nX2",
              5
            ]
          ],
          "resource": "01000000110001111"
        },
        {
          "assignments": 64,
          "bank": "upper_q1",
          "providers": [
            [
              "n10c1",
              3
            ],
            [
              "n10c2",
              0
            ]
          ],
          "resource": "11101000110001111"
        }
      ],
      "counters": {
        "cross_johnson_c8": 128,
        "minimum_assignments": 320,
        "q1_collision_assignments_interface_impossible": 128,
        "target_cut_pairs_with_direct_johnson": 192,
        "target_cut_pairs_without_direct_johnson": 576
      },
      "solution": null,
      "state": "state_two",
      "status": "NO_WITNESS"
    }
  ],
  "source_sha256": "cae68fd6542d1925c3663c901f981fee596dfa10560fc01b278d367960c7573d",
  "status": "NO_WITNESS"
}
