{
  "counts": {
    "all_q3_support_safe": 6,
    "distinct_cycles": 701756,
    "nonpath_factors": 1281,
    "owner_disjoint_cycles": 625801,
    "raw_creates_q3_target": 90956,
    "target_relevant_start_arcs": 360,
    "typed_q2_safe": 8
  },
  "cycle_length": 16,
  "near_misses": [
    {
      "colours": [
        "110100001111",
        "110100011101",
        "110100011011",
        "110000111011",
        "110100110011",
        "110100010111",
        "110100110101",
        "110100100111"
      ],
      "owners": [
        "110100000111",
        "110100001101",
        "110100011001",
        "110000011011",
        "110000110011",
        "110100010011",
        "110100010101",
        "110100100101"
      ],
      "q3_casualties": [
        "110101101111",
        "110110111011"
      ],
      "topology_residence": {
        "6": {
          "components": 125,
          "owner_runs": {
            "0": 2,
            "1": 1
          },
          "upper_runs": {
            "0": 1,
            "1": 2
          }
        },
        "7": {
          "components": 125,
          "owner_runs": {
            "0": 1,
            "1": 2
          },
          "upper_runs": {
            "0": 1,
            "1": 3
          }
        }
      }
    },
    {
      "colours": [
        "110100001111",
        "110000101111",
        "110100101101",
        "110100011101",
        "110100110101",
        "110100100111",
        "110001100111",
        "110101000111"
      ],
      "owners": [
        "110100000111",
        "110000001111",
        "110000101101",
        "110100001101",
        "110100010101",
        "110100100101",
        "110000100111",
        "110001000111"
      ],
      "q3_casualties": [
        "110101101111"
      ],
      "topology_residence": {
        "6": {
          "components": 125,
          "owner_runs": {
            "0": 2,
            "1": 1
          },
          "upper_runs": {
            "0": 1,
            "1": 2
          }
        },
        "7": {
          "components": 125,
          "owner_runs": {
            "0": 1,
            "1": 2
          },
          "upper_runs": {
            "0": 1,
            "1": 3
          }
        }
      }
    }
  ],
  "solutions": [
    {
      "colours": [
        "010110001111",
        "010100101111",
        "110100101110",
        "110001101110",
        "110001001111",
        "100101001111",
        "010101001111",
        "010111001110"
      ],
      "owners": [
        "010110001110",
        "010100001111",
        "010100101110",
        "110000101110",
        "110001001110",
        "100001001111",
        "000101001111",
        "010101001110"
      ],
      "q3_casualties": [],
      "topology_residence": {
        "6": {
          "components": 121,
          "owner_runs": {
            "0": 2,
            "1": 1
          },
          "upper_runs": {
            "0": 1,
            "1": 2
          }
        },
        "7": {
          "components": 121,
          "owner_runs": {
            "0": 1,
            "1": 2
          },
          "upper_runs": {
            "0": 1,
            "1": 3
          }
        }
      }
    },
    {
      "colours": [
        "010110001111",
        "010100101111",
        "110100101110",
        "110001101110",
        "110001001111",
        "100101001111",
        "000111001111",
        "010111001110"
      ],
      "owners": [
        "010110001110",
        "010100001111",
        "010100101110",
        "110000101110",
        "110001001110",
        "100001001111",
        "000101001111",
        "000111001110"
      ],
      "q3_casualties": [],
      "topology_residence": {
        "6": {
          "components": 121,
          "owner_runs": {
            "0": 2,
            "1": 1
          },
          "upper_runs": {
            "0": 1,
            "1": 2
          }
        },
        "7": {
          "components": 121,
          "owner_runs": {
            "0": 1,
            "1": 2
          },
          "upper_runs": {
            "0": 1,
            "1": 3
          }
        }
      }
    },
    {
      "colours": [
        "010110001111",
        "010100101111",
        "110100101110",
        "110001101110",
        "110001001111",
        "100011001111",
        "010011001111",
        "010111001110"
      ],
      "owners": [
        "010110001110",
        "010100001111",
        "010100101110",
        "110000101110",
        "110001001110",
        "100001001111",
        "000011001111",
        "010011001110"
      ],
      "q3_casualties": [],
      "topology_residence": {
        "6": {
          "components": 121,
          "owner_runs": {
            "0": 2,
            "1": 1
          },
          "upper_runs": {
            "0": 1,
            "1": 2
          }
        },
        "7": {
          "components": 121,
          "owner_runs": {
            "0": 1,
            "1": 2
          },
          "upper_runs": {
            "0": 1,
            "1": 3
          }
        }
      }
    },
    {
      "colours": [
        "010110001111",
        "010100101111",
        "110100101110",
        "110001101110",
        "110001001111",
        "100011001111",
        "000111001111",
        "010111001110"
      ],
      "owners": [
        "010110001110",
        "010100001111",
        "010100101110",
        "110000101110",
        "110001001110",
        "100001001111",
        "000011001111",
        "000111001110"
      ],
      "q3_casualties": [],
      "topology_residence": {
        "6": {
          "components": 121,
          "owner_runs": {
            "0": 2,
            "1": 1
          },
          "upper_runs": {
            "0": 1,
            "1": 2
          }
        },
        "7": {
          "components": 121,
          "owner_runs": {
            "0": 1,
            "1": 2
          },
          "upper_runs": {
            "0": 1,
            "1": 3
          }
        }
      }
    },
    {
      "colours": [
        "110010001111",
        "100010101111",
        "000010111111",
        "010010111110",
        "110010110110",
        "110000110111",
        "110010110101",
        "110010101101"
      ],
      "owners": [
        "110010001101",
        "100010001111",
        "000010101111",
        "000010111110",
        "010010110110",
        "110000110110",
        "110000110101",
        "110010100101"
      ],
      "q3_casualties": [],
      "topology_residence": {
        "6": {
          "components": 120,
          "owner_runs": {
            "0": 2,
            "1": 1
          },
          "upper_runs": {
            "0": 1,
            "1": 2
          }
        },
        "7": {
          "components": 120,
          "owner_runs": {
            "0": 1,
            "1": 2
          },
          "upper_runs": {
            "0": 1,
            "1": 3
          }
        }
      }
    },
    {
      "colours": [
        "110010001111",
        "100010011111",
        "000010111111",
        "010010111110",
        "110010110110",
        "110000110111",
        "110010110101",
        "110010101101"
      ],
      "owners": [
        "110010001101",
        "100010001111",
        "000010011111",
        "000010111110",
        "010010110110",
        "110000110110",
        "110000110101",
        "110010100101"
      ],
      "q3_casualties": [],
      "topology_residence": {
        "6": {
          "components": 120,
          "owner_runs": {
            "0": 2,
            "1": 1
          },
          "upper_runs": {
            "0": 1,
            "1": 2
          }
        },
        "7": {
          "components": 120,
          "owner_runs": {
            "0": 1,
            "1": 2
          },
          "upper_runs": {
            "0": 1,
            "1": 3
          }
        }
      }
    }
  ],
  "status": "PASS"
}
