{
  "maximum_incidence_length": 36,
  "reports": [
    {
      "anchor_preserving_incidence_lower_bound": 24,
      "broken_arc_directed_distances": {
        "1": 2,
        "4": 2,
        "7": 2
      },
      "broken_arcs": [
        1,
        4,
        7
      ],
      "checked_q2_cycles": 1,
      "checked_simple_cycles": 1,
      "context": "10",
      "mapped_suffix_edge": [
        "1011110000",
        "1010111000"
      ],
      "prefix": "101001001101",
      "raw_incidence_length": 18,
      "solution": {
        "broken_arc_path_lengths": {
          "1": 2,
          "4": 2,
          "7": 2
        },
        "incidence_length": 24,
        "new_colours": [
          "1010010011011011111000",
          "0010010011011111111000",
          "0010010111011110111000",
          "1010010111011010111000",
          "1010010011011010111100",
          "0010010011011110111100",
          "0010011011011110011100",
          "0010011011011010011101",
          "0010011011011011010101",
          "0010011011111011010001",
          "0010011011111011110000",
          "1010011011011011110000"
        ],
        "owners": [
          "1010010011011011110000",
          "0010010011011011111000",
          "0010010011011110111000",
          "0010010111011010111000",
          "1010010011011010111000",
          "0010010011011010111100",
          "0010010011011110011100",
          "0010011011011010011100",
          "0010011011011010010101",
          "0010011011011011010001",
          "0010011011111011010000",
          "0010011011011011110000"
        ]
      },
      "source_s": 4,
      "source_suffix_edge": [
        "11110000",
        "10111000"
      ]
    },
    {
      "anchor_preserving_incidence_lower_bound": 34,
      "broken_arc_directed_distances": {
        "1": 3,
        "3": 2,
        "5": 3,
        "6": 3,
        "7": 2
      },
      "broken_arcs": [
        1,
        3,
        5,
        6,
        7
      ],
      "checked_q2_cycles": 2,
      "checked_simple_cycles": 2,
      "context": "wrap",
      "mapped_suffix_edge": [
        "1111100000",
        "1101110000"
      ],
      "prefix": "101001001101",
      "raw_incidence_length": 18,
      "solution": {
        "broken_arc_path_lengths": {
          "1": 3,
          "3": 3,
          "5": 3,
          "6": 3,
          "7": 2
        },
        "incidence_length": 36,
        "new_colours": [
          "1010010011011111110000",
          "0010010111011111110000",
          "0010010111011011110001",
          "0010010111011101110001",
          "1010010111011101110000",
          "1010010011011101111000",
          "1010010011010111111000",
          "0010010011011111111000",
          "0010011011011101111000",
          "0010011011011100111001",
          "0010011011111100101001",
          "0010011011111100101010",
          "0010011011011100101110",
          "0010011011011110001110",
          "0010011011011110100110",
          "0010011011011110100011",
          "0010011011011111100001",
          "1010011011011111100000"
        ],
        "owners": [
          "1010010011011111100000",
          "0010010011011111110000",
          "0010010111011011110000",
          "0010010111011001110001",
          "0010010111011101110000",
          "1010010011011101110000",
          "1010010011010101111000",
          "0010010011010111111000",
          "0010010011011101111000",
          "0010011011011100111000",
          "0010011011011100101001",
          "0010011011111100101000",
          "0010011011011100101010",
          "0010011011011100001110",
          "0010011011011110000110",
          "0010011011011110100010",
          "0010011011011110100001",
          "0010011011011111100000"
        ]
      },
      "source_s": 4,
      "source_suffix_edge": [
        "11110000",
        "10111000"
      ]
    },
    {
      "anchor_preserving_incidence_lower_bound": 22,
      "broken_arc_directed_distances": {
        "2": 3,
        "6": 2
      },
      "broken_arcs": [
        2,
        6
      ],
      "checked_q2_cycles": 1,
      "checked_simple_cycles": 1,
      "context": "10",
      "mapped_suffix_edge": [
        "1011110000",
        "1010110010"
      ],
      "prefix": "101001010101",
      "raw_incidence_length": 16,
      "solution": {
        "broken_arc_path_lengths": {
          "2": 3,
          "6": 2
        },
        "incidence_length": 22,
        "new_colours": [
          "1010010101111011110000",
          "0010011101111011110000",
          "0010011101011011110010",
          "0010011101111001110010",
          "0010011101111010110010",
          "1010011101011010110010",
          "1010010101011011110010",
          "0010010101011011110011",
          "0010010101011111110001",
          "0010110101011111110000",
          "1010110101011011110000"
        ],
        "owners": [
          "1010010101011011110000",
          "0010010101111011110000",
          "0010011101011011110000",
          "0010011101011001110010",
          "0010011101111000110010",
          "0010011101011010110010",
          "1010010101011010110010",
          "0010010101011011110010",
          "0010010101011011110001",
          "0010010101011111110000",
          "0010110101011011110000"
        ]
      },
      "source_s": 4,
      "source_suffix_edge": [
        "11110000",
        "10110010"
      ]
    },
    {
      "anchor_preserving_incidence_lower_bound": 24,
      "broken_arc_directed_distances": {
        "2": 4,
        "6": 2
      },
      "broken_arcs": [
        2,
        6
      ],
      "checked_q2_cycles": 1,
      "checked_simple_cycles": 1,
      "context": "wrap",
      "mapped_suffix_edge": [
        "1111100000",
        "1101100100"
      ],
      "prefix": "101001010101",
      "raw_incidence_length": 16,
      "solution": {
        "broken_arc_path_lengths": {
          "2": 4,
          "6": 2
        },
        "incidence_length": 24,
        "new_colours": [
          "1010010101111111100000",
          "0010011101111111100000",
          "0010011101011111110000",
          "0010011101011011110100",
          "0010011101011001110101",
          "0010011101011101100101",
          "1010011101011101100100",
          "1010010101011111100100",
          "0010010101011111100110",
          "0010010101011111100011",
          "0010110101011111100001",
          "1010110101011111100000"
        ],
        "owners": [
          "1010010101011111100000",
          "0010010101111111100000",
          "0010011101011111100000",
          "0010011101011011110000",
          "0010011101011001110100",
          "0010011101011001100101",
          "0010011101011101100100",
          "1010010101011101100100",
          "0010010101011111100100",
          "0010010101011111100010",
          "0010010101011111100001",
          "0010110101011111100000"
        ]
      },
      "source_s": 4,
      "source_suffix_edge": [
        "11110000",
        "10110010"
      ]
    },
    {
      "anchor_preserving_incidence_lower_bound": 22,
      "broken_arc_directed_distances": {
        "2": 3,
        "6": 2
      },
      "broken_arcs": [
        2,
        6
      ],
      "checked_q2_cycles": 1,
      "checked_simple_cycles": 1,
      "context": "10",
      "mapped_suffix_edge": [
        "1011101000",
        "1010101100"
      ],
      "prefix": "101001001101",
      "raw_incidence_length": 16,
      "solution": {
        "broken_arc_path_lengths": {
          "2": 3,
          "6": 2
        },
        "incidence_length": 22,
        "new_colours": [
          "1010010011111011101000",
          "0010011011111011101000",
          "0010011011011011101100",
          "0010011011111001101100",
          "0010011011111010101100",
          "1010011011011010101100",
          "1010010011011011101100",
          "0010010011011011101101",
          "0010010011011111101001",
          "0010010111011111101000",
          "1010010111011011101000"
        ],
        "owners": [
          "1010010011011011101000",
          "0010010011111011101000",
          "0010011011011011101000",
          "0010011011011001101100",
          "0010011011111000101100",
          "0010011011011010101100",
          "1010010011011010101100",
          "0010010011011011101100",
          "0010010011011011101001",
          "0010010011011111101000",
          "0010010111011011101000"
        ]
      },
      "source_s": 4,
      "source_suffix_edge": [
        "11101000",
        "10101100"
      ]
    },
    {
      "anchor_preserving_incidence_lower_bound": 28,
      "broken_arc_directed_distances": {
        "2": 4,
        "5": 3,
        "6": 2
      },
      "broken_arcs": [
        2,
        5,
        6
      ],
      "checked_q2_cycles": 11,
      "checked_simple_cycles": 11,
      "context": "wrap",
      "mapped_suffix_edge": [
        "1111010000",
        "1101011000"
      ],
      "prefix": "101001001101",
      "raw_incidence_length": 16,
      "solution": {
        "broken_arc_path_lengths": {
          "2": 4,
          "5": 3,
          "6": 3
        },
        "incidence_length": 30,
        "new_colours": [
          "1010010011111111010000",
          "0010011011111111010000",
          "0010011011011111110000",
          "0010011011011011111000",
          "0010011011011001111001",
          "0010011011011101011001",
          "1010011011011101011000",
          "1010010011011111011000",
          "0010010011011111011100",
          "0010010011011110011110",
          "0010010011011111010110",
          "0010010111011111010010",
          "0010010111010111010011",
          "0010010111011111010001",
          "1010010111011111010000"
        ],
        "owners": [
          "1010010011011111010000",
          "0010010011111111010000",
          "0010011011011111010000",
          "0010011011011011110000",
          "0010011011011001111000",
          "0010011011011001011001",
          "0010011011011101011000",
          "1010010011011101011000",
          "0010010011011111011000",
          "0010010011011110011100",
          "0010010011011110010110",
          "0010010011011111010010",
          "0010010111010111010010",
          "0010010111010111010001",
          "0010010111011111010000"
        ]
      },
      "source_s": 4,
      "source_suffix_edge": [
        "11101000",
        "10101100"
      ]
    },
    {
      "anchor_preserving_incidence_lower_bound": 20,
      "broken_arc_directed_distances": {
        "1": 2,
        "6": 2
      },
      "broken_arcs": [
        1,
        6
      ],
      "checked_q2_cycles": 1,
      "checked_simple_cycles": 1,
      "context": "10",
      "mapped_suffix_edge": [
        "1011101000",
        "1010101010"
      ],
      "prefix": "101001010101",
      "raw_incidence_length": 16,
      "solution": {
        "broken_arc_path_lengths": {
          "1": 2,
          "6": 2
        },
        "incidence_length": 20,
        "new_colours": [
          "1010010101011011101010",
          "0010010101011111101010",
          "0010110101011110101010",
          "1010110101011010101010",
          "1010010101011010111010",
          "0010010101011010111011",
          "0010010101011011111001",
          "0010010101011111101001",
          "0010011101011111101000",
          "1010011101011011101000"
        ],
        "owners": [
          "1010010101011011101000",
          "0010010101011011101010",
          "0010010101011110101010",
          "0010110101011010101010",
          "1010010101011010101010",
          "0010010101011010111010",
          "0010010101011010111001",
          "0010010101011011101001",
          "0010010101011111101000",
          "0010011101011011101000"
        ]
      },
      "source_s": 4,
      "source_suffix_edge": [
        "11101000",
        "10101010"
      ]
    },
    {
      "anchor_preserving_incidence_lower_bound": 32,
      "broken_arc_directed_distances": {
        "1": 4,
        "3": 2,
        "5": 4,
        "6": 2
      },
      "broken_arcs": [
        1,
        3,
        5,
        6
      ],
      "checked_q2_cycles": 2,
      "checked_simple_cycles": 2,
      "context": "wrap",
      "mapped_suffix_edge": [
        "1111010000",
        "1101010100"
      ],
      "prefix": "101001010101",
      "raw_incidence_length": 16,
      "solution": {
        "broken_arc_path_lengths": {
          "1": 4,
          "3": 3,
          "5": 4,
          "6": 2
        },
        "incidence_length": 34,
        "new_colours": [
          "1010010101011111010100",
          "0010110101011111010100",
          "0010110101011011011100",
          "0010110101011001011101",
          "0010110101011101010101",
          "1010110101011101010100",
          "1010010101011101110100",
          "1010010101010111110100",
          "0010010101011111110100",
          "0010010101011101110110",
          "0010010101011101111010",
          "0010010101011101101110",
          "0010010101011101011110",
          "0010010101011111010110",
          "0010010101011111010011",
          "0010011101011111010001",
          "1010011101011111010000"
        ],
        "owners": [
          "1010010101011111010000",
          "0010010101011111010100",
          "0010110101011011010100",
          "0010110101011001011100",
          "0010110101011001010101",
          "0010110101011101010100",
          "1010010101011101010100",
          "1010010101010101110100",
          "0010010101010111110100",
          "0010010101011101110100",
          "0010010101011101110010",
          "0010010101011101101010",
          "0010010101011101001110",
          "0010010101011101010110",
          "0010010101011111010010",
          "0010010101011111010001",
          "0010011101011111010000"
        ]
      },
      "source_s": 4,
      "source_suffix_edge": [
        "11101000",
        "10101010"
      ]
    },
    {
      "anchor_preserving_incidence_lower_bound": 26,
      "broken_arc_directed_distances": {
        "2": 3,
        "5": 3
      },
      "broken_arcs": [
        2,
        5
      ],
      "checked_q2_cycles": 1,
      "checked_simple_cycles": 1,
      "context": "10",
      "mapped_suffix_edge": [
        "1011100100",
        "1011100010"
      ],
      "prefix": "101001001101",
      "raw_incidence_length": 18,
      "solution": {
        "broken_arc_path_lengths": {
          "2": 3,
          "5": 3
        },
        "incidence_length": 26,
        "new_colours": [
          "1010010011111011100100",
          "0010011011111011100100",
          "0010011011011011100110",
          "0010011011111001100110",
          "0010011011111011100010",
          "1010011011011011100010",
          "1010010011111011100010",
          "0010010011111011100011",
          "0010010011111101100011",
          "0010010011111111100001",
          "0010010111111011100001",
          "0010010111111011100100",
          "1010010111011011100100"
        ],
        "owners": [
          "1010010011011011100100",
          "0010010011111011100100",
          "0010011011011011100100",
          "0010011011011001100110",
          "0010011011111001100010",
          "0010011011011011100010",
          "1010010011011011100010",
          "0010010011111011100010",
          "0010010011111001100011",
          "0010010011111101100001",
          "0010010011111011100001",
          "0010010111111011100000",
          "0010010111011011100100"
        ]
      },
      "source_s": 4,
      "source_suffix_edge": [
        "11100100",
        "11100010"
      ]
    },
    {
      "anchor_preserving_incidence_lower_bound": 24,
      "broken_arc_directed_distances": {
        "2": 3,
        "6": 2
      },
      "broken_arcs": [
        2,
        6
      ],
      "checked_q2_cycles": 62,
      "checked_simple_cycles": 62,
      "context": "wrap",
      "mapped_suffix_edge": [
        "1111001000",
        "1111000100"
      ],
      "prefix": "101001001101",
      "raw_incidence_length": 18,
      "solution": {
        "broken_arc_path_lengths": {
          "2": 5,
          "6": 2
        },
        "incidence_length": 28,
        "new_colours": [
          "1010010011111111001000",
          "0010011011111111001000",
          "0010011011011111101000",
          "0010011011011011101100",
          "0010011011011001101101",
          "0010011011011101001101",
          "0010011011011111000101",
          "1010011011011111000100",
          "1010010011111111000100",
          "0010010011111111000110",
          "0010010011111111000011",
          "0010010111111111000001",
          "0010010111111111001000",
          "1010010111011111001000"
        ],
        "owners": [
          "1010010011011111001000",
          "0010010011111111001000",
          "0010011011011111001000",
          "0010011011011011101000",
          "0010011011011001101100",
          "0010011011011001001101",
          "0010011011011101000101",
          "0010011011011111000100",
          "1010010011011111000100",
          "0010010011111111000100",
          "0010010011111111000010",
          "0010010011111111000001",
          "0010010111111111000000",
          "0010010111011111001000"
        ]
      },
      "source_s": 4,
      "source_suffix_edge": [
        "11100100",
        "11100010"
      ]
    },
    {
      "anchor_preserving_incidence_lower_bound": 20,
      "broken_arc_directed_distances": {
        "1": 2,
        "6": 2
      },
      "broken_arcs": [
        1,
        6
      ],
      "checked_q2_cycles": 1,
      "checked_simple_cycles": 1,
      "context": "10",
      "mapped_suffix_edge": [
        "1011100100",
        "1010101100"
      ],
      "prefix": "101001010101",
      "raw_incidence_length": 16,
      "solution": {
        "broken_arc_path_lengths": {
          "1": 2,
          "6": 2
        },
        "incidence_length": 20,
        "new_colours": [
          "1010010101011011101100",
          "0010010101011111101100",
          "0010011101011110101100",
          "1010011101011010101100",
          "1010010101011010101110",
          "0010010101011011101110",
          "0010010101011011100111",
          "0010010101011111100101",
          "0010110101011111100100",
          "1010110101011011100100"
        ],
        "owners": [
          "1010010101011011100100",
          "0010010101011011101100",
          "0010010101011110101100",
          "0010011101011010101100",
          "1010010101011010101100",
          "0010010101011010101110",
          "0010010101011011100110",
          "0010010101011011100101",
          "0010010101011111100100",
          "0010110101011011100100"
        ]
      },
      "source_s": 4,
      "source_suffix_edge": [
        "11100100",
        "10101100"
      ]
    },
    {
      "anchor_preserving_incidence_lower_bound": 36,
      "broken_arc_directed_distances": {
        "1": 4,
        "3": 3,
        "5": 4,
        "6": 3
      },
      "broken_arcs": [
        1,
        3,
        5,
        6
      ],
      "checked_q2_cycles": 112,
      "checked_simple_cycles": 112,
      "context": "wrap",
      "mapped_suffix_edge": [
        "1111001000",
        "1101011000"
      ],
      "prefix": "101001010101",
      "raw_incidence_length": 16,
      "solution": null,
      "source_s": 4,
      "source_suffix_edge": [
        "11100100",
        "10101100"
      ]
    },
    {
      "anchor_preserving_incidence_lower_bound": 26,
      "broken_arc_directed_distances": {
        "2": 3,
        "5": 3
      },
      "broken_arcs": [
        2,
        5
      ],
      "checked_q2_cycles": 1,
      "checked_simple_cycles": 1,
      "context": "10",
      "mapped_suffix_edge": [
        "1011011000",
        "1011001100"
      ],
      "prefix": "101001001101",
      "raw_incidence_length": 18,
      "solution": {
        "broken_arc_path_lengths": {
          "2": 3,
          "5": 3
        },
        "incidence_length": 26,
        "new_colours": [
          "1010010011111011011000",
          "0010011011111011011000",
          "0010011011011011011100",
          "0010011011111001011100",
          "0010011011111011001100",
          "1010011011011011001100",
          "1010010011111011001100",
          "0010010011111011011100",
          "0010010011111001011101",
          "0010010011111011011001",
          "0010010111111011001001",
          "0010010111111011011000",
          "1010010111011011011000"
        ],
        "owners": [
          "1010010011011011011000",
          "0010010011111011011000",
          "0010011011011011011000",
          "0010011011011001011100",
          "0010011011111001001100",
          "0010011011011011001100",
          "1010010011011011001100",
          "0010010011111011001100",
          "0010010011111001011100",
          "0010010011111001011001",
          "0010010011111011001001",
          "0010010111111011001000",
          "0010010111011011011000"
        ]
      },
      "source_s": 4,
      "source_suffix_edge": [
        "11011000",
        "11001100"
      ]
    },
    {
      "anchor_preserving_incidence_lower_bound": 30,
      "broken_arc_directed_distances": {
        "2": 3,
        "5": 4,
        "6": 2
      },
      "broken_arcs": [
        2,
        5,
        6
      ],
      "checked_q2_cycles": 1,
      "checked_simple_cycles": 1,
      "context": "wrap",
      "mapped_suffix_edge": [
        "1110110000",
        "1110011000"
      ],
      "prefix": "101001001101",
      "raw_incidence_length": 18,
      "solution": {
        "broken_arc_path_lengths": {
          "2": 3,
          "5": 4,
          "6": 2
        },
        "incidence_length": 30,
        "new_colours": [
          "1010010011111110110000",
          "0010011011111110110000",
          "0010011011011110111000",
          "0010011011011010111001",
          "0010011011011110011001",
          "1010011011011110011000",
          "1010010011111110011000",
          "0010010011111111011000",
          "0010010011110111011100",
          "0010010011110110011110",
          "0010010011111110010110",
          "0010010011111110010011",
          "0010010111111110010001",
          "0010010111111110110000",
          "1010010111011110110000"
        ],
        "owners": [
          "1010010011011110110000",
          "0010010011111110110000",
          "0010011011011110110000",
          "0010011011011010111000",
          "0010011011011010011001",
          "0010011011011110011000",
          "1010010011011110011000",
          "0010010011111110011000",
          "0010010011110111011000",
          "0010010011110110011100",
          "0010010011110110010110",
          "0010010011111110010010",
          "0010010011111110010001",
          "0010010111111110010000",
          "0010010111011110110000"
        ]
      },
      "source_s": 4,
      "source_suffix_edge": [
        "11011000",
        "11001100"
      ]
    },
    {
      "anchor_preserving_incidence_lower_bound": 20,
      "broken_arc_directed_distances": {
        "1": 2,
        "6": 2
      },
      "broken_arcs": [
        1,
        6
      ],
      "checked_q2_cycles": 1,
      "checked_simple_cycles": 1,
      "context": "10",
      "mapped_suffix_edge": [
        "1011011000",
        "1010111000"
      ],
      "prefix": "101001010101",
      "raw_incidence_length": 16,
      "solution": {
        "broken_arc_path_lengths": {
          "1": 2,
          "6": 2
        },
        "incidence_length": 20,
        "new_colours": [
          "1010010101011011111000",
          "0010010101011111111000",
          "0010011101011110111000",
          "1010011101011010111000",
          "1010010101111010111000",
          "0010110101111010111000",
          "0010110101011010111001",
          "0010110101111010011001",
          "0010110101111011011000",
          "1010110101011011011000"
        ],
        "owners": [
          "1010010101011011011000",
          "0010010101011011111000",
          "0010010101011110111000",
          "0010011101011010111000",
          "1010010101011010111000",
          "0010010101111010111000",
          "0010110101011010111000",
          "0010110101011010011001",
          "0010110101111010011000",
          "0010110101011011011000"
        ]
      },
      "source_s": 4,
      "source_suffix_edge": [
        "11011000",
        "10111000"
      ]
    },
    {
      "anchor_preserving_incidence_lower_bound": 24,
      "broken_arc_directed_distances": {
        "1": 3,
        "6": 3
      },
      "broken_arcs": [
        1,
        6
      ],
      "checked_q2_cycles": 2,
      "checked_simple_cycles": 2,
      "context": "wrap",
      "mapped_suffix_edge": [
        "1110110000",
        "1101110000"
      ],
      "prefix": "101001010101",
      "raw_incidence_length": 16,
      "solution": {
        "broken_arc_path_lengths": {
          "1": 3,
          "6": 3
        },
        "incidence_length": 24,
        "new_colours": [
          "1010010101011111110000",
          "0010011101011111110000",
          "0010011101011011110001",
          "0010011101011101110001",
          "1010011101011101110000",
          "1010010101111101110000",
          "0010110101111101110000",
          "0010110101011101110010",
          "0010110101011100110011",
          "0010110101011110100011",
          "0010110101011110110001",
          "1010110101011110110000"
        ],
        "owners": [
          "1010010101011110110000",
          "0010010101011111110000",
          "0010011101011011110000",
          "0010011101011001110001",
          "0010011101011101110000",
          "1010010101011101110000",
          "0010010101111101110000",
          "0010110101011101110000",
          "0010110101011100110010",
          "0010110101011100100011",
          "0010110101011110100001",
          "0010110101011110110000"
        ]
      },
      "source_s": 4,
      "source_suffix_edge": [
        "11011000",
        "10111000"
      ]
    },
    {
      "anchor_preserving_incidence_lower_bound": 26,
      "broken_arc_directed_distances": {
        "2": 3,
        "5": 3
      },
      "broken_arcs": [
        2,
        5
      ],
      "checked_q2_cycles": 1,
      "checked_simple_cycles": 1,
      "context": "10",
      "mapped_suffix_edge": [
        "1011010100",
        "1011010010"
      ],
      "prefix": "101001001101",
      "raw_incidence_length": 18,
      "solution": {
        "broken_arc_path_lengths": {
          "2": 3,
          "5": 3
        },
        "incidence_length": 26,
        "new_colours": [
          "1010010011111011010100",
          "0010010111111011010100",
          "0010010111011011010110",
          "0010010111111011000110",
          "0010010111111011010010",
          "1010010111011011010010",
          "1010010011111011010010",
          "0010010011111011010011",
          "0010010011111110010011",
          "0010010011111111010001",
          "0010011011111011010001",
          "0010011011111011010100",
          "1010011011011011010100"
        ],
        "owners": [
          "1010010011011011010100",
          "0010010011111011010100",
          "0010010111011011010100",
          "0010010111011011000110",
          "0010010111111011000010",
          "0010010111011011010010",
          "1010010011011011010010",
          "0010010011111011010010",
          "0010010011111010010011",
          "0010010011111110010001",
          "0010010011111011010001",
          "0010011011111011010000",
          "0010011011011011010100"
        ]
      },
      "source_s": 4,
      "source_suffix_edge": [
        "11010100",
        "11010010"
      ]
    },
    {
      "anchor_preserving_incidence_lower_bound": 24,
      "broken_arc_directed_distances": {
        "2": 3,
        "6": 2
      },
      "broken_arcs": [
        2,
        6
      ],
      "checked_q2_cycles": 1,
      "checked_simple_cycles": 1,
      "context": "wrap",
      "mapped_suffix_edge": [
        "1110101000",
        "1110100100"
      ],
      "prefix": "101001001101",
      "raw_incidence_length": 18,
      "solution": {
        "broken_arc_path_lengths": {
          "2": 3,
          "6": 2
        },
        "incidence_length": 24,
        "new_colours": [
          "1010010011111110101000",
          "0010010111111110101000",
          "0010010111011110101100",
          "0010010111010110101101",
          "0010010111011110100101",
          "1010010111011110100100",
          "1010010011111110100100",
          "0010010011111110100110",
          "0010010011111110100011",
          "0010011011111110100001",
          "0010011011111110101000",
          "1010011011011110101000"
        ],
        "owners": [
          "1010010011011110101000",
          "0010010011111110101000",
          "0010010111011110101000",
          "0010010111010110101100",
          "0010010111010110100101",
          "0010010111011110100100",
          "1010010011011110100100",
          "0010010011111110100100",
          "0010010011111110100010",
          "0010010011111110100001",
          "0010011011111110100000",
          "0010011011011110101000"
        ]
      },
      "source_s": 4,
      "source_suffix_edge": [
        "11010100",
        "11010010"
      ]
    },
    {
      "anchor_preserving_incidence_lower_bound": 22,
      "broken_arc_directed_distances": {
        "1": 2,
        "4": 2,
        "6": 2
      },
      "broken_arcs": [
        1,
        4,
        6
      ],
      "checked_q2_cycles": 1,
      "checked_simple_cycles": 1,
      "context": "10",
      "mapped_suffix_edge": [
        "1011010100",
        "1010110100"
      ],
      "prefix": "101001010101",
      "raw_incidence_length": 16,
      "solution": {
        "broken_arc_path_lengths": {
          "1": 2,
          "4": 2,
          "6": 2
        },
        "incidence_length": 22,
        "new_colours": [
          "1010010101011011110100",
          "0010010101011111110100",
          "0010011101011110110100",
          "1010011101011010110100",
          "1010010101011010111100",
          "0010010101011110111100",
          "0010110101011110011100",
          "0010110101011010011101",
          "0010110101111010010101",
          "0010110101111011010100",
          "1010110101011011010100"
        ],
        "owners": [
          "1010010101011011010100",
          "0010010101011011110100",
          "0010010101011110110100",
          "0010011101011010110100",
          "1010010101011010110100",
          "0010010101011010111100",
          "0010010101011110011100",
          "0010110101011010011100",
          "0010110101011010010101",
          "0010110101111010010100",
          "0010110101011011010100"
        ]
      },
      "source_s": 4,
      "source_suffix_edge": [
        "11010100",
        "10110100"
      ]
    },
    {
      "anchor_preserving_incidence_lower_bound": 32,
      "broken_arc_directed_distances": {
        "1": 3,
        "3": 2,
        "5": 3,
        "6": 4
      },
      "broken_arcs": [
        1,
        3,
        5,
        6
      ],
      "checked_q2_cycles": 5,
      "checked_simple_cycles": 5,
      "context": "wrap",
      "mapped_suffix_edge": [
        "1110101000",
        "1101101000"
      ],
      "prefix": "101001010101",
      "raw_incidence_length": 16,
      "solution": {
        "broken_arc_path_lengths": {
          "1": 3,
          "3": 3,
          "5": 3,
          "6": 4
        },
        "incidence_length": 34,
        "new_colours": [
          "1010010101011111101000",
          "0010011101011111101000",
          "0010011101011011101001",
          "0010011101011101101001",
          "1010011101011101101000",
          "1010010101011101111000",
          "1010010101010111111000",
          "0010010101011111111000",
          "0010110101011101111000",
          "0010110101011100111001",
          "0010110101111100101001",
          "0010110101111100101010",
          "0010110101011100101011",
          "0010110101011110001011",
          "0010110101011110100011",
          "0010110101011110101001",
          "1010110101011110101000"
        ],
        "owners": [
          "1010010101011110101000",
          "0010010101011111101000",
          "0010011101011011101000",
          "0010011101011001101001",
          "0010011101011101101000",
          "1010010101011101101000",
          "1010010101010101111000",
          "0010010101010111111000",
          "0010010101011101111000",
          "0010110101011100111000",
          "0010110101011100101001",
          "0010110101111100101000",
          "0010110101011100101010",
          "0010110101011100001011",
          "0010110101011110000011",
          "0010110101011110100001",
          "0010110101011110101000"
        ]
      },
      "source_s": 4,
      "source_suffix_edge": [
        "11010100",
        "10110100"
      ]
    },
    {
      "anchor_preserving_incidence_lower_bound": 28,
      "broken_arc_directed_distances": {
        "1": 3,
        "4": 3,
        "7": 2
      },
      "broken_arcs": [
        1,
        4,
        7
      ],
      "checked_q2_cycles": 1,
      "checked_simple_cycles": 1,
      "context": "10",
      "mapped_suffix_edge": [
        "1011010010",
        "1011001010"
      ],
      "prefix": "101001010101",
      "raw_incidence_length": 18,
      "solution": {
        "broken_arc_path_lengths": {
          "1": 3,
          "4": 3,
          "7": 2
        },
        "incidence_length": 28,
        "new_colours": [
          "1010010101111011010010",
          "0010010101111011011010",
          "0010010101111101011010",
          "0010010101111111001010",
          "0010110101111011001010",
          "1010110101011011001010",
          "1010010101111011001010",
          "1000010101111011001110",
          "1010010101111001001110",
          "1010010101011001011110",
          "0010110101011001011110",
          "0010110101111001010110",
          "0010110101111011010010",
          "1010110101011011010010"
        ],
        "owners": [
          "1010010101011011010010",
          "0010010101111011010010",
          "0010010101111001011010",
          "0010010101111101001010",
          "0010010101111011001010",
          "0010110101011011001010",
          "1010010101011011001010",
          "1000010101111011001010",
          "1000010101111001001110",
          "1010010101011001001110",
          "0010010101011001011110",
          "0010110101011001010110",
          "0010110101111001010010",
          "0010110101011011010010"
        ]
      },
      "source_s": 4,
      "source_suffix_edge": [
        "11010010",
        "11001010"
      ]
    },
    {
      "anchor_preserving_incidence_lower_bound": 34,
      "broken_arc_directed_distances": {
        "1": 3,
        "4": 3,
        "6": 3,
        "7": 3
      },
      "broken_arcs": [
        1,
        4,
        6,
        7
      ],
      "checked_q2_cycles": 2,
      "checked_simple_cycles": 2,
      "context": "wrap",
      "mapped_suffix_edge": [
        "1110100100",
        "1110010100"
      ],
      "prefix": "101001010101",
      "raw_incidence_length": 18,
      "solution": {
        "broken_arc_path_lengths": {
          "1": 3,
          "4": 3,
          "6": 3,
          "7": 3
        },
        "incidence_length": 34,
        "new_colours": [
          "1010010101111110100100",
          "0010010101111110110100",
          "0010010101111010110101",
          "0010010101111110010101",
          "0010110101111110010100",
          "1010110101011110010100",
          "1010010111011110010100",
          "1000010111011110011100",
          "1010010111011010011100",
          "1010010101011010111100",
          "0010010101011110111100",
          "0010110101011110011100",
          "0010110101011110101100",
          "0010110101011010101101",
          "0010110101011100101101",
          "0010110101011110100101",
          "1010110101011110100100"
        ],
        "owners": [
          "1010010101011110100100",
          "0010010101111110100100",
          "0010010101111010110100",
          "0010010101111010010101",
          "0010010101111110010100",
          "0010110101011110010100",
          "1010010101011110010100",
          "1000010111011110010100",
          "1000010111011010011100",
          "1010010101011010011100",
          "0010010101011010111100",
          "0010010101011110011100",
          "0010110101011110001100",
          "0010110101011010101100",
          "0010110101011000101101",
          "0010110101011100100101",
          "0010110101011110100100"
        ]
      },
      "source_s": 4,
      "source_suffix_edge": [
        "11010010",
        "11001010"
      ]
    },
    {
      "anchor_preserving_incidence_lower_bound": 18,
      "broken_arc_directed_distances": {
        "1": 2,
        "5": 2
      },
      "broken_arcs": [
        1,
        5
      ],
      "checked_q2_cycles": 1,
      "checked_simple_cycles": 1,
      "context": "10",
      "mapped_suffix_edge": [
        "1011001010",
        "1010101010"
      ],
      "prefix": "101001001101",
      "raw_incidence_length": 14,
      "solution": {
        "broken_arc_path_lengths": {
          "1": 2,
          "5": 2
        },
        "incidence_length": 18,
        "new_colours": [
          "1010010011011011101010",
          "0010010011011111101010",
          "0010011011011110101010",
          "1010011011011010101010",
          "1010010011011010111010",
          "0010010011011011111010",
          "0010010011011111011010",
          "0010011011011111001010",
          "1010011011011011001010"
        ],
        "owners": [
          "1010010011011011001010",
          "0010010011011011101010",
          "0010010011011110101010",
          "0010011011011010101010",
          "1010010011011010101010",
          "0010010011011010111010",
          "0010010011011011011010",
          "0010010011011111001010",
          "0010011011011011001010"
        ]
      },
      "source_s": 4,
      "source_suffix_edge": [
        "11001010",
        "10101010"
      ]
    },
    {
      "anchor_preserving_incidence_lower_bound": 30,
      "broken_arc_directed_distances": {
        "1": 4,
        "3": 2,
        "4": 3,
        "5": 3
      },
      "broken_arcs": [
        1,
        3,
        4,
        5
      ],
      "checked_q2_cycles": 1,
      "checked_simple_cycles": 1,
      "context": "wrap",
      "mapped_suffix_edge": [
        "1110010100",
        "1101010100"
      ],
      "prefix": "101001001101",
      "raw_incidence_length": 14,
      "solution": {
        "broken_arc_path_lengths": {
          "1": 4,
          "3": 3,
          "4": 3,
          "5": 3
        },
        "incidence_length": 32,
        "new_colours": [
          "1010010011011111010100",
          "0010011011011111010100",
          "0010011011011011011100",
          "0010011011011001011101",
          "0010011011011101010101",
          "1010011011011101010100",
          "1010010011011101110100",
          "1010010011010111110100",
          "0010010011011111110100",
          "0010011011011101110100",
          "1010011011011100110100",
          "1010010011011110110100",
          "0010011011011110110100",
          "0010011011011010110101",
          "0010011011011110010101",
          "1010011011011110010100"
        ],
        "owners": [
          "1010010011011110010100",
          "0010010011011111010100",
          "0010011011011011010100",
          "0010011011011001011100",
          "0010011011011001010101",
          "0010011011011101010100",
          "1010010011011101010100",
          "1010010011010101110100",
          "0010010011010111110100",
          "0010010011011101110100",
          "0010011011011100110100",
          "1010010011011100110100",
          "0010010011011110110100",
          "0010011011011010110100",
          "0010011011011010010101",
          "0010011011011110010100"
        ]
      },
      "source_s": 4,
      "source_suffix_edge": [
        "11001010",
        "10101010"
      ]
    },
    {
      "anchor_preserving_incidence_lower_bound": 26,
      "broken_arc_directed_distances": {
        "2": 2,
        "5": 3
      },
      "broken_arcs": [
        2,
        5
      ],
      "checked_q2_cycles": 8,
      "checked_simple_cycles": 8,
      "context": "10",
      "mapped_suffix_edge": [
        "1010110100",
        "1010110010"
      ],
      "prefix": "101001001101",
      "raw_incidence_length": 20,
      "solution": {
        "broken_arc_path_lengths": {
          "2": 2,
          "5": 4
        },
        "incidence_length": 28,
        "new_colours": [
          "1010010011011011110100",
          "0010010011011011110110",
          "0010010011011111110010",
          "0010010111011110110010",
          "1010010111011010110010",
          "1010010011111010110010",
          "0010010011111011110010",
          "0010010011111001110011",
          "0010010011111101100011",
          "0010010011111110100011",
          "0010011011111010100011",
          "0010011011111010110001",
          "0010011011111010110100",
          "1010011011011010110100"
        ],
        "owners": [
          "1010010011011010110100",
          "0010010011011011110100",
          "0010010011011011110010",
          "0010010011011110110010",
          "0010010111011010110010",
          "1010010011011010110010",
          "0010010011111010110010",
          "0010010011111001110010",
          "0010010011111001100011",
          "0010010011111100100011",
          "0010010011111010100011",
          "0010011011111010100001",
          "0010011011111010110000",
          "0010011011011010110100"
        ]
      },
      "source_s": 4,
      "source_suffix_edge": [
        "10110100",
        "10110010"
      ]
    },
    {
      "anchor_preserving_incidence_lower_bound": 34,
      "broken_arc_directed_distances": {
        "1": 3,
        "2": 3,
        "5": 3,
        "7": 2
      },
      "broken_arcs": [
        1,
        2,
        5,
        7
      ],
      "checked_q2_cycles": 1,
      "checked_simple_cycles": 1,
      "context": "wrap",
      "mapped_suffix_edge": [
        "1101101000",
        "1101100100"
      ],
      "prefix": "101001001101",
      "raw_incidence_length": 20,
      "solution": {
        "broken_arc_path_lengths": {
          "1": 3,
          "2": 4,
          "5": 3,
          "7": 2
        },
        "incidence_length": 36,
        "new_colours": [
          "1010010011011111101000",
          "0010010011011111101100",
          "0010010011011110101101",
          "0010010011011111100101",
          "0010010111011111100100",
          "0010010111011011110100",
          "0010010111011001110101",
          "0010010111011101100101",
          "1010010111011101100100",
          "1010010011111101100100",
          "0010010011111101110100",
          "0010010011111001110110",
          "0010010011111101010110",
          "0010011011111101000110",
          "0010011011111101000011",
          "0010011011111101100001",
          "0010011011111101101000",
          "1010011011011101101000"
        ],
        "owners": [
          "1010010011011101101000",
          "0010010011011111101000",
          "0010010011011110101100",
          "0010010011011110100101",
          "0010010011011111100100",
          "0010010111011011100100",
          "0010010111011001110100",
          "0010010111011001100101",
          "0010010111011101100100",
          "1010010011011101100100",
          "0010010011111101100100",
          "0010010011111001110100",
          "0010010011111001010110",
          "0010010011111101000110",
          "0010011011111101000010",
          "0010011011111101000001",
          "0010011011111101100000",
          "0010011011011101101000"
        ]
      },
      "source_s": 4,
      "source_suffix_edge": [
        "10110100",
        "10110010"
      ]
    }
  ],
  "source_s": 4,
  "status": "PASS",
  "summary": {
    "10": {
      "solution_length_histogram": {
        "18": 1,
        "20": 3,
        "22": 3,
        "24": 1,
        "26": 3,
        "28": 2
      },
      "solved": 13,
      "tested": 13
    },
    "wrap": {
      "solution_length_histogram": {
        "24": 3,
        "28": 1,
        "30": 2,
        "32": 1,
        "34": 3,
        "36": 2
      },
      "solved": 12,
      "tested": 13
    }
  },
  "target_s": 5
}
