{
  "reports": [
    {
      "class": "every minimum pure-rail polarity; every collision-touching mixed C4; one owner-disjoint same-polarity alternating C6 or C8 with inverse lower+upper q1 current",
      "counters": {
        "minimum_assignments": 160,
        "mixed_c4_switches": 256,
        "q1_canceling_pairs": 0,
        "raw_c6_switches": 2576,
        "raw_c8_switches": 5840,
        "second_switches": 80,
        "unit_c6_switches": 80
      },
      "solution": null,
      "state": "state_one",
      "status": "NO_WITNESS"
    },
    {
      "class": "every minimum pure-rail polarity; every collision-touching mixed C4; one owner-disjoint same-polarity alternating C6 or C8 with inverse lower+upper q1 current",
      "counters": {
        "minimum_assignments": 320,
        "mixed_c4_switches": 480,
        "q1_canceling_pairs": 0,
        "raw_c6_switches": 3344,
        "raw_c8_switches": 6816,
        "second_switches": 0
      },
      "solution": null,
      "state": "state_two",
      "status": "NO_WITNESS"
    }
  ],
  "source_sha256": "cae68fd6542d1925c3663c901f981fee596dfa10560fc01b278d367960c7573d",
  "status": "NO_WITNESS"
}
