{
  "status": "PASS",
  "mode": "streaming_topk_incumbent_swap",
  "target_row": 399,
  "target_owner_id": 687,
  "threads": 48,
  "raw_parameter_count": 60963840,
  "quotient_simple_raw": 60028322,
  "reflection_disjoint_raw": 37047946,
  "frozen_target_masks_regenerated": 1176,
  "top_k_requested": 5000,
  "top_k_retained": 5000,
  "reservoir_per_hole": 128,
  "reservoir_union_masks": 2226,
  "incumbent_energy": 74,
  "best_delta": -2,
  "best_new_energy": 72,
  "best_hole_change": -1,
  "best_holes_filled": 5,
  "best_outgoing_pair_index": 27049,
  "best_rows":[115,150,252,274,322,399,408,420,446,634],
  "top_delta_histogram":{"-2":1,"0":100,"2":2903,"4":1996},
  "top_hole_change_histogram":{"-1":1,"0":111,"1":3529,"2":1359},
  "reservoir_hole_coverage":{"4":482,"18":147,"38":157,"81":295,"99":199,"112":174,"114":656,"128":202,"143":189,"144":241,"158":134,"167":132,"191":209,"192":219,"274":344,"284":128,"322":742,"324":134,"376":220,"386":128,"399":2226,"402":225,"403":186,"424":149,"441":152,"446":476,"480":137,"484":164,"494":143,"530":174,"532":159,"588":128,"597":138,"606":172,"610":162,"629":136,"634":226},
  "top_catalog": "/dev/shm/q4z17_e74_row399_targeted_top5000.tsv",
  "reservoir_catalog": "/dev/shm/q4z17_e74_row399_targeted_reservoir.tsv",
  "artifact_schema": "rows,core,order,reflected_core,reflected_order,owner_ids,reflected_owner_ids,best_outgoing_pair_index,delta,new_energy,hole_change,holes_filled,add_base,covered_incumbent_holes,target_row,tier",
  "scope": "exact scoring of every generated new mask; bounded deterministic top-K per shard is sufficient for the global top-K; per-hole reservoirs are independently bounded and union-deduplicated"
}
