c 0/13 10 101001001101->101010001101 images=294 selection=0 q2=0
c 0/13 10 101001001101->100011001101 images=294 selection=0 q2=0
c 0/13 10 101001001101->100010001111 images=294 selection=0 q2=0
c 0/13 10 101001001101->101011000101 images=294 selection=0 q2=0
c 0/13 10 101001001101->101001010101 images=294 selection=0 q2=0
c 0/13 10 101001001101->101001001101 images=294 selection=0 q2=0
c 0/13 wrap 101001001101->101010001101 images=294 selection=0 q2=0
c 0/13 wrap 101001001101->100011001101 images=294 selection=0 q2=0
c 0/13 wrap 101001001101->100010001111 images=294 selection=0 q2=0
c 0/13 wrap 101001001101->101011000101 images=294 selection=0 q2=0
c 0/13 wrap 101001001101->101001010101 images=294 selection=0 q2=0
c 0/13 wrap 101001001101->101001001101 images=294 selection=0 q2=0
c 1/13 10 101001010101->101010001101 images=1470 selection=0 q2=0
c 1/13 10 101001010101->100011001101 images=1470 selection=0 q2=0
c 1/13 10 101001010101->100010001111 images=1470 selection=0 q2=0
c 1/13 10 101001010101->101011000101 images=1470 selection=0 q2=0
c 1/13 10 101001010101->101001010101 images=1470 selection=0 q2=0
c 1/13 10 101001010101->101001001101 images=1470 selection=0 q2=0
c 1/13 wrap 101001010101->101010001101 images=1470 selection=0 q2=0
c 1/13 wrap 101001010101->100011001101 images=1470 selection=0 q2=0
c 1/13 wrap 101001010101->100010001111 images=1470 selection=0 q2=0
c 1/13 wrap 101001010101->101011000101 images=1470 selection=0 q2=0
c 1/13 wrap 101001010101->101001010101 images=1470 selection=0 q2=0
c 1/13 wrap 101001010101->101001001101 images=1470 selection=0 q2=0
c 2/13 10 101001001101->101010001101 images=1470 selection=0 q2=0
c 2/13 10 101001001101->100011001101 images=1470 selection=0 q2=0
c 2/13 10 101001001101->100010001111 images=1470 selection=0 q2=0
c 2/13 10 101001001101->101011000101 images=1470 selection=0 q2=0
c 2/13 10 101001001101->101001010101 images=1470 selection=0 q2=0
c 2/13 10 101001001101->101001001101 images=1470 selection=0 q2=0
c 2/13 wrap 101001001101->101010001101 images=1470 selection=0 q2=0
c 2/13 wrap 101001001101->100011001101 images=1470 selection=0 q2=0
c 2/13 wrap 101001001101->100010001111 images=1470 selection=0 q2=0
c 2/13 wrap 101001001101->101011000101 images=1470 selection=0 q2=0
c 2/13 wrap 101001001101->101001010101 images=1470 selection=0 q2=0
c 2/13 wrap 101001001101->101001001101 images=1470 selection=0 q2=0
c 3/13 10 101001010101->101010001101 images=294 selection=0 q2=0
c 3/13 10 101001010101->100011001101 images=294 selection=0 q2=0
c 3/13 10 101001010101->100010001111 images=294 selection=0 q2=0
c 3/13 10 101001010101->101011000101 images=294 selection=0 q2=0
c 3/13 10 101001010101->101001010101 images=294 selection=0 q2=0
c 3/13 10 101001010101->101001001101 images=294 selection=0 q2=0
c 3/13 wrap 101001010101->101010001101 images=294 selection=0 q2=0
c 3/13 wrap 101001010101->100011001101 images=294 selection=0 q2=0
c 3/13 wrap 101001010101->100010001111 images=294 selection=0 q2=0
c 3/13 wrap 101001010101->101011000101 images=294 selection=0 q2=0
c 3/13 wrap 101001010101->101001010101 images=294 selection=0 q2=0
c 3/13 wrap 101001010101->101001001101 images=294 selection=0 q2=0
c 4/13 10 101001001101->101010001101 images=1470 selection=0 q2=0
c 4/13 10 101001001101->100011001101 images=1470 selection=0 q2=0
c 4/13 10 101001001101->100010001111 images=1470 selection=0 q2=0
c 4/13 10 101001001101->101011000101 images=1470 selection=0 q2=0
c 4/13 10 101001001101->101001010101 images=1470 selection=0 q2=0
c 4/13 10 101001001101->101001001101 images=1470 selection=0 q2=0
c 4/13 wrap 101001001101->101010001101 images=1470 selection=0 q2=0
c 4/13 wrap 101001001101->100011001101 images=1470 selection=0 q2=0
c 4/13 wrap 101001001101->100010001111 images=1470 selection=0 q2=0
c 4/13 wrap 101001001101->101011000101 images=1470 selection=0 q2=0
c 4/13 wrap 101001001101->101001010101 images=1470 selection=0 q2=0
c 4/13 wrap 101001001101->101001001101 images=1470 selection=0 q2=0
c 5/13 10 101001010101->101010001101 images=294 selection=0 q2=0
c 5/13 10 101001010101->100011001101 images=294 selection=0 q2=0
c 5/13 10 101001010101->100010001111 images=294 selection=0 q2=0
c 5/13 10 101001010101->101011000101 images=294 selection=0 q2=0
c 5/13 10 101001010101->101001010101 images=294 selection=0 q2=0
c 5/13 10 101001010101->101001001101 images=294 selection=0 q2=0
c 5/13 wrap 101001010101->101010001101 images=294 selection=0 q2=0
c 5/13 wrap 101001010101->100011001101 images=294 selection=0 q2=0
c 5/13 wrap 101001010101->100010001111 images=294 selection=0 q2=0
c 5/13 wrap 101001010101->101011000101 images=294 selection=0 q2=0
c 5/13 wrap 101001010101->101001010101 images=294 selection=0 q2=0
c 5/13 wrap 101001010101->101001001101 images=294 selection=0 q2=0
c 6/13 10 101001001101->101010001101 images=1470 selection=0 q2=0
c 6/13 10 101001001101->100011001101 images=1470 selection=0 q2=0
c 6/13 10 101001001101->100010001111 images=1470 selection=0 q2=0
c 6/13 10 101001001101->101011000101 images=1470 selection=0 q2=0
c 6/13 10 101001001101->101001010101 images=1470 selection=0 q2=0
c 6/13 10 101001001101->101001001101 images=1470 selection=0 q2=0
c 6/13 wrap 101001001101->101010001101 images=1470 selection=0 q2=0
c 6/13 wrap 101001001101->100011001101 images=1470 selection=0 q2=0
c 6/13 wrap 101001001101->100010001111 images=1470 selection=0 q2=0
c 6/13 wrap 101001001101->101011000101 images=1470 selection=0 q2=0
c 6/13 wrap 101001001101->101001010101 images=1470 selection=0 q2=0
c 6/13 wrap 101001001101->101001001101 images=1470 selection=0 q2=0
c 7/13 10 101001010101->101010001101 images=1470 selection=0 q2=0
c 7/13 10 101001010101->100011001101 images=1470 selection=0 q2=0
c 7/13 10 101001010101->100010001111 images=1470 selection=0 q2=0
c 7/13 10 101001010101->101011000101 images=1470 selection=0 q2=0
c 7/13 10 101001010101->101001010101 images=1470 selection=0 q2=0
c 7/13 10 101001010101->101001001101 images=1470 selection=0 q2=0
c 7/13 wrap 101001010101->101010001101 images=1470 selection=0 q2=0
c 7/13 wrap 101001010101->100011001101 images=1470 selection=0 q2=0
c 7/13 wrap 101001010101->100010001111 images=1470 selection=0 q2=0
c 7/13 wrap 101001010101->101011000101 images=1470 selection=0 q2=0
c 7/13 wrap 101001010101->101001010101 images=1470 selection=0 q2=0
c 7/13 wrap 101001010101->101001001101 images=1470 selection=0 q2=0
c 8/13 10 101001001101->101010001101 images=1470 selection=0 q2=0
c 8/13 10 101001001101->100011001101 images=1470 selection=0 q2=0
c 8/13 10 101001001101->100010001111 images=1470 selection=0 q2=0
c 8/13 10 101001001101->101011000101 images=1470 selection=0 q2=0
c 8/13 10 101001001101->101001010101 images=1470 selection=0 q2=0
c 8/13 10 101001001101->101001001101 images=1470 selection=0 q2=0
c 8/13 wrap 101001001101->101010001101 images=1470 selection=0 q2=0
c 8/13 wrap 101001001101->100011001101 images=1470 selection=0 q2=0
c 8/13 wrap 101001001101->100010001111 images=1470 selection=0 q2=0
c 8/13 wrap 101001001101->101011000101 images=1470 selection=0 q2=0
c 8/13 wrap 101001001101->101001010101 images=1470 selection=0 q2=0
c 8/13 wrap 101001001101->101001001101 images=1470 selection=0 q2=0
c 9/13 10 101001010101->101010001101 images=294 selection=0 q2=0
c 9/13 10 101001010101->100011001101 images=294 selection=0 q2=0
c 9/13 10 101001010101->100010001111 images=294 selection=0 q2=0
c 9/13 10 101001010101->101011000101 images=294 selection=0 q2=0
c 9/13 10 101001010101->101001010101 images=294 selection=0 q2=0
c 9/13 10 101001010101->101001001101 images=294 selection=0 q2=0
c 9/13 wrap 101001010101->101010001101 images=294 selection=0 q2=0
c 9/13 wrap 101001010101->100011001101 images=294 selection=0 q2=0
c 9/13 wrap 101001010101->100010001111 images=294 selection=0 q2=0
c 9/13 wrap 101001010101->101011000101 images=294 selection=0 q2=0
c 9/13 wrap 101001010101->101001010101 images=294 selection=0 q2=0
c 9/13 wrap 101001010101->101001001101 images=294 selection=0 q2=0
c 10/13 10 101001010101->101010001101 images=294 selection=0 q2=0
c 10/13 10 101001010101->100011001101 images=294 selection=0 q2=0
c 10/13 10 101001010101->100010001111 images=294 selection=0 q2=0
c 10/13 10 101001010101->101011000101 images=294 selection=0 q2=0
c 10/13 10 101001010101->101001010101 images=294 selection=0 q2=0
c 10/13 10 101001010101->101001001101 images=294 selection=0 q2=0
c 10/13 wrap 101001010101->101010001101 images=294 selection=0 q2=0
c 10/13 wrap 101001010101->100011001101 images=294 selection=0 q2=0
c 10/13 wrap 101001010101->100010001111 images=294 selection=0 q2=0
c 10/13 wrap 101001010101->101011000101 images=294 selection=0 q2=0
c 10/13 wrap 101001010101->101001010101 images=294 selection=0 q2=0
c 10/13 wrap 101001010101->101001001101 images=294 selection=0 q2=0
c 11/13 10 101001001101->101010001101 images=49 selection=0 q2=0
c 11/13 10 101001001101->100011001101 images=49 selection=0 q2=0
c 11/13 10 101001001101->100010001111 images=49 selection=0 q2=0
c 11/13 10 101001001101->101011000101 images=49 selection=0 q2=0
c 11/13 10 101001001101->101001010101 images=49 selection=0 q2=0
c 11/13 10 101001001101->101001001101 images=49 selection=0 q2=0
c 11/13 wrap 101001001101->101010001101 images=49 selection=0 q2=0
c 11/13 wrap 101001001101->100011001101 images=49 selection=0 q2=0
c 11/13 wrap 101001001101->100010001111 images=49 selection=0 q2=0
c 11/13 wrap 101001001101->101011000101 images=49 selection=0 q2=0
c 11/13 wrap 101001001101->101001010101 images=49 selection=0 q2=0
c 11/13 wrap 101001001101->101001001101 images=49 selection=0 q2=0
c 12/13 10 101001001101->101010001101 images=1470 selection=0 q2=0
c 12/13 10 101001001101->100011001101 images=1470 selection=0 q2=0
c 12/13 10 101001001101->100010001111 images=1470 selection=0 q2=0
c 12/13 10 101001001101->101011000101 images=1470 selection=0 q2=0
c 12/13 10 101001001101->101001010101 images=1470 selection=0 q2=0
c 12/13 10 101001001101->101001001101 images=1470 selection=0 q2=0
c 12/13 wrap 101001001101->101010001101 images=1470 selection=0 q2=0
c 12/13 wrap 101001001101->100011001101 images=1470 selection=0 q2=0
c 12/13 wrap 101001001101->100010001111 images=1470 selection=0 q2=0
c 12/13 wrap 101001001101->101011000101 images=1470 selection=0 q2=0
c 12/13 wrap 101001001101->101001010101 images=1470 selection=0 q2=0
c 12/13 wrap 101001001101->101001001101 images=1470 selection=0 q2=0
	Command being timed: "python3 search_t2_suffix_context_frontier_signature_conjugations_20260814.py search_t2_suffix_d4_spanning_actuator_sat_20260813.h100.out --source-s 4"
	User time (seconds): 10.20
	System time (seconds): 0.27
	Percent of CPU this job got: 99%
	Elapsed (wall clock) time (h:mm:ss or m:ss): 0:10.48
	Average shared text size (kbytes): 0
	Average unshared data size (kbytes): 0
	Average stack size (kbytes): 0
	Average total size (kbytes): 0
	Maximum resident set size (kbytes): 444080
	Average resident set size (kbytes): 0
	Major (requiring I/O) page faults: 0
	Minor (reclaiming a frame) page faults: 130828
	Voluntary context switches: 1
	Involuntary context switches: 18
	Swaps: 0
	File system inputs: 0
	File system outputs: 0
	Socket messages sent: 0
	Socket messages received: 0
	Signals delivered: 0
	Page size (bytes): 4096
	Exit status: 0
