{
  "reports": [
    {
      "allprefix_directed_distance_incidence_bound": 22,
      "child": "right",
      "label_simple_cycles_checked": 215,
      "length_reports": [
        {
          "incidence_length": 22,
          "label_simple_cycles_checked": 215
        }
      ],
      "prefix_bounds": {
        "100010001111": 22,
        "100011001101": 22,
        "101001001101": 22,
        "101001010101": 22,
        "101010001101": 28,
        "101011000101": 24
      },
      "role": "child_D3",
      "solution": {
        "incidence_length": 22,
        "new_colours": [
          "1010010101111100111000",
          "0010010101111100111100",
          "0010110101111100011100",
          "0010110101111100101100",
          "1010110101011100101100",
          "1010010101111100101100",
          "0010010101111100101101",
          "0010110101111100100101",
          "0010110101111100110001",
          "0010110101111100111000",
          "1010110101011100111000"
        ],
        "owners": [
          "1010010101011100111000",
          "0010010101111100111000",
          "0010010101111100011100",
          "0010110101111100001100",
          "0010110101011100101100",
          "1010010101011100101100",
          "0010010101111100101100",
          "0010010101111100100101",
          "0010110101111100100001",
          "0010110101111100110000",
          "0010110101011100111000"
        ],
        "prefix": "101001010101"
      },
      "split_pair": [
        [
          1,
          3
        ],
        [
          1,
          3
        ]
      ],
      "suffix_edge": [
        "1100111000",
        "1100101100"
      ]
    },
    {
      "allprefix_directed_distance_incidence_bound": 22,
      "child": "wrap_tail",
      "label_simple_cycles_checked": 350,
      "length_reports": [
        {
          "incidence_length": 22,
          "label_simple_cycles_checked": 350
        }
      ],
      "prefix_bounds": {
        "100010001111": 22,
        "100011001101": 22,
        "101001001101": 22,
        "101001010101": 22,
        "101010001101": 26,
        "101011000101": 24
      },
      "role": "child_D3",
      "solution": {
        "incidence_length": 22,
        "new_colours": [
          "1010010101011111001010",
          "0010010101011111101010",
          "0010010101011101101110",
          "0010110101011101100110",
          "1010110101011101100010",
          "1010010101011111100010",
          "0010010101011111110010",
          "0010010101011110110110",
          "0010110101011110010110",
          "0010110101011111000110",
          "1010110101011111000010"
        ],
        "owners": [
          "1010010101011111000010",
          "0010010101011111001010",
          "0010010101011101101010",
          "0010010101011101100110",
          "0010110101011101100010",
          "1010010101011101100010",
          "0010010101011111100010",
          "0010010101011110110010",
          "0010010101011110010110",
          "0010110101011110000110",
          "0010110101011111000010"
        ],
        "prefix": "101001010101"
      },
      "split_pair": [
        [
          3,
          1
        ],
        [
          3,
          1
        ]
      ],
      "suffix_edge": [
        "1111000010",
        "1101100010"
      ]
    },
    {
      "allprefix_directed_distance_incidence_bound": 22,
      "child": "right",
      "label_simple_cycles_checked": 215,
      "length_reports": [
        {
          "incidence_length": 22,
          "label_simple_cycles_checked": 215
        }
      ],
      "prefix_bounds": {
        "100010001111": 22,
        "100011001101": 22,
        "101001001101": 22,
        "101001010101": 22,
        "101010001101": 26,
        "101011000101": 22
      },
      "role": "child_D3",
      "solution": {
        "incidence_length": 22,
        "new_colours": [
          "1010010101111100111000",
          "0010010101111100111010",
          "0010110101111100011010",
          "0010110101111100101010",
          "1010110101011100101010",
          "1010010101011110101010",
          "0010010101011110111010",
          "0010010101011100111011",
          "0010010101011101111001",
          "0010110101011101111000",
          "1010110101011100111000"
        ],
        "owners": [
          "1010010101011100111000",
          "0010010101111100111000",
          "0010010101111100011010",
          "0010110101111100001010",
          "0010110101011100101010",
          "1010010101011100101010",
          "0010010101011110101010",
          "0010010101011100111010",
          "0010010101011100111001",
          "0010010101011101111000",
          "0010110101011100111000"
        ],
        "prefix": "101001010101"
      },
      "split_pair": [
        [
          1,
          3
        ],
        [
          1,
          3
        ]
      ],
      "suffix_edge": [
        "1100111000",
        "1100101010"
      ]
    },
    {
      "allprefix_directed_distance_incidence_bound": 22,
      "child": "wrap_tail",
      "label_simple_cycles_checked": 71,
      "length_reports": [
        {
          "incidence_length": 22,
          "label_simple_cycles_checked": 71
        }
      ],
      "prefix_bounds": {
        "100010001111": 22,
        "100011001101": 22,
        "101001001101": 22,
        "101001010101": 22,
        "101010001101": 26,
        "101011000101": 24
      },
      "role": "child_D3",
      "solution": {
        "incidence_length": 22,
        "new_colours": [
          "1010010101011111100010",
          "0010110101011111100010",
          "0010110101011011110010",
          "0010110101011001110110",
          "0010110101011101010110",
          "1010110101011101010010",
          "1010010101011111010010",
          "0010010101011111011010",
          "0010010101011111001110",
          "0010110101011111000110",
          "1010110101011111000010"
        ],
        "owners": [
          "1010010101011111000010",
          "0010010101011111100010",
          "0010110101011011100010",
          "0010110101011001110010",
          "0010110101011001010110",
          "0010110101011101010010",
          "1010010101011101010010",
          "0010010101011111010010",
          "0010010101011111001010",
          "0010010101011111000110",
          "0010110101011111000010"
        ],
        "prefix": "101001010101"
      },
      "split_pair": [
        [
          3,
          1
        ],
        [
          3,
          1
        ]
      ],
      "suffix_edge": [
        "1111000010",
        "1101010010"
      ]
    },
    {
      "allprefix_directed_distance_incidence_bound": 22,
      "child": "right",
      "label_simple_cycles_checked": 57,
      "length_reports": [
        {
          "incidence_length": 22,
          "label_simple_cycles_checked": 57
        }
      ],
      "prefix_bounds": {
        "100010001111": 22,
        "100011001101": 22,
        "101001001101": 22,
        "101001010101": 22,
        "101010001101": 30,
        "101011000101": 26
      },
      "role": "child_D3",
      "solution": {
        "incidence_length": 22,
        "new_colours": [
          "1010010101111100110100",
          "0010010101111100110110",
          "0010110101111100100110",
          "0010110101111100110010",
          "1010110101011100110010",
          "1010010101111100110010",
          "0010010101111100110011",
          "0010110101111100100011",
          "0010110101111100110001",
          "0010110101111100110100",
          "1010110101011100110100"
        ],
        "owners": [
          "1010010101011100110100",
          "0010010101111100110100",
          "0010010101111100100110",
          "0010110101111100100010",
          "0010110101011100110010",
          "1010010101011100110010",
          "0010010101111100110010",
          "0010010101111100100011",
          "0010110101111100100001",
          "0010110101111100110000",
          "0010110101011100110100"
        ],
        "prefix": "101001010101"
      },
      "split_pair": [
        [
          1,
          3
        ],
        [
          1,
          3
        ]
      ],
      "suffix_edge": [
        "1100110100",
        "1100110010"
      ]
    },
    {
      "allprefix_directed_distance_incidence_bound": 16,
      "child": "wrap_tail",
      "label_simple_cycles_checked": 11,
      "length_reports": [
        {
          "incidence_length": 16,
          "label_simple_cycles_checked": 0
        },
        {
          "incidence_length": 18,
          "label_simple_cycles_checked": 11
        }
      ],
      "prefix_bounds": {
        "100010001111": 16,
        "100011001101": 16,
        "101001001101": 16,
        "101001010101": 16,
        "101010001101": 20,
        "101011000101": 20
      },
      "role": "child_D3",
      "solution": {
        "incidence_length": 18,
        "new_colours": [
          "1010010101011110101010",
          "0010010101011110111010",
          "0010010101011110011110",
          "0010110101011110010110",
          "1010110101011110010010",
          "1010010101011110110010",
          "0010010101011110110110",
          "0010110101011110100110",
          "1010110101011110100010"
        ],
        "owners": [
          "1010010101011110100010",
          "0010010101011110101010",
          "0010010101011110011010",
          "0010010101011110010110",
          "0010110101011110010010",
          "1010010101011110010010",
          "0010010101011110110010",
          "0010010101011110100110",
          "0010110101011110100010"
        ],
        "prefix": "101001010101"
      },
      "split_pair": [
        [
          3,
          1
        ],
        [
          3,
          1
        ]
      ],
      "suffix_edge": [
        "1110100010",
        "1110010010"
      ]
    },
    {
      "allprefix_directed_distance_incidence_bound": 20,
      "child": "right",
      "label_simple_cycles_checked": 41,
      "length_reports": [
        {
          "incidence_length": 20,
          "label_simple_cycles_checked": 41
        }
      ],
      "prefix_bounds": {
        "100010001111": 20,
        "100011001101": 20,
        "101001001101": 20,
        "101001010101": 20,
        "101010001101": 26,
        "101011000101": 22
      },
      "role": "child_D3",
      "solution": {
        "incidence_length": 20,
        "new_colours": [
          "1010010101111100110100",
          "0010010101111100111100",
          "0010110101111100011100",
          "0010110101111100101100",
          "1010110101011100101100",
          "1010010101111100101100",
          "0010010101111100101101",
          "0010110101111100100101",
          "0010110101111100110100",
          "1010110101011100110100"
        ],
        "owners": [
          "1010010101011100110100",
          "0010010101111100110100",
          "0010010101111100011100",
          "0010110101111100001100",
          "0010110101011100101100",
          "1010010101011100101100",
          "0010010101111100101100",
          "0010010101111100100101",
          "0010110101111100100100",
          "0010110101011100110100"
        ],
        "prefix": "101001010101"
      },
      "split_pair": [
        [
          1,
          3
        ],
        [
          1,
          3
        ]
      ],
      "suffix_edge": [
        "1100110100",
        "1100101100"
      ]
    },
    {
      "allprefix_directed_distance_incidence_bound": 20,
      "child": "wrap_tail",
      "label_simple_cycles_checked": 6,
      "length_reports": [
        {
          "incidence_length": 20,
          "label_simple_cycles_checked": 6
        }
      ],
      "prefix_bounds": {
        "100010001111": 20,
        "100011001101": 20,
        "101001001101": 20,
        "101001010101": 20,
        "101010001101": 24,
        "101011000101": 24
      },
      "role": "child_D3",
      "solution": {
        "incidence_length": 20,
        "new_colours": [
          "1010010101011110101010",
          "0010010101011110101110",
          "0010010101011101101110",
          "0010110101011101100110",
          "1010110101011101100010",
          "1010010101011111100010",
          "0010010101011111110010",
          "0010010101011110110110",
          "0010110101011110100110",
          "1010110101011110100010"
        ],
        "owners": [
          "1010010101011110100010",
          "0010010101011110101010",
          "0010010101011100101110",
          "0010010101011101100110",
          "0010110101011101100010",
          "1010010101011101100010",
          "0010010101011111100010",
          "0010010101011110110010",
          "0010010101011110100110",
          "0010110101011110100010"
        ],
        "prefix": "101001010101"
      },
      "split_pair": [
        [
          3,
          1
        ],
        [
          3,
          1
        ]
      ],
      "suffix_edge": [
        "1110100010",
        "1101100010"
      ]
    },
    {
      "allprefix_directed_distance_incidence_bound": 20,
      "child": "left",
      "label_simple_cycles_checked": 274,
      "length_reports": [
        {
          "incidence_length": 20,
          "label_simple_cycles_checked": 0
        },
        {
          "incidence_length": 22,
          "label_simple_cycles_checked": 274
        }
      ],
      "prefix_bounds": {
        "100010001111": 20,
        "100011001101": 20,
        "101001001101": 20,
        "101001010101": 20,
        "101010001101": 24,
        "101011000101": 24
      },
      "role": "child_D2",
      "solution": {
        "incidence_length": 22,
        "new_colours": [
          "1010010101011111001100",
          "0010110101011111001100",
          "0010110101011011011100",
          "0010110101011101011100",
          "1010110101011101001100",
          "1010010101111101001100",
          "0010011101111101001100",
          "0010011101011101101100",
          "0010011101011100111100",
          "0010011101011110011100",
          "1010011101011110001100"
        ],
        "owners": [
          "1010010101011110001100",
          "0010010101011111001100",
          "0010110101011011001100",
          "0010110101011001011100",
          "0010110101011101001100",
          "1010010101011101001100",
          "0010010101111101001100",
          "0010011101011101001100",
          "0010011101011100101100",
          "0010011101011100011100",
          "0010011101011110001100"
        ],
        "prefix": "101001010101"
      },
      "split_pair": [
        [
          2,
          2
        ],
        [
          2,
          2
        ]
      ],
      "suffix_edge": [
        "1110001100",
        "1101001100"
      ]
    },
    {
      "allprefix_directed_distance_incidence_bound": 20,
      "child": "left",
      "label_simple_cycles_checked": 410,
      "length_reports": [
        {
          "incidence_length": 20,
          "label_simple_cycles_checked": 0
        },
        {
          "incidence_length": 22,
          "label_simple_cycles_checked": 410
        }
      ],
      "prefix_bounds": {
        "100010001111": 20,
        "100011001101": 20,
        "101001001101": 20,
        "101001010101": 20,
        "101010001101": 24,
        "101011000101": 24
      },
      "role": "child_D2",
      "solution": {
        "incidence_length": 22,
        "new_colours": [
          "1010010101011111001010",
          "0010110101011111001010",
          "0010110101011011011010",
          "0010110101011101011010",
          "1010110101011101001010",
          "1010010101111101001010",
          "0010011101111101001010",
          "0010011101011101101010",
          "0010011101011100111010",
          "0010011101011110011010",
          "1010011101011110001010"
        ],
        "owners": [
          "1010010101011110001010",
          "0010010101011111001010",
          "0010110101011011001010",
          "0010110101011001011010",
          "0010110101011101001010",
          "1010010101011101001010",
          "0010010101111101001010",
          "0010011101011101001010",
          "0010011101011100101010",
          "0010011101011100011010",
          "0010011101011110001010"
        ],
        "prefix": "101001010101"
      },
      "split_pair": [
        [
          2,
          2
        ],
        [
          2,
          2
        ]
      ],
      "suffix_edge": [
        "1110001010",
        "1101001010"
      ]
    },
    {
      "allprefix_directed_distance_incidence_bound": 22,
      "child": "right",
      "label_simple_cycles_checked": 23,
      "length_reports": [
        {
          "incidence_length": 22,
          "label_simple_cycles_checked": 23
        }
      ],
      "prefix_bounds": {
        "100010001111": 22,
        "100011001101": 22,
        "101001001101": 22,
        "101001010101": 22,
        "101010001101": 30,
        "101011000101": 26
      },
      "role": "child_D2",
      "solution": {
        "incidence_length": 22,
        "new_colours": [
          "1010010101111110001100",
          "0010010101111110001110",
          "0010110101111110000110",
          "0010110101111110001010",
          "1010110101011110001010",
          "1010010101111110001010",
          "0010010101111110001011",
          "0010110101111110000011",
          "0010110101111110001001",
          "0010110101111110001100",
          "1010110101011110001100"
        ],
        "owners": [
          "1010010101011110001100",
          "0010010101111110001100",
          "0010010101111110000110",
          "0010110101111110000010",
          "0010110101011110001010",
          "1010010101011110001010",
          "0010010101111110001010",
          "0010010101111110000011",
          "0010110101111110000001",
          "0010110101111110001000",
          "0010110101011110001100"
        ],
        "prefix": "101001010101"
      },
      "split_pair": [
        [
          2,
          2
        ],
        [
          2,
          2
        ]
      ],
      "suffix_edge": [
        "1110001100",
        "1110001010"
      ]
    },
    {
      "allprefix_directed_distance_incidence_bound": 14,
      "child": "(0, 4)->(1, 3)",
      "label_simple_cycles_checked": 6,
      "length_reports": [
        {
          "incidence_length": 14,
          "label_simple_cycles_checked": 6
        }
      ],
      "prefix_bounds": {
        "100010001111": 14,
        "100011001101": 14,
        "101001001101": 14,
        "101001010101": 14,
        "101010001101": 18,
        "101011000101": 18
      },
      "role": "split_bridge",
      "solution": {
        "incidence_length": 14,
        "new_colours": [
          "1010010101011011101010",
          "0010010101011111101010",
          "0010110101011101101010",
          "1010110101011100101010",
          "1010010101011110101010",
          "0010110101011110101010",
          "1010110101011010101010"
        ],
        "owners": [
          "1010010101011010101010",
          "0010010101011011101010",
          "0010010101011101101010",
          "0010110101011100101010",
          "1010010101011100101010",
          "0010010101011110101010",
          "0010110101011010101010"
        ],
        "prefix": "101001010101"
      },
      "split_pair": [
        [
          0,
          4
        ],
        [
          1,
          3
        ]
      ],
      "suffix_edge": [
        "1010101010",
        "1100101010"
      ]
    },
    {
      "allprefix_directed_distance_incidence_bound": 18,
      "child": "(1, 3)->(2, 2)",
      "label_simple_cycles_checked": 117,
      "length_reports": [
        {
          "incidence_length": 18,
          "label_simple_cycles_checked": 117
        }
      ],
      "prefix_bounds": {
        "100010001111": 18,
        "100011001101": 18,
        "101001001101": 18,
        "101001010101": 18,
        "101010001101": 22,
        "101011000101": 20
      },
      "role": "split_bridge",
      "solution": {
        "incidence_length": 18,
        "new_colours": [
          "1010010101111100101010",
          "0010010101111100111010",
          "0010110101111100011010",
          "0010110101111101001010",
          "1010110101011101001010",
          "1010010101111101001010",
          "0010011101111101001010",
          "0010011101011101101010",
          "1010011101011100101010"
        ],
        "owners": [
          "1010010101011100101010",
          "0010010101111100101010",
          "0010010101111100011010",
          "0010110101111100001010",
          "0010110101011101001010",
          "1010010101011101001010",
          "0010010101111101001010",
          "0010011101011101001010",
          "0010011101011100101010"
        ],
        "prefix": "101001010101"
      },
      "split_pair": [
        [
          1,
          3
        ],
        [
          2,
          2
        ]
      ],
      "suffix_edge": [
        "1100101010",
        "1101001010"
      ]
    },
    {
      "allprefix_directed_distance_incidence_bound": 18,
      "child": "(2, 2)->(3, 1)",
      "label_simple_cycles_checked": 32,
      "length_reports": [
        {
          "incidence_length": 18,
          "label_simple_cycles_checked": 32
        }
      ],
      "prefix_bounds": {
        "100010001111": 18,
        "100011001101": 18,
        "101001001101": 18,
        "101001010101": 18,
        "101010001101": 24,
        "101011000101": 20
      },
      "role": "split_bridge",
      "solution": {
        "incidence_length": 18,
        "new_colours": [
          "1010010101111101001010",
          "0010010101111101001110",
          "0010110101111101000110",
          "0010110101111101010010",
          "1010110101011101010010",
          "1010010101111101010010",
          "0010011101111101010010",
          "0010011101011101011010",
          "1010011101011101001010"
        ],
        "owners": [
          "1010010101011101001010",
          "0010010101111101001010",
          "0010010101111101000110",
          "0010110101111101000010",
          "0010110101011101010010",
          "1010010101011101010010",
          "0010010101111101010010",
          "0010011101011101010010",
          "0010011101011101001010"
        ],
        "prefix": "101001010101"
      },
      "split_pair": [
        [
          2,
          2
        ],
        [
          3,
          1
        ]
      ],
      "suffix_edge": [
        "1101001010",
        "1101010010"
      ]
    },
    {
      "allprefix_directed_distance_incidence_bound": 18,
      "child": "(3, 1)->(4, 0)",
      "label_simple_cycles_checked": 4,
      "length_reports": [
        {
          "incidence_length": 18,
          "label_simple_cycles_checked": 4
        }
      ],
      "prefix_bounds": {
        "100010001111": 18,
        "100011001101": 18,
        "101001001101": 18,
        "101001010101": 18,
        "101010001101": 26,
        "101011000101": 22
      },
      "role": "split_bridge",
      "solution": {
        "incidence_length": 18,
        "new_colours": [
          "1010010101111101010010",
          "0010010101111101010011",
          "0010110101111101010001",
          "0010110101111101010100",
          "1010110101011101010100",
          "1010010101111101010100",
          "0010011101111101010100",
          "0010011101011101010110",
          "1010011101011101010010"
        ],
        "owners": [
          "1010010101011101010010",
          "0010010101111101010010",
          "0010010101111101010001",
          "0010110101111101010000",
          "0010110101011101010100",
          "1010010101011101010100",
          "0010010101111101010100",
          "0010011101011101010100",
          "0010011101011101010010"
        ],
        "prefix": "101001010101"
      },
      "split_pair": [
        [
          3,
          1
        ],
        [
          4,
          0
        ]
      ],
      "suffix_edge": [
        "1101010010",
        "1101010100"
      ]
    }
  ],
  "status": "PASS",
  "suffix_semilength": 5,
  "summary_by_role": {
    "child_D2": {
      "edges": 3,
      "minimum_length_histogram": {
        "22": 3
      },
      "solved": 3
    },
    "child_D3": {
      "edges": 8,
      "minimum_length_histogram": {
        "18": 1,
        "20": 2,
        "22": 5
      },
      "solved": 8
    },
    "split_bridge": {
      "edges": 4,
      "minimum_length_histogram": {
        "14": 1,
        "18": 3
      },
      "solved": 4
    }
  }
}
