c 0/26 10 1011110000 1010111000 bound=C22 solution=22
c 1/26 wrap 1111100000 1101110000 bound=C22 solution=22
c 2/26 10 1011110000 1010110010 bound=C18 solution=20
c 3/26 wrap 1111100000 1101100100 bound=C20 solution=20
c 4/26 10 1011101000 1010101100 bound=C18 solution=20
c 5/26 wrap 1111010000 1101011000 bound=C24 solution=24
c 6/26 10 1011101000 1010101010 bound=C20 solution=20
c 7/26 wrap 1111010000 1101010100 bound=C22 solution=22
c 8/26 10 1011100100 1011100010 bound=C18 solution=20
c 9/26 wrap 1111001000 1111000100 bound=C16 solution=20
c 10/26 10 1011100100 1010101100 bound=C18 solution=20
c 11/26 wrap 1111001000 1101011000 bound=C22 solution=22
c 12/26 10 1011011000 1011001100 bound=C18 solution=20
c 13/26 wrap 1110110000 1110011000 bound=C20 solution=20
c 14/26 10 1011011000 1010111000 bound=C18 solution=18
c 15/26 wrap 1110110000 1101110000 bound=C20 solution=22
c 16/26 10 1011010100 1011010010 bound=C18 solution=20
c 17/26 wrap 1110101000 1110100100 bound=C18 solution=18
c 18/26 10 1011010100 1010110100 bound=C18 solution=18
c 19/26 wrap 1110101000 1101101000 bound=C20 solution=22
c 20/26 10 1011010010 1011001010 bound=C18 solution=20
c 21/26 wrap 1110100100 1110010100 bound=C18 solution=18
c 22/26 10 1011001010 1010101010 bound=C18 solution=18
c 23/26 wrap 1110010100 1101010100 bound=C22 solution=24
c 24/26 10 1010110100 1010110010 bound=C22 solution=22
c 25/26 wrap 1101101000 1101100100 bound=C20 solution=22
	Command being timed: "python3 search_t2_suffix_context_image_minima_20260814.py search_t2_suffix_d4_spanning_actuator_sat_20260813.h100.out --maximum-owner-length 15"
	User time (seconds): 1312.81
	System time (seconds): 4.15
	Percent of CPU this job got: 99%
	Elapsed (wall clock) time (h:mm:ss or m:ss): 21:57.05
	Average shared text size (kbytes): 0
	Average unshared data size (kbytes): 0
	Average stack size (kbytes): 0
	Average total size (kbytes): 0
	Maximum resident set size (kbytes): 2561404
	Average resident set size (kbytes): 0
	Major (requiring I/O) page faults: 0
	Minor (reclaiming a frame) page faults: 1407505
	Voluntary context switches: 1
	Involuntary context switches: 3903
	Swaps: 0
	File system inputs: 0
	File system outputs: 0
	Socket messages sent: 0
	Socket messages received: 0
	Signals delivered: 0
	Page size (bytes): 4096
	Exit status: 0
