{
  "endpoint_reports": [
    {
      "cable_candidates": 2320,
      "comparisons": 22329,
      "endpoint": [
        0,
        1,
        2,
        3,
        4,
        5,
        8
      ],
      "q1_compatible": true,
      "q2_deck_compatible": true,
      "router_candidates": 5520,
      "witness": {
        "cable_cycle": [
          [
            0,
            1,
            2,
            3,
            4,
            7,
            8
          ],
          [
            0,
            1,
            2,
            3,
            4,
            5,
            8
          ],
          [
            0,
            2,
            3,
            4,
            5,
            8,
            9
          ],
          [
            0,
            3,
            4,
            5,
            6,
            8,
            9
          ],
          [
            0,
            3,
            4,
            6,
            7,
            8,
            9
          ],
          [
            0,
            1,
            3,
            4,
            6,
            7,
            8
          ]
        ],
        "cable_parameters": [
          0,
          1,
          2,
          9,
          6,
          7,
          5
        ],
        "router_cycles": [
          [
            [
              0,
              1,
              2,
              3,
              4,
              5,
              6
            ],
            [
              1,
              2,
              3,
              4,
              5,
              6,
              8
            ],
            [
              2,
              3,
              4,
              5,
              6,
              8,
              11
            ],
            [
              2,
              4,
              5,
              6,
              8,
              11,
              12
            ],
            [
              0,
              2,
              4,
              5,
              6,
              11,
              12
            ],
            [
              0,
              1,
              2,
              4,
              5,
              6,
              12
            ]
          ],
          [
            [
              0,
              1,
              2,
              3,
              4,
              5,
              8
            ],
            [
              1,
              2,
              3,
              4,
              5,
              8,
              10
            ],
            [
              2,
              3,
              4,
              5,
              8,
              10,
              11
            ],
            [
              2,
              4,
              5,
              8,
              10,
              11,
              12
            ],
            [
              0,
              2,
              4,
              5,
              8,
              11,
              12
            ],
            [
              0,
              1,
              2,
              4,
              5,
              8,
              12
            ]
          ],
          [
            [
              0,
              1,
              2,
              3,
              4,
              5,
              10
            ],
            [
              1,
              2,
              3,
              4,
              5,
              6,
              10
            ],
            [
              2,
              3,
              4,
              5,
              6,
              10,
              11
            ],
            [
              2,
              4,
              5,
              6,
              10,
              11,
              12
            ],
            [
              0,
              2,
              4,
              5,
              10,
              11,
              12
            ],
            [
              0,
              1,
              2,
              4,
              5,
              10,
              12
            ]
          ]
        ],
        "router_parameters": [
          0,
          6,
          8,
          10,
          1,
          3,
          11,
          12
        ]
      }
    },
    {
      "cable_candidates": 2320,
      "comparisons": 23529,
      "endpoint": [
        0,
        1,
        2,
        3,
        4,
        6,
        7
      ],
      "q1_compatible": true,
      "q2_deck_compatible": true,
      "router_candidates": 5760,
      "witness": {
        "cable_cycle": [
          [
            0,
            1,
            2,
            3,
            4,
            7,
            8
          ],
          [
            0,
            1,
            2,
            3,
            4,
            6,
            7
          ],
          [
            0,
            2,
            3,
            4,
            6,
            7,
            9
          ],
          [
            0,
            3,
            4,
            5,
            6,
            7,
            9
          ],
          [
            0,
            3,
            4,
            5,
            7,
            8,
            9
          ],
          [
            0,
            1,
            3,
            4,
            5,
            7,
            8
          ]
        ],
        "cable_parameters": [
          0,
          1,
          2,
          9,
          5,
          8,
          6
        ],
        "router_cycles": [
          [
            [
              0,
              1,
              2,
              3,
              4,
              5,
              6
            ],
            [
              1,
              2,
              3,
              4,
              5,
              6,
              7
            ],
            [
              2,
              3,
              4,
              5,
              6,
              7,
              11
            ],
            [
              2,
              4,
              5,
              6,
              7,
              11,
              12
            ],
            [
              0,
              2,
              4,
              5,
              6,
              11,
              12
            ],
            [
              0,
              1,
              2,
              4,
              5,
              6,
              12
            ]
          ],
          [
            [
              0,
              1,
              2,
              3,
              4,
              6,
              7
            ],
            [
              1,
              2,
              3,
              4,
              6,
              7,
              10
            ],
            [
              2,
              3,
              4,
              6,
              7,
              10,
              11
            ],
            [
              2,
              4,
              6,
              7,
              10,
              11,
              12
            ],
            [
              0,
              2,
              4,
              6,
              7,
              11,
              12
            ],
            [
              0,
              1,
              2,
              4,
              6,
              7,
              12
            ]
          ],
          [
            [
              0,
              1,
              2,
              3,
              4,
              6,
              10
            ],
            [
              1,
              2,
              3,
              4,
              5,
              6,
              10
            ],
            [
              2,
              3,
              4,
              5,
              6,
              10,
              11
            ],
            [
              2,
              4,
              5,
              6,
              10,
              11,
              12
            ],
            [
              0,
              2,
              4,
              6,
              10,
              11,
              12
            ],
            [
              0,
              1,
              2,
              4,
              6,
              10,
              12
            ]
          ]
        ],
        "router_parameters": [
          0,
          5,
          7,
          10,
          1,
          3,
          11,
          12
        ]
      }
    },
    {
      "cable_candidates": 2240,
      "comparisons": 27369,
      "endpoint": [
        0,
        1,
        2,
        3,
        4,
        6,
        8
      ],
      "q1_compatible": true,
      "q2_deck_compatible": true,
      "router_candidates": 6720,
      "witness": {
        "cable_cycle": [
          [
            0,
            1,
            2,
            3,
            4,
            7,
            8
          ],
          [
            0,
            1,
            2,
            3,
            4,
            6,
            8
          ],
          [
            0,
            2,
            3,
            4,
            6,
            8,
            9
          ],
          [
            0,
            3,
            4,
            5,
            6,
            8,
            9
          ],
          [
            0,
            3,
            4,
            5,
            7,
            8,
            9
          ],
          [
            0,
            1,
            3,
            4,
            5,
            7,
            8
          ]
        ],
        "cable_parameters": [
          0,
          1,
          2,
          9,
          5,
          7,
          6
        ],
        "router_cycles": [
          [
            [
              0,
              1,
              2,
              3,
              4,
              5,
              6
            ],
            [
              1,
              2,
              3,
              4,
              5,
              6,
              8
            ],
            [
              2,
              3,
              4,
              5,
              6,
              8,
              11
            ],
            [
              2,
              4,
              5,
              6,
              8,
              11,
              12
            ],
            [
              0,
              2,
              4,
              5,
              6,
              11,
              12
            ],
            [
              0,
              1,
              2,
              4,
              5,
              6,
              12
            ]
          ],
          [
            [
              0,
              1,
              2,
              3,
              4,
              6,
              8
            ],
            [
              1,
              2,
              3,
              4,
              6,
              8,
              10
            ],
            [
              2,
              3,
              4,
              6,
              8,
              10,
              11
            ],
            [
              2,
              4,
              6,
              8,
              10,
              11,
              12
            ],
            [
              0,
              2,
              4,
              6,
              8,
              11,
              12
            ],
            [
              0,
              1,
              2,
              4,
              6,
              8,
              12
            ]
          ],
          [
            [
              0,
              1,
              2,
              3,
              4,
              6,
              10
            ],
            [
              1,
              2,
              3,
              4,
              5,
              6,
              10
            ],
            [
              2,
              3,
              4,
              5,
              6,
              10,
              11
            ],
            [
              2,
              4,
              5,
              6,
              10,
              11,
              12
            ],
            [
              0,
              2,
              4,
              6,
              10,
              11,
              12
            ],
            [
              0,
              1,
              2,
              4,
              6,
              10,
              12
            ]
          ]
        ],
        "router_parameters": [
          0,
          5,
          8,
          10,
          1,
          3,
          11,
          12
        ]
      }
    }
  ],
  "ground": 13,
  "normalized_terminals": {
    "B": [
      0,
      1,
      2,
      3,
      4,
      5,
      6
    ],
    "C": [
      0,
      1,
      2,
      3,
      4,
      7,
      8
    ],
    "T": [
      0,
      1,
      2,
      3,
      4,
      5,
      7
    ]
  },
  "rank": 7,
  "scope": "cut-open interior compatibility; not a closed union and not a simultaneous 164-row planting",
  "status": "PASS",
  "universal_cable_representatives": {
    "cases": 37,
    "first": {
      "ground": 7,
      "lower_q1": 6,
      "lower_q2": 6,
      "owner_minima": [
        3,
        3
      ],
      "owners": 6,
      "rank": 4,
      "upper_minima": [
        4,
        2
      ],
      "upper_q1": 6,
      "upper_q2": 6
    },
    "last": {
      "ground": 79,
      "lower_q1": 6,
      "lower_q2": 6,
      "owner_minima": [
        3,
        3
      ],
      "owners": 6,
      "rank": 40,
      "upper_minima": [
        4,
        2
      ],
      "upper_q1": 6,
      "upper_q2": 6
    },
    "ranks": [
      4,
      40
    ]
  }
}
