{
  "status": "PASS",
  "mode": "streaming_topk_incumbent_swap",
  "target_row": 459,
  "target_owner_id": 774,
  "threads": 48,
  "raw_parameter_count": 60963840,
  "quotient_simple_raw": 59908788,
  "reflection_disjoint_raw": 36210100,
  "frozen_target_masks_regenerated": 898,
  "top_k_requested": 5000,
  "top_k_retained": 5000,
  "reservoir_per_hole": 128,
  "reservoir_union_masks": 2001,
  "incumbent_energy": 70,
  "best_delta": -2,
  "best_new_energy": 68,
  "best_hole_change": -1,
  "best_holes_filled": 6,
  "best_outgoing_pair_index": 687,
  "best_rows":[102,192,459,495,501,509,606,610,646,673],
  "top_delta_histogram":{"-2":2,"0":53,"2":1674,"4":3271},
  "top_hole_change_histogram":{"-1":3,"0":67,"1":2020,"2":2910},
  "reservoir_hole_coverage":{"4":235,"18":186,"38":143,"99":209,"112":154,"114":136,"128":131,"143":139,"144":189,"158":129,"167":167,"192":193,"284":231,"299":786,"324":151,"386":132,"401":223,"402":150,"403":242,"424":144,"441":147,"459":2001,"480":128,"484":236,"486":130,"494":128,"501":297,"509":651,"556":136,"588":132,"597":442,"606":219,"610":224,"637":172,"664":128},
  "top_catalog": "/dev/shm/q4z17_e70_row459_targeted_top5000.tsv",
  "reservoir_catalog": "/dev/shm/q4z17_e70_row459_targeted_reservoir.tsv",
  "artifact_schema": "rows,core,order,reflected_core,reflected_order,owner_ids,reflected_owner_ids,best_outgoing_pair_index,delta,new_energy,hole_change,holes_filled,add_base,covered_incumbent_holes,target_row,tier",
  "scope": "exact scoring of every generated new mask; bounded deterministic top-K per shard is sufficient for the global top-K; per-hole reservoirs are independently bounded and union-deduplicated"
}
