{
  "status": "PASS",
  "mode": "streaming_topk_incumbent_swap",
  "target_row": 595,
  "target_owner_id": 1199,
  "threads": 64,
  "raw_parameter_count": 60963840,
  "quotient_simple_raw": 59564920,
  "reflection_disjoint_raw": 30978490,
  "frozen_target_masks_regenerated": 327,
  "top_k_requested": 100000,
  "top_k_retained": 100000,
  "reservoir_per_hole": 256,
  "reservoir_union_masks": 4725,
  "incumbent_energy": 86,
  "best_delta": -6,
  "best_new_energy": 80,
  "best_hole_change": -3,
  "best_holes_filled": 8,
  "best_outgoing_pair_index": 10590,
  "best_rows":[36,63,78,149,273,595,631,633,642,654],
  "top_delta_histogram":{"-6":2,"-4":54,"-2":1379,"0":20881,"2":77684},
  "top_hole_change_histogram":{"-3":2,"-2":66,"-1":1650,"0":25741,"1":72541},
  "reservoir_hole_coverage":{"18":558,"36":498,"38":417,"53":817,"63":1414,"81":389,"99":391,"112":363,"114":306,"115":599,"130":497,"143":317,"149":339,"158":256,"176":302,"188":314,"191":484,"192":493,"273":317,"310":279,"324":341,"376":339,"386":263,"401":1381,"402":427,"408":459,"424":293,"441":879,"480":256,"484":265,"486":259,"501":375,"532":256,"588":310,"595":4725,"597":278,"606":256,"610":274,"629":325,"631":256,"633":1212,"642":393,"670":363},
  "top_catalog": "/dev/shm/q4z17_e86_row595_targeted_top100k.tsv",
  "reservoir_catalog": "/dev/shm/q4z17_e86_row595_targeted_reservoir.tsv",
  "artifact_schema": "rows,core,order,reflected_core,reflected_order,owner_ids,reflected_owner_ids,best_outgoing_pair_index,delta,new_energy,hole_change,holes_filled,add_base,covered_incumbent_holes,target_row,tier",
  "scope": "exact scoring of every generated new mask; bounded deterministic top-K per shard is sufficient for the global top-K; per-hole reservoirs are independently bounded and union-deduplicated"
}
