{
  "status": "PASS",
  "mode": "streaming_topk_incumbent_swap",
  "target_row": 348,
  "target_owner_id": 626,
  "threads": 48,
  "raw_parameter_count": 60963840,
  "quotient_simple_raw": 59949192,
  "reflection_disjoint_raw": 36506382,
  "frozen_target_masks_regenerated": 1617,
  "top_k_requested": 5000,
  "top_k_retained": 5000,
  "reservoir_per_hole": 128,
  "reservoir_union_masks": 1862,
  "incumbent_energy": 64,
  "best_delta": 0,
  "best_new_energy": 64,
  "best_hole_change": 0,
  "best_holes_filled": 6,
  "best_outgoing_pair_index": 16092,
  "best_rows":[26,91,143,348,401,402,486,538,589,664],
  "top_delta_histogram":{"0":13,"2":474,"4":4513},
  "top_hole_change_histogram":{"0":14,"1":574,"2":4412},
  "reservoir_hole_coverage":{"18":279,"38":259,"51":863,"53":284,"112":210,"114":206,"128":130,"143":213,"144":201,"158":128,"167":182,"188":191,"284":130,"299":160,"319":149,"324":133,"327":253,"348":1862,"401":173,"402":163,"403":250,"424":129,"441":153,"480":367,"484":132,"486":485,"494":132,"563":168,"588":138,"597":132,"637":129,"664":147},
  "top_catalog": "/dev/shm/q4z17_e64_row348_targeted_top5000.tsv",
  "reservoir_catalog": "/dev/shm/q4z17_e64_row348_targeted_reservoir.tsv",
  "artifact_schema": "rows,core,order,reflected_core,reflected_order,owner_ids,reflected_owner_ids,best_outgoing_pair_index,delta,new_energy,hole_change,holes_filled,add_base,covered_incumbent_holes,target_row,tier",
  "scope": "exact scoring of every generated new mask; bounded deterministic top-K per shard is sufficient for the global top-K; per-hole reservoirs are independently bounded and union-deduplicated"
}
