{
  "arc_consistent_domain_counts": [
    32,
    16,
    60,
    416,
    4,
    564,
    12,
    68,
    8,
    176,
    192,
    84,
    56
  ],
  "candidate_counts": [
    32,
    16,
    60,
    416,
    4,
    564,
    12,
    68,
    8,
    176,
    192,
    84,
    56
  ],
  "m": 10,
  "path": [
    "11110000",
    "11101000",
    "11100100",
    "11100010",
    "11010010",
    "11010100",
    "11011000",
    "11001100",
    "11001010",
    "10101010",
    "10101100",
    "10111000",
    "10110100",
    "10110010"
  ],
  "vertex_disjoint_selection": false
}
