{
  "status": "PASS",
  "mode": "streaming_topk_incumbent_swap",
  "target_row": 624,
  "target_owner_id": 1302,
  "threads": 48,
  "raw_parameter_count": 60963840,
  "quotient_simple_raw": 59216132,
  "reflection_disjoint_raw": 29040348,
  "frozen_target_masks_regenerated": 937,
  "top_k_requested": 5000,
  "top_k_retained": 5000,
  "reservoir_per_hole": 128,
  "reservoir_union_masks": 2062,
  "incumbent_energy": 62,
  "best_delta": 0,
  "best_new_energy": 62,
  "best_hole_change": 0,
  "best_holes_filled": 5,
  "best_outgoing_pair_index": 7814,
  "best_rows":[11,51,114,124,188,319,512,624,627,659],
  "top_delta_histogram":{"0":12,"2":331,"4":4657},
  "top_hole_change_histogram":{"0":13,"1":371,"2":4616},
  "reservoir_hole_coverage":{"18":397,"38":241,"51":299,"112":262,"114":180,"128":128,"143":175,"144":133,"158":133,"167":161,"188":166,"284":131,"299":168,"319":203,"327":362,"402":162,"424":167,"433":129,"441":146,"477":130,"480":155,"491":135,"494":128,"529":139,"563":206,"588":128,"597":137,"624":2062,"625":974,"637":169,"664":142},
  "top_catalog": "/dev/shm/q4z17_e62_row624_targeted_top5000.tsv",
  "reservoir_catalog": "/dev/shm/q4z17_e62_row624_targeted_reservoir.tsv",
  "artifact_schema": "rows,core,order,reflected_core,reflected_order,owner_ids,reflected_owner_ids,best_outgoing_pair_index,delta,new_energy,hole_change,holes_filled,add_base,covered_incumbent_holes,target_row,tier",
  "scope": "exact scoring of every generated new mask; bounded deterministic top-K per shard is sufficient for the global top-K; per-hole reservoirs are independently bounded and union-deduplicated"
}
