{
  "certificate_sha256": "05552624784b67253b9f7d07b3e37c63cb25254d9b80872835952c38ba9605c1",
  "class": "one canonical C8 on logical token 0; two canonical C6 collars unchanged",
  "counters": {
    "canonical_c8": 46200,
    "contains_router_cut": 210,
    "fixed_side_bad_windows_2": 168,
    "fixed_side_bad_windows_4": 21,
    "fixed_side_failure_candidates": 189,
    "owner_simple": 189,
    "q1_exact_simple_both_phases": 189
  },
  "failure_examples": [
    {
      "bad_fixed_paths": [
        [
          0,
          {
            "cut_index": 1,
            "endpoint": "10000110110110110110000",
            "join_neighbor": "00100110110110110110000",
            "join_support": "10100000000000000000000",
            "lower_q2_equal": true,
            "one": "00110010110110110110000",
            "q2": [
              [
                "00000010110110110110000",
                "10110110110110110110000"
              ],
              [
                "00000010110110110110000",
                "01110110110110110110000"
              ]
            ],
            "repeated": "00100000000000000000000",
            "resident": false,
            "resolved": true,
            "supports": [
              "10100000000000000000000",
              "00010100000000000000000",
              "01100000000000000000000"
            ],
            "two": "01010010110110110110000",
            "union_size": 5,
            "upper_q2_equal": false
          }
        ],
        [
          1,
          {
            "cut_index": 1,
            "endpoint": "10000110110110110110000",
            "join_neighbor": "00100110110110110110000",
            "join_support": "10100000000000000000000",
            "lower_q2_equal": true,
            "one": "00110010110110110110000",
            "q2": [
              [
                "00000010110110110110000",
                "10110110110110110110000"
              ],
              [
                "00000010110110110110000",
                "01110110110110110110000"
              ]
            ],
            "repeated": "00100000000000000000000",
            "resident": false,
            "resolved": true,
            "supports": [
              "10100000000000000000000",
              "00010100000000000000000",
              "01100000000000000000000"
            ],
            "two": "01010010110110110110000",
            "union_size": 5,
            "upper_q2_equal": false
          }
        ]
      ],
      "c8": {
        "a": [
          "00100100110110111110000",
          "00010100110110111110000",
          "00010110110110110110000",
          "00100110110110110110000"
        ],
        "b": [
          "10000100110110111110000",
          "10010100110110110110000",
          "10000110110110110110000",
          "10100100110110110110000"
        ],
        "core": "00000100110110110110000",
        "direction": -1,
        "new": [
          [
            "00100100110110111110000",
            "10100100110110110110000"
          ],
          [
            "00010100110110111110000",
            "10000100110110111110000"
          ],
          [
            "00010110110110110110000",
            "10010100110110110110000"
          ],
          [
            "00100110110110110110000",
            "10000110110110110110000"
          ]
        ],
        "old": [
          [
            "00100100110110111110000",
            "10000100110110111110000"
          ],
          [
            "00010100110110111110000",
            "10010100110110110110000"
          ],
          [
            "00010110110110110110000",
            "10000110110110110110000"
          ],
          [
            "00100110110110110110000",
            "10100100110110110110000"
          ]
        ],
        "x": [
          16,
          3,
          6,
          2
        ],
        "y": 0
      },
      "c8_auxiliary_edges": [
        [
          "00010100110110111110000",
          "10010100110110110110000"
        ],
        [
          "00010110110110110110000",
          "10000110110110110110000"
        ]
      ],
      "c8_context_edge": [
        "00100100110110111110000",
        "10000100110110111110000"
      ],
      "c8_router_edge": [
        "00100110110110110110000",
        "10100100110110110110000"
      ],
      "token_permutation": [
        0,
        2,
        1
      ],
      "token_zero_port": 0,
      "witness_index": 0
    },
    {
      "bad_fixed_paths": [
        [
          0,
          {
            "cut_index": 1,
            "endpoint": "10000110110110110110000",
            "join_neighbor": "00100110110110110110000",
            "join_support": "10100000000000000000000",
            "lower_q2_equal": true,
            "one": "00110010110110110110000",
            "q2": [
              [
                "00000010110110110110000",
                "10110110110110110110000"
              ],
              [
                "00000010110110110110000",
                "01110110110110110110000"
              ]
            ],
            "repeated": "00100000000000000000000",
            "resident": false,
            "resolved": true,
            "supports": [
              "10100000000000000000000",
              "00010100000000000000000",
              "01100000000000000000000"
            ],
            "two": "01010010110110110110000",
            "union_size": 5,
            "upper_q2_equal": false
          }
        ],
        [
          1,
          {
            "cut_index": 1,
            "endpoint": "10000110110110110110000",
            "join_neighbor": "00100110110110110110000",
            "join_support": "10100000000000000000000",
            "lower_q2_equal": true,
            "one": "00110010110110110110000",
            "q2": [
              [
                "00000010110110110110000",
                "10110110110110110110000"
              ],
              [
                "00000010110110110110000",
                "01110110110110110110000"
              ]
            ],
            "repeated": "00100000000000000000000",
            "resident": false,
            "resolved": true,
            "supports": [
              "10100000000000000000000",
              "00010100000000000000000",
              "01100000000000000000000"
            ],
            "two": "01010010110110110110000",
            "union_size": 5,
            "upper_q2_equal": false
          }
        ]
      ],
      "c8": {
        "a": [
          "00100100110110111110000",
          "00001100110110111110000",
          "00001110110110110110000",
          "00100110110110110110000"
        ],
        "b": [
          "10000100110110111110000",
          "10001100110110110110000",
          "10000110110110110110000",
          "10100100110110110110000"
        ],
        "core": "00000100110110110110000",
        "direction": -1,
        "new": [
          [
            "00100100110110111110000",
            "10100100110110110110000"
          ],
          [
            "00001100110110111110000",
            "10000100110110111110000"
          ],
          [
            "00001110110110110110000",
            "10001100110110110110000"
          ],
          [
            "00100110110110110110000",
            "10000110110110110110000"
          ]
        ],
        "old": [
          [
            "00100100110110111110000",
            "10000100110110111110000"
          ],
          [
            "00001100110110111110000",
            "10001100110110110110000"
          ],
          [
            "00001110110110110110000",
            "10000110110110110110000"
          ],
          [
            "00100110110110110110000",
            "10100100110110110110000"
          ]
        ],
        "x": [
          16,
          4,
          6,
          2
        ],
        "y": 0
      },
      "c8_auxiliary_edges": [
        [
          "00001100110110111110000",
          "10001100110110110110000"
        ],
        [
          "00001110110110110110000",
          "10000110110110110110000"
        ]
      ],
      "c8_context_edge": [
        "00100100110110111110000",
        "10000100110110111110000"
      ],
      "c8_router_edge": [
        "00100110110110110110000",
        "10100100110110110110000"
      ],
      "token_permutation": [
        0,
        2,
        1
      ],
      "token_zero_port": 0,
      "witness_index": 0
    },
    {
      "bad_fixed_paths": [
        [
          0,
          {
            "cut_index": 1,
            "endpoint": "10000110110110110110000",
            "join_neighbor": "00100110110110110110000",
            "join_support": "10100000000000000000000",
            "lower_q2_equal": true,
            "one": "00110010110110110110000",
            "q2": [
              [
                "00000010110110110110000",
                "10110110110110110110000"
              ],
              [
                "00000010110110110110000",
                "01110110110110110110000"
              ]
            ],
            "repeated": "00100000000000000000000",
            "resident": false,
            "resolved": true,
            "supports": [
              "10100000000000000000000",
              "00010100000000000000000",
              "01100000000000000000000"
            ],
            "two": "01010010110110110110000",
            "union_size": 5,
            "upper_q2_equal": false
          }
        ],
        [
          1,
          {
            "cut_index": 1,
            "endpoint": "10000110110110110110000",
            "join_neighbor": "00100110110110110110000",
            "join_support": "10100000000000000000000",
            "lower_q2_equal": true,
            "one": "00110010110110110110000",
            "q2": [
              [
                "00000010110110110110000",
                "10110110110110110110000"
              ],
              [
                "00000010110110110110000",
                "01110110110110110110000"
              ]
            ],
            "repeated": "00100000000000000000000",
            "resident": false,
            "resolved": true,
            "supports": [
              "10100000000000000000000",
              "00010100000000000000000",
              "01100000000000000000000"
            ],
            "two": "01010010110110110110000",
            "union_size": 5,
            "upper_q2_equal": false
          }
        ]
      ],
      "c8": {
        "a": [
          "00100100110110111110000",
          "00000101110110111110000",
          "00000111110110110110000",
          "00100110110110110110000"
        ],
        "b": [
          "10000100110110111110000",
          "10000101110110110110000",
          "10000110110110110110000",
          "10100100110110110110000"
        ],
        "core": "00000100110110110110000",
        "direction": -1,
        "new": [
          [
            "00100100110110111110000",
            "10100100110110110110000"
          ],
          [
            "00000101110110111110000",
            "10000100110110111110000"
          ],
          [
            "00000111110110110110000",
            "10000101110110110110000"
          ],
          [
            "00100110110110110110000",
            "10000110110110110110000"
          ]
        ],
        "old": [
          [
            "00100100110110111110000",
            "10000100110110111110000"
          ],
          [
            "00000101110110111110000",
            "10000101110110110110000"
          ],
          [
            "00000111110110110110000",
            "10000110110110110110000"
          ],
          [
            "00100110110110110110000",
            "10100100110110110110000"
          ]
        ],
        "x": [
          16,
          7,
          6,
          2
        ],
        "y": 0
      },
      "c8_auxiliary_edges": [
        [
          "00000101110110111110000",
          "10000101110110110110000"
        ],
        [
          "00000111110110110110000",
          "10000110110110110110000"
        ]
      ],
      "c8_context_edge": [
        "00100100110110111110000",
        "10000100110110111110000"
      ],
      "c8_router_edge": [
        "00100110110110110110000",
        "10100100110110110110000"
      ],
      "token_permutation": [
        0,
        2,
        1
      ],
      "token_zero_port": 0,
      "witness_index": 0
    },
    {
      "bad_fixed_paths": [
        [
          0,
          {
            "cut_index": 0,
            "endpoint": "00000100111110111110000",
            "join_neighbor": "10000100110110111110000",
            "join_support": "10000000001000000000000",
            "lower_q2_equal": false,
            "one": "11000100110100111110000",
            "q2": [
              [
                "00000100110100111110000",
                "11000100111110111110000"
              ],
              [
                "10000100110000111110000",
                "11000100111110111110000"
              ]
            ],
            "repeated": "00000000001000000000000",
            "resident": false,
            "resolved": true,
            "supports": [
              "10000000001000000000000",
              "01000000000010000000000",
              "00000000001100000000000"
            ],
            "two": "11000100111000111110000",
            "union_size": 5,
            "upper_q2_equal": true
          }
        ],
        [
          0,
          {
            "cut_index": 1,
            "endpoint": "10000110110110110110000",
            "join_neighbor": "00100110110110110110000",
            "join_support": "10100000000000000000000",
            "lower_q2_equal": true,
            "one": "00110010110110110110000",
            "q2": [
              [
                "00000010110110110110000",
                "10110110110110110110000"
              ],
              [
                "00000010110110110110000",
                "01110110110110110110000"
              ]
            ],
            "repeated": "00100000000000000000000",
            "resident": false,
            "resolved": true,
            "supports": [
              "10100000000000000000000",
              "00010100000000000000000",
              "01100000000000000000000"
            ],
            "two": "01010010110110110110000",
            "union_size": 5,
            "upper_q2_equal": false
          }
        ],
        [
          1,
          {
            "cut_index": 0,
            "endpoint": "00000100111110111110000",
            "join_neighbor": "10000100110110111110000",
            "join_support": "10000000001000000000000",
            "lower_q2_equal": false,
            "one": "11000100110100111110000",
            "q2": [
              [
                "00000100110100111110000",
                "11000100111110111110000"
              ],
              [
                "10000100110000111110000",
                "11000100111110111110000"
              ]
            ],
            "repeated": "00000000001000000000000",
            "resident": false,
            "resolved": true,
            "supports": [
              "10000000001000000000000",
              "01000000000010000000000",
              "00000000001100000000000"
            ],
            "two": "11000100111000111110000",
            "union_size": 5,
            "upper_q2_equal": true
          }
        ],
        [
          1,
          {
            "cut_index": 1,
            "endpoint": "10000110110110110110000",
            "join_neighbor": "00100110110110110110000",
            "join_support": "10100000000000000000000",
            "lower_q2_equal": true,
            "one": "00110010110110110110000",
            "q2": [
              [
                "00000010110110110110000",
                "10110110110110110110000"
              ],
              [
                "00000010110110110110000",
                "01110110110110110110000"
              ]
            ],
            "repeated": "00100000000000000000000",
            "resident": false,
            "resolved": true,
            "supports": [
              "10100000000000000000000",
              "00010100000000000000000",
              "01100000000000000000000"
            ],
            "two": "01010010110110110110000",
            "union_size": 5,
            "upper_q2_equal": false
          }
        ]
      ],
      "c8": {
        "a": [
          "00100100110110111110000",
          "00000100111110111110000",
          "00000110111110110110000",
          "00100110110110110110000"
        ],
        "b": [
          "10000100110110111110000",
          "10000100111110110110000",
          "10000110110110110110000",
          "10100100110110110110000"
        ],
        "core": "00000100110110110110000",
        "direction": -1,
        "new": [
          [
            "00100100110110111110000",
            "10100100110110110110000"
          ],
          [
            "00000100111110111110000",
            "10000100110110111110000"
          ],
          [
            "00000110111110110110000",
            "10000100111110110110000"
          ],
          [
            "00100110110110110110000",
            "10000110110110110110000"
          ]
        ],
        "old": [
          [
            "00100100110110111110000",
            "10000100110110111110000"
          ],
          [
            "00000100111110111110000",
            "10000100111110110110000"
          ],
          [
            "00000110111110110110000",
            "10000110110110110110000"
          ],
          [
            "00100110110110110110000",
            "10100100110110110110000"
          ]
        ],
        "x": [
          16,
          10,
          6,
          2
        ],
        "y": 0
      },
      "c8_auxiliary_edges": [
        [
          "00000100111110111110000",
          "10000100111110110110000"
        ],
        [
          "00000110111110110110000",
          "10000110110110110110000"
        ]
      ],
      "c8_context_edge": [
        "00100100110110111110000",
        "10000100110110111110000"
      ],
      "c8_router_edge": [
        "00100110110110110110000",
        "10100100110110110110000"
      ],
      "token_permutation": [
        0,
        2,
        1
      ],
      "token_zero_port": 0,
      "witness_index": 0
    },
    {
      "bad_fixed_paths": [
        [
          0,
          {
            "cut_index": 1,
            "endpoint": "10000110110110110110000",
            "join_neighbor": "00100110110110110110000",
            "join_support": "10100000000000000000000",
            "lower_q2_equal": true,
            "one": "00110010110110110110000",
            "q2": [
              [
                "00000010110110110110000",
                "10110110110110110110000"
              ],
              [
                "00000010110110110110000",
                "01110110110110110110000"
              ]
            ],
            "repeated": "00100000000000000000000",
            "resident": false,
            "resolved": true,
            "supports": [
              "10100000000000000000000",
              "00010100000000000000000",
              "01100000000000000000000"
            ],
            "two": "01010010110110110110000",
            "union_size": 5,
            "upper_q2_equal": false
          }
        ],
        [
          1,
          {
            "cut_index": 1,
            "endpoint": "10000110110110110110000",
            "join_neighbor": "00100110110110110110000",
            "join_support": "10100000000000000000000",
            "lower_q2_equal": true,
            "one": "00110010110110110110000",
            "q2": [
              [
                "00000010110110110110000",
                "10110110110110110110000"
              ],
              [
                "00000010110110110110000",
                "01110110110110110110000"
              ]
            ],
            "repeated": "00100000000000000000000",
            "resident": false,
            "resolved": true,
            "supports": [
              "10100000000000000000000",
              "00010100000000000000000",
              "01100000000000000000000"
            ],
            "two": "01010010110110110110000",
            "union_size": 5,
            "upper_q2_equal": false
          }
        ]
      ],
      "c8": {
        "a": [
          "00100100110110111110000",
          "00000100110111111110000",
          "00000110110111110110000",
          "00100110110110110110000"
        ],
        "b": [
          "10000100110110111110000",
          "10000100110111110110000",
          "10000110110110110110000",
          "10100100110110110110000"
        ],
        "core": "00000100110110110110000",
        "direction": -1,
        "new": [
          [
            "00100100110110111110000",
            "10100100110110110110000"
          ],
          [
            "00000100110111111110000",
            "10000100110110111110000"
          ],
          [
            "00000110110111110110000",
            "10000100110111110110000"
          ],
          [
            "00100110110110110110000",
            "10000110110110110110000"
          ]
        ],
        "old": [
          [
            "00100100110110111110000",
            "10000100110110111110000"
          ],
          [
            "00000100110111111110000",
            "10000100110111110110000"
          ],
          [
            "00000110110111110110000",
            "10000110110110110110000"
          ],
          [
            "00100110110110110110000",
            "10100100110110110110000"
          ]
        ],
        "x": [
          16,
          13,
          6,
          2
        ],
        "y": 0
      },
      "c8_auxiliary_edges": [
        [
          "00000100110111111110000",
          "10000100110111110110000"
        ],
        [
          "00000110110111110110000",
          "10000110110110110110000"
        ]
      ],
      "c8_context_edge": [
        "00100100110110111110000",
        "10000100110110111110000"
      ],
      "c8_router_edge": [
        "00100110110110110110000",
        "10100100110110110110000"
      ],
      "token_permutation": [
        0,
        2,
        1
      ],
      "token_zero_port": 0,
      "witness_index": 0
    },
    {
      "bad_fixed_paths": [
        [
          0,
          {
            "cut_index": 1,
            "endpoint": "10000110110110110110000",
            "join_neighbor": "00100110110110110110000",
            "join_support": "10100000000000000000000",
            "lower_q2_equal": true,
            "one": "00110010110110110110000",
            "q2": [
              [
                "00000010110110110110000",
                "10110110110110110110000"
              ],
              [
                "00000010110110110110000",
                "01110110110110110110000"
              ]
            ],
            "repeated": "00100000000000000000000",
            "resident": false,
            "resolved": true,
            "supports": [
              "10100000000000000000000",
              "00010100000000000000000",
              "01100000000000000000000"
            ],
            "two": "01010010110110110110000",
            "union_size": 5,
            "upper_q2_equal": false
          }
        ],
        [
          1,
          {
            "cut_index": 1,
            "endpoint": "10000110110110110110000",
            "join_neighbor": "00100110110110110110000",
            "join_support": "10100000000000000000000",
            "lower_q2_equal": true,
            "one": "00110010110110110110000",
            "q2": [
              [
                "00000010110110110110000",
                "10110110110110110110000"
              ],
              [
                "00000010110110110110000",
                "01110110110110110110000"
              ]
            ],
            "repeated": "00100000000000000000000",
            "resident": false,
            "resolved": true,
            "supports": [
              "10100000000000000000000",
              "00010100000000000000000",
              "01100000000000000000000"
            ],
            "two": "01010010110110110110000",
            "union_size": 5,
            "upper_q2_equal": false
          }
        ]
      ],
      "c8": {
        "a": [
          "00100100110110111110000",
          "00000100110110111111000",
          "00000110110110110111000",
          "00100110110110110110000"
        ],
        "b": [
          "10000100110110111110000",
          "10000100110110110111000",
          "10000110110110110110000",
          "10100100110110110110000"
        ],
        "core": "00000100110110110110000",
        "direction": -1,
        "new": [
          [
            "00100100110110111110000",
            "10100100110110110110000"
          ],
          [
            "00000100110110111111000",
            "10000100110110111110000"
          ],
          [
            "00000110110110110111000",
            "10000100110110110111000"
          ],
          [
            "00100110110110110110000",
            "10000110110110110110000"
          ]
        ],
        "old": [
          [
            "00100100110110111110000",
            "10000100110110111110000"
          ],
          [
            "00000100110110111111000",
            "10000100110110110111000"
          ],
          [
            "00000110110110110111000",
            "10000110110110110110000"
          ],
          [
            "00100110110110110110000",
            "10100100110110110110000"
          ]
        ],
        "x": [
          16,
          19,
          6,
          2
        ],
        "y": 0
      },
      "c8_auxiliary_edges": [
        [
          "00000100110110111111000",
          "10000100110110110111000"
        ],
        [
          "00000110110110110111000",
          "10000110110110110110000"
        ]
      ],
      "c8_context_edge": [
        "00100100110110111110000",
        "10000100110110111110000"
      ],
      "c8_router_edge": [
        "00100110110110110110000",
        "10100100110110110110000"
      ],
      "token_permutation": [
        0,
        2,
        1
      ],
      "token_zero_port": 0,
      "witness_index": 0
    },
    {
      "bad_fixed_paths": [
        [
          0,
          {
            "cut_index": 1,
            "endpoint": "10000110110110110110000",
            "join_neighbor": "00100110110110110110000",
            "join_support": "10100000000000000000000",
            "lower_q2_equal": true,
            "one": "00110010110110110110000",
            "q2": [
              [
                "00000010110110110110000",
                "10110110110110110110000"
              ],
              [
                "00000010110110110110000",
                "01110110110110110110000"
              ]
            ],
            "repeated": "00100000000000000000000",
            "resident": false,
            "resolved": true,
            "supports": [
              "10100000000000000000000",
              "00010100000000000000000",
              "01100000000000000000000"
            ],
            "two": "01010010110110110110000",
            "union_size": 5,
            "upper_q2_equal": false
          }
        ],
        [
          1,
          {
            "cut_index": 1,
            "endpoint": "10000110110110110110000",
            "join_neighbor": "00100110110110110110000",
            "join_support": "10100000000000000000000",
            "lower_q2_equal": true,
            "one": "00110010110110110110000",
            "q2": [
              [
                "00000010110110110110000",
                "10110110110110110110000"
              ],
              [
                "00000010110110110110000",
                "01110110110110110110000"
              ]
            ],
            "repeated": "00100000000000000000000",
            "resident": false,
            "resolved": true,
            "supports": [
              "10100000000000000000000",
              "00010100000000000000000",
              "01100000000000000000000"
            ],
            "two": "01010010110110110110000",
            "union_size": 5,
            "upper_q2_equal": false
          }
        ]
      ],
      "c8": {
        "a": [
          "00100100110110111110000",
          "00000100110110111110100",
          "00000110110110110110100",
          "00100110110110110110000"
        ],
        "b": [
          "10000100110110111110000",
          "10000100110110110110100",
          "10000110110110110110000",
          "10100100110110110110000"
        ],
        "core": "00000100110110110110000",
        "direction": -1,
        "new": [
          [
            "00100100110110111110000",
            "10100100110110110110000"
          ],
          [
            "00000100110110111110100",
            "10000100110110111110000"
          ],
          [
            "00000110110110110110100",
            "10000100110110110110100"
          ],
          [
            "00100110110110110110000",
            "10000110110110110110000"
          ]
        ],
        "old": [
          [
            "00100100110110111110000",
            "10000100110110111110000"
          ],
          [
            "00000100110110111110100",
            "10000100110110110110100"
          ],
          [
            "00000110110110110110100",
            "10000110110110110110000"
          ],
          [
            "00100110110110110110000",
            "10100100110110110110000"
          ]
        ],
        "x": [
          16,
          20,
          6,
          2
        ],
        "y": 0
      },
      "c8_auxiliary_edges": [
        [
          "00000100110110111110100",
          "10000100110110110110100"
        ],
        [
          "00000110110110110110100",
          "10000110110110110110000"
        ]
      ],
      "c8_context_edge": [
        "00100100110110111110000",
        "10000100110110111110000"
      ],
      "c8_router_edge": [
        "00100110110110110110000",
        "10100100110110110110000"
      ],
      "token_permutation": [
        0,
        2,
        1
      ],
      "token_zero_port": 0,
      "witness_index": 0
    },
    {
      "bad_fixed_paths": [
        [
          0,
          {
            "cut_index": 1,
            "endpoint": "10000110110110110110000",
            "join_neighbor": "00100110110110110110000",
            "join_support": "10100000000000000000000",
            "lower_q2_equal": true,
            "one": "00110010110110110110000",
            "q2": [
              [
                "00000010110110110110000",
                "10110110110110110110000"
              ],
              [
                "00000010110110110110000",
                "01110110110110110110000"
              ]
            ],
            "repeated": "00100000000000000000000",
            "resident": false,
            "resolved": true,
            "supports": [
              "10100000000000000000000",
              "00010100000000000000000",
              "01100000000000000000000"
            ],
            "two": "01010010110110110110000",
            "union_size": 5,
            "upper_q2_equal": false
          }
        ],
        [
          1,
          {
            "cut_index": 1,
            "endpoint": "10000110110110110110000",
            "join_neighbor": "00100110110110110110000",
            "join_support": "10100000000000000000000",
            "lower_q2_equal": true,
            "one": "00110010110110110110000",
            "q2": [
              [
                "00000010110110110110000",
                "10110110110110110110000"
              ],
              [
                "00000010110110110110000",
                "01110110110110110110000"
              ]
            ],
            "repeated": "00100000000000000000000",
            "resident": false,
            "resolved": true,
            "supports": [
              "10100000000000000000000",
              "00010100000000000000000",
              "01100000000000000000000"
            ],
            "two": "01010010110110110110000",
            "union_size": 5,
            "upper_q2_equal": false
          }
        ]
      ],
      "c8": {
        "a": [
          "00100100110110111110000",
          "00000100110110111110010",
          "00000110110110110110010",
          "00100110110110110110000"
        ],
        "b": [
          "10000100110110111110000",
          "10000100110110110110010",
          "10000110110110110110000",
          "10100100110110110110000"
        ],
        "core": "00000100110110110110000",
        "direction": -1,
        "new": [
          [
            "00100100110110111110000",
            "10100100110110110110000"
          ],
          [
            "00000100110110111110010",
            "10000100110110111110000"
          ],
          [
            "00000110110110110110010",
            "10000100110110110110010"
          ],
          [
            "00100110110110110110000",
            "10000110110110110110000"
          ]
        ],
        "old": [
          [
            "00100100110110111110000",
            "10000100110110111110000"
          ],
          [
            "00000100110110111110010",
            "10000100110110110110010"
          ],
          [
            "00000110110110110110010",
            "10000110110110110110000"
          ],
          [
            "00100110110110110110000",
            "10100100110110110110000"
          ]
        ],
        "x": [
          16,
          21,
          6,
          2
        ],
        "y": 0
      },
      "c8_auxiliary_edges": [
        [
          "00000100110110111110010",
          "10000100110110110110010"
        ],
        [
          "00000110110110110110010",
          "10000110110110110110000"
        ]
      ],
      "c8_context_edge": [
        "00100100110110111110000",
        "10000100110110111110000"
      ],
      "c8_router_edge": [
        "00100110110110110110000",
        "10100100110110110110000"
      ],
      "token_permutation": [
        0,
        2,
        1
      ],
      "token_zero_port": 0,
      "witness_index": 0
    },
    {
      "bad_fixed_paths": [
        [
          0,
          {
            "cut_index": 1,
            "endpoint": "10000110110110110110000",
            "join_neighbor": "00100110110110110110000",
            "join_support": "10100000000000000000000",
            "lower_q2_equal": true,
            "one": "00110010110110110110000",
            "q2": [
              [
                "00000010110110110110000",
                "10110110110110110110000"
              ],
              [
                "00000010110110110110000",
                "01110110110110110110000"
              ]
            ],
            "repeated": "00100000000000000000000",
            "resident": false,
            "resolved": true,
            "supports": [
              "10100000000000000000000",
              "00010100000000000000000",
              "01100000000000000000000"
            ],
            "two": "01010010110110110110000",
            "union_size": 5,
            "upper_q2_equal": false
          }
        ],
        [
          1,
          {
            "cut_index": 1,
            "endpoint": "10000110110110110110000",
            "join_neighbor": "00100110110110110110000",
            "join_support": "10100000000000000000000",
            "lower_q2_equal": true,
            "one": "00110010110110110110000",
            "q2": [
              [
                "00000010110110110110000",
                "10110110110110110110000"
              ],
              [
                "00000010110110110110000",
                "01110110110110110110000"
              ]
            ],
            "repeated": "00100000000000000000000",
            "resident": false,
            "resolved": true,
            "supports": [
              "10100000000000000000000",
              "00010100000000000000000",
              "01100000000000000000000"
            ],
            "two": "01010010110110110110000",
            "union_size": 5,
            "upper_q2_equal": false
          }
        ]
      ],
      "c8": {
        "a": [
          "00100100110110111110000",
          "00000100110110111110001",
          "00000110110110110110001",
          "00100110110110110110000"
        ],
        "b": [
          "10000100110110111110000",
          "10000100110110110110001",
          "10000110110110110110000",
          "10100100110110110110000"
        ],
        "core": "00000100110110110110000",
        "direction": -1,
        "new": [
          [
            "00100100110110111110000",
            "10100100110110110110000"
          ],
          [
            "00000100110110111110001",
            "10000100110110111110000"
          ],
          [
            "00000110110110110110001",
            "10000100110110110110001"
          ],
          [
            "00100110110110110110000",
            "10000110110110110110000"
          ]
        ],
        "old": [
          [
            "00100100110110111110000",
            "10000100110110111110000"
          ],
          [
            "00000100110110111110001",
            "10000100110110110110001"
          ],
          [
            "00000110110110110110001",
            "10000110110110110110000"
          ],
          [
            "00100110110110110110000",
            "10100100110110110110000"
          ]
        ],
        "x": [
          16,
          22,
          6,
          2
        ],
        "y": 0
      },
      "c8_auxiliary_edges": [
        [
          "00000100110110111110001",
          "10000100110110110110001"
        ],
        [
          "00000110110110110110001",
          "10000110110110110110000"
        ]
      ],
      "c8_context_edge": [
        "00100100110110111110000",
        "10000100110110111110000"
      ],
      "c8_router_edge": [
        "00100110110110110110000",
        "10100100110110110110000"
      ],
      "token_permutation": [
        0,
        2,
        1
      ],
      "token_zero_port": 0,
      "witness_index": 0
    },
    {
      "bad_fixed_paths": [
        [
          0,
          {
            "cut_index": 1,
            "endpoint": "10000110110010111110000",
            "join_neighbor": "00100110110010111110000",
            "join_support": "10100000000000000000000",
            "lower_q2_equal": true,
            "one": "00110010110010111110000",
            "q2": [
              [
                "00000010110010111110000",
                "10110110110010111110000"
              ],
              [
                "00000010110010111110000",
                "01110110110010111110000"
              ]
            ],
            "repeated": "00100000000000000000000",
            "resident": false,
            "resolved": true,
            "supports": [
              "10100000000000000000000",
              "00010100000000000000000",
              "01100000000000000000000"
            ],
            "two": "01010010110010111110000",
            "union_size": 5,
            "upper_q2_equal": false
          }
        ],
        [
          1,
          {
            "cut_index": 1,
            "endpoint": "10000110110010111110000",
            "join_neighbor": "00100110110010111110000",
            "join_support": "10100000000000000000000",
            "lower_q2_equal": true,
            "one": "00110010110010111110000",
            "q2": [
              [
                "00000010110010111110000",
                "10110110110010111110000"
              ],
              [
                "00000010110010111110000",
                "01110110110010111110000"
              ]
            ],
            "repeated": "00100000000000000000000",
            "resident": false,
            "resolved": true,
            "supports": [
              "10100000000000000000000",
              "00010100000000000000000",
              "01100000000000000000000"
            ],
            "two": "01010010110010111110000",
            "union_size": 5,
            "upper_q2_equal": false
          }
        ]
      ],
      "c8": {
        "a": [
          "00100100110110111110000",
          "00010100110110111110000",
          "00010110110010111110000",
          "00100110110010111110000"
        ],
        "b": [
          "10000100110110111110000",
          "10010100110010111110000",
          "10000110110010111110000",
          "10100100110010111110000"
        ],
        "core": "00000100110010111110000",
        "direction": -1,
        "new": [
          [
            "00100100110110111110000",
            "10100100110010111110000"
          ],
          [
            "00010100110110111110000",
            "10000100110110111110000"
          ],
          [
            "00010110110010111110000",
            "10010100110010111110000"
          ],
          [
            "00100110110010111110000",
            "10000110110010111110000"
          ]
        ],
        "old": [
          [
            "00100100110110111110000",
            "10000100110110111110000"
          ],
          [
            "00010100110110111110000",
            "10010100110010111110000"
          ],
          [
            "00010110110010111110000",
            "10000110110010111110000"
          ],
          [
            "00100110110010111110000",
            "10100100110010111110000"
          ]
        ],
        "x": [
          11,
          3,
          6,
          2
        ],
        "y": 0
      },
      "c8_auxiliary_edges": [
        [
          "00010100110110111110000",
          "10010100110010111110000"
        ],
        [
          "00010110110010111110000",
          "10000110110010111110000"
        ]
      ],
      "c8_context_edge": [
        "00100100110110111110000",
        "10000100110110111110000"
      ],
      "c8_router_edge": [
        "00100110110010111110000",
        "10100100110010111110000"
      ],
      "token_permutation": [
        0,
        2,
        1
      ],
      "token_zero_port": 0,
      "witness_index": 1
    },
    {
      "bad_fixed_paths": [
        [
          0,
          {
            "cut_index": 1,
            "endpoint": "10000110110010111110000",
            "join_neighbor": "00100110110010111110000",
            "join_support": "10100000000000000000000",
            "lower_q2_equal": true,
            "one": "00110010110010111110000",
            "q2": [
              [
                "00000010110010111110000",
                "10110110110010111110000"
              ],
              [
                "00000010110010111110000",
                "01110110110010111110000"
              ]
            ],
            "repeated": "00100000000000000000000",
            "resident": false,
            "resolved": true,
            "supports": [
              "10100000000000000000000",
              "00010100000000000000000",
              "01100000000000000000000"
            ],
            "two": "01010010110010111110000",
            "union_size": 5,
            "upper_q2_equal": false
          }
        ],
        [
          1,
          {
            "cut_index": 1,
            "endpoint": "10000110110010111110000",
            "join_neighbor": "00100110110010111110000",
            "join_support": "10100000000000000000000",
            "lower_q2_equal": true,
            "one": "00110010110010111110000",
            "q2": [
              [
                "00000010110010111110000",
                "10110110110010111110000"
              ],
              [
                "00000010110010111110000",
                "01110110110010111110000"
              ]
            ],
            "repeated": "00100000000000000000000",
            "resident": false,
            "resolved": true,
            "supports": [
              "10100000000000000000000",
              "00010100000000000000000",
              "01100000000000000000000"
            ],
            "two": "01010010110010111110000",
            "union_size": 5,
            "upper_q2_equal": false
          }
        ]
      ],
      "c8": {
        "a": [
          "00100100110110111110000",
          "00001100110110111110000",
          "00001110110010111110000",
          "00100110110010111110000"
        ],
        "b": [
          "10000100110110111110000",
          "10001100110010111110000",
          "10000110110010111110000",
          "10100100110010111110000"
        ],
        "core": "00000100110010111110000",
        "direction": -1,
        "new": [
          [
            "00100100110110111110000",
            "10100100110010111110000"
          ],
          [
            "00001100110110111110000",
            "10000100110110111110000"
          ],
          [
            "00001110110010111110000",
            "10001100110010111110000"
          ],
          [
            "00100110110010111110000",
            "10000110110010111110000"
          ]
        ],
        "old": [
          [
            "00100100110110111110000",
            "10000100110110111110000"
          ],
          [
            "00001100110110111110000",
            "10001100110010111110000"
          ],
          [
            "00001110110010111110000",
            "10000110110010111110000"
          ],
          [
            "00100110110010111110000",
            "10100100110010111110000"
          ]
        ],
        "x": [
          11,
          4,
          6,
          2
        ],
        "y": 0
      },
      "c8_auxiliary_edges": [
        [
          "00001100110110111110000",
          "10001100110010111110000"
        ],
        [
          "00001110110010111110000",
          "10000110110010111110000"
        ]
      ],
      "c8_context_edge": [
        "00100100110110111110000",
        "10000100110110111110000"
      ],
      "c8_router_edge": [
        "00100110110010111110000",
        "10100100110010111110000"
      ],
      "token_permutation": [
        0,
        2,
        1
      ],
      "token_zero_port": 0,
      "witness_index": 1
    },
    {
      "bad_fixed_paths": [
        [
          0,
          {
            "cut_index": 1,
            "endpoint": "10000110110010111110000",
            "join_neighbor": "00100110110010111110000",
            "join_support": "10100000000000000000000",
            "lower_q2_equal": true,
            "one": "00110010110010111110000",
            "q2": [
              [
                "00000010110010111110000",
                "10110110110010111110000"
              ],
              [
                "00000010110010111110000",
                "01110110110010111110000"
              ]
            ],
            "repeated": "00100000000000000000000",
            "resident": false,
            "resolved": true,
            "supports": [
              "10100000000000000000000",
              "00010100000000000000000",
              "01100000000000000000000"
            ],
            "two": "01010010110010111110000",
            "union_size": 5,
            "upper_q2_equal": false
          }
        ],
        [
          1,
          {
            "cut_index": 1,
            "endpoint": "10000110110010111110000",
            "join_neighbor": "00100110110010111110000",
            "join_support": "10100000000000000000000",
            "lower_q2_equal": true,
            "one": "00110010110010111110000",
            "q2": [
              [
                "00000010110010111110000",
                "10110110110010111110000"
              ],
              [
                "00000010110010111110000",
                "01110110110010111110000"
              ]
            ],
            "repeated": "00100000000000000000000",
            "resident": false,
            "resolved": true,
            "supports": [
              "10100000000000000000000",
              "00010100000000000000000",
              "01100000000000000000000"
            ],
            "two": "01010010110010111110000",
            "union_size": 5,
            "upper_q2_equal": false
          }
        ]
      ],
      "c8": {
        "a": [
          "00100100110110111110000",
          "00000101110110111110000",
          "00000111110010111110000",
          "00100110110010111110000"
        ],
        "b": [
          "10000100110110111110000",
          "10000101110010111110000",
          "10000110110010111110000",
          "10100100110010111110000"
        ],
        "core": "00000100110010111110000",
        "direction": -1,
        "new": [
          [
            "00100100110110111110000",
            "10100100110010111110000"
          ],
          [
            "00000101110110111110000",
            "10000100110110111110000"
          ],
          [
            "00000111110010111110000",
            "10000101110010111110000"
          ],
          [
            "00100110110010111110000",
            "10000110110010111110000"
          ]
        ],
        "old": [
          [
            "00100100110110111110000",
            "10000100110110111110000"
          ],
          [
            "00000101110110111110000",
            "10000101110010111110000"
          ],
          [
            "00000111110010111110000",
            "10000110110010111110000"
          ],
          [
            "00100110110010111110000",
            "10100100110010111110000"
          ]
        ],
        "x": [
          11,
          7,
          6,
          2
        ],
        "y": 0
      },
      "c8_auxiliary_edges": [
        [
          "00000101110110111110000",
          "10000101110010111110000"
        ],
        [
          "00000111110010111110000",
          "10000110110010111110000"
        ]
      ],
      "c8_context_edge": [
        "00100100110110111110000",
        "10000100110110111110000"
      ],
      "c8_router_edge": [
        "00100110110010111110000",
        "10100100110010111110000"
      ],
      "token_permutation": [
        0,
        2,
        1
      ],
      "token_zero_port": 0,
      "witness_index": 1
    },
    {
      "bad_fixed_paths": [
        [
          0,
          {
            "cut_index": 0,
            "endpoint": "00000100111110111110000",
            "join_neighbor": "10000100110110111110000",
            "join_support": "10000000001000000000000",
            "lower_q2_equal": false,
            "one": "11000100110100111110000",
            "q2": [
              [
                "00000100110100111110000",
                "11000100111110111110000"
              ],
              [
                "10000100110000111110000",
                "11000100111110111110000"
              ]
            ],
            "repeated": "00000000001000000000000",
            "resident": false,
            "resolved": true,
            "supports": [
              "10000000001000000000000",
              "01000000000010000000000",
              "00000000001100000000000"
            ],
            "two": "11000100111000111110000",
            "union_size": 5,
            "upper_q2_equal": true
          }
        ],
        [
          0,
          {
            "cut_index": 1,
            "endpoint": "10000110110010111110000",
            "join_neighbor": "00100110110010111110000",
            "join_support": "10100000000000000000000",
            "lower_q2_equal": true,
            "one": "00110010110010111110000",
            "q2": [
              [
                "00000010110010111110000",
                "10110110110010111110000"
              ],
              [
                "00000010110010111110000",
                "01110110110010111110000"
              ]
            ],
            "repeated": "00100000000000000000000",
            "resident": false,
            "resolved": true,
            "supports": [
              "10100000000000000000000",
              "00010100000000000000000",
              "01100000000000000000000"
            ],
            "two": "01010010110010111110000",
            "union_size": 5,
            "upper_q2_equal": false
          }
        ],
        [
          1,
          {
            "cut_index": 0,
            "endpoint": "00000100111110111110000",
            "join_neighbor": "10000100110110111110000",
            "join_support": "10000000001000000000000",
            "lower_q2_equal": false,
            "one": "11000100110100111110000",
            "q2": [
              [
                "00000100110100111110000",
                "11000100111110111110000"
              ],
              [
                "10000100110000111110000",
                "11000100111110111110000"
              ]
            ],
            "repeated": "00000000001000000000000",
            "resident": false,
            "resolved": true,
            "supports": [
              "10000000001000000000000",
              "01000000000010000000000",
              "00000000001100000000000"
            ],
            "two": "11000100111000111110000",
            "union_size": 5,
            "upper_q2_equal": true
          }
        ],
        [
          1,
          {
            "cut_index": 1,
            "endpoint": "10000110110010111110000",
            "join_neighbor": "00100110110010111110000",
            "join_support": "10100000000000000000000",
            "lower_q2_equal": true,
            "one": "00110010110010111110000",
            "q2": [
              [
                "00000010110010111110000",
                "10110110110010111110000"
              ],
              [
                "00000010110010111110000",
                "01110110110010111110000"
              ]
            ],
            "repeated": "00100000000000000000000",
            "resident": false,
            "resolved": true,
            "supports": [
              "10100000000000000000000",
              "00010100000000000000000",
              "01100000000000000000000"
            ],
            "two": "01010010110010111110000",
            "union_size": 5,
            "upper_q2_equal": false
          }
        ]
      ],
      "c8": {
        "a": [
          "00100100110110111110000",
          "00000100111110111110000",
          "00000110111010111110000",
          "00100110110010111110000"
        ],
        "b": [
          "10000100110110111110000",
          "10000100111010111110000",
          "10000110110010111110000",
          "10100100110010111110000"
        ],
        "core": "00000100110010111110000",
        "direction": -1,
        "new": [
          [
            "00100100110110111110000",
            "10100100110010111110000"
          ],
          [
            "00000100111110111110000",
            "10000100110110111110000"
          ],
          [
            "00000110111010111110000",
            "10000100111010111110000"
          ],
          [
            "00100110110010111110000",
            "10000110110010111110000"
          ]
        ],
        "old": [
          [
            "00100100110110111110000",
            "10000100110110111110000"
          ],
          [
            "00000100111110111110000",
            "10000100111010111110000"
          ],
          [
            "00000110111010111110000",
            "10000110110010111110000"
          ],
          [
            "00100110110010111110000",
            "10100100110010111110000"
          ]
        ],
        "x": [
          11,
          10,
          6,
          2
        ],
        "y": 0
      },
      "c8_auxiliary_edges": [
        [
          "00000100111110111110000",
          "10000100111010111110000"
        ],
        [
          "00000110111010111110000",
          "10000110110010111110000"
        ]
      ],
      "c8_context_edge": [
        "00100100110110111110000",
        "10000100110110111110000"
      ],
      "c8_router_edge": [
        "00100110110010111110000",
        "10100100110010111110000"
      ],
      "token_permutation": [
        0,
        2,
        1
      ],
      "token_zero_port": 0,
      "witness_index": 1
    },
    {
      "bad_fixed_paths": [
        [
          0,
          {
            "cut_index": 1,
            "endpoint": "10000110110010111110000",
            "join_neighbor": "00100110110010111110000",
            "join_support": "10100000000000000000000",
            "lower_q2_equal": true,
            "one": "00110010110010111110000",
            "q2": [
              [
                "00000010110010111110000",
                "10110110110010111110000"
              ],
              [
                "00000010110010111110000",
                "01110110110010111110000"
              ]
            ],
            "repeated": "00100000000000000000000",
            "resident": false,
            "resolved": true,
            "supports": [
              "10100000000000000000000",
              "00010100000000000000000",
              "01100000000000000000000"
            ],
            "two": "01010010110010111110000",
            "union_size": 5,
            "upper_q2_equal": false
          }
        ],
        [
          1,
          {
            "cut_index": 1,
            "endpoint": "10000110110010111110000",
            "join_neighbor": "00100110110010111110000",
            "join_support": "10100000000000000000000",
            "lower_q2_equal": true,
            "one": "00110010110010111110000",
            "q2": [
              [
                "00000010110010111110000",
                "10110110110010111110000"
              ],
              [
                "00000010110010111110000",
                "01110110110010111110000"
              ]
            ],
            "repeated": "00100000000000000000000",
            "resident": false,
            "resolved": true,
            "supports": [
              "10100000000000000000000",
              "00010100000000000000000",
              "01100000000000000000000"
            ],
            "two": "01010010110010111110000",
            "union_size": 5,
            "upper_q2_equal": false
          }
        ]
      ],
      "c8": {
        "a": [
          "00100100110110111110000",
          "00000100110111111110000",
          "00000110110011111110000",
          "00100110110010111110000"
        ],
        "b": [
          "10000100110110111110000",
          "10000100110011111110000",
          "10000110110010111110000",
          "10100100110010111110000"
        ],
        "core": "00000100110010111110000",
        "direction": -1,
        "new": [
          [
            "00100100110110111110000",
            "10100100110010111110000"
          ],
          [
            "00000100110111111110000",
            "10000100110110111110000"
          ],
          [
            "00000110110011111110000",
            "10000100110011111110000"
          ],
          [
            "00100110110010111110000",
            "10000110110010111110000"
          ]
        ],
        "old": [
          [
            "00100100110110111110000",
            "10000100110110111110000"
          ],
          [
            "00000100110111111110000",
            "10000100110011111110000"
          ],
          [
            "00000110110011111110000",
            "10000110110010111110000"
          ],
          [
            "00100110110010111110000",
            "10100100110010111110000"
          ]
        ],
        "x": [
          11,
          13,
          6,
          2
        ],
        "y": 0
      },
      "c8_auxiliary_edges": [
        [
          "00000100110111111110000",
          "10000100110011111110000"
        ],
        [
          "00000110110011111110000",
          "10000110110010111110000"
        ]
      ],
      "c8_context_edge": [
        "00100100110110111110000",
        "10000100110110111110000"
      ],
      "c8_router_edge": [
        "00100110110010111110000",
        "10100100110010111110000"
      ],
      "token_permutation": [
        0,
        2,
        1
      ],
      "token_zero_port": 0,
      "witness_index": 1
    },
    {
      "bad_fixed_paths": [
        [
          0,
          {
            "cut_index": 1,
            "endpoint": "10000110110010111110000",
            "join_neighbor": "00100110110010111110000",
            "join_support": "10100000000000000000000",
            "lower_q2_equal": true,
            "one": "00110010110010111110000",
            "q2": [
              [
                "00000010110010111110000",
                "10110110110010111110000"
              ],
              [
                "00000010110010111110000",
                "01110110110010111110000"
              ]
            ],
            "repeated": "00100000000000000000000",
            "resident": false,
            "resolved": true,
            "supports": [
              "10100000000000000000000",
              "00010100000000000000000",
              "01100000000000000000000"
            ],
            "two": "01010010110010111110000",
            "union_size": 5,
            "upper_q2_equal": false
          }
        ],
        [
          1,
          {
            "cut_index": 1,
            "endpoint": "10000110110010111110000",
            "join_neighbor": "00100110110010111110000",
            "join_support": "10100000000000000000000",
            "lower_q2_equal": true,
            "one": "00110010110010111110000",
            "q2": [
              [
                "00000010110010111110000",
                "10110110110010111110000"
              ],
              [
                "00000010110010111110000",
                "01110110110010111110000"
              ]
            ],
            "repeated": "00100000000000000000000",
            "resident": false,
            "resolved": true,
            "supports": [
              "10100000000000000000000",
              "00010100000000000000000",
              "01100000000000000000000"
            ],
            "two": "01010010110010111110000",
            "union_size": 5,
            "upper_q2_equal": false
          }
        ]
      ],
      "c8": {
        "a": [
          "00100100110110111110000",
          "00000100110110111111000",
          "00000110110010111111000",
          "00100110110010111110000"
        ],
        "b": [
          "10000100110110111110000",
          "10000100110010111111000",
          "10000110110010111110000",
          "10100100110010111110000"
        ],
        "core": "00000100110010111110000",
        "direction": -1,
        "new": [
          [
            "00100100110110111110000",
            "10100100110010111110000"
          ],
          [
            "00000100110110111111000",
            "10000100110110111110000"
          ],
          [
            "00000110110010111111000",
            "10000100110010111111000"
          ],
          [
            "00100110110010111110000",
            "10000110110010111110000"
          ]
        ],
        "old": [
          [
            "00100100110110111110000",
            "10000100110110111110000"
          ],
          [
            "00000100110110111111000",
            "10000100110010111111000"
          ],
          [
            "00000110110010111111000",
            "10000110110010111110000"
          ],
          [
            "00100110110010111110000",
            "10100100110010111110000"
          ]
        ],
        "x": [
          11,
          19,
          6,
          2
        ],
        "y": 0
      },
      "c8_auxiliary_edges": [
        [
          "00000100110110111111000",
          "10000100110010111111000"
        ],
        [
          "00000110110010111111000",
          "10000110110010111110000"
        ]
      ],
      "c8_context_edge": [
        "00100100110110111110000",
        "10000100110110111110000"
      ],
      "c8_router_edge": [
        "00100110110010111110000",
        "10100100110010111110000"
      ],
      "token_permutation": [
        0,
        2,
        1
      ],
      "token_zero_port": 0,
      "witness_index": 1
    },
    {
      "bad_fixed_paths": [
        [
          0,
          {
            "cut_index": 1,
            "endpoint": "10000110110010111110000",
            "join_neighbor": "00100110110010111110000",
            "join_support": "10100000000000000000000",
            "lower_q2_equal": true,
            "one": "00110010110010111110000",
            "q2": [
              [
                "00000010110010111110000",
                "10110110110010111110000"
              ],
              [
                "00000010110010111110000",
                "01110110110010111110000"
              ]
            ],
            "repeated": "00100000000000000000000",
            "resident": false,
            "resolved": true,
            "supports": [
              "10100000000000000000000",
              "00010100000000000000000",
              "01100000000000000000000"
            ],
            "two": "01010010110010111110000",
            "union_size": 5,
            "upper_q2_equal": false
          }
        ],
        [
          1,
          {
            "cut_index": 1,
            "endpoint": "10000110110010111110000",
            "join_neighbor": "00100110110010111110000",
            "join_support": "10100000000000000000000",
            "lower_q2_equal": true,
            "one": "00110010110010111110000",
            "q2": [
              [
                "00000010110010111110000",
                "10110110110010111110000"
              ],
              [
                "00000010110010111110000",
                "01110110110010111110000"
              ]
            ],
            "repeated": "00100000000000000000000",
            "resident": false,
            "resolved": true,
            "supports": [
              "10100000000000000000000",
              "00010100000000000000000",
              "01100000000000000000000"
            ],
            "two": "01010010110010111110000",
            "union_size": 5,
            "upper_q2_equal": false
          }
        ]
      ],
      "c8": {
        "a": [
          "00100100110110111110000",
          "00000100110110111110100",
          "00000110110010111110100",
          "00100110110010111110000"
        ],
        "b": [
          "10000100110110111110000",
          "10000100110010111110100",
          "10000110110010111110000",
          "10100100110010111110000"
        ],
        "core": "00000100110010111110000",
        "direction": -1,
        "new": [
          [
            "00100100110110111110000",
            "10100100110010111110000"
          ],
          [
            "00000100110110111110100",
            "10000100110110111110000"
          ],
          [
            "00000110110010111110100",
            "10000100110010111110100"
          ],
          [
            "00100110110010111110000",
            "10000110110010111110000"
          ]
        ],
        "old": [
          [
            "00100100110110111110000",
            "10000100110110111110000"
          ],
          [
            "00000100110110111110100",
            "10000100110010111110100"
          ],
          [
            "00000110110010111110100",
            "10000110110010111110000"
          ],
          [
            "00100110110010111110000",
            "10100100110010111110000"
          ]
        ],
        "x": [
          11,
          20,
          6,
          2
        ],
        "y": 0
      },
      "c8_auxiliary_edges": [
        [
          "00000100110110111110100",
          "10000100110010111110100"
        ],
        [
          "00000110110010111110100",
          "10000110110010111110000"
        ]
      ],
      "c8_context_edge": [
        "00100100110110111110000",
        "10000100110110111110000"
      ],
      "c8_router_edge": [
        "00100110110010111110000",
        "10100100110010111110000"
      ],
      "token_permutation": [
        0,
        2,
        1
      ],
      "token_zero_port": 0,
      "witness_index": 1
    },
    {
      "bad_fixed_paths": [
        [
          0,
          {
            "cut_index": 1,
            "endpoint": "10000110110010111110000",
            "join_neighbor": "00100110110010111110000",
            "join_support": "10100000000000000000000",
            "lower_q2_equal": true,
            "one": "00110010110010111110000",
            "q2": [
              [
                "00000010110010111110000",
                "10110110110010111110000"
              ],
              [
                "00000010110010111110000",
                "01110110110010111110000"
              ]
            ],
            "repeated": "00100000000000000000000",
            "resident": false,
            "resolved": true,
            "supports": [
              "10100000000000000000000",
              "00010100000000000000000",
              "01100000000000000000000"
            ],
            "two": "01010010110010111110000",
            "union_size": 5,
            "upper_q2_equal": false
          }
        ],
        [
          1,
          {
            "cut_index": 1,
            "endpoint": "10000110110010111110000",
            "join_neighbor": "00100110110010111110000",
            "join_support": "10100000000000000000000",
            "lower_q2_equal": true,
            "one": "00110010110010111110000",
            "q2": [
              [
                "00000010110010111110000",
                "10110110110010111110000"
              ],
              [
                "00000010110010111110000",
                "01110110110010111110000"
              ]
            ],
            "repeated": "00100000000000000000000",
            "resident": false,
            "resolved": true,
            "supports": [
              "10100000000000000000000",
              "00010100000000000000000",
              "01100000000000000000000"
            ],
            "two": "01010010110010111110000",
            "union_size": 5,
            "upper_q2_equal": false
          }
        ]
      ],
      "c8": {
        "a": [
          "00100100110110111110000",
          "00000100110110111110010",
          "00000110110010111110010",
          "00100110110010111110000"
        ],
        "b": [
          "10000100110110111110000",
          "10000100110010111110010",
          "10000110110010111110000",
          "10100100110010111110000"
        ],
        "core": "00000100110010111110000",
        "direction": -1,
        "new": [
          [
            "00100100110110111110000",
            "10100100110010111110000"
          ],
          [
            "00000100110110111110010",
            "10000100110110111110000"
          ],
          [
            "00000110110010111110010",
            "10000100110010111110010"
          ],
          [
            "00100110110010111110000",
            "10000110110010111110000"
          ]
        ],
        "old": [
          [
            "00100100110110111110000",
            "10000100110110111110000"
          ],
          [
            "00000100110110111110010",
            "10000100110010111110010"
          ],
          [
            "00000110110010111110010",
            "10000110110010111110000"
          ],
          [
            "00100110110010111110000",
            "10100100110010111110000"
          ]
        ],
        "x": [
          11,
          21,
          6,
          2
        ],
        "y": 0
      },
      "c8_auxiliary_edges": [
        [
          "00000100110110111110010",
          "10000100110010111110010"
        ],
        [
          "00000110110010111110010",
          "10000110110010111110000"
        ]
      ],
      "c8_context_edge": [
        "00100100110110111110000",
        "10000100110110111110000"
      ],
      "c8_router_edge": [
        "00100110110010111110000",
        "10100100110010111110000"
      ],
      "token_permutation": [
        0,
        2,
        1
      ],
      "token_zero_port": 0,
      "witness_index": 1
    },
    {
      "bad_fixed_paths": [
        [
          0,
          {
            "cut_index": 1,
            "endpoint": "10000110110010111110000",
            "join_neighbor": "00100110110010111110000",
            "join_support": "10100000000000000000000",
            "lower_q2_equal": true,
            "one": "00110010110010111110000",
            "q2": [
              [
                "00000010110010111110000",
                "10110110110010111110000"
              ],
              [
                "00000010110010111110000",
                "01110110110010111110000"
              ]
            ],
            "repeated": "00100000000000000000000",
            "resident": false,
            "resolved": true,
            "supports": [
              "10100000000000000000000",
              "00010100000000000000000",
              "01100000000000000000000"
            ],
            "two": "01010010110010111110000",
            "union_size": 5,
            "upper_q2_equal": false
          }
        ],
        [
          1,
          {
            "cut_index": 1,
            "endpoint": "10000110110010111110000",
            "join_neighbor": "00100110110010111110000",
            "join_support": "10100000000000000000000",
            "lower_q2_equal": true,
            "one": "00110010110010111110000",
            "q2": [
              [
                "00000010110010111110000",
                "10110110110010111110000"
              ],
              [
                "00000010110010111110000",
                "01110110110010111110000"
              ]
            ],
            "repeated": "00100000000000000000000",
            "resident": false,
            "resolved": true,
            "supports": [
              "10100000000000000000000",
              "00010100000000000000000",
              "01100000000000000000000"
            ],
            "two": "01010010110010111110000",
            "union_size": 5,
            "upper_q2_equal": false
          }
        ]
      ],
      "c8": {
        "a": [
          "00100100110110111110000",
          "00000100110110111110001",
          "00000110110010111110001",
          "00100110110010111110000"
        ],
        "b": [
          "10000100110110111110000",
          "10000100110010111110001",
          "10000110110010111110000",
          "10100100110010111110000"
        ],
        "core": "00000100110010111110000",
        "direction": -1,
        "new": [
          [
            "00100100110110111110000",
            "10100100110010111110000"
          ],
          [
            "00000100110110111110001",
            "10000100110110111110000"
          ],
          [
            "00000110110010111110001",
            "10000100110010111110001"
          ],
          [
            "00100110110010111110000",
            "10000110110010111110000"
          ]
        ],
        "old": [
          [
            "00100100110110111110000",
            "10000100110110111110000"
          ],
          [
            "00000100110110111110001",
            "10000100110010111110001"
          ],
          [
            "00000110110010111110001",
            "10000110110010111110000"
          ],
          [
            "00100110110010111110000",
            "10100100110010111110000"
          ]
        ],
        "x": [
          11,
          22,
          6,
          2
        ],
        "y": 0
      },
      "c8_auxiliary_edges": [
        [
          "00000100110110111110001",
          "10000100110010111110001"
        ],
        [
          "00000110110010111110001",
          "10000110110010111110000"
        ]
      ],
      "c8_context_edge": [
        "00100100110110111110000",
        "10000100110110111110000"
      ],
      "c8_router_edge": [
        "00100110110010111110000",
        "10100100110010111110000"
      ],
      "token_permutation": [
        0,
        2,
        1
      ],
      "token_zero_port": 0,
      "witness_index": 1
    },
    {
      "bad_fixed_paths": [
        [
          0,
          {
            "cut_index": 1,
            "endpoint": "10000110110110111100000",
            "join_neighbor": "00100110110110111100000",
            "join_support": "10100000000000000000000",
            "lower_q2_equal": true,
            "one": "00110010110110111100000",
            "q2": [
              [
                "00000010110110111100000",
                "10110110110110111100000"
              ],
              [
                "00000010110110111100000",
                "01110110110110111100000"
              ]
            ],
            "repeated": "00100000000000000000000",
            "resident": false,
            "resolved": true,
            "supports": [
              "10100000000000000000000",
              "00010100000000000000000",
              "01100000000000000000000"
            ],
            "two": "01010010110110111100000",
            "union_size": 5,
            "upper_q2_equal": false
          }
        ],
        [
          1,
          {
            "cut_index": 1,
            "endpoint": "10000110110110111100000",
            "join_neighbor": "00100110110110111100000",
            "join_support": "10100000000000000000000",
            "lower_q2_equal": true,
            "one": "00110010110110111100000",
            "q2": [
              [
                "00000010110110111100000",
                "10110110110110111100000"
              ],
              [
                "00000010110110111100000",
                "01110110110110111100000"
              ]
            ],
            "repeated": "00100000000000000000000",
            "resident": false,
            "resolved": true,
            "supports": [
              "10100000000000000000000",
              "00010100000000000000000",
              "01100000000000000000000"
            ],
            "two": "01010010110110111100000",
            "union_size": 5,
            "upper_q2_equal": false
          }
        ]
      ],
      "c8": {
        "a": [
          "00100100110110111110000",
          "00010100110110111110000",
          "00010110110110111100000",
          "00100110110110111100000"
        ],
        "b": [
          "10000100110110111110000",
          "10010100110110111100000",
          "10000110110110111100000",
          "10100100110110111100000"
        ],
        "core": "00000100110110111100000",
        "direction": -1,
        "new": [
          [
            "00100100110110111110000",
            "10100100110110111100000"
          ],
          [
            "00010100110110111110000",
            "10000100110110111110000"
          ],
          [
            "00010110110110111100000",
            "10010100110110111100000"
          ],
          [
            "00100110110110111100000",
            "10000110110110111100000"
          ]
        ],
        "old": [
          [
            "00100100110110111110000",
            "10000100110110111110000"
          ],
          [
            "00010100110110111110000",
            "10010100110110111100000"
          ],
          [
            "00010110110110111100000",
            "10000110110110111100000"
          ],
          [
            "00100110110110111100000",
            "10100100110110111100000"
          ]
        ],
        "x": [
          18,
          3,
          6,
          2
        ],
        "y": 0
      },
      "c8_auxiliary_edges": [
        [
          "00010100110110111110000",
          "10010100110110111100000"
        ],
        [
          "00010110110110111100000",
          "10000110110110111100000"
        ]
      ],
      "c8_context_edge": [
        "00100100110110111110000",
        "10000100110110111110000"
      ],
      "c8_router_edge": [
        "00100110110110111100000",
        "10100100110110111100000"
      ],
      "token_permutation": [
        0,
        2,
        1
      ],
      "token_zero_port": 0,
      "witness_index": 2
    },
    {
      "bad_fixed_paths": [
        [
          0,
          {
            "cut_index": 1,
            "endpoint": "10000110110110111100000",
            "join_neighbor": "00100110110110111100000",
            "join_support": "10100000000000000000000",
            "lower_q2_equal": true,
            "one": "00110010110110111100000",
            "q2": [
              [
                "00000010110110111100000",
                "10110110110110111100000"
              ],
              [
                "00000010110110111100000",
                "01110110110110111100000"
              ]
            ],
            "repeated": "00100000000000000000000",
            "resident": false,
            "resolved": true,
            "supports": [
              "10100000000000000000000",
              "00010100000000000000000",
              "01100000000000000000000"
            ],
            "two": "01010010110110111100000",
            "union_size": 5,
            "upper_q2_equal": false
          }
        ],
        [
          1,
          {
            "cut_index": 1,
            "endpoint": "10000110110110111100000",
            "join_neighbor": "00100110110110111100000",
            "join_support": "10100000000000000000000",
            "lower_q2_equal": true,
            "one": "00110010110110111100000",
            "q2": [
              [
                "00000010110110111100000",
                "10110110110110111100000"
              ],
              [
                "00000010110110111100000",
                "01110110110110111100000"
              ]
            ],
            "repeated": "00100000000000000000000",
            "resident": false,
            "resolved": true,
            "supports": [
              "10100000000000000000000",
              "00010100000000000000000",
              "01100000000000000000000"
            ],
            "two": "01010010110110111100000",
            "union_size": 5,
            "upper_q2_equal": false
          }
        ]
      ],
      "c8": {
        "a": [
          "00100100110110111110000",
          "00001100110110111110000",
          "00001110110110111100000",
          "00100110110110111100000"
        ],
        "b": [
          "10000100110110111110000",
          "10001100110110111100000",
          "10000110110110111100000",
          "10100100110110111100000"
        ],
        "core": "00000100110110111100000",
        "direction": -1,
        "new": [
          [
            "00100100110110111110000",
            "10100100110110111100000"
          ],
          [
            "00001100110110111110000",
            "10000100110110111110000"
          ],
          [
            "00001110110110111100000",
            "10001100110110111100000"
          ],
          [
            "00100110110110111100000",
            "10000110110110111100000"
          ]
        ],
        "old": [
          [
            "00100100110110111110000",
            "10000100110110111110000"
          ],
          [
            "00001100110110111110000",
            "10001100110110111100000"
          ],
          [
            "00001110110110111100000",
            "10000110110110111100000"
          ],
          [
            "00100110110110111100000",
            "10100100110110111100000"
          ]
        ],
        "x": [
          18,
          4,
          6,
          2
        ],
        "y": 0
      },
      "c8_auxiliary_edges": [
        [
          "00001100110110111110000",
          "10001100110110111100000"
        ],
        [
          "00001110110110111100000",
          "10000110110110111100000"
        ]
      ],
      "c8_context_edge": [
        "00100100110110111110000",
        "10000100110110111110000"
      ],
      "c8_router_edge": [
        "00100110110110111100000",
        "10100100110110111100000"
      ],
      "token_permutation": [
        0,
        2,
        1
      ],
      "token_zero_port": 0,
      "witness_index": 2
    }
  ],
  "failure_union_histogram": {
    "5": 420
  },
  "q1_witnesses_sha256": "18f59d809934a4283b6a71a6ee1311586c42f54955d09820332959b6e9f17b35",
  "q2_duplicate_shore_histogram": {
    "lower": 378,
    "upper": 42
  },
  "repeated_coordinate_histogram": {
    "10": 42,
    "2": 378
  },
  "selection_sha256": "94deb656dac1d8955b20d851e92600156d703842d6de169d4b6bea356fa3ec32",
  "solutions": [],
  "source_witnesses": 21,
  "status": "NO_WITNESS"
}
