{
  "selection_sha256": "94deb656dac1d8955b20d851e92600156d703842d6de169d4b6bea356fa3ec32",
  "solver_trials": [
    {
      "clauses": 86940,
      "post_reverse": 0,
      "status": "UNSAT",
      "tag_states": 1,
      "variables": 12792
    },
    {
      "clauses": 173880,
      "post_reverse": 0,
      "status": "UNSAT",
      "tag_states": 2,
      "variables": 25212
    },
    {
      "clauses": 273240,
      "post_reverse": 0,
      "status": "UNSAT",
      "tag_states": 3,
      "variables": 37632
    },
    {
      "clauses": 385020,
      "post_reverse": 0,
      "status": "UNSAT",
      "tag_states": 4,
      "variables": 50052
    },
    {
      "clauses": 509220,
      "post_reverse": 0,
      "status": "UNSAT",
      "tag_states": 5,
      "variables": 62472
    },
    {
      "clauses": 645840,
      "post_reverse": 0,
      "status": "UNSAT",
      "tag_states": 6,
      "variables": 74892
    },
    {
      "clauses": 794880,
      "post_reverse": 0,
      "status": "UNSAT",
      "tag_states": 7,
      "variables": 87312
    },
    {
      "clauses": 956340,
      "post_reverse": 0,
      "status": "UNSAT",
      "tag_states": 8,
      "variables": 99732
    },
    {
      "clauses": 86940,
      "post_reverse": 1,
      "status": "UNSAT",
      "tag_states": 1,
      "variables": 12792
    },
    {
      "clauses": 173880,
      "post_reverse": 1,
      "status": "UNSAT",
      "tag_states": 2,
      "variables": 25212
    },
    {
      "clauses": 273240,
      "post_reverse": 1,
      "status": "UNSAT",
      "tag_states": 3,
      "variables": 37632
    },
    {
      "clauses": 385020,
      "post_reverse": 1,
      "status": "UNSAT",
      "tag_states": 4,
      "variables": 50052
    },
    {
      "clauses": 509220,
      "post_reverse": 1,
      "status": "UNSAT",
      "tag_states": 5,
      "variables": 62472
    },
    {
      "clauses": 645840,
      "post_reverse": 1,
      "status": "UNSAT",
      "tag_states": 6,
      "variables": 74892
    },
    {
      "clauses": 794880,
      "post_reverse": 1,
      "status": "UNSAT",
      "tag_states": 7,
      "variables": 87312
    },
    {
      "clauses": 956340,
      "post_reverse": 1,
      "status": "UNSAT",
      "tag_states": 8,
      "variables": 99732
    }
  ],
  "status": "BOUNDED_TAG_FAILURE",
  "unrestricted_quotient_tests": [
    {
      "clauses": 1415880,
      "post_reverse": 0,
      "status": "UNSAT",
      "tag_bits": 14,
      "variables": 522012
    },
    {
      "clauses": 1415880,
      "post_reverse": 1,
      "status": "UNSAT",
      "tag_bits": 14,
      "variables": 522012
    }
  ]
}
