{
  "candidate_count_histogram": {
    "4": 1,
    "8": 5,
    "12": 1,
    "16": 5,
    "24": 3,
    "32": 2,
    "36": 1,
    "40": 1,
    "48": 1,
    "60": 1,
    "64": 3,
    "80": 1,
    "100": 1,
    "152": 2,
    "156": 1,
    "164": 1,
    "172": 1,
    "188": 1,
    "204": 1,
    "228": 1,
    "256": 1,
    "276": 1,
    "292": 1,
    "336": 1,
    "388": 1,
    "416": 1,
    "704": 1
  },
  "cnf": {
    "clauses": 318605,
    "variables": 112065
  },
  "core_role_histogram": {
    "child_D2": 1,
    "split_bridge": 2
  },
  "core_split_histogram": {
    "[[1, 3], [2, 2]]": 1,
    "[[2, 2], [2, 2]]": 1,
    "[[2, 2], [3, 1]]": 1
  },
  "edges": 41,
  "minimal_unsat_core": [
    {
      "candidate_count": 704,
      "candidate_prefix_histogram": {
        "101001001101": 340,
        "101001010101": 364
      },
      "edge": {
        "child": "left",
        "role": "child_D2",
        "split_pair": [
          [
            2,
            2
          ],
          [
            2,
            2
          ]
        ],
        "suffix_edge": [
          "1110001010",
          "1101001010"
        ]
      },
      "edge_index": 35,
      "minimum_incidence_length": 22
    },
    {
      "candidate_count": 152,
      "candidate_prefix_histogram": {
        "101001001101": 76,
        "101001010101": 76
      },
      "edge": {
        "child": "(1, 3)->(2, 2)",
        "role": "split_bridge",
        "split_pair": [
          [
            1,
            3
          ],
          [
            2,
            2
          ]
        ],
        "suffix_edge": [
          "1100101010",
          "1101001010"
        ]
      },
      "edge_index": 38,
      "minimum_incidence_length": 18
    },
    {
      "candidate_count": 100,
      "candidate_prefix_histogram": {
        "101001001101": 50,
        "101001010101": 50
      },
      "edge": {
        "child": "(2, 2)->(3, 1)",
        "role": "split_bridge",
        "split_pair": [
          [
            2,
            2
          ],
          [
            3,
            1
          ]
        ],
        "suffix_edge": [
          "1101001010",
          "1101010010"
        ]
      },
      "edge_index": 39,
      "minimum_incidence_length": 18
    }
  ],
  "selection": null,
  "status": "UNSAT",
  "total_candidates": 4912
}
