{
  "candidate_count_histogram": {
    "12": 5,
    "24": 2,
    "32": 1,
    "36": 4,
    "48": 2,
    "52": 1,
    "56": 1,
    "68": 1,
    "76": 1,
    "84": 1,
    "88": 1,
    "94": 1,
    "100": 1,
    "128": 1,
    "172": 2,
    "196": 1,
    "200": 1,
    "204": 1,
    "220": 2,
    "274": 1,
    "364": 1,
    "368": 1,
    "384": 1,
    "420": 1,
    "518": 1,
    "544": 1,
    "610": 1,
    "756": 1,
    "1162": 1,
    "5484": 1
  },
  "cnf": {
    "clauses": 1067613,
    "extension_edges": 41,
    "variables": 368021
  },
  "core_role_histogram": {
    "child_D3": 2,
    "child_D4": 1,
    "split_bridge": 1
  },
  "core_split_histogram": {
    "[[0, 4], [0, 4]]": 1,
    "[[0, 4], [1, 3]]": 1,
    "[[3, 1], [3, 1]]": 2
  },
  "edges": 41,
  "minimal_unsat_core": [
    {
      "candidate_count": 36,
      "candidate_prefix_histogram": {
        "101001001101": 12,
        "101001010101": 12,
        "101010001101": 12
      },
      "edge": {
        "child": "10",
        "role": "child_D4",
        "split_pair": [
          [
            0,
            4
          ],
          [
            0,
            4
          ]
        ],
        "suffix_edge": [
          "1011001010",
          "1010101010"
        ]
      },
      "edge_index": 22,
      "minimum_incidence_length": 18
    },
    {
      "candidate_count": 24,
      "candidate_prefix_histogram": {
        "101001001101": 8,
        "101001010101": 8,
        "101010001101": 8
      },
      "edge": {
        "child": "wrap_tail",
        "role": "child_D3",
        "split_pair": [
          [
            3,
            1
          ],
          [
            3,
            1
          ]
        ],
        "suffix_edge": [
          "1111000010",
          "1101100010"
        ]
      },
      "edge_index": 27,
      "minimum_incidence_length": 22
    },
    {
      "candidate_count": 12,
      "candidate_prefix_histogram": {
        "101001001101": 4,
        "101001010101": 4,
        "101010001101": 4
      },
      "edge": {
        "child": "wrap_tail",
        "role": "child_D3",
        "split_pair": [
          [
            3,
            1
          ],
          [
            3,
            1
          ]
        ],
        "suffix_edge": [
          "1110100010",
          "1101100010"
        ]
      },
      "edge_index": 33,
      "minimum_incidence_length": 20
    },
    {
      "candidate_count": 12,
      "candidate_prefix_histogram": {
        "101001001101": 4,
        "101001010101": 4,
        "101010001101": 4
      },
      "edge": {
        "child": "(0, 4)->(1, 3)",
        "role": "split_bridge",
        "split_pair": [
          [
            0,
            4
          ],
          [
            1,
            3
          ]
        ],
        "suffix_edge": [
          "1010101010",
          "1100101010"
        ]
      },
      "edge_index": 37,
      "minimum_incidence_length": 14
    }
  ],
  "minimum_extension_overhead_owner_steps": null,
  "minimum_extension_uses": null,
  "selection": null,
  "status": "UNSAT",
  "total_candidates": 13394
}
