c model=0 touched_before=370 outputs=4 suffix_outputs=2 reduction=366
c model=1 touched_before=365 outputs=7 suffix_outputs=3 reduction=358
c model=2 touched_before=367 outputs=8 suffix_outputs=6 reduction=359
c model=3 touched_before=373 outputs=4 suffix_outputs=2 reduction=369
c model=4 touched_before=373 outputs=3 suffix_outputs=2 reduction=370
c model=5 touched_before=373 outputs=3 suffix_outputs=2 reduction=370
c model=6 touched_before=374 outputs=2 suffix_outputs=2 reduction=372
c model=7 touched_before=372 outputs=1 suffix_outputs=1 reduction=371
	Command being timed: "python3 solve_t2_suffix_d5_topology_cegar_20260814.py --maximum-models 200 --core-extension d5_thirdphase_all_0.out --core-extension d5_thirdphase_all_1.out --core-extension d5_thirdphase_all_2.out --core-extension d5_thirdphase_all_3.out --core-extension d5_thirdphase_all_4.out --core-extension d5_thirdphase_all_5.out --core-extension d5_thirdphase_all_6.out --core-extension d5_thirdphase_all_7.out --core-extension d5_thirdphase_all_8.out --core-extension d5_thirdphase_all_9.out --core-extension d5_thirdphase_all_10.out --core-extension d5_thirdphase_all_11.out --core-extension d5_thirdphase_all_12.out --core-extension d5_thirdphase_all_13.out --core-extension d5_thirdphase_all_14.out --core-extension d5_thirdphase_all_15.out --core-extension d5_thirdphase_all_16.out --core-extension d5_thirdphase_all_17.out --core-extension d5_thirdphase_all_18.out --core-extension d5_thirdphase_all_19.out --core-extension d5_thirdphase_all_20.out --core-extension d5_thirdphase_all_21.out --core-extension d5_thirdphase_all_22.out --core-extension d5_thirdphase_all_23.out --core-extension d5_thirdphase_all_24.out --core-extension d5_thirdphase_all_25.out --core-extension d5_thirdphase_all_26.out --core-extension d5_thirdphase_all_27.out --core-extension d5_thirdphase_all_28.out --core-extension d5_thirdphase_all_29.out --core-extension d5_thirdphase_all_30.out --core-extension d5_thirdphase_all_31.out --core-extension d5_thirdphase_all_32.out --core-extension d5_thirdphase_all_33.out --core-extension d5_thirdphase_all_34.out --core-extension d5_thirdphase_all_35.out --core-extension d5_thirdphase_all_36.out --core-extension d5_thirdphase_all_37.out --core-extension d5_thirdphase_all_38.out --core-extension d5_thirdphase_all_39.out --core-extension d5_thirdphase_all_40.out --core-extension d5_fourthphase_6.out --core-extension d5_fourthphase_7.out --core-extension d5_fourthphase_11.out --core-extension d5_fourthphase_13.out --core-extension d5_fourthphase_22.out --core-extension d5_fourthphase_23.out --core-extension d5_fourthphase_27.out --core-extension d5_fourthphase_28.out --core-extension d5_fourthphase_29.out --core-extension d5_fourthphase_33.out --core-extension d5_fourthphase_35.out --core-extension d5_fourthphase_37.out --core-extension d5_fourthphase_38.out --core-extension d5_fourthphase_39.out --core-extension d5_fourthphase_40.out --core-extension d5_fourthphase_cap512_0.out --core-extension d5_fourthphase_cap512_2.out --core-extension d5_fourthphase_cap512_3.out --core-extension d5_fourthphase_cap512_4.out --core-extension d5_fourthphase_cap512_8.out --core-extension d5_fourthphase_cap512_9.out --core-extension d5_fourthphase_cap512_10.out --core-extension d5_fourthphase_cap512_12.out --core-extension d5_fourthphase_cap512_14.out --core-extension d5_fourthphase_cap512_16.out --core-extension d5_fourthphase_cap512_17.out --core-extension d5_fourthphase_cap512_18.out --core-extension d5_fourthphase_cap512_20.out --core-extension d5_fourthphase_cap512_21.out --core-extension d5_fourthphase_cap512_24.out --core-extension d5_fourthphase_cap512_31.out --core-extension d5_fourthphase_cap512_32.out --core-extension d5_fourthphase_cap512_34.out d5_minimum_candidates_0.out d5_minimum_candidates_1.out d5_minimum_candidates_2.out d5_minimum_candidates_3.out d5_minimum_candidates_4.out d5_minimum_candidates_5.out d5_minimum_candidates_6.out d5_minimum_candidates_7.out d5_minimum_candidates_8.out d5_minimum_candidates_9.out d5_minimum_candidates_10.out d5_minimum_candidates_11.out d5_minimum_candidates_12.out d5_minimum_candidates_13.out d5_minimum_candidates_14.out d5_minimum_candidates_15.out d5_minimum_candidates_16.out d5_minimum_candidates_17.out d5_minimum_candidates_18.out d5_minimum_candidates_19.out d5_minimum_candidates_20.out d5_minimum_candidates_21.out d5_minimum_candidates_22.out d5_minimum_candidates_23.out d5_minimum_candidates_24.out d5_minimum_candidates_25.out d5_minimum_candidates_26.out d5_minimum_candidates_27.out d5_minimum_candidates_28.out d5_minimum_candidates_29.out d5_minimum_candidates_30.out d5_minimum_candidates_31.out d5_minimum_candidates_32.out d5_minimum_candidates_33.out d5_minimum_candidates_34.out d5_minimum_candidates_35.out d5_minimum_candidates_36.out d5_minimum_candidates_37.out d5_minimum_candidates_38.out d5_minimum_candidates_39.out d5_minimum_candidates_40.out"
	User time (seconds): 166.46
	System time (seconds): 7.47
	Percent of CPU this job got: 99%
	Elapsed (wall clock) time (h:mm:ss or m:ss): 2:53.95
	Average shared text size (kbytes): 0
	Average unshared data size (kbytes): 0
	Average stack size (kbytes): 0
	Average total size (kbytes): 0
	Maximum resident set size (kbytes): 3142260
	Average resident set size (kbytes): 0
	Major (requiring I/O) page faults: 1
	Minor (reclaiming a frame) page faults: 3901267
	Voluntary context switches: 2
	Involuntary context switches: 500
	Swaps: 0
	File system inputs: 240
	File system outputs: 0
	Socket messages sent: 0
	Socket messages received: 0
	Signals delivered: 0
	Page size (bytes): 4096
	Exit status: 0
