{
  "candidate_count_histogram": {
    "12": 3,
    "24": 2,
    "28": 2,
    "32": 1,
    "36": 3,
    "48": 2,
    "52": 1,
    "56": 1,
    "68": 1,
    "76": 1,
    "84": 1,
    "88": 1,
    "94": 1,
    "100": 1,
    "128": 1,
    "172": 2,
    "196": 1,
    "200": 1,
    "204": 1,
    "220": 2,
    "274": 1,
    "312": 1,
    "364": 1,
    "368": 1,
    "384": 1,
    "420": 1,
    "518": 1,
    "544": 1,
    "610": 1,
    "756": 1,
    "1162": 1,
    "5484": 1
  },
  "cnf": {
    "clauses": 1092181,
    "extension_edges": 41,
    "variables": 376465
  },
  "core_role_histogram": {
    "child_D2": 1,
    "child_D3": 4,
    "child_D4": 5,
    "split_bridge": 4
  },
  "core_split_histogram": {
    "[[0, 4], [0, 4]]": 1,
    "[[0, 4], [1, 3]]": 1,
    "[[1, 3], [1, 3]]": 1,
    "[[1, 3], [2, 2]]": 1,
    "[[2, 2], [2, 2]]": 1,
    "[[2, 2], [3, 1]]": 1,
    "[[3, 1], [3, 1]]": 3,
    "[[3, 1], [4, 0]]": 1,
    "[[4, 0], [4, 0]]": 4
  },
  "edges": 41,
  "minimal_unsat_core": [
    {
      "candidate_count": 12,
      "candidate_prefix_histogram": {
        "101001001101": 4,
        "101001010101": 4,
        "101010001101": 4
      },
      "edge": {
        "child": "wrap",
        "role": "child_D4",
        "split_pair": [
          [
            4,
            0
          ],
          [
            4,
            0
          ]
        ],
        "suffix_edge": [
          "1111010000",
          "1101010100"
        ]
      },
      "edge_index": 7,
      "minimum_incidence_length": 22
    },
    {
      "candidate_count": 48,
      "candidate_prefix_histogram": {
        "101001001101": 16,
        "101001010101": 16,
        "101010001101": 16
      },
      "edge": {
        "child": "wrap",
        "role": "child_D4",
        "split_pair": [
          [
            4,
            0
          ],
          [
            4,
            0
          ]
        ],
        "suffix_edge": [
          "1111001000",
          "1101011000"
        ]
      },
      "edge_index": 11,
      "minimum_incidence_length": 22
    },
    {
      "candidate_count": 36,
      "candidate_prefix_histogram": {
        "101001001101": 12,
        "101001010101": 12,
        "101010001101": 12
      },
      "edge": {
        "child": "wrap",
        "role": "child_D4",
        "split_pair": [
          [
            4,
            0
          ],
          [
            4,
            0
          ]
        ],
        "suffix_edge": [
          "1110110000",
          "1110011000"
        ]
      },
      "edge_index": 13,
      "minimum_incidence_length": 20
    },
    {
      "candidate_count": 312,
      "candidate_prefix_histogram": {
        "100011001101": 276,
        "101001001101": 12,
        "101001010101": 12,
        "101010001101": 12
      },
      "edge": {
        "child": "10",
        "role": "child_D4",
        "split_pair": [
          [
            0,
            4
          ],
          [
            0,
            4
          ]
        ],
        "suffix_edge": [
          "1011001010",
          "1010101010"
        ]
      },
      "edge_index": 22,
      "minimum_incidence_length": 18
    },
    {
      "candidate_count": 200,
      "candidate_prefix_histogram": {
        "101001001101": 82,
        "101001010101": 82,
        "101010001101": 36
      },
      "edge": {
        "child": "wrap",
        "role": "child_D4",
        "split_pair": [
          [
            4,
            0
          ],
          [
            4,
            0
          ]
        ],
        "suffix_edge": [
          "1110010100",
          "1101010100"
        ]
      },
      "edge_index": 23,
      "minimum_incidence_length": 24
    },
    {
      "candidate_count": 24,
      "candidate_prefix_histogram": {
        "101001001101": 8,
        "101001010101": 8,
        "101010001101": 8
      },
      "edge": {
        "child": "wrap_tail",
        "role": "child_D3",
        "split_pair": [
          [
            3,
            1
          ],
          [
            3,
            1
          ]
        ],
        "suffix_edge": [
          "1111000010",
          "1101100010"
        ]
      },
      "edge_index": 27,
      "minimum_incidence_length": 22
    },
    {
      "candidate_count": 368,
      "candidate_prefix_histogram": {
        "101001001101": 168,
        "101001010101": 168,
        "101010001101": 32
      },
      "edge": {
        "child": "right",
        "role": "child_D3",
        "split_pair": [
          [
            1,
            3
          ],
          [
            1,
            3
          ]
        ],
        "suffix_edge": [
          "1100111000",
          "1100101010"
        ]
      },
      "edge_index": 28,
      "minimum_incidence_length": 22
    },
    {
      "candidate_count": 76,
      "candidate_prefix_histogram": {
        "101001001101": 28,
        "101001010101": 36,
        "101010001101": 12
      },
      "edge": {
        "child": "wrap_tail",
        "role": "child_D3",
        "split_pair": [
          [
            3,
            1
          ],
          [
            3,
            1
          ]
        ],
        "suffix_edge": [
          "1111000010",
          "1101010010"
        ]
      },
      "edge_index": 29,
      "minimum_incidence_length": 22
    },
    {
      "candidate_count": 28,
      "candidate_prefix_histogram": {
        "100011001101": 16,
        "101001001101": 4,
        "101001010101": 4,
        "101010001101": 4
      },
      "edge": {
        "child": "wrap_tail",
        "role": "child_D3",
        "split_pair": [
          [
            3,
            1
          ],
          [
            3,
            1
          ]
        ],
        "suffix_edge": [
          "1110100010",
          "1101100010"
        ]
      },
      "edge_index": 33,
      "minimum_incidence_length": 20
    },
    {
      "candidate_count": 1162,
      "candidate_prefix_histogram": {
        "101001001101": 340,
        "101001010101": 364,
        "101010001101": 458
      },
      "edge": {
        "child": "left",
        "role": "child_D2",
        "split_pair": [
          [
            2,
            2
          ],
          [
            2,
            2
          ]
        ],
        "suffix_edge": [
          "1110001010",
          "1101001010"
        ]
      },
      "edge_index": 35,
      "minimum_incidence_length": 22
    },
    {
      "candidate_count": 28,
      "candidate_prefix_histogram": {
        "100011001101": 16,
        "101001001101": 4,
        "101001010101": 4,
        "101010001101": 4
      },
      "edge": {
        "child": "(0, 4)->(1, 3)",
        "role": "split_bridge",
        "split_pair": [
          [
            0,
            4
          ],
          [
            1,
            3
          ]
        ],
        "suffix_edge": [
          "1010101010",
          "1100101010"
        ]
      },
      "edge_index": 37,
      "minimum_incidence_length": 14
    },
    {
      "candidate_count": 172,
      "candidate_prefix_histogram": {
        "101001001101": 76,
        "101001010101": 76,
        "101010001101": 20
      },
      "edge": {
        "child": "(1, 3)->(2, 2)",
        "role": "split_bridge",
        "split_pair": [
          [
            1,
            3
          ],
          [
            2,
            2
          ]
        ],
        "suffix_edge": [
          "1100101010",
          "1101001010"
        ]
      },
      "edge_index": 38,
      "minimum_incidence_length": 18
    },
    {
      "candidate_count": 756,
      "candidate_prefix_histogram": {
        "101001001101": 50,
        "101001010101": 50,
        "101010001101": 656
      },
      "edge": {
        "child": "(2, 2)->(3, 1)",
        "role": "split_bridge",
        "split_pair": [
          [
            2,
            2
          ],
          [
            3,
            1
          ]
        ],
        "suffix_edge": [
          "1101001010",
          "1101010010"
        ]
      },
      "edge_index": 39,
      "minimum_incidence_length": 18
    },
    {
      "candidate_count": 52,
      "candidate_prefix_histogram": {
        "101001001101": 2,
        "101001010101": 2,
        "101010001101": 48
      },
      "edge": {
        "child": "(3, 1)->(4, 0)",
        "role": "split_bridge",
        "split_pair": [
          [
            3,
            1
          ],
          [
            4,
            0
          ]
        ],
        "suffix_edge": [
          "1101010010",
          "1101010100"
        ]
      },
      "edge_index": 40,
      "minimum_incidence_length": 18
    }
  ],
  "minimum_extension_overhead_owner_steps": null,
  "minimum_extension_uses": null,
  "selection": null,
  "status": "UNSAT",
  "total_candidates": 13702
}
