{
  "aggregate_q2_support_encoded": true,
  "cnf": {
    "clauses_before_topology_cuts": 3925056,
    "q2_targets": 3992,
    "variables": 1237774
  },
  "edges": 41,
  "incremental_solver": "cadical195",
  "python_sat_version": "1.9.dev7",
  "rejected_model_count": 7,
  "rejected_models": [
    {
      "base_components_met": 370,
      "component_reduction": 366,
      "connectivity_cuts_added": 4,
      "cut_size_maximum": 20081,
      "cut_size_minimum": 55,
      "model_index": 0,
      "output_components": 4,
      "suffix_output_components": 2
    },
    {
      "base_components_met": 365,
      "component_reduction": 358,
      "connectivity_cuts_added": 7,
      "cut_size_maximum": 20154,
      "cut_size_minimum": 180,
      "model_index": 1,
      "output_components": 7,
      "suffix_output_components": 3
    },
    {
      "base_components_met": 367,
      "component_reduction": 359,
      "connectivity_cuts_added": 8,
      "cut_size_maximum": 19625,
      "cut_size_minimum": 218,
      "model_index": 2,
      "output_components": 8,
      "suffix_output_components": 6
    },
    {
      "base_components_met": 373,
      "component_reduction": 369,
      "connectivity_cuts_added": 4,
      "cut_size_maximum": 20056,
      "cut_size_minimum": 165,
      "model_index": 3,
      "output_components": 4,
      "suffix_output_components": 2
    },
    {
      "base_components_met": 373,
      "component_reduction": 370,
      "connectivity_cuts_added": 3,
      "cut_size_maximum": 20056,
      "cut_size_minimum": 218,
      "model_index": 4,
      "output_components": 3,
      "suffix_output_components": 2
    },
    {
      "base_components_met": 373,
      "component_reduction": 370,
      "connectivity_cuts_added": 3,
      "cut_size_maximum": 20056,
      "cut_size_minimum": 218,
      "model_index": 5,
      "output_components": 3,
      "suffix_output_components": 2
    },
    {
      "base_components_met": 374,
      "component_reduction": 372,
      "connectivity_cuts_added": 2,
      "cut_size_maximum": 20091,
      "cut_size_minimum": 12660,
      "model_index": 6,
      "output_components": 2,
      "suffix_output_components": 2
    }
  ],
  "selection": [
    {
      "candidate": {
        "incidence_length": 22,
        "new_colours": [
          "1010010011011011111000",
          "0010010011011111111000",
          "0010011011011110111000",
          "1010011011011010111000",
          "1010010011111010111000",
          "0010010011111010111100",
          "0010010011111000111101",
          "0010010011111001110101",
          "0010010111111001110001",
          "0010010111111011110000",
          "1010010111011011110000"
        ],
        "owners": [
          "1010010011011011110000",
          "0010010011011011111000",
          "0010010011011110111000",
          "0010011011011010111000",
          "1010010011011010111000",
          "0010010011111010111000",
          "0010010011111000111100",
          "0010010011111000110101",
          "0010010011111001110001",
          "0010010111111001110000",
          "0010010111011011110000"
        ],
        "prefix": "101001001101"
      },
      "candidate_index": 209,
      "edge": {
        "child": "10",
        "role": "child_D4",
        "split_pair": [
          [
            0,
            4
          ],
          [
            0,
            4
          ]
        ],
        "suffix_edge": [
          "1011110000",
          "1010111000"
        ]
      },
      "edge_index": 0,
      "minimum_incidence_length": 22,
      "selected_incidence_length": 22
    },
    {
      "candidate": {
        "incidence_length": 26,
        "is_extension": true,
        "new_colours": [
          "1010100011011111100010",
          "0010100011011111110010",
          "0010100011011101110011",
          "0010101011011101110001",
          "0011101011011101110000",
          "1011100011011101110000",
          "1010100011011111110000",
          "0010100011011111110100",
          "0010100011011110110101",
          "0010101011011110100101",
          "0010101011011111100001",
          "0011101011011111100000",
          "1011100011011111100000"
        ],
        "owners": [
          "1010100011011111100000",
          "0010100011011111100010",
          "0010100011011101110010",
          "0010100011011101110001",
          "0010101011011101110000",
          "0011100011011101110000",
          "1010100011011101110000",
          "0010100011011111110000",
          "0010100011011110110100",
          "0010100011011110100101",
          "0010101011011110100001",
          "0010101011011111100000",
          "0011100011011111100000"
        ],
        "prefix": "101010001101"
      },
      "candidate_index": 16,
      "edge": {
        "child": "wrap",
        "role": "child_D4",
        "split_pair": [
          [
            4,
            0
          ],
          [
            4,
            0
          ]
        ],
        "suffix_edge": [
          "1111100000",
          "1101110000"
        ]
      },
      "edge_index": 1,
      "minimum_incidence_length": 22,
      "selected_incidence_length": 26
    },
    {
      "candidate": {
        "incidence_length": 20,
        "new_colours": [
          "1010010101011011110010",
          "0010010101011111110010",
          "0010011101011110110010",
          "1010011101011010110010",
          "1010010101011110110010",
          "1000010101011111110010",
          "0000010101011111110011",
          "0000110101011111110001",
          "0010110101011111110000",
          "1010110101011011110000"
        ],
        "owners": [
          "1010010101011011110000",
          "0010010101011011110010",
          "0010010101011110110010",
          "0010011101011010110010",
          "1010010101011010110010",
          "1000010101011110110010",
          "0000010101011111110010",
          "0000010101011111110001",
          "0000110101011111110000",
          "0010110101011011110000"
        ],
        "prefix": "101001010101"
      },
      "candidate_index": 66,
      "edge": {
        "child": "10",
        "role": "child_D4",
        "split_pair": [
          [
            0,
            4
          ],
          [
            0,
            4
          ]
        ],
        "suffix_edge": [
          "1011110000",
          "1010110010"
        ]
      },
      "edge_index": 2,
      "minimum_incidence_length": 20,
      "selected_incidence_length": 20
    },
    {
      "candidate": {
        "incidence_length": 28,
        "is_extension": true,
        "new_colours": [
          "1000110011011111101000",
          "0000110011011111101100",
          "0000110011011101101101",
          "0000111011011101100101",
          "0000111111011101100100",
          "1000111110011101100100",
          "1000111011011101100100",
          "1000110011011111100100",
          "0010110011011111100100",
          "0010110011011011100101",
          "0010110111011011100001",
          "1010110111011011100000",
          "1010010111011111100000",
          "1010110011011111100000"
        ],
        "owners": [
          "1000110011011111100000",
          "0000110011011111101000",
          "0000110011011101101100",
          "0000110011011101100101",
          "0000111011011101100100",
          "0000111110011101100100",
          "1000111010011101100100",
          "1000110011011101100100",
          "0000110011011111100100",
          "0010110011011011100100",
          "0010110011011011100001",
          "0010110111011011100000",
          "1010010111011011100000",
          "1010010011011111100000"
        ],
        "prefix": "100011001101"
      },
      "candidate_index": 12,
      "edge": {
        "child": "wrap",
        "role": "child_D4",
        "split_pair": [
          [
            4,
            0
          ],
          [
            4,
            0
          ]
        ],
        "suffix_edge": [
          "1111100000",
          "1101100100"
        ]
      },
      "edge_index": 3,
      "minimum_incidence_length": 20,
      "selected_incidence_length": 28
    },
    {
      "candidate": {
        "incidence_length": 24,
        "is_extension": true,
        "new_colours": [
          "1010100011011011101100",
          "0010100011011111101100",
          "0010100011111110101100",
          "0011100011111010101100",
          "1011100011011010101100",
          "1010101011011010101100",
          "1010001011011011101100",
          "0010001011011011101101",
          "0010001011011111101001",
          "0011001011011111101000",
          "0011101011011011101000",
          "1011100011011011101000"
        ],
        "owners": [
          "1010100011011011101000",
          "0010100011011011101100",
          "0010100011011110101100",
          "0010100011111010101100",
          "0011100011011010101100",
          "1010100011011010101100",
          "1010001011011010101100",
          "0010001011011011101100",
          "0010001011011011101001",
          "0010001011011111101000",
          "0011001011011011101000",
          "0011100011011011101000"
        ],
        "prefix": "101010001101"
      },
      "candidate_index": 206,
      "edge": {
        "child": "10",
        "role": "child_D4",
        "split_pair": [
          [
            0,
            4
          ],
          [
            0,
            4
          ]
        ],
        "suffix_edge": [
          "1011101000",
          "1010101100"
        ]
      },
      "edge_index": 4,
      "minimum_incidence_length": 20,
      "selected_incidence_length": 24
    },
    {
      "candidate": {
        "incidence_length": 24,
        "new_colours": [
          "1010010011011111110000",
          "0010011011011111110000",
          "0010011011011011111000",
          "0010011011011001111001",
          "0010011011011101011001",
          "1010011011011101011000",
          "1010010011011111011000",
          "0010010011011111011010",
          "0010010011011110011011",
          "0010011011011110010011",
          "0010011011011111010001",
          "1010011011011111010000"
        ],
        "owners": [
          "1010010011011111010000",
          "0010010011011111110000",
          "0010011011011011110000",
          "0010011011011001111000",
          "0010011011011001011001",
          "0010011011011101011000",
          "1010010011011101011000",
          "0010010011011111011000",
          "0010010011011110011010",
          "0010010011011110010011",
          "0010011011011110010001",
          "0010011011011111010000"
        ],
        "prefix": "101001001101"
      },
      "candidate_index": 134,
      "edge": {
        "child": "wrap",
        "role": "child_D4",
        "split_pair": [
          [
            4,
            0
          ],
          [
            4,
            0
          ]
        ],
        "suffix_edge": [
          "1111010000",
          "1101011000"
        ]
      },
      "edge_index": 5,
      "minimum_incidence_length": 24,
      "selected_incidence_length": 24
    },
    {
      "candidate": {
        "incidence_length": 28,
        "is_extension": true,
        "new_colours": [
          "1000110011011011101010",
          "0000111011011011101010",
          "0000111111011001101010",
          "0000111111011010101010",
          "1000111110011010101010",
          "1000111011011010101010",
          "1000110011011010111010",
          "0000110011011010111011",
          "0000110011011011111001",
          "0010110011011011101001",
          "0010110111011010101001",
          "1010110111011010101000",
          "1010010111011011101000",
          "1010110011011011101000"
        ],
        "owners": [
          "1000110011011011101000",
          "0000110011011011101010",
          "0000111011011001101010",
          "0000111111011000101010",
          "0000111110011010101010",
          "1000111010011010101010",
          "1000110011011010101010",
          "0000110011011010111010",
          "0000110011011010111001",
          "0000110011011011101001",
          "0010110011011010101001",
          "0010110111011010101000",
          "1010010111011010101000",
          "1010010011011011101000"
        ],
        "prefix": "100011001101"
      },
      "candidate_index": 305,
      "edge": {
        "child": "10",
        "role": "child_D4",
        "split_pair": [
          [
            0,
            4
          ],
          [
            0,
            4
          ]
        ],
        "suffix_edge": [
          "1011101000",
          "1010101010"
        ]
      },
      "edge_index": 6,
      "minimum_incidence_length": 20,
      "selected_incidence_length": 28
    },
    {
      "candidate": {
        "incidence_length": 22,
        "new_colours": [
          "1010010101011111011000",
          "0010011101011111011000",
          "0010011101011011011100",
          "0010011101011001011101",
          "0010011101011101010101",
          "1010011101011101010100",
          "1010010101011111010100",
          "0010010101011111010110",
          "0010010101011111010011",
          "0010011101011111010001",
          "1010011101011111010000"
        ],
        "owners": [
          "1010010101011111010000",
          "0010010101011111011000",
          "0010011101011011011000",
          "0010011101011001011100",
          "0010011101011001010101",
          "0010011101011101010100",
          "1010010101011101010100",
          "0010010101011111010100",
          "0010010101011111010010",
          "0010010101011111010001",
          "0010011101011111010000"
        ],
        "prefix": "101001010101"
      },
      "candidate_index": 3,
      "edge": {
        "child": "wrap",
        "role": "child_D4",
        "split_pair": [
          [
            4,
            0
          ],
          [
            4,
            0
          ]
        ],
        "suffix_edge": [
          "1111010000",
          "1101010100"
        ]
      },
      "edge_index": 7,
      "minimum_incidence_length": 22,
      "selected_incidence_length": 22
    },
    {
      "candidate": {
        "incidence_length": 20,
        "new_colours": [
          "1010010101011111100100",
          "0010010101011111100110",
          "0010110101011111100010",
          "1010110101011011100010",
          "1010010101111011100010",
          "0010010101111011100011",
          "0010110101111001100011",
          "0010110101111011100001",
          "0010110101111011100100",
          "1010110101011011100100"
        ],
        "owners": [
          "1010010101011011100100",
          "0010010101011111100100",
          "0010010101011111100010",
          "0010110101011011100010",
          "1010010101011011100010",
          "0010010101111011100010",
          "0010010101111001100011",
          "0010110101111001100001",
          "0010110101111011100000",
          "0010110101011011100100"
        ],
        "prefix": "101001010101"
      },
      "candidate_index": 0,
      "edge": {
        "child": "10",
        "role": "child_D4",
        "split_pair": [
          [
            0,
            4
          ],
          [
            0,
            4
          ]
        ],
        "suffix_edge": [
          "1011100100",
          "1011100010"
        ]
      },
      "edge_index": 8,
      "minimum_incidence_length": 20,
      "selected_incidence_length": 20
    },
    {
      "candidate": {
        "incidence_length": 20,
        "new_colours": [
          "1010010011011111101000",
          "0010010011011111101100",
          "0010010011011110101101",
          "0010010111011110001101",
          "0010010111011111000101",
          "1010010111011111000100",
          "1010010011011111001100",
          "0010010011011111001101",
          "0010010111011111001001",
          "1010010111011111001000"
        ],
        "owners": [
          "1010010011011111001000",
          "0010010011011111101000",
          "0010010011011110101100",
          "0010010011011110001101",
          "0010010111011110000101",
          "0010010111011111000100",
          "1010010011011111000100",
          "0010010011011111001100",
          "0010010011011111001001",
          "0010010111011111001000"
        ],
        "prefix": "101001001101"
      },
      "candidate_index": 31,
      "edge": {
        "child": "wrap",
        "role": "child_D4",
        "split_pair": [
          [
            4,
            0
          ],
          [
            4,
            0
          ]
        ],
        "suffix_edge": [
          "1111001000",
          "1111000100"
        ]
      },
      "edge_index": 9,
      "minimum_incidence_length": 20,
      "selected_incidence_length": 20
    },
    {
      "candidate": {
        "incidence_length": 20,
        "new_colours": [
          "1010010011111011100100",
          "0010010011111011101100",
          "0010011011111001101100",
          "0010011011111010101100",
          "1010011011011010101100",
          "1010010011011011101100",
          "0010010011011011101101",
          "0010010011011111100101",
          "0010011011011111100100",
          "1010011011011011100100"
        ],
        "owners": [
          "1010010011011011100100",
          "0010010011111011100100",
          "0010010011111001101100",
          "0010011011111000101100",
          "0010011011011010101100",
          "1010010011011010101100",
          "0010010011011011101100",
          "0010010011011011100101",
          "0010010011011111100100",
          "0010011011011011100100"
        ],
        "prefix": "101001001101"
      },
      "candidate_index": 324,
      "edge": {
        "child": "10",
        "role": "child_D4",
        "split_pair": [
          [
            0,
            4
          ],
          [
            0,
            4
          ]
        ],
        "suffix_edge": [
          "1011100100",
          "1010101100"
        ]
      },
      "edge_index": 10,
      "minimum_incidence_length": 20,
      "selected_incidence_length": 20
    },
    {
      "candidate": {
        "incidence_length": 30,
        "is_extension": true,
        "new_colours": [
          "1000110011011111001100",
          "0000110111011111001100",
          "0000110111011011011100",
          "0000110111011001011101",
          "0000110111011101011001",
          "0000111111011101011000",
          "1000111110011101011000",
          "1000111011011101011000",
          "1000110011011111011000",
          "0000110111011111011000",
          "0000110111011011011001",
          "0000111111011011001001",
          "0000111111011111001000",
          "1000111110011111001000",
          "1000111011011111001000"
        ],
        "owners": [
          "1000110011011111001000",
          "0000110011011111001100",
          "0000110111011011001100",
          "0000110111011001011100",
          "0000110111011001011001",
          "0000110111011101011000",
          "0000111110011101011000",
          "1000111010011101011000",
          "1000110011011101011000",
          "0000110011011111011000",
          "0000110111011011011000",
          "0000110111011011001001",
          "0000111111011011001000",
          "0000111110011111001000",
          "1000111010011111001000"
        ],
        "prefix": "100011001101"
      },
      "candidate_index": 303,
      "edge": {
        "child": "wrap",
        "role": "child_D4",
        "split_pair": [
          [
            4,
            0
          ],
          [
            4,
            0
          ]
        ],
        "suffix_edge": [
          "1111001000",
          "1101011000"
        ]
      },
      "edge_index": 11,
      "minimum_incidence_length": 22,
      "selected_incidence_length": 30
    },
    {
      "candidate": {
        "incidence_length": 24,
        "is_extension": true,
        "new_colours": [
          "1010101011011011011000",
          "1000101011011111011000",
          "0000101011011111011100",
          "0001101011011111001100",
          "0011101011011011001100",
          "1011100011011011001100",
          "1010100011011111001100",
          "0010100011011111001101",
          "0010100011111111001001",
          "0010100011111111011000",
          "0011100011111011011000",
          "1011100011011011011000"
        ],
        "owners": [
          "1010100011011011011000",
          "1000101011011011011000",
          "0000101011011111011000",
          "0000101011011111001100",
          "0001101011011011001100",
          "0011100011011011001100",
          "1010100011011011001100",
          "0010100011011111001100",
          "0010100011011111001001",
          "0010100011111111001000",
          "0010100011111011011000",
          "0011100011011011011000"
        ],
        "prefix": "101010001101"
      },
      "candidate_index": 59,
      "edge": {
        "child": "10",
        "role": "child_D4",
        "split_pair": [
          [
            0,
            4
          ],
          [
            0,
            4
          ]
        ],
        "suffix_edge": [
          "1011011000",
          "1011001100"
        ]
      },
      "edge_index": 12,
      "minimum_incidence_length": 20,
      "selected_incidence_length": 24
    },
    {
      "candidate": {
        "incidence_length": 24,
        "is_extension": true,
        "new_colours": [
          "1010100011011110111000",
          "0010100011011110111001",
          "0010100011111110011001",
          "0011100011111110011000",
          "1011100011011110011000",
          "1010100011011111011000",
          "0010100011011111011100",
          "0010100011011110011101",
          "0010100011111110010101",
          "0010100011111110110001",
          "0011100011111110110000",
          "1011100011011110110000"
        ],
        "owners": [
          "1010100011011110110000",
          "0010100011011110111000",
          "0010100011011110011001",
          "0010100011111110011000",
          "0011100011011110011000",
          "1010100011011110011000",
          "0010100011011111011000",
          "0010100011011110011100",
          "0010100011011110010101",
          "0010100011111110010001",
          "0010100011111110110000",
          "0011100011011110110000"
        ],
        "prefix": "101010001101"
      },
      "candidate_index": 31,
      "edge": {
        "child": "wrap",
        "role": "child_D4",
        "split_pair": [
          [
            4,
            0
          ],
          [
            4,
            0
          ]
        ],
        "suffix_edge": [
          "1110110000",
          "1110011000"
        ]
      },
      "edge_index": 13,
      "minimum_incidence_length": 20,
      "selected_incidence_length": 24
    },
    {
      "candidate": {
        "incidence_length": 18,
        "new_colours": [
          "1010010101011011111000",
          "0010010101011111111000",
          "0010011101011110111000",
          "1010011101011010111000",
          "1010010101111010111000",
          "0010010101111010111001",
          "0010110101111010011001",
          "0010110101111011011000",
          "1010110101011011011000"
        ],
        "owners": [
          "1010010101011011011000",
          "0010010101011011111000",
          "0010010101011110111000",
          "0010011101011010111000",
          "1010010101011010111000",
          "0010010101111010111000",
          "0010010101111010011001",
          "0010110101111010011000",
          "0010110101011011011000"
        ],
        "prefix": "101001010101"
      },
      "candidate_index": 6,
      "edge": {
        "child": "10",
        "role": "child_D4",
        "split_pair": [
          [
            0,
            4
          ],
          [
            0,
            4
          ]
        ],
        "suffix_edge": [
          "1011011000",
          "1010111000"
        ]
      },
      "edge_index": 14,
      "minimum_incidence_length": 18,
      "selected_incidence_length": 18
    },
    {
      "candidate": {
        "incidence_length": 22,
        "new_colours": [
          "1010010101011111110000",
          "0010011101011111110000",
          "0010011101011011110001",
          "0010011101011101110001",
          "1010011101011101110000",
          "1010010101111101110000",
          "0010010101111111110000",
          "0010010101111011110001",
          "0010110101111010110001",
          "0010110101111110110000",
          "1010110101011110110000"
        ],
        "owners": [
          "1010010101011110110000",
          "0010010101011111110000",
          "0010011101011011110000",
          "0010011101011001110001",
          "0010011101011101110000",
          "1010010101011101110000",
          "0010010101111101110000",
          "0010010101111011110000",
          "0010010101111010110001",
          "0010110101111010110000",
          "0010110101011110110000"
        ],
        "prefix": "101001010101"
      },
      "candidate_index": 18,
      "edge": {
        "child": "wrap",
        "role": "child_D4",
        "split_pair": [
          [
            4,
            0
          ],
          [
            4,
            0
          ]
        ],
        "suffix_edge": [
          "1110110000",
          "1101110000"
        ]
      },
      "edge_index": 15,
      "minimum_incidence_length": 22,
      "selected_incidence_length": 22
    },
    {
      "candidate": {
        "incidence_length": 20,
        "new_colours": [
          "1010010011011111010100",
          "0010010011011111010110",
          "0010011011011111010010",
          "1010011011011011010010",
          "1010010011111011010010",
          "0010010011111011010011",
          "0010011011111010010011",
          "0010011011111011010001",
          "0010011011111011010100",
          "1010011011011011010100"
        ],
        "owners": [
          "1010010011011011010100",
          "0010010011011111010100",
          "0010010011011111010010",
          "0010011011011011010010",
          "1010010011011011010010",
          "0010010011111011010010",
          "0010010011111010010011",
          "0010011011111010010001",
          "0010011011111011010000",
          "0010011011011011010100"
        ],
        "prefix": "101001001101"
      },
      "candidate_index": 24,
      "edge": {
        "child": "10",
        "role": "child_D4",
        "split_pair": [
          [
            0,
            4
          ],
          [
            0,
            4
          ]
        ],
        "suffix_edge": [
          "1011010100",
          "1011010010"
        ]
      },
      "edge_index": 16,
      "minimum_incidence_length": 20,
      "selected_incidence_length": 20
    },
    {
      "candidate": {
        "incidence_length": 26,
        "is_extension": true,
        "new_colours": [
          "1000110011011110101100",
          "0000110011011110101101",
          "0000110111011110100101",
          "0000111111011110100100",
          "1000111110011110100100",
          "1000111011011110100100",
          "1000110011011110110100",
          "0000110011011110110101",
          "0000110011011110111001",
          "0000110111011110101001",
          "0000111111011110101000",
          "1000111110011110101000",
          "1000111011011110101000"
        ],
        "owners": [
          "1000110011011110101000",
          "0000110011011110101100",
          "0000110011011110100101",
          "0000110111011110100100",
          "0000111110011110100100",
          "1000111010011110100100",
          "1000110011011110100100",
          "0000110011011110110100",
          "0000110011011110110001",
          "0000110011011110101001",
          "0000110111011110101000",
          "0000111110011110101000",
          "1000111010011110101000"
        ],
        "prefix": "100011001101"
      },
      "candidate_index": 15,
      "edge": {
        "child": "wrap",
        "role": "child_D4",
        "split_pair": [
          [
            4,
            0
          ],
          [
            4,
            0
          ]
        ],
        "suffix_edge": [
          "1110101000",
          "1110100100"
        ]
      },
      "edge_index": 17,
      "minimum_incidence_length": 18,
      "selected_incidence_length": 26
    },
    {
      "candidate": {
        "incidence_length": 26,
        "is_extension": true,
        "new_colours": [
          "1000110011011011110100",
          "0000111011011011110100",
          "0000111111011001110100",
          "0100111111011000110100",
          "1100111011011000110100",
          "1000111011011010110100",
          "1000110011111010110100",
          "0000110011111010110101",
          "0000110111111010010101",
          "0000110111111011010100",
          "0000111111011011010100",
          "1000111110011011010100",
          "1000111011011011010100"
        ],
        "owners": [
          "1000110011011011010100",
          "0000110011011011110100",
          "0000111011011001110100",
          "0000111111011000110100",
          "0100111011011000110100",
          "1000111011011000110100",
          "1000110011011010110100",
          "0000110011111010110100",
          "0000110011111010010101",
          "0000110111111010010100",
          "0000110111011011010100",
          "0000111110011011010100",
          "1000111010011011010100"
        ],
        "prefix": "100011001101"
      },
      "candidate_index": 84,
      "edge": {
        "child": "10",
        "role": "child_D4",
        "split_pair": [
          [
            0,
            4
          ],
          [
            0,
            4
          ]
        ],
        "suffix_edge": [
          "1011010100",
          "1010110100"
        ]
      },
      "edge_index": 18,
      "minimum_incidence_length": 18,
      "selected_incidence_length": 26
    },
    {
      "candidate": {
        "incidence_length": 26,
        "is_extension": true,
        "new_colours": [
          "1010100011011111101000",
          "0010101011011111101000",
          "0010101011011011101001",
          "0010101011011101101001",
          "0011101011011101101000",
          "1011100011011101101000",
          "1010101011011101101000",
          "1000101011011111101000",
          "0000101011011111111000",
          "0000101011011110111001",
          "0010101011011110101001",
          "0011101011011110101000",
          "1011100011011110101000"
        ],
        "owners": [
          "1010100011011110101000",
          "0010100011011111101000",
          "0010101011011011101000",
          "0010101011011001101001",
          "0010101011011101101000",
          "0011100011011101101000",
          "1010100011011101101000",
          "1000101011011101101000",
          "0000101011011111101000",
          "0000101011011110111000",
          "0000101011011110101001",
          "0010101011011110101000",
          "0011100011011110101000"
        ],
        "prefix": "101010001101"
      },
      "candidate_index": 188,
      "edge": {
        "child": "wrap",
        "role": "child_D4",
        "split_pair": [
          [
            4,
            0
          ],
          [
            4,
            0
          ]
        ],
        "suffix_edge": [
          "1110101000",
          "1101101000"
        ]
      },
      "edge_index": 19,
      "minimum_incidence_length": 22,
      "selected_incidence_length": 26
    },
    {
      "candidate": {
        "incidence_length": 24,
        "is_extension": true,
        "new_colours": [
          "1010101011011011010010",
          "1000101011011111010010",
          "0000101011011111011010",
          "0010101011011111001010",
          "0011101011011011001010",
          "1011100011011011001010",
          "1010100011011111001010",
          "0010100011011111001110",
          "0010101011011111000110",
          "0010101011011111010010",
          "0011101011011011010010",
          "1011100011011011010010"
        ],
        "owners": [
          "1010100011011011010010",
          "1000101011011011010010",
          "0000101011011111010010",
          "0000101011011111001010",
          "0010101011011011001010",
          "0011100011011011001010",
          "1010100011011011001010",
          "0010100011011111001010",
          "0010100011011111000110",
          "0010101011011111000010",
          "0010101011011011010010",
          "0011100011011011010010"
        ],
        "prefix": "101010001101"
      },
      "candidate_index": 116,
      "edge": {
        "child": "10",
        "role": "child_D4",
        "split_pair": [
          [
            0,
            4
          ],
          [
            0,
            4
          ]
        ],
        "suffix_edge": [
          "1011010010",
          "1011001010"
        ]
      },
      "edge_index": 20,
      "minimum_incidence_length": 20,
      "selected_incidence_length": 24
    },
    {
      "candidate": {
        "incidence_length": 18,
        "new_colours": [
          "1010010101011110101100",
          "0010010101011110101101",
          "0010010101011110011101",
          "0010011101011110010101",
          "1010011101011110010100",
          "1010010101011110110100",
          "0010010101011110110101",
          "0010011101011110100101",
          "1010011101011110100100"
        ],
        "owners": [
          "1010010101011110100100",
          "0010010101011110101100",
          "0010010101011110001101",
          "0010010101011110010101",
          "0010011101011110010100",
          "1010010101011110010100",
          "0010010101011110110100",
          "0010010101011110100101",
          "0010011101011110100100"
        ],
        "prefix": "101001010101"
      },
      "candidate_index": 11,
      "edge": {
        "child": "wrap",
        "role": "child_D4",
        "split_pair": [
          [
            4,
            0
          ],
          [
            4,
            0
          ]
        ],
        "suffix_edge": [
          "1110100100",
          "1110010100"
        ]
      },
      "edge_index": 21,
      "minimum_incidence_length": 18,
      "selected_incidence_length": 18
    },
    {
      "candidate": {
        "incidence_length": 18,
        "new_colours": [
          "1010010101011011101010",
          "0010010101011111101010",
          "0010110101011110101010",
          "1010110101011010101010",
          "1010010101011010111010",
          "0010010101011110111010",
          "0010011101011110011010",
          "0010011101011111001010",
          "1010011101011011001010"
        ],
        "owners": [
          "1010010101011011001010",
          "0010010101011011101010",
          "0010010101011110101010",
          "0010110101011010101010",
          "1010010101011010101010",
          "0010010101011010111010",
          "0010010101011110011010",
          "0010011101011110001010",
          "0010011101011011001010"
        ],
        "prefix": "101001010101"
      },
      "candidate_index": 5,
      "edge": {
        "child": "10",
        "role": "child_D4",
        "split_pair": [
          [
            0,
            4
          ],
          [
            0,
            4
          ]
        ],
        "suffix_edge": [
          "1011001010",
          "1010101010"
        ]
      },
      "edge_index": 22,
      "minimum_incidence_length": 18,
      "selected_incidence_length": 18
    },
    {
      "candidate": {
        "incidence_length": 32,
        "is_extension": true,
        "new_colours": [
          "1000110011011111010100",
          "0000111011011111010100",
          "0010111011011011010100",
          "0010111010011011010101",
          "0010111110011001010101",
          "0010111110011101010100",
          "1010111010011101010100",
          "1000111011011101010100",
          "1000110111011101010100",
          "1000110101011111010100",
          "0000110101011111011100",
          "0000110101011110011101",
          "0000110111011110010101",
          "0000111111011110010100",
          "1000111110011110010100",
          "1000111011011110010100"
        ],
        "owners": [
          "1000110011011110010100",
          "0000110011011111010100",
          "0000111011011011010100",
          "0010111010011011010100",
          "0010111010011001010101",
          "0010111110011001010100",
          "0010111010011101010100",
          "1000111010011101010100",
          "1000110011011101010100",
          "1000110101011101010100",
          "0000110101011111010100",
          "0000110101011110011100",
          "0000110101011110010101",
          "0000110111011110010100",
          "0000111110011110010100",
          "1000111010011110010100"
        ],
        "prefix": "100011001101"
      },
      "candidate_index": 263,
      "edge": {
        "child": "wrap",
        "role": "child_D4",
        "split_pair": [
          [
            4,
            0
          ],
          [
            4,
            0
          ]
        ],
        "suffix_edge": [
          "1110010100",
          "1101010100"
        ]
      },
      "edge_index": 23,
      "minimum_incidence_length": 24,
      "selected_incidence_length": 32
    },
    {
      "candidate": {
        "incidence_length": 22,
        "new_colours": [
          "1010010011111010110100",
          "0010010011111010110110",
          "0010010111111010010110",
          "0010010111111010110010",
          "1010010111011010110010",
          "1010010011011011110010",
          "0010010011011011110011",
          "0010010011011111110001",
          "0010011011011110110001",
          "0010011011011110110100",
          "1010011011011010110100"
        ],
        "owners": [
          "1010010011011010110100",
          "0010010011111010110100",
          "0010010011111010010110",
          "0010010111111010010010",
          "0010010111011010110010",
          "1010010011011010110010",
          "0010010011011011110010",
          "0010010011011011110001",
          "0010010011011110110001",
          "0010011011011110110000",
          "0010011011011010110100"
        ],
        "prefix": "101001001101"
      },
      "candidate_index": 140,
      "edge": {
        "child": "10",
        "role": "child_D4",
        "split_pair": [
          [
            0,
            4
          ],
          [
            0,
            4
          ]
        ],
        "suffix_edge": [
          "1010110100",
          "1010110010"
        ]
      },
      "edge_index": 24,
      "minimum_incidence_length": 22,
      "selected_incidence_length": 22
    },
    {
      "candidate": {
        "incidence_length": 22,
        "new_colours": [
          "1010010101011111101000",
          "0010010101011111101100",
          "0010010101011101101101",
          "0010011101011101100101",
          "1010011101011101100100",
          "1010010101011101101100",
          "1010010101010101111100",
          "0010011101010101111100",
          "0010011101010101101101",
          "0010011101011101101001",
          "1010011101011101101000"
        ],
        "owners": [
          "1010010101011101101000",
          "0010010101011111101000",
          "0010010101011101101100",
          "0010010101011101100101",
          "0010011101011101100100",
          "1010010101011101100100",
          "1010010101010101101100",
          "0010010101010101111100",
          "0010011101010101101100",
          "0010011101010101101001",
          "0010011101011101101000"
        ],
        "prefix": "101001010101"
      },
      "candidate_index": 49,
      "edge": {
        "child": "wrap",
        "role": "child_D4",
        "split_pair": [
          [
            4,
            0
          ],
          [
            4,
            0
          ]
        ],
        "suffix_edge": [
          "1101101000",
          "1101100100"
        ]
      },
      "edge_index": 25,
      "minimum_incidence_length": 22,
      "selected_incidence_length": 22
    },
    {
      "candidate": {
        "incidence_length": 22,
        "new_colours": [
          "1010010101111100111000",
          "0010010101111100111100",
          "0010011101111100011100",
          "0010011101111100101100",
          "1010011101011100101100",
          "1010010101111100101100",
          "0010010101111100101101",
          "0010011101111100100101",
          "0010011101111100101001",
          "0010011101111100111000",
          "1010011101011100111000"
        ],
        "owners": [
          "1010010101011100111000",
          "0010010101111100111000",
          "0010010101111100011100",
          "0010011101111100001100",
          "0010011101011100101100",
          "1010010101011100101100",
          "0010010101111100101100",
          "0010010101111100100101",
          "0010011101111100100001",
          "0010011101111100101000",
          "0010011101011100111000"
        ],
        "prefix": "101001010101"
      },
      "candidate_index": 7,
      "edge": {
        "child": "right",
        "role": "child_D3",
        "split_pair": [
          [
            1,
            3
          ],
          [
            1,
            3
          ]
        ],
        "suffix_edge": [
          "1100111000",
          "1100101100"
        ]
      },
      "edge_index": 26,
      "minimum_incidence_length": 22,
      "selected_incidence_length": 22
    },
    {
      "candidate": {
        "incidence_length": 22,
        "new_colours": [
          "1010010011011111001010",
          "0010010011011111101010",
          "0010010011011101101110",
          "0010010111011101100110",
          "1010010111011101100010",
          "1010010011011111100010",
          "0010010011011111110010",
          "0010010011011110110110",
          "0010010111011110010110",
          "0010010111011111000110",
          "1010010111011111000010"
        ],
        "owners": [
          "1010010011011111000010",
          "0010010011011111001010",
          "0010010011011101101010",
          "0010010011011101100110",
          "0010010111011101100010",
          "1010010011011101100010",
          "0010010011011111100010",
          "0010010011011110110010",
          "0010010011011110010110",
          "0010010111011110000110",
          "0010010111011111000010"
        ],
        "prefix": "101001001101"
      },
      "candidate_index": 13,
      "edge": {
        "child": "wrap_tail",
        "role": "child_D3",
        "split_pair": [
          [
            3,
            1
          ],
          [
            3,
            1
          ]
        ],
        "suffix_edge": [
          "1111000010",
          "1101100010"
        ]
      },
      "edge_index": 27,
      "minimum_incidence_length": 22,
      "selected_incidence_length": 22
    },
    {
      "candidate": {
        "incidence_length": 30,
        "is_extension": true,
        "new_colours": [
          "1000110011111100111000",
          "0000110011111100111010",
          "0100110011111100011010",
          "1100110011111100001010",
          "1100010011111100101010",
          "1000011011111100101010",
          "1000111011011100101010",
          "1000110011011101101010",
          "1000110011011001111010",
          "0000110011011001111011",
          "0000110011011101111001",
          "0000111011011101111000",
          "0000111111011100111000",
          "1000111110011100111000",
          "1000111011011100111000"
        ],
        "owners": [
          "1000110011011100111000",
          "0000110011111100111000",
          "0000110011111100011010",
          "0100110011111100001010",
          "1100010011111100001010",
          "1000010011111100101010",
          "1000011011011100101010",
          "1000110011011100101010",
          "1000110011011001101010",
          "0000110011011001111010",
          "0000110011011001111001",
          "0000110011011101111000",
          "0000111011011100111000",
          "0000111110011100111000",
          "1000111010011100111000"
        ],
        "prefix": "100011001101"
      },
      "candidate_index": 586,
      "edge": {
        "child": "right",
        "role": "child_D3",
        "split_pair": [
          [
            1,
            3
          ],
          [
            1,
            3
          ]
        ],
        "suffix_edge": [
          "1100111000",
          "1100101010"
        ]
      },
      "edge_index": 28,
      "minimum_incidence_length": 22,
      "selected_incidence_length": 30
    },
    {
      "candidate": {
        "incidence_length": 30,
        "is_extension": true,
        "new_colours": [
          "1000110011011111000110",
          "1000110011011011010110",
          "1000110011011001011110",
          "0000110111011001011110",
          "0000111111011001010110",
          "0000111111011101010010",
          "1000111110011101010010",
          "1000111011011101010010",
          "1000110011011111010010",
          "0000110111011111010010",
          "0000110111011011010110",
          "0000111111011011000110",
          "0000111111011111000010",
          "1000111110011111000010",
          "1000111011011111000010"
        ],
        "owners": [
          "1000110011011111000010",
          "1000110011011011000110",
          "1000110011011001010110",
          "0000110011011001011110",
          "0000110111011001010110",
          "0000111111011001010010",
          "0000111110011101010010",
          "1000111010011101010010",
          "1000110011011101010010",
          "0000110011011111010010",
          "0000110111011011010010",
          "0000110111011011000110",
          "0000111111011011000010",
          "0000111110011111000010",
          "1000111010011111000010"
        ],
        "prefix": "100011001101"
      },
      "candidate_index": 413,
      "edge": {
        "child": "wrap_tail",
        "role": "child_D3",
        "split_pair": [
          [
            3,
            1
          ],
          [
            3,
            1
          ]
        ],
        "suffix_edge": [
          "1111000010",
          "1101010010"
        ]
      },
      "edge_index": 29,
      "minimum_incidence_length": 22,
      "selected_incidence_length": 30
    },
    {
      "candidate": {
        "incidence_length": 22,
        "new_colours": [
          "1010010101111100110100",
          "0010010101111100110101",
          "0010011101111100110001",
          "0010011101111100110010",
          "1010011101011100110010",
          "1010010101111100110010",
          "0010010101111100110011",
          "0010110101111100100011",
          "0010110101111100110001",
          "0010110101111100110100",
          "1010110101011100110100"
        ],
        "owners": [
          "1010010101011100110100",
          "0010010101111100110100",
          "0010010101111100110001",
          "0010011101111100110000",
          "0010011101011100110010",
          "1010010101011100110010",
          "0010010101111100110010",
          "0010010101111100100011",
          "0010110101111100100001",
          "0010110101111100110000",
          "0010110101011100110100"
        ],
        "prefix": "101001010101"
      },
      "candidate_index": 5,
      "edge": {
        "child": "right",
        "role": "child_D3",
        "split_pair": [
          [
            1,
            3
          ],
          [
            1,
            3
          ]
        ],
        "suffix_edge": [
          "1100110100",
          "1100110010"
        ]
      },
      "edge_index": 30,
      "minimum_incidence_length": 22,
      "selected_incidence_length": 22
    },
    {
      "candidate": {
        "incidence_length": 22,
        "is_extension": true,
        "new_colours": [
          "1010101011011110100010",
          "1000101011011110110010",
          "0000101011011110110110",
          "0010101011011110010110",
          "0011101011011110010010",
          "1011100011011110010010",
          "1010100011011110110010",
          "0010100011011110110110",
          "0010101011011110100110",
          "0011101011011110100010",
          "1011100011011110100010"
        ],
        "owners": [
          "1010100011011110100010",
          "1000101011011110100010",
          "0000101011011110110010",
          "0000101011011110010110",
          "0010101011011110010010",
          "0011100011011110010010",
          "1010100011011110010010",
          "0010100011011110110010",
          "0010100011011110100110",
          "0010101011011110100010",
          "0011100011011110100010"
        ],
        "prefix": "101010001101"
      },
      "candidate_index": 22,
      "edge": {
        "child": "wrap_tail",
        "role": "child_D3",
        "split_pair": [
          [
            3,
            1
          ],
          [
            3,
            1
          ]
        ],
        "suffix_edge": [
          "1110100010",
          "1110010010"
        ]
      },
      "edge_index": 31,
      "minimum_incidence_length": 18,
      "selected_incidence_length": 22
    },
    {
      "candidate": {
        "incidence_length": 20,
        "new_colours": [
          "1010010011011101110100",
          "1000010011011101111100",
          "0010010011011101111100",
          "0010011011011101101100",
          "1010011011011100101100",
          "1010010011111100101100",
          "0010010011111100101101",
          "0010011011111100100101",
          "0010011011111100110100",
          "1010011011011100110100"
        ],
        "owners": [
          "1010010011011100110100",
          "1000010011011101110100",
          "0000010011011101111100",
          "0010010011011101101100",
          "0010011011011100101100",
          "1010010011011100101100",
          "0010010011111100101100",
          "0010010011111100100101",
          "0010011011111100100100",
          "0010011011011100110100"
        ],
        "prefix": "101001001101"
      },
      "candidate_index": 40,
      "edge": {
        "child": "right",
        "role": "child_D3",
        "split_pair": [
          [
            1,
            3
          ],
          [
            1,
            3
          ]
        ],
        "suffix_edge": [
          "1100110100",
          "1100101100"
        ]
      },
      "edge_index": 32,
      "minimum_incidence_length": 20,
      "selected_incidence_length": 20
    },
    {
      "candidate": {
        "incidence_length": 28,
        "is_extension": true,
        "new_colours": [
          "1000110011011110101010",
          "0000110011011110101110",
          "0000110011011101101110",
          "0000111011011101100110",
          "0000111111011101100010",
          "1000111110011101100010",
          "1000111011011101100010",
          "1000110011011111100010",
          "0010110011011111100010",
          "0010110011011011100110",
          "0010110111011010100110",
          "1010110111011010100010",
          "1010010111011110100010",
          "1010110011011110100010"
        ],
        "owners": [
          "1000110011011110100010",
          "0000110011011110101010",
          "0000110011011100101110",
          "0000110011011101100110",
          "0000111011011101100010",
          "0000111110011101100010",
          "1000111010011101100010",
          "1000110011011101100010",
          "0000110011011111100010",
          "0010110011011011100010",
          "0010110011011010100110",
          "0010110111011010100010",
          "1010010111011010100010",
          "1010010011011110100010"
        ],
        "prefix": "100011001101"
      },
      "candidate_index": 12,
      "edge": {
        "child": "wrap_tail",
        "role": "child_D3",
        "split_pair": [
          [
            3,
            1
          ],
          [
            3,
            1
          ]
        ],
        "suffix_edge": [
          "1110100010",
          "1101100010"
        ]
      },
      "edge_index": 33,
      "minimum_incidence_length": 20,
      "selected_incidence_length": 28
    },
    {
      "candidate": {
        "incidence_length": 22,
        "new_colours": [
          "1010010101011111001100",
          "0010110101011111001100",
          "0010110101011011011100",
          "0010110101011101011100",
          "1010110101011101001100",
          "1010010101111101001100",
          "0010010101111111001100",
          "0010010101111011011100",
          "0010011101111010011100",
          "0010011101111110001100",
          "1010011101011110001100"
        ],
        "owners": [
          "1010010101011110001100",
          "0010010101011111001100",
          "0010110101011011001100",
          "0010110101011001011100",
          "0010110101011101001100",
          "1010010101011101001100",
          "0010010101111101001100",
          "0010010101111011001100",
          "0010010101111010011100",
          "0010011101111010001100",
          "0010011101011110001100"
        ],
        "prefix": "101001010101"
      },
      "candidate_index": 2,
      "edge": {
        "child": "left",
        "role": "child_D2",
        "split_pair": [
          [
            2,
            2
          ],
          [
            2,
            2
          ]
        ],
        "suffix_edge": [
          "1110001100",
          "1101001100"
        ]
      },
      "edge_index": 34,
      "minimum_incidence_length": 22,
      "selected_incidence_length": 22
    },
    {
      "candidate": {
        "incidence_length": 22,
        "new_colours": [
          "1010010101011111001010",
          "0010110101011111001010",
          "0010110101011011011010",
          "0010110101011101011010",
          "1010110101011101001010",
          "1010010101011101101010",
          "1010010101010111101010",
          "0010110101010111101010",
          "0010110101010110111010",
          "0010110101011110011010",
          "1010110101011110001010"
        ],
        "owners": [
          "1010010101011110001010",
          "0010010101011111001010",
          "0010110101011011001010",
          "0010110101011001011010",
          "0010110101011101001010",
          "1010010101011101001010",
          "1010010101010101101010",
          "0010010101010111101010",
          "0010110101010110101010",
          "0010110101010110011010",
          "0010110101011110001010"
        ],
        "prefix": "101001010101"
      },
      "candidate_index": 9,
      "edge": {
        "child": "left",
        "role": "child_D2",
        "split_pair": [
          [
            2,
            2
          ],
          [
            2,
            2
          ]
        ],
        "suffix_edge": [
          "1110001010",
          "1101001010"
        ]
      },
      "edge_index": 35,
      "minimum_incidence_length": 22,
      "selected_incidence_length": 22
    },
    {
      "candidate": {
        "incidence_length": 30,
        "is_extension": true,
        "new_colours": [
          "1010100011011110001110",
          "1000100011011110011110",
          "0000100011011110111110",
          "0000100011111110111010",
          "0001100011111110011010",
          "0011100011111110001010",
          "1011100011011110001010",
          "1010101011011110001010",
          "1010001011111110001010",
          "0010001011111110001011",
          "0010001011111110000111",
          "0010101011111110000101",
          "0010101011111110001100",
          "0011101011011110001100",
          "1011100011011110001100"
        ],
        "owners": [
          "1010100011011110001100",
          "1000100011011110001110",
          "0000100011011110011110",
          "0000100011011110111010",
          "0000100011111110011010",
          "0001100011111110001010",
          "0011100011011110001010",
          "1010100011011110001010",
          "1010001011011110001010",
          "0010001011111110001010",
          "0010001011111110000011",
          "0010001011111110000101",
          "0010101011111110000100",
          "0010101011011110001100",
          "0011100011011110001100"
        ],
        "prefix": "101010001101"
      },
      "candidate_index": 5423,
      "edge": {
        "child": "right",
        "role": "child_D2",
        "split_pair": [
          [
            2,
            2
          ],
          [
            2,
            2
          ]
        ],
        "suffix_edge": [
          "1110001100",
          "1110001010"
        ]
      },
      "edge_index": 36,
      "minimum_incidence_length": 22,
      "selected_incidence_length": 30
    },
    {
      "candidate": {
        "incidence_length": 18,
        "is_extension": true,
        "new_colours": [
          "1010100011011011101010",
          "0010100011011111101010",
          "0010101011011101101010",
          "0011101011011100101010",
          "1011100011011100101010",
          "1010100011011110101010",
          "0010100011111110101010",
          "0011100011111010101010",
          "1011100011011010101010"
        ],
        "owners": [
          "1010100011011010101010",
          "0010100011011011101010",
          "0010100011011101101010",
          "0010101011011100101010",
          "0011100011011100101010",
          "1010100011011100101010",
          "0010100011011110101010",
          "0010100011111010101010",
          "0011100011011010101010"
        ],
        "prefix": "101010001101"
      },
      "candidate_index": 9,
      "edge": {
        "child": "(0, 4)->(1, 3)",
        "role": "split_bridge",
        "split_pair": [
          [
            0,
            4
          ],
          [
            1,
            3
          ]
        ],
        "suffix_edge": [
          "1010101010",
          "1100101010"
        ]
      },
      "edge_index": 37,
      "minimum_incidence_length": 14,
      "selected_incidence_length": 18
    },
    {
      "candidate": {
        "incidence_length": 18,
        "new_colours": [
          "1010010011011101101010",
          "1010010011010101111010",
          "0010011011010101111010",
          "0010011011011101011010",
          "1010011011011101001010",
          "1010010011111101001010",
          "0010010011111101101010",
          "0010011011111100101010",
          "1010011011011100101010"
        ],
        "owners": [
          "1010010011011100101010",
          "1010010011010101101010",
          "0010010011010101111010",
          "0010011011010101011010",
          "0010011011011101001010",
          "1010010011011101001010",
          "0010010011111101001010",
          "0010010011111100101010",
          "0010011011011100101010"
        ],
        "prefix": "101001001101"
      },
      "candidate_index": 93,
      "edge": {
        "child": "(1, 3)->(2, 2)",
        "role": "split_bridge",
        "split_pair": [
          [
            1,
            3
          ],
          [
            2,
            2
          ]
        ],
        "suffix_edge": [
          "1100101010",
          "1101001010"
        ]
      },
      "edge_index": 38,
      "minimum_incidence_length": 18,
      "selected_incidence_length": 18
    },
    {
      "candidate": {
        "incidence_length": 24,
        "is_extension": true,
        "new_colours": [
          "1010100011011101001110",
          "1010100011010101011110",
          "0010100011011101011110",
          "0010100011111101010110",
          "0011100011111101010010",
          "1011100011011101010010",
          "1010100011011101011010",
          "1010100011010101111010",
          "0010100011011101111010",
          "0010100011111101011010",
          "0011100011111101001010",
          "1011100011011101001010"
        ],
        "owners": [
          "1010100011011101001010",
          "1010100011010101001110",
          "0010100011010101011110",
          "0010100011011101010110",
          "0010100011111101010010",
          "0011100011011101010010",
          "1010100011011101010010",
          "1010100011010101011010",
          "0010100011010101111010",
          "0010100011011101011010",
          "0010100011111101001010",
          "0011100011011101001010"
        ],
        "prefix": "101010001101"
      },
      "candidate_index": 463,
      "edge": {
        "child": "(2, 2)->(3, 1)",
        "role": "split_bridge",
        "split_pair": [
          [
            2,
            2
          ],
          [
            3,
            1
          ]
        ],
        "suffix_edge": [
          "1101001010",
          "1101010010"
        ]
      },
      "edge_index": 39,
      "minimum_incidence_length": 18,
      "selected_incidence_length": 24
    },
    {
      "candidate": {
        "incidence_length": 18,
        "new_colours": [
          "1010010011111101010010",
          "0010010011111101010011",
          "0010011011111101010001",
          "0010011011111101010100",
          "1010011011011101010100",
          "1010010011111101010100",
          "0010010111111101010100",
          "0010010111011101010110",
          "1010010111011101010010"
        ],
        "owners": [
          "1010010011011101010010",
          "0010010011111101010010",
          "0010010011111101010001",
          "0010011011111101010000",
          "0010011011011101010100",
          "1010010011011101010100",
          "0010010011111101010100",
          "0010010111011101010100",
          "0010010111011101010010"
        ],
        "prefix": "101001001101"
      },
      "candidate_index": 2,
      "edge": {
        "child": "(3, 1)->(4, 0)",
        "role": "split_bridge",
        "split_pair": [
          [
            3,
            1
          ],
          [
            4,
            0
          ]
        ],
        "suffix_edge": [
          "1101010010",
          "1101010100"
        ]
      },
      "edge_index": 40,
      "minimum_incidence_length": 18,
      "selected_incidence_length": 18
    }
  ],
  "simultaneous": {
    "base_components_met": 372,
    "component_reduction": 371,
    "minimum_q2_load_after": 1,
    "output_component_owner_length": 12420,
    "output_components_on_touched_owners": 1,
    "q2_support_losses": 0,
    "status": "SAT",
    "suffix_representative_output_components": 1
  },
  "status": "SAT",
  "topology_connectivity_cegar": true,
  "total_candidates": 20329
}
