	Command being timed: "python3 solve_t2_suffix_d5_split_tree_minimum_sdr_20260814.py d5_minimum_candidates_0.out d5_minimum_candidates_1.out d5_minimum_candidates_2.out d5_minimum_candidates_3.out d5_minimum_candidates_4.out d5_minimum_candidates_5.out d5_minimum_candidates_6.out d5_minimum_candidates_7.out d5_minimum_candidates_8.out d5_minimum_candidates_9.out d5_minimum_candidates_10.out d5_minimum_candidates_11.out d5_minimum_candidates_12.out d5_minimum_candidates_13.out d5_minimum_candidates_14.out d5_minimum_candidates_15.out d5_minimum_candidates_16.out d5_minimum_candidates_17.out d5_minimum_candidates_18.out d5_minimum_candidates_19.out d5_minimum_candidates_20.out d5_minimum_candidates_21.out d5_minimum_candidates_22.out d5_minimum_candidates_23.out d5_minimum_candidates_24.out d5_minimum_candidates_25.out d5_minimum_candidates_26.out d5_minimum_candidates_27.out d5_minimum_candidates_28.out d5_minimum_candidates_29.out d5_minimum_candidates_30.out d5_minimum_candidates_31.out d5_minimum_candidates_32.out d5_minimum_candidates_33.out d5_minimum_candidates_34.out d5_minimum_candidates_35.out d5_minimum_candidates_36.out d5_minimum_candidates_37.out d5_minimum_candidates_38.out d5_minimum_candidates_39.out d5_minimum_candidates_40.out"
	User time (seconds): 11.52
	System time (seconds): 1.10
	Percent of CPU this job got: 100%
	Elapsed (wall clock) time (h:mm:ss or m:ss): 0:12.62
	Average shared text size (kbytes): 0
	Average unshared data size (kbytes): 0
	Average stack size (kbytes): 0
	Average total size (kbytes): 0
	Maximum resident set size (kbytes): 71168
	Average resident set size (kbytes): 0
	Major (requiring I/O) page faults: 0
	Minor (reclaiming a frame) page faults: 514595
	Voluntary context switches: 320
	Involuntary context switches: 44
	Swaps: 0
	File system inputs: 264
	File system outputs: 212032
	Socket messages sent: 0
	Socket messages received: 0
	Signals delivered: 0
	Page size (bytes): 4096
	Exit status: 0
