	Command being timed: "python3 solve_t2_suffix_d5_split_tree_minimum_sdr_20260814.py --minimize-extensions --core-extension d5_thirdphase_all_0.out --core-extension d5_thirdphase_all_1.out --core-extension d5_thirdphase_all_2.out --core-extension d5_thirdphase_all_3.out --core-extension d5_thirdphase_all_4.out --core-extension d5_thirdphase_all_5.out --core-extension d5_thirdphase_all_6.out --core-extension d5_thirdphase_all_7.out --core-extension d5_thirdphase_all_8.out --core-extension d5_thirdphase_all_9.out --core-extension d5_thirdphase_all_10.out --core-extension d5_thirdphase_all_11.out --core-extension d5_thirdphase_all_12.out --core-extension d5_thirdphase_all_13.out --core-extension d5_thirdphase_all_14.out --core-extension d5_thirdphase_all_15.out --core-extension d5_thirdphase_all_16.out --core-extension d5_thirdphase_all_17.out --core-extension d5_thirdphase_all_18.out --core-extension d5_thirdphase_all_19.out --core-extension d5_thirdphase_all_20.out --core-extension d5_thirdphase_all_21.out --core-extension d5_thirdphase_all_22.out --core-extension d5_thirdphase_all_23.out --core-extension d5_thirdphase_all_24.out --core-extension d5_thirdphase_all_25.out --core-extension d5_thirdphase_all_26.out --core-extension d5_thirdphase_all_27.out --core-extension d5_thirdphase_all_28.out --core-extension d5_thirdphase_all_29.out --core-extension d5_thirdphase_all_30.out --core-extension d5_thirdphase_all_31.out --core-extension d5_thirdphase_all_32.out --core-extension d5_thirdphase_all_33.out --core-extension d5_thirdphase_all_34.out --core-extension d5_thirdphase_all_35.out --core-extension d5_thirdphase_all_36.out --core-extension d5_thirdphase_all_37.out --core-extension d5_thirdphase_all_38.out --core-extension d5_thirdphase_all_39.out --core-extension d5_thirdphase_all_40.out d5_minimum_candidates_0.out d5_minimum_candidates_1.out d5_minimum_candidates_2.out d5_minimum_candidates_3.out d5_minimum_candidates_4.out d5_minimum_candidates_5.out d5_minimum_candidates_6.out d5_minimum_candidates_7.out d5_minimum_candidates_8.out d5_minimum_candidates_9.out d5_minimum_candidates_10.out d5_minimum_candidates_11.out d5_minimum_candidates_12.out d5_minimum_candidates_13.out d5_minimum_candidates_14.out d5_minimum_candidates_15.out d5_minimum_candidates_16.out d5_minimum_candidates_17.out d5_minimum_candidates_18.out d5_minimum_candidates_19.out d5_minimum_candidates_20.out d5_minimum_candidates_21.out d5_minimum_candidates_22.out d5_minimum_candidates_23.out d5_minimum_candidates_24.out d5_minimum_candidates_25.out d5_minimum_candidates_26.out d5_minimum_candidates_27.out d5_minimum_candidates_28.out d5_minimum_candidates_29.out d5_minimum_candidates_30.out d5_minimum_candidates_31.out d5_minimum_candidates_32.out d5_minimum_candidates_33.out d5_minimum_candidates_34.out d5_minimum_candidates_35.out d5_minimum_candidates_36.out d5_minimum_candidates_37.out d5_minimum_candidates_38.out d5_minimum_candidates_39.out d5_minimum_candidates_40.out"
	User time (seconds): 169.04
	System time (seconds): 11.36
	Percent of CPU this job got: 100%
	Elapsed (wall clock) time (h:mm:ss or m:ss): 3:00.39
	Average shared text size (kbytes): 0
	Average unshared data size (kbytes): 0
	Average stack size (kbytes): 0
	Average total size (kbytes): 0
	Maximum resident set size (kbytes): 207724
	Average resident set size (kbytes): 0
	Major (requiring I/O) page faults: 0
	Minor (reclaiming a frame) page faults: 5152416
	Voluntary context switches: 1793
	Involuntary context switches: 291
	Swaps: 0
	File system inputs: 8
	File system outputs: 2359768
	Socket messages sent: 0
	Socket messages received: 0
	Signals delivered: 0
	Page size (bytes): 4096
	Exit status: 0
