{
  "all_dead_face_cuts_sound": true,
  "all_direct_scores_equal_formula": true,
  "all_negative_endpoints_retained": true,
  "all_subset_queries_equal_direct_minima": true,
  "dead_faces_by_minimum_cut": 0,
  "exact_cover_dead_faces": 15,
  "exact_cover_exchange_pairs_checked": 12915,
  "live_faces": 15,
  "negative_endpoints_passing_strict_threshold": 24886,
  "negative_exchanges": 12443,
  "outgoing_faces": 15,
  "scalar_square_identity_cases": 80,
  "scope": "formula/pruning/query audit only; no q4 owner search",
  "status": "PASS",
  "subset_bucket_queries_checked": 7182,
  "synthetic_candidate_columns": 42,
  "synthetic_rows": 26,
  "synthetic_selected_columns": 6,
  "two_exchange_pairs_checked": 12915
}
