{
  "banks": {
    "10": {
      "colour_conflict_resources": 35,
      "colour_conflict_witnesses": [
        {
          "cycles": [
            0,
            2
          ],
          "resource": "1010110101011011110000"
        },
        {
          "cycles": [
            0,
            2
          ],
          "resource": "0010110101111011110000"
        },
        {
          "cycles": [
            0,
            2
          ],
          "resource": "1010010101011111110000"
        },
        {
          "cycles": [
            4,
            6
          ],
          "resource": "1010110101011011101000"
        },
        {
          "cycles": [
            4,
            6
          ],
          "resource": "1010010101011111101000"
        },
        {
          "cycles": [
            4,
            6
          ],
          "resource": "0010110101011111101000"
        },
        {
          "cycles": [
            12,
            14
          ],
          "resource": "1010110101011011011000"
        },
        {
          "cycles": [
            12,
            14
          ],
          "resource": "0010110101111011011000"
        },
        {
          "cycles": [
            12,
            14
          ],
          "resource": "1010010101011111011000"
        },
        {
          "cycles": [
            0,
            14
          ],
          "resource": "1010110101011010111000"
        },
        {
          "cycles": [
            0,
            14
          ],
          "resource": "1010010101111010111000"
        },
        {
          "cycles": [
            0,
            14
          ],
          "resource": "0010110101011110111000"
        },
        {
          "cycles": [
            0,
            14
          ],
          "resource": "0010010101011111111000"
        },
        {
          "cycles": [
            8,
            10
          ],
          "resource": "1010110101011011100100"
        },
        {
          "cycles": [
            8,
            10
          ],
          "resource": "0010110101111011100100"
        },
        {
          "cycles": [
            8,
            10
          ],
          "resource": "1010010101011111100100"
        },
        {
          "cycles": [
            16,
            18
          ],
          "resource": "1010110101011011010100"
        },
        {
          "cycles": [
            16,
            18
          ],
          "resource": "0010110101111011010100"
        },
        {
          "cycles": [
            16,
            18
          ],
          "resource": "1010010101011111010100"
        },
        {
          "cycles": [
            18,
            24
          ],
          "resource": "1010110101011010110100"
        },
        {
          "cycles": [
            18,
            24
          ],
          "resource": "1010010101111010110100"
        },
        {
          "cycles": [
            4,
            10
          ],
          "resource": "1010110101011010101100"
        },
        {
          "cycles": [
            4,
            10
          ],
          "resource": "0010110101011110101100"
        },
        {
          "cycles": [
            4,
            10
          ],
          "resource": "0010010101011111101100"
        },
        {
          "cycles": [
            16,
            20
          ],
          "resource": "1010110101011011010010"
        },
        {
          "cycles": [
            2,
            24
          ],
          "resource": "1010110101011010110010"
        },
        {
          "cycles": [
            2,
            24
          ],
          "resource": "1010010101111010110010"
        },
        {
          "cycles": [
            20,
            22
          ],
          "resource": "1010110101011011001010"
        },
        {
          "cycles": [
            20,
            22
          ],
          "resource": "0010110101011111001010"
        },
        {
          "cycles": [
            6,
            22
          ],
          "resource": "1010110101011010101010"
        },
        {
          "cycles": [
            6,
            22
          ],
          "resource": "0010110101011110101010"
        },
        {
          "cycles": [
            6,
            22
          ],
          "resource": "0010010101011111101010"
        },
        {
          "cycles": [
            2,
            16
          ],
          "resource": "0010110101111011010001"
        },
        {
          "cycles": [
            2,
            16,
            24
          ],
          "resource": "0010110101111010010011"
        },
        {
          "cycles": [
            2,
            24
          ],
          "resource": "0010010101111010110011"
        }
      ],
      "conflicting_cycle_pairs": [
        [
          0,
          2
        ],
        [
          0,
          14
        ],
        [
          2,
          16
        ],
        [
          2,
          24
        ],
        [
          4,
          6
        ],
        [
          4,
          10
        ],
        [
          6,
          22
        ],
        [
          8,
          10
        ],
        [
          12,
          14
        ],
        [
          16,
          18
        ],
        [
          16,
          20
        ],
        [
          16,
          24
        ],
        [
          18,
          24
        ],
        [
          20,
          22
        ]
      ],
      "cycles": 13,
      "owner_conflict_resources": 40,
      "owner_conflict_witnesses": [
        {
          "cycles": [
            2,
            16
          ],
          "resource": "0010110101111011010000"
        },
        {
          "cycles": [
            0,
            2
          ],
          "resource": "1010010101011011110000"
        },
        {
          "cycles": [
            0,
            2
          ],
          "resource": "0010110101011011110000"
        },
        {
          "cycles": [
            0,
            2
          ],
          "resource": "0010010101011111110000"
        },
        {
          "cycles": [
            4,
            6
          ],
          "resource": "1010010101011011101000"
        },
        {
          "cycles": [
            4,
            6
          ],
          "resource": "0010110101011011101000"
        },
        {
          "cycles": [
            4,
            6
          ],
          "resource": "0010010101011111101000"
        },
        {
          "cycles": [
            12,
            14
          ],
          "resource": "1010010101011011011000"
        },
        {
          "cycles": [
            12,
            14
          ],
          "resource": "0010110101011011011000"
        },
        {
          "cycles": [
            12,
            14
          ],
          "resource": "0010010101011111011000"
        },
        {
          "cycles": [
            0,
            14
          ],
          "resource": "1010010101011010111000"
        },
        {
          "cycles": [
            0,
            14
          ],
          "resource": "0010110101011010111000"
        },
        {
          "cycles": [
            0,
            14
          ],
          "resource": "0010010101111010111000"
        },
        {
          "cycles": [
            0,
            14
          ],
          "resource": "0010010101011110111000"
        },
        {
          "cycles": [
            8,
            10
          ],
          "resource": "1010010101011011100100"
        },
        {
          "cycles": [
            8,
            10
          ],
          "resource": "0010110101011011100100"
        },
        {
          "cycles": [
            8,
            10
          ],
          "resource": "0010010101011111100100"
        },
        {
          "cycles": [
            16,
            18
          ],
          "resource": "1010010101011011010100"
        },
        {
          "cycles": [
            16,
            18
          ],
          "resource": "0010110101011011010100"
        },
        {
          "cycles": [
            16,
            18
          ],
          "resource": "0010010101011111010100"
        },
        {
          "cycles": [
            18,
            24
          ],
          "resource": "1010010101011010110100"
        },
        {
          "cycles": [
            18,
            24
          ],
          "resource": "0010110101011010110100"
        },
        {
          "cycles": [
            18,
            24
          ],
          "resource": "0010010101111010110100"
        },
        {
          "cycles": [
            4,
            10
          ],
          "resource": "1010010101011010101100"
        },
        {
          "cycles": [
            4,
            10
          ],
          "resource": "0010110101011010101100"
        },
        {
          "cycles": [
            4,
            10
          ],
          "resource": "0010010101011110101100"
        },
        {
          "cycles": [
            16,
            20
          ],
          "resource": "1010010101011011010010"
        },
        {
          "cycles": [
            16,
            20
          ],
          "resource": "0010110101011011010010"
        },
        {
          "cycles": [
            16,
            20
          ],
          "resource": "0010010101011111010010"
        },
        {
          "cycles": [
            2,
            24
          ],
          "resource": "1010010101011010110010"
        },
        {
          "cycles": [
            2,
            24
          ],
          "resource": "0010110101011010110010"
        },
        {
          "cycles": [
            2,
            24
          ],
          "resource": "0010010101111010110010"
        },
        {
          "cycles": [
            20,
            22
          ],
          "resource": "1010010101011011001010"
        },
        {
          "cycles": [
            20,
            22
          ],
          "resource": "0010110101011011001010"
        },
        {
          "cycles": [
            20,
            22
          ],
          "resource": "0010010101011111001010"
        },
        {
          "cycles": [
            6,
            22
          ],
          "resource": "1010010101011010101010"
        },
        {
          "cycles": [
            6,
            22
          ],
          "resource": "0010110101011010101010"
        },
        {
          "cycles": [
            6,
            22
          ],
          "resource": "0010010101011110101010"
        },
        {
          "cycles": [
            2,
            16,
            24
          ],
          "resource": "0010110101111010010001"
        },
        {
          "cycles": [
            2,
            16,
            24
          ],
          "resource": "0010010101111010010011"
        }
      ],
      "pairwise_owner_colour_disjoint": false
    },
    "wrap": {
      "colour_conflict_resources": 37,
      "colour_conflict_witnesses": [
        {
          "cycles": [
            1,
            3
          ],
          "resource": "1010110101011111100000"
        },
        {
          "cycles": [
            5,
            7
          ],
          "resource": "1010110101011111010000"
        },
        {
          "cycles": [
            1,
            15
          ],
          "resource": "1010110101011101110000"
        },
        {
          "cycles": [
            1,
            5,
            15
          ],
          "resource": "1010010101011111110000"
        },
        {
          "cycles": [
            5,
            15
          ],
          "resource": "0010110101011111110000"
        },
        {
          "cycles": [
            9,
            11
          ],
          "resource": "1010110101011111001000"
        },
        {
          "cycles": [
            3,
            9,
            11,
            19,
            25
          ],
          "resource": "1010010101011111101000"
        },
        {
          "cycles": [
            11,
            19
          ],
          "resource": "0010110101011111101000"
        },
        {
          "cycles": [
            5,
            11
          ],
          "resource": "1010110101011101011000"
        },
        {
          "cycles": [
            5,
            7,
            11,
            13
          ],
          "resource": "1010010101011111011000"
        },
        {
          "cycles": [
            5,
            11
          ],
          "resource": "0010110101011011111000"
        },
        {
          "cycles": [
            17,
            21
          ],
          "resource": "1010110101011110100100"
        },
        {
          "cycles": [
            3,
            25
          ],
          "resource": "1010110101011101100100"
        },
        {
          "cycles": [
            7,
            23
          ],
          "resource": "1010110101011101010100"
        },
        {
          "cycles": [
            7,
            23
          ],
          "resource": "1010010101011111010100"
        },
        {
          "cycles": [
            17,
            21
          ],
          "resource": "1010010101011110110100"
        },
        {
          "cycles": [
            17,
            21
          ],
          "resource": "1010010101011110101100"
        },
        {
          "cycles": [
            3,
            9,
            25
          ],
          "resource": "0010010101011111101100"
        },
        {
          "cycles": [
            7,
            23
          ],
          "resource": "0010110101011011011100"
        },
        {
          "cycles": [
            5,
            11,
            13,
            23
          ],
          "resource": "0010010101011111011100"
        },
        {
          "cycles": [
            1,
            3
          ],
          "resource": "0010110101011111100001"
        },
        {
          "cycles": [
            5,
            7
          ],
          "resource": "0010110101011111010001"
        },
        {
          "cycles": [
            1,
            15
          ],
          "resource": "0010110101011101110001"
        },
        {
          "cycles": [
            9,
            11
          ],
          "resource": "0010110101011111001001"
        },
        {
          "cycles": [
            5,
            11
          ],
          "resource": "0010110101011101011001"
        },
        {
          "cycles": [
            13,
            17
          ],
          "resource": "0010010101011110111001"
        },
        {
          "cycles": [
            5,
            11
          ],
          "resource": "0010110101011001111001"
        },
        {
          "cycles": [
            1,
            17,
            21
          ],
          "resource": "0010110101011110100101"
        },
        {
          "cycles": [
            3,
            25
          ],
          "resource": "0010110101011101100101"
        },
        {
          "cycles": [
            5,
            13,
            21
          ],
          "resource": "0010110101011110010101"
        },
        {
          "cycles": [
            7,
            23
          ],
          "resource": "0010110101011101010101"
        },
        {
          "cycles": [
            1,
            17,
            21
          ],
          "resource": "0010010101011110110101"
        },
        {
          "cycles": [
            9,
            11
          ],
          "resource": "0010010101011111001101"
        },
        {
          "cycles": [
            9,
            17
          ],
          "resource": "0010010101011110101101"
        },
        {
          "cycles": [
            3,
            25
          ],
          "resource": "0010010101011101101101"
        },
        {
          "cycles": [
            5,
            13,
            21,
            23
          ],
          "resource": "0010010101011110011101"
        },
        {
          "cycles": [
            7,
            23
          ],
          "resource": "0010110101011001011101"
        }
      ],
      "conflicting_cycle_pairs": [
        [
          1,
          3
        ],
        [
          1,
          5
        ],
        [
          1,
          15
        ],
        [
          1,
          17
        ],
        [
          1,
          21
        ],
        [
          3,
          9
        ],
        [
          3,
          11
        ],
        [
          3,
          19
        ],
        [
          3,
          25
        ],
        [
          5,
          7
        ],
        [
          5,
          11
        ],
        [
          5,
          13
        ],
        [
          5,
          15
        ],
        [
          5,
          21
        ],
        [
          5,
          23
        ],
        [
          7,
          11
        ],
        [
          7,
          13
        ],
        [
          7,
          23
        ],
        [
          9,
          11
        ],
        [
          9,
          17
        ],
        [
          9,
          19
        ],
        [
          9,
          21
        ],
        [
          9,
          25
        ],
        [
          11,
          13
        ],
        [
          11,
          19
        ],
        [
          11,
          23
        ],
        [
          11,
          25
        ],
        [
          13,
          15
        ],
        [
          13,
          17
        ],
        [
          13,
          21
        ],
        [
          13,
          23
        ],
        [
          17,
          19
        ],
        [
          17,
          21
        ],
        [
          19,
          25
        ],
        [
          21,
          23
        ]
      ],
      "cycles": 13,
      "owner_conflict_resources": 43,
      "owner_conflict_witnesses": [
        {
          "cycles": [
            1,
            3
          ],
          "resource": "1010010101011111100000"
        },
        {
          "cycles": [
            1,
            3
          ],
          "resource": "0010110101011111100000"
        },
        {
          "cycles": [
            5,
            7
          ],
          "resource": "1010010101011111010000"
        },
        {
          "cycles": [
            5,
            7
          ],
          "resource": "0010110101011111010000"
        },
        {
          "cycles": [
            13,
            15
          ],
          "resource": "1010010101011110110000"
        },
        {
          "cycles": [
            1,
            15
          ],
          "resource": "1010010101011101110000"
        },
        {
          "cycles": [
            1,
            15
          ],
          "resource": "0010110101011101110000"
        },
        {
          "cycles": [
            5,
            15
          ],
          "resource": "0010110101011011110000"
        },
        {
          "cycles": [
            1,
            5,
            15
          ],
          "resource": "0010010101011111110000"
        },
        {
          "cycles": [
            9,
            11
          ],
          "resource": "1010010101011111001000"
        },
        {
          "cycles": [
            9,
            11
          ],
          "resource": "0010110101011111001000"
        },
        {
          "cycles": [
            17,
            19
          ],
          "resource": "1010010101011110101000"
        },
        {
          "cycles": [
            19,
            25
          ],
          "resource": "1010010101011101101000"
        },
        {
          "cycles": [
            19,
            25
          ],
          "resource": "0010011101011101101000"
        },
        {
          "cycles": [
            11,
            19
          ],
          "resource": "0010110101011011101000"
        },
        {
          "cycles": [
            3,
            9,
            11,
            19,
            25
          ],
          "resource": "0010010101011111101000"
        },
        {
          "cycles": [
            5,
            11
          ],
          "resource": "1010010101011101011000"
        },
        {
          "cycles": [
            5,
            11
          ],
          "resource": "0010110101011101011000"
        },
        {
          "cycles": [
            5,
            7,
            11,
            13
          ],
          "resource": "0010010101011111011000"
        },
        {
          "cycles": [
            5,
            11
          ],
          "resource": "0010110101011001111000"
        },
        {
          "cycles": [
            17,
            21
          ],
          "resource": "1010010101011110100100"
        },
        {
          "cycles": [
            17,
            21
          ],
          "resource": "0010110101011110100100"
        },
        {
          "cycles": [
            3,
            25
          ],
          "resource": "1010010101011101100100"
        },
        {
          "cycles": [
            3,
            25
          ],
          "resource": "0010110101011101100100"
        },
        {
          "cycles": [
            21,
            23
          ],
          "resource": "1010010101011110010100"
        },
        {
          "cycles": [
            21,
            23
          ],
          "resource": "0010110101011110010100"
        },
        {
          "cycles": [
            7,
            23
          ],
          "resource": "1010010101011101010100"
        },
        {
          "cycles": [
            7,
            23
          ],
          "resource": "0010110101011101010100"
        },
        {
          "cycles": [
            7,
            23
          ],
          "resource": "0010010101011111010100"
        },
        {
          "cycles": [
            1,
            17,
            21
          ],
          "resource": "0010010101011110110100"
        },
        {
          "cycles": [
            9,
            11
          ],
          "resource": "0010010101011111001100"
        },
        {
          "cycles": [
            9,
            17,
            21
          ],
          "resource": "0010010101011110101100"
        },
        {
          "cycles": [
            3,
            25
          ],
          "resource": "0010010101011101101100"
        },
        {
          "cycles": [
            5,
            13,
            21,
            23
          ],
          "resource": "0010010101011110011100"
        },
        {
          "cycles": [
            7,
            23
          ],
          "resource": "0010110101011001011100"
        },
        {
          "cycles": [
            1,
            3
          ],
          "resource": "0010010101011111100010"
        },
        {
          "cycles": [
            5,
            13
          ],
          "resource": "0010110101011110010001"
        },
        {
          "cycles": [
            9,
            11
          ],
          "resource": "0010010101011111001001"
        },
        {
          "cycles": [
            5,
            11
          ],
          "resource": "0010110101011001011001"
        },
        {
          "cycles": [
            1,
            17,
            21
          ],
          "resource": "0010010101011110100101"
        },
        {
          "cycles": [
            3,
            25
          ],
          "resource": "0010010101011101100101"
        },
        {
          "cycles": [
            5,
            13,
            21,
            23
          ],
          "resource": "0010010101011110010101"
        },
        {
          "cycles": [
            7,
            23
          ],
          "resource": "0010110101011001010101"
        }
      ],
      "pairwise_owner_colour_disjoint": false
    }
  },
  "individual": [
    {
      "context": "10",
      "image_suffix_edge": [
        "1011110000",
        "1010111000"
      ],
      "incidence_length": 22,
      "index": 0,
      "prefix": "101001010101",
      "q2_support_losses": 0,
      "source_suffix_edge": [
        "11110000",
        "10111000"
      ]
    },
    {
      "context": "wrap",
      "image_suffix_edge": [
        "1111100000",
        "1101110000"
      ],
      "incidence_length": 22,
      "index": 1,
      "prefix": "101001010101",
      "q2_support_losses": 0,
      "source_suffix_edge": [
        "11110000",
        "10111000"
      ]
    },
    {
      "context": "10",
      "image_suffix_edge": [
        "1011110000",
        "1010110010"
      ],
      "incidence_length": 20,
      "index": 2,
      "prefix": "101001010101",
      "q2_support_losses": 0,
      "source_suffix_edge": [
        "11110000",
        "10110010"
      ]
    },
    {
      "context": "wrap",
      "image_suffix_edge": [
        "1111100000",
        "1101100100"
      ],
      "incidence_length": 20,
      "index": 3,
      "prefix": "101001010101",
      "q2_support_losses": 0,
      "source_suffix_edge": [
        "11110000",
        "10110010"
      ]
    },
    {
      "context": "10",
      "image_suffix_edge": [
        "1011101000",
        "1010101100"
      ],
      "incidence_length": 20,
      "index": 4,
      "prefix": "101001010101",
      "q2_support_losses": 0,
      "source_suffix_edge": [
        "11101000",
        "10101100"
      ]
    },
    {
      "context": "wrap",
      "image_suffix_edge": [
        "1111010000",
        "1101011000"
      ],
      "incidence_length": 24,
      "index": 5,
      "prefix": "101001010101",
      "q2_support_losses": 0,
      "source_suffix_edge": [
        "11101000",
        "10101100"
      ]
    },
    {
      "context": "10",
      "image_suffix_edge": [
        "1011101000",
        "1010101010"
      ],
      "incidence_length": 20,
      "index": 6,
      "prefix": "101001010101",
      "q2_support_losses": 0,
      "source_suffix_edge": [
        "11101000",
        "10101010"
      ]
    },
    {
      "context": "wrap",
      "image_suffix_edge": [
        "1111010000",
        "1101010100"
      ],
      "incidence_length": 22,
      "index": 7,
      "prefix": "101001010101",
      "q2_support_losses": 0,
      "source_suffix_edge": [
        "11101000",
        "10101010"
      ]
    },
    {
      "context": "10",
      "image_suffix_edge": [
        "1011100100",
        "1011100010"
      ],
      "incidence_length": 20,
      "index": 8,
      "prefix": "101001010101",
      "q2_support_losses": 0,
      "source_suffix_edge": [
        "11100100",
        "11100010"
      ]
    },
    {
      "context": "wrap",
      "image_suffix_edge": [
        "1111001000",
        "1111000100"
      ],
      "incidence_length": 20,
      "index": 9,
      "prefix": "101001010101",
      "q2_support_losses": 0,
      "source_suffix_edge": [
        "11100100",
        "11100010"
      ]
    },
    {
      "context": "10",
      "image_suffix_edge": [
        "1011100100",
        "1010101100"
      ],
      "incidence_length": 20,
      "index": 10,
      "prefix": "101001010101",
      "q2_support_losses": 0,
      "source_suffix_edge": [
        "11100100",
        "10101100"
      ]
    },
    {
      "context": "wrap",
      "image_suffix_edge": [
        "1111001000",
        "1101011000"
      ],
      "incidence_length": 22,
      "index": 11,
      "prefix": "101001010101",
      "q2_support_losses": 0,
      "source_suffix_edge": [
        "11100100",
        "10101100"
      ]
    },
    {
      "context": "10",
      "image_suffix_edge": [
        "1011011000",
        "1011001100"
      ],
      "incidence_length": 20,
      "index": 12,
      "prefix": "101001010101",
      "q2_support_losses": 0,
      "source_suffix_edge": [
        "11011000",
        "11001100"
      ]
    },
    {
      "context": "wrap",
      "image_suffix_edge": [
        "1110110000",
        "1110011000"
      ],
      "incidence_length": 20,
      "index": 13,
      "prefix": "101001010101",
      "q2_support_losses": 0,
      "source_suffix_edge": [
        "11011000",
        "11001100"
      ]
    },
    {
      "context": "10",
      "image_suffix_edge": [
        "1011011000",
        "1010111000"
      ],
      "incidence_length": 18,
      "index": 14,
      "prefix": "101001010101",
      "q2_support_losses": 0,
      "source_suffix_edge": [
        "11011000",
        "10111000"
      ]
    },
    {
      "context": "wrap",
      "image_suffix_edge": [
        "1110110000",
        "1101110000"
      ],
      "incidence_length": 22,
      "index": 15,
      "prefix": "101001010101",
      "q2_support_losses": 0,
      "source_suffix_edge": [
        "11011000",
        "10111000"
      ]
    },
    {
      "context": "10",
      "image_suffix_edge": [
        "1011010100",
        "1011010010"
      ],
      "incidence_length": 20,
      "index": 16,
      "prefix": "101001010101",
      "q2_support_losses": 0,
      "source_suffix_edge": [
        "11010100",
        "11010010"
      ]
    },
    {
      "context": "wrap",
      "image_suffix_edge": [
        "1110101000",
        "1110100100"
      ],
      "incidence_length": 18,
      "index": 17,
      "prefix": "101001010101",
      "q2_support_losses": 0,
      "source_suffix_edge": [
        "11010100",
        "11010010"
      ]
    },
    {
      "context": "10",
      "image_suffix_edge": [
        "1011010100",
        "1010110100"
      ],
      "incidence_length": 18,
      "index": 18,
      "prefix": "101001010101",
      "q2_support_losses": 0,
      "source_suffix_edge": [
        "11010100",
        "10110100"
      ]
    },
    {
      "context": "wrap",
      "image_suffix_edge": [
        "1110101000",
        "1101101000"
      ],
      "incidence_length": 22,
      "index": 19,
      "prefix": "101001010101",
      "q2_support_losses": 0,
      "source_suffix_edge": [
        "11010100",
        "10110100"
      ]
    },
    {
      "context": "10",
      "image_suffix_edge": [
        "1011010010",
        "1011001010"
      ],
      "incidence_length": 20,
      "index": 20,
      "prefix": "101001010101",
      "q2_support_losses": 0,
      "source_suffix_edge": [
        "11010010",
        "11001010"
      ]
    },
    {
      "context": "wrap",
      "image_suffix_edge": [
        "1110100100",
        "1110010100"
      ],
      "incidence_length": 18,
      "index": 21,
      "prefix": "101001010101",
      "q2_support_losses": 0,
      "source_suffix_edge": [
        "11010010",
        "11001010"
      ]
    },
    {
      "context": "10",
      "image_suffix_edge": [
        "1011001010",
        "1010101010"
      ],
      "incidence_length": 18,
      "index": 22,
      "prefix": "101001010101",
      "q2_support_losses": 0,
      "source_suffix_edge": [
        "11001010",
        "10101010"
      ]
    },
    {
      "context": "wrap",
      "image_suffix_edge": [
        "1110010100",
        "1101010100"
      ],
      "incidence_length": 24,
      "index": 23,
      "prefix": "101001010101",
      "q2_support_losses": 0,
      "source_suffix_edge": [
        "11001010",
        "10101010"
      ]
    },
    {
      "context": "10",
      "image_suffix_edge": [
        "1010110100",
        "1010110010"
      ],
      "incidence_length": 22,
      "index": 24,
      "prefix": "101001010101",
      "q2_support_losses": 0,
      "source_suffix_edge": [
        "10110100",
        "10110010"
      ]
    },
    {
      "context": "wrap",
      "image_suffix_edge": [
        "1101101000",
        "1101100100"
      ],
      "incidence_length": 22,
      "index": 25,
      "prefix": "101001010101",
      "q2_support_losses": 0,
      "source_suffix_edge": [
        "10110100",
        "10110010"
      ]
    }
  ],
  "status": "PASS"
}
