{
  "colour_disjoint": true,
  "individual_actuators": [
    {
      "base_component_arity": 11,
      "edge_index": 0,
      "incidence_length": 22,
      "lower_common_intersection_rank": 4,
      "lower_palette_births": 8,
      "lower_palette_losses": 8,
      "prefix": "101001001101",
      "role": "child_D4",
      "split_pair": [
        [
          0,
          4
        ],
        [
          0,
          4
        ]
      ],
      "suffix_edge": [
        "1011110000",
        "1010111000"
      ],
      "upper_common_intersection_rank": 8
    },
    {
      "base_component_arity": 11,
      "edge_index": 1,
      "incidence_length": 26,
      "lower_common_intersection_rank": 5,
      "lower_palette_births": 11,
      "lower_palette_losses": 11,
      "prefix": "101010001101",
      "role": "child_D4",
      "split_pair": [
        [
          4,
          0
        ],
        [
          4,
          0
        ]
      ],
      "suffix_edge": [
        "1111100000",
        "1101110000"
      ],
      "upper_common_intersection_rank": 8
    },
    {
      "base_component_arity": 9,
      "edge_index": 2,
      "incidence_length": 20,
      "lower_common_intersection_rank": 3,
      "lower_palette_births": 10,
      "lower_palette_losses": 10,
      "prefix": "101001010101",
      "role": "child_D4",
      "split_pair": [
        [
          0,
          4
        ],
        [
          0,
          4
        ]
      ],
      "suffix_edge": [
        "1011110000",
        "1010110010"
      ],
      "upper_common_intersection_rank": 8
    },
    {
      "base_component_arity": 13,
      "edge_index": 3,
      "incidence_length": 28,
      "lower_common_intersection_rank": 2,
      "lower_palette_births": 11,
      "lower_palette_losses": 11,
      "prefix": "100011001101",
      "role": "child_D4",
      "split_pair": [
        [
          4,
          0
        ],
        [
          4,
          0
        ]
      ],
      "suffix_edge": [
        "1111100000",
        "1101100100"
      ],
      "upper_common_intersection_rank": 6
    },
    {
      "base_component_arity": 11,
      "edge_index": 4,
      "incidence_length": 24,
      "lower_common_intersection_rank": 3,
      "lower_palette_births": 10,
      "lower_palette_losses": 10,
      "prefix": "101010001101",
      "role": "child_D4",
      "split_pair": [
        [
          0,
          4
        ],
        [
          0,
          4
        ]
      ],
      "suffix_edge": [
        "1011101000",
        "1010101100"
      ],
      "upper_common_intersection_rank": 8
    },
    {
      "base_component_arity": 12,
      "edge_index": 5,
      "incidence_length": 24,
      "lower_common_intersection_rank": 4,
      "lower_palette_births": 8,
      "lower_palette_losses": 8,
      "prefix": "101001001101",
      "role": "child_D4",
      "split_pair": [
        [
          4,
          0
        ],
        [
          4,
          0
        ]
      ],
      "suffix_edge": [
        "1111010000",
        "1101011000"
      ],
      "upper_common_intersection_rank": 7
    },
    {
      "base_component_arity": 13,
      "edge_index": 6,
      "incidence_length": 28,
      "lower_common_intersection_rank": 2,
      "lower_palette_births": 11,
      "lower_palette_losses": 11,
      "prefix": "100011001101",
      "role": "child_D4",
      "split_pair": [
        [
          0,
          4
        ],
        [
          0,
          4
        ]
      ],
      "suffix_edge": [
        "1011101000",
        "1010101010"
      ],
      "upper_common_intersection_rank": 6
    },
    {
      "base_component_arity": 10,
      "edge_index": 7,
      "incidence_length": 22,
      "lower_common_intersection_rank": 3,
      "lower_palette_births": 9,
      "lower_palette_losses": 9,
      "prefix": "101001010101",
      "role": "child_D4",
      "split_pair": [
        [
          4,
          0
        ],
        [
          4,
          0
        ]
      ],
      "suffix_edge": [
        "1111010000",
        "1101010100"
      ],
      "upper_common_intersection_rank": 8
    },
    {
      "base_component_arity": 10,
      "edge_index": 8,
      "incidence_length": 20,
      "lower_common_intersection_rank": 3,
      "lower_palette_births": 8,
      "lower_palette_losses": 8,
      "prefix": "101001010101",
      "role": "child_D4",
      "split_pair": [
        [
          0,
          4
        ],
        [
          0,
          4
        ]
      ],
      "suffix_edge": [
        "1011100100",
        "1011100010"
      ],
      "upper_common_intersection_rank": 8
    },
    {
      "base_component_arity": 10,
      "edge_index": 9,
      "incidence_length": 20,
      "lower_common_intersection_rank": 5,
      "lower_palette_births": 7,
      "lower_palette_losses": 7,
      "prefix": "101001001101",
      "role": "child_D4",
      "split_pair": [
        [
          4,
          0
        ],
        [
          4,
          0
        ]
      ],
      "suffix_edge": [
        "1111001000",
        "1111000100"
      ],
      "upper_common_intersection_rank": 8
    },
    {
      "base_component_arity": 10,
      "edge_index": 10,
      "incidence_length": 20,
      "lower_common_intersection_rank": 4,
      "lower_palette_births": 6,
      "lower_palette_losses": 6,
      "prefix": "101001001101",
      "role": "child_D4",
      "split_pair": [
        [
          0,
          4
        ],
        [
          0,
          4
        ]
      ],
      "suffix_edge": [
        "1011100100",
        "1010101100"
      ],
      "upper_common_intersection_rank": 8
    },
    {
      "base_component_arity": 15,
      "edge_index": 11,
      "incidence_length": 30,
      "lower_common_intersection_rank": 2,
      "lower_palette_births": 12,
      "lower_palette_losses": 12,
      "prefix": "100011001101",
      "role": "child_D4",
      "split_pair": [
        [
          4,
          0
        ],
        [
          4,
          0
        ]
      ],
      "suffix_edge": [
        "1111001000",
        "1101011000"
      ],
      "upper_common_intersection_rank": 7
    },
    {
      "base_component_arity": 11,
      "edge_index": 12,
      "incidence_length": 24,
      "lower_common_intersection_rank": 3,
      "lower_palette_births": 11,
      "lower_palette_losses": 11,
      "prefix": "101010001101",
      "role": "child_D4",
      "split_pair": [
        [
          0,
          4
        ],
        [
          0,
          4
        ]
      ],
      "suffix_edge": [
        "1011011000",
        "1011001100"
      ],
      "upper_common_intersection_rank": 8
    },
    {
      "base_component_arity": 9,
      "edge_index": 13,
      "incidence_length": 24,
      "lower_common_intersection_rank": 4,
      "lower_palette_births": 11,
      "lower_palette_losses": 11,
      "prefix": "101010001101",
      "role": "child_D4",
      "split_pair": [
        [
          4,
          0
        ],
        [
          4,
          0
        ]
      ],
      "suffix_edge": [
        "1110110000",
        "1110011000"
      ],
      "upper_common_intersection_rank": 9
    },
    {
      "base_component_arity": 9,
      "edge_index": 14,
      "incidence_length": 18,
      "lower_common_intersection_rank": 2,
      "lower_palette_births": 9,
      "lower_palette_losses": 9,
      "prefix": "101001010101",
      "role": "child_D4",
      "split_pair": [
        [
          0,
          4
        ],
        [
          0,
          4
        ]
      ],
      "suffix_edge": [
        "1011011000",
        "1010111000"
      ],
      "upper_common_intersection_rank": 9
    },
    {
      "base_component_arity": 11,
      "edge_index": 15,
      "incidence_length": 22,
      "lower_common_intersection_rank": 3,
      "lower_palette_births": 9,
      "lower_palette_losses": 9,
      "prefix": "101001010101",
      "role": "child_D4",
      "split_pair": [
        [
          4,
          0
        ],
        [
          4,
          0
        ]
      ],
      "suffix_edge": [
        "1110110000",
        "1101110000"
      ],
      "upper_common_intersection_rank": 8
    },
    {
      "base_component_arity": 10,
      "edge_index": 16,
      "incidence_length": 20,
      "lower_common_intersection_rank": 4,
      "lower_palette_births": 6,
      "lower_palette_losses": 6,
      "prefix": "101001001101",
      "role": "child_D4",
      "split_pair": [
        [
          0,
          4
        ],
        [
          0,
          4
        ]
      ],
      "suffix_edge": [
        "1011010100",
        "1011010010"
      ],
      "upper_common_intersection_rank": 8
    },
    {
      "base_component_arity": 12,
      "edge_index": 17,
      "incidence_length": 26,
      "lower_common_intersection_rank": 3,
      "lower_palette_births": 12,
      "lower_palette_losses": 12,
      "prefix": "100011001101",
      "role": "child_D4",
      "split_pair": [
        [
          4,
          0
        ],
        [
          4,
          0
        ]
      ],
      "suffix_edge": [
        "1110101000",
        "1110100100"
      ],
      "upper_common_intersection_rank": 8
    },
    {
      "base_component_arity": 12,
      "edge_index": 18,
      "incidence_length": 26,
      "lower_common_intersection_rank": 0,
      "lower_palette_births": 11,
      "lower_palette_losses": 11,
      "prefix": "100011001101",
      "role": "child_D4",
      "split_pair": [
        [
          0,
          4
        ],
        [
          0,
          4
        ]
      ],
      "suffix_edge": [
        "1011010100",
        "1010110100"
      ],
      "upper_common_intersection_rank": 7
    },
    {
      "base_component_arity": 11,
      "edge_index": 19,
      "incidence_length": 26,
      "lower_common_intersection_rank": 3,
      "lower_palette_births": 9,
      "lower_palette_losses": 9,
      "prefix": "101010001101",
      "role": "child_D4",
      "split_pair": [
        [
          4,
          0
        ],
        [
          4,
          0
        ]
      ],
      "suffix_edge": [
        "1110101000",
        "1101101000"
      ],
      "upper_common_intersection_rank": 7
    },
    {
      "base_component_arity": 12,
      "edge_index": 20,
      "incidence_length": 24,
      "lower_common_intersection_rank": 4,
      "lower_palette_births": 10,
      "lower_palette_losses": 10,
      "prefix": "101010001101",
      "role": "child_D4",
      "split_pair": [
        [
          0,
          4
        ],
        [
          0,
          4
        ]
      ],
      "suffix_edge": [
        "1011010010",
        "1011001010"
      ],
      "upper_common_intersection_rank": 8
    },
    {
      "base_component_arity": 8,
      "edge_index": 21,
      "incidence_length": 18,
      "lower_common_intersection_rank": 6,
      "lower_palette_births": 7,
      "lower_palette_losses": 7,
      "prefix": "101001010101",
      "role": "child_D4",
      "split_pair": [
        [
          4,
          0
        ],
        [
          4,
          0
        ]
      ],
      "suffix_edge": [
        "1110100100",
        "1110010100"
      ],
      "upper_common_intersection_rank": 9
    },
    {
      "base_component_arity": 9,
      "edge_index": 22,
      "incidence_length": 18,
      "lower_common_intersection_rank": 4,
      "lower_palette_births": 9,
      "lower_palette_losses": 9,
      "prefix": "101001010101",
      "role": "child_D4",
      "split_pair": [
        [
          0,
          4
        ],
        [
          0,
          4
        ]
      ],
      "suffix_edge": [
        "1011001010",
        "1010101010"
      ],
      "upper_common_intersection_rank": 9
    },
    {
      "base_component_arity": 15,
      "edge_index": 23,
      "incidence_length": 32,
      "lower_common_intersection_rank": 1,
      "lower_palette_births": 14,
      "lower_palette_losses": 14,
      "prefix": "100011001101",
      "role": "child_D4",
      "split_pair": [
        [
          4,
          0
        ],
        [
          4,
          0
        ]
      ],
      "suffix_edge": [
        "1110010100",
        "1101010100"
      ],
      "upper_common_intersection_rank": 6
    },
    {
      "base_component_arity": 11,
      "edge_index": 24,
      "incidence_length": 22,
      "lower_common_intersection_rank": 3,
      "lower_palette_births": 9,
      "lower_palette_losses": 9,
      "prefix": "101001001101",
      "role": "child_D4",
      "split_pair": [
        [
          0,
          4
        ],
        [
          0,
          4
        ]
      ],
      "suffix_edge": [
        "1010110100",
        "1010110010"
      ],
      "upper_common_intersection_rank": 8
    },
    {
      "base_component_arity": 11,
      "edge_index": 25,
      "incidence_length": 22,
      "lower_common_intersection_rank": 4,
      "lower_palette_births": 9,
      "lower_palette_losses": 9,
      "prefix": "101001010101",
      "role": "child_D4",
      "split_pair": [
        [
          4,
          0
        ],
        [
          4,
          0
        ]
      ],
      "suffix_edge": [
        "1101101000",
        "1101100100"
      ],
      "upper_common_intersection_rank": 8
    },
    {
      "base_component_arity": 11,
      "edge_index": 26,
      "incidence_length": 22,
      "lower_common_intersection_rank": 3,
      "lower_palette_births": 9,
      "lower_palette_losses": 9,
      "prefix": "101001010101",
      "role": "child_D3",
      "split_pair": [
        [
          1,
          3
        ],
        [
          1,
          3
        ]
      ],
      "suffix_edge": [
        "1100111000",
        "1100101100"
      ],
      "upper_common_intersection_rank": 7
    },
    {
      "base_component_arity": 9,
      "edge_index": 27,
      "incidence_length": 22,
      "lower_common_intersection_rank": 6,
      "lower_palette_births": 9,
      "lower_palette_losses": 9,
      "prefix": "101001001101",
      "role": "child_D3",
      "split_pair": [
        [
          3,
          1
        ],
        [
          3,
          1
        ]
      ],
      "suffix_edge": [
        "1111000010",
        "1101100010"
      ],
      "upper_common_intersection_rank": 8
    },
    {
      "base_component_arity": 13,
      "edge_index": 28,
      "incidence_length": 30,
      "lower_common_intersection_rank": 0,
      "lower_palette_births": 14,
      "lower_palette_losses": 14,
      "prefix": "100011001101",
      "role": "child_D3",
      "split_pair": [
        [
          1,
          3
        ],
        [
          1,
          3
        ]
      ],
      "suffix_edge": [
        "1100111000",
        "1100101010"
      ],
      "upper_common_intersection_rank": 5
    },
    {
      "base_component_arity": 15,
      "edge_index": 29,
      "incidence_length": 30,
      "lower_common_intersection_rank": 3,
      "lower_palette_births": 12,
      "lower_palette_losses": 12,
      "prefix": "100011001101",
      "role": "child_D3",
      "split_pair": [
        [
          3,
          1
        ],
        [
          3,
          1
        ]
      ],
      "suffix_edge": [
        "1111000010",
        "1101010010"
      ],
      "upper_common_intersection_rank": 7
    },
    {
      "base_component_arity": 11,
      "edge_index": 30,
      "incidence_length": 22,
      "lower_common_intersection_rank": 3,
      "lower_palette_births": 8,
      "lower_palette_losses": 8,
      "prefix": "101001010101",
      "role": "child_D3",
      "split_pair": [
        [
          1,
          3
        ],
        [
          1,
          3
        ]
      ],
      "suffix_edge": [
        "1100110100",
        "1100110010"
      ],
      "upper_common_intersection_rank": 8
    },
    {
      "base_component_arity": 11,
      "edge_index": 31,
      "incidence_length": 22,
      "lower_common_intersection_rank": 4,
      "lower_palette_births": 8,
      "lower_palette_losses": 8,
      "prefix": "101010001101",
      "role": "child_D3",
      "split_pair": [
        [
          3,
          1
        ],
        [
          3,
          1
        ]
      ],
      "suffix_edge": [
        "1110100010",
        "1110010010"
      ],
      "upper_common_intersection_rank": 8
    },
    {
      "base_component_arity": 10,
      "edge_index": 32,
      "incidence_length": 20,
      "lower_common_intersection_rank": 3,
      "lower_palette_births": 8,
      "lower_palette_losses": 8,
      "prefix": "101001001101",
      "role": "child_D3",
      "split_pair": [
        [
          1,
          3
        ],
        [
          1,
          3
        ]
      ],
      "suffix_edge": [
        "1100110100",
        "1100101100"
      ],
      "upper_common_intersection_rank": 8
    },
    {
      "base_component_arity": 13,
      "edge_index": 33,
      "incidence_length": 28,
      "lower_common_intersection_rank": 2,
      "lower_palette_births": 11,
      "lower_palette_losses": 11,
      "prefix": "100011001101",
      "role": "child_D3",
      "split_pair": [
        [
          3,
          1
        ],
        [
          3,
          1
        ]
      ],
      "suffix_edge": [
        "1110100010",
        "1101100010"
      ],
      "upper_common_intersection_rank": 6
    },
    {
      "base_component_arity": 11,
      "edge_index": 34,
      "incidence_length": 22,
      "lower_common_intersection_rank": 3,
      "lower_palette_births": 9,
      "lower_palette_losses": 9,
      "prefix": "101001010101",
      "role": "child_D2",
      "split_pair": [
        [
          2,
          2
        ],
        [
          2,
          2
        ]
      ],
      "suffix_edge": [
        "1110001100",
        "1101001100"
      ],
      "upper_common_intersection_rank": 8
    },
    {
      "base_component_arity": 9,
      "edge_index": 35,
      "incidence_length": 22,
      "lower_common_intersection_rank": 5,
      "lower_palette_births": 7,
      "lower_palette_losses": 7,
      "prefix": "101001010101",
      "role": "child_D2",
      "split_pair": [
        [
          2,
          2
        ],
        [
          2,
          2
        ]
      ],
      "suffix_edge": [
        "1110001010",
        "1101001010"
      ],
      "upper_common_intersection_rank": 7
    },
    {
      "base_component_arity": 15,
      "edge_index": 36,
      "incidence_length": 30,
      "lower_common_intersection_rank": 2,
      "lower_palette_births": 12,
      "lower_palette_losses": 12,
      "prefix": "101010001101",
      "role": "child_D2",
      "split_pair": [
        [
          2,
          2
        ],
        [
          2,
          2
        ]
      ],
      "suffix_edge": [
        "1110001100",
        "1110001010"
      ],
      "upper_common_intersection_rank": 6
    },
    {
      "base_component_arity": 7,
      "edge_index": 37,
      "incidence_length": 18,
      "lower_common_intersection_rank": 5,
      "lower_palette_births": 8,
      "lower_palette_losses": 8,
      "prefix": "101010001101",
      "role": "split_bridge",
      "split_pair": [
        [
          0,
          4
        ],
        [
          1,
          3
        ]
      ],
      "suffix_edge": [
        "1010101010",
        "1100101010"
      ],
      "upper_common_intersection_rank": 9
    },
    {
      "base_component_arity": 9,
      "edge_index": 38,
      "incidence_length": 18,
      "lower_common_intersection_rank": 5,
      "lower_palette_births": 6,
      "lower_palette_losses": 6,
      "prefix": "101001001101",
      "role": "split_bridge",
      "split_pair": [
        [
          1,
          3
        ],
        [
          2,
          2
        ]
      ],
      "suffix_edge": [
        "1100101010",
        "1101001010"
      ],
      "upper_common_intersection_rank": 8
    },
    {
      "base_component_arity": 9,
      "edge_index": 39,
      "incidence_length": 24,
      "lower_common_intersection_rank": 4,
      "lower_palette_births": 12,
      "lower_palette_losses": 12,
      "prefix": "101010001101",
      "role": "split_bridge",
      "split_pair": [
        [
          2,
          2
        ],
        [
          3,
          1
        ]
      ],
      "suffix_edge": [
        "1101001010",
        "1101010010"
      ],
      "upper_common_intersection_rank": 8
    },
    {
      "base_component_arity": 8,
      "edge_index": 40,
      "incidence_length": 18,
      "lower_common_intersection_rank": 6,
      "lower_palette_births": 6,
      "lower_palette_losses": 6,
      "prefix": "101001001101",
      "role": "split_bridge",
      "split_pair": [
        [
          3,
          1
        ],
        [
          4,
          0
        ]
      ],
      "suffix_edge": [
        "1101010010",
        "1101010100"
      ],
      "upper_common_intersection_rank": 9
    }
  ],
  "owner_disjoint": true,
  "selected_length_histogram": {
    "18": 6,
    "20": 6,
    "22": 11,
    "24": 6,
    "26": 4,
    "28": 3,
    "30": 4,
    "32": 1
  },
  "selected_prefix_histogram": {
    "100011001101": 9,
    "101001001101": 10,
    "101001010101": 12,
    "101010001101": 10
  },
  "selection": "solve_t2_suffix_d5_topology_cegar_20260814.h100.out",
  "selection_sha256": "94deb656dac1d8955b20d851e92600156d703842d6de169d4b6bea356fa3ec32",
  "simultaneous": {
    "base_components_met": 372,
    "component_reduction": 371,
    "component_trade_hypertree": false,
    "component_trade_incidence_components": 1,
    "component_trade_incidence_cycle_rank": 35,
    "lower_bad_2_collars": 151,
    "minimum_lower_seam_gap": 1,
    "minimum_q2_load_after": 1,
    "minimum_upper_seam_gap": 1,
    "output_component_owner_lengths": [
      12420
    ],
    "output_components_on_touched_owners": 1,
    "q2_negative_occurrences": 346,
    "q2_support_losses": 0,
    "spanning_gate": true,
    "suffix_representative_output_components": 1,
    "undilated_two_shore_residence_gate": false,
    "upper_bad_2_collars": 181
  },
  "status": "PASS",
  "suffix_tree_edges": 41,
  "suffix_vertices": 42
}
