{
  "core_sha256": "a3057383999192185c492fec32878965b54bec0b8c07cf7ff616ff050e919923",
  "selection_sha256": "94deb656dac1d8955b20d851e92600156d703842d6de169d4b6bea356fa3ec32",
  "solver_free_quotient_replay": [
    {
      "all_orientations_have_quotient_loop": true,
      "inclusion_minimal": true,
      "loop_count_histogram": {
        "1": 6,
        "2": 4,
        "3": 4,
        "4": 2
      },
      "orientation_witnesses": [
        {
          "equality_path_rows": [
            4,
            5,
            15,
            35,
            41,
            85,
            84,
            83,
            62,
            56,
            50,
            3
          ],
          "orientation": {
            "8": 0,
            "47": 0,
            "264": 0,
            "363": 0
          },
          "violated_row": 3
        },
        {
          "equality_path_rows": [
            12,
            8,
            2,
            53,
            59,
            70,
            75,
            80,
            44,
            38,
            30,
            20,
            16,
            7,
            49,
            55,
            61,
            71,
            73,
            81,
            42,
            36,
            21,
            9,
            1,
            52,
            58,
            69,
            74,
            78,
            45,
            39,
            31,
            18,
            19,
            32,
            40,
            46,
            79,
            76,
            68,
            57,
            51,
            0,
            10,
            13,
            14,
            22,
            37,
            43,
            82,
            77,
            72,
            60,
            54,
            48,
            6
          ],
          "orientation": {
            "8": 1,
            "47": 0,
            "264": 0,
            "363": 0
          },
          "violated_row": 17
        },
        {
          "equality_path_rows": [
            4,
            5,
            15,
            35,
            41,
            85,
            84,
            83,
            62,
            56,
            50,
            3
          ],
          "orientation": {
            "8": 0,
            "47": 1,
            "264": 0,
            "363": 0
          },
          "violated_row": 3
        },
        {
          "equality_path_rows": [
            28,
            33,
            67,
            66,
            65,
            64,
            63,
            47,
            23,
            24,
            25
          ],
          "orientation": {
            "8": 1,
            "47": 1,
            "264": 0,
            "363": 0
          },
          "violated_row": 27
        },
        {
          "equality_path_rows": [
            4,
            5,
            15,
            35,
            41,
            85,
            84,
            83,
            62,
            56,
            50,
            3
          ],
          "orientation": {
            "8": 0,
            "47": 0,
            "264": 1,
            "363": 0
          },
          "violated_row": 3
        },
        {
          "equality_path_rows": [
            12,
            8,
            2,
            53,
            59,
            70,
            75,
            80,
            44,
            38,
            30,
            20,
            16,
            7,
            49,
            55,
            61,
            71,
            73,
            81,
            42,
            36,
            21,
            9,
            1,
            52,
            58,
            69,
            74,
            78,
            45,
            39,
            31,
            18,
            19,
            32,
            40,
            46,
            79,
            76,
            68,
            57,
            51,
            0,
            10,
            13,
            14,
            22,
            37,
            43,
            82,
            77,
            72,
            60,
            54,
            48,
            6
          ],
          "orientation": {
            "8": 1,
            "47": 0,
            "264": 1,
            "363": 0
          },
          "violated_row": 17
        },
        {
          "equality_path_rows": [
            4,
            5,
            15,
            35,
            41,
            85,
            84,
            83,
            62,
            56,
            50,
            3
          ],
          "orientation": {
            "8": 0,
            "47": 1,
            "264": 1,
            "363": 0
          },
          "violated_row": 3
        },
        {
          "equality_path_rows": [
            28,
            33,
            67,
            66,
            65,
            64,
            63,
            47,
            23,
            24,
            25
          ],
          "orientation": {
            "8": 1,
            "47": 1,
            "264": 1,
            "363": 0
          },
          "violated_row": 27
        },
        {
          "equality_path_rows": [
            4,
            5,
            15,
            35,
            41,
            85,
            84,
            83,
            62,
            56,
            50,
            3
          ],
          "orientation": {
            "8": 0,
            "47": 0,
            "264": 0,
            "363": 1
          },
          "violated_row": 3
        },
        {
          "equality_path_rows": [
            12,
            8,
            2,
            53,
            59,
            70,
            75,
            80,
            44,
            38,
            30,
            20,
            16,
            7,
            49,
            55,
            61,
            71,
            73,
            81,
            42,
            36,
            21,
            9,
            1,
            52,
            58,
            69,
            74,
            78,
            45,
            39,
            31,
            18,
            19,
            32,
            40,
            46,
            79,
            76,
            68,
            57,
            51,
            0,
            10,
            13,
            14,
            22,
            37,
            43,
            82,
            77,
            72,
            60,
            54,
            48,
            6
          ],
          "orientation": {
            "8": 1,
            "47": 0,
            "264": 0,
            "363": 1
          },
          "violated_row": 17
        },
        {
          "equality_path_rows": [
            4,
            5,
            15,
            35,
            41,
            85,
            84,
            83,
            62,
            56,
            50,
            3
          ],
          "orientation": {
            "8": 0,
            "47": 1,
            "264": 0,
            "363": 1
          },
          "violated_row": 3
        },
        {
          "equality_path_rows": [
            29,
            11,
            26,
            34
          ],
          "orientation": {
            "8": 1,
            "47": 1,
            "264": 0,
            "363": 1
          },
          "violated_row": 34
        },
        {
          "equality_path_rows": [
            4,
            5,
            15,
            35,
            41,
            85,
            84,
            83,
            62,
            56,
            50,
            3
          ],
          "orientation": {
            "8": 0,
            "47": 0,
            "264": 1,
            "363": 1
          },
          "violated_row": 3
        },
        {
          "equality_path_rows": [
            12,
            8,
            2,
            53,
            59,
            70,
            75,
            80,
            44,
            38,
            30,
            20,
            16,
            7,
            49,
            55,
            61,
            71,
            73,
            81,
            42,
            36,
            21,
            9,
            1,
            52,
            58,
            69,
            74,
            78,
            45,
            39,
            31,
            18,
            19,
            32,
            40,
            46,
            79,
            76,
            68,
            57,
            51,
            0,
            10,
            13,
            14,
            22,
            37,
            43,
            82,
            77,
            72,
            60,
            54,
            48,
            6
          ],
          "orientation": {
            "8": 1,
            "47": 0,
            "264": 1,
            "363": 1
          },
          "violated_row": 17
        },
        {
          "equality_path_rows": [
            4,
            5,
            15,
            35,
            41,
            85,
            84,
            83,
            62,
            56,
            50,
            3
          ],
          "orientation": {
            "8": 0,
            "47": 1,
            "264": 1,
            "363": 1
          },
          "violated_row": 3
        },
        {
          "equality_path_rows": [
            29,
            11,
            26,
            34
          ],
          "orientation": {
            "8": 1,
            "47": 1,
            "264": 1,
            "363": 1
          },
          "violated_row": 34
        }
      ],
      "orientations_tested": 16,
      "owner_equations": 86,
      "post_reverse": 0,
      "pre_components": 4,
      "shortest_equality_path_histogram": {
        "4": 2,
        "11": 2,
        "12": 8,
        "57": 4
      },
      "single_deletions_with_loop_free_orientation": 86
    },
    {
      "all_orientations_have_quotient_loop": true,
      "inclusion_minimal": true,
      "loop_count_histogram": {
        "1": 10,
        "2": 16,
        "3": 6
      },
      "orientation_witnesses": [
        {
          "equality_path_rows": [
            32,
            41,
            26,
            14,
            4,
            53,
            60,
            68,
            82,
            85,
            93,
            47,
            39,
            20,
            16,
            21,
            40,
            48,
            94,
            88,
            81,
            67,
            59,
            52,
            3,
            10,
            12,
            17,
            35,
            44,
            51,
            89,
            87,
            78,
            64,
            57,
            0,
            9,
            11,
            7,
            1,
            58,
            65,
            79,
            86,
            91,
            50,
            43,
            34,
            19,
            13,
            5,
            54,
            61,
            69,
            80,
            84,
            92,
            46,
            38,
            36
          ],
          "orientation": {
            "2": 0,
            "49": 0,
            "196": 0,
            "284": 0,
            "322": 0
          },
          "violated_row": 36
        },
        {
          "equality_path_rows": [
            8,
            18
          ],
          "orientation": {
            "2": 1,
            "49": 0,
            "196": 0,
            "284": 0,
            "322": 0
          },
          "violated_row": 14
        },
        {
          "equality_path_rows": [
            32,
            41,
            26,
            14,
            4,
            53,
            60,
            68,
            82,
            85,
            93,
            47,
            39,
            20,
            16,
            21,
            40,
            48,
            94,
            88,
            81,
            67,
            59,
            52,
            3,
            10,
            12,
            17,
            35,
            44,
            51,
            89,
            87,
            78,
            64,
            57,
            0,
            9,
            11,
            7,
            1,
            58,
            65,
            79,
            86,
            91,
            50,
            43,
            34,
            19,
            13,
            5,
            54,
            61,
            69,
            80,
            84,
            92,
            46,
            38,
            36
          ],
          "orientation": {
            "2": 0,
            "49": 1,
            "196": 0,
            "284": 0,
            "322": 0
          },
          "violated_row": 36
        },
        {
          "equality_path_rows": [
            8,
            18
          ],
          "orientation": {
            "2": 1,
            "49": 1,
            "196": 0,
            "284": 0,
            "322": 0
          },
          "violated_row": 14
        },
        {
          "equality_path_rows": [
            41,
            49,
            77,
            76,
            75,
            66,
            56,
            22,
            23,
            24,
            25,
            31
          ],
          "orientation": {
            "2": 0,
            "49": 0,
            "196": 1,
            "284": 0,
            "322": 0
          },
          "violated_row": 31
        },
        {
          "equality_path_rows": [
            8,
            18
          ],
          "orientation": {
            "2": 1,
            "49": 0,
            "196": 1,
            "284": 0,
            "322": 0
          },
          "violated_row": 14
        },
        {
          "equality_path_rows": [
            41,
            49,
            77,
            76,
            75,
            66,
            56,
            22,
            23,
            24,
            25,
            31
          ],
          "orientation": {
            "2": 0,
            "49": 1,
            "196": 1,
            "284": 0,
            "322": 0
          },
          "violated_row": 31
        },
        {
          "equality_path_rows": [
            8,
            18
          ],
          "orientation": {
            "2": 1,
            "49": 1,
            "196": 1,
            "284": 0,
            "322": 0
          },
          "violated_row": 14
        },
        {
          "equality_path_rows": [
            31,
            33,
            42,
            74,
            73,
            72,
            71,
            63,
            27,
            28,
            29,
            30,
            41,
            26
          ],
          "orientation": {
            "2": 0,
            "49": 0,
            "196": 0,
            "284": 1,
            "322": 0
          },
          "violated_row": 26
        },
        {
          "equality_path_rows": [
            8,
            18
          ],
          "orientation": {
            "2": 1,
            "49": 0,
            "196": 0,
            "284": 1,
            "322": 0
          },
          "violated_row": 14
        },
        {
          "equality_path_rows": [
            31,
            33,
            42,
            74,
            73,
            72,
            71,
            63,
            27,
            28,
            29,
            30,
            41,
            26
          ],
          "orientation": {
            "2": 0,
            "49": 1,
            "196": 0,
            "284": 1,
            "322": 0
          },
          "violated_row": 26
        },
        {
          "equality_path_rows": [
            8,
            18
          ],
          "orientation": {
            "2": 1,
            "49": 1,
            "196": 0,
            "284": 1,
            "322": 0
          },
          "violated_row": 14
        },
        {
          "equality_path_rows": [
            30,
            29,
            28,
            27,
            63,
            71,
            72,
            73,
            74,
            42,
            33
          ],
          "orientation": {
            "2": 0,
            "49": 0,
            "196": 1,
            "284": 1,
            "322": 0
          },
          "violated_row": 31
        },
        {
          "equality_path_rows": [
            8,
            18
          ],
          "orientation": {
            "2": 1,
            "49": 0,
            "196": 1,
            "284": 1,
            "322": 0
          },
          "violated_row": 14
        },
        {
          "equality_path_rows": [
            30,
            29,
            28,
            27,
            63,
            71,
            72,
            73,
            74,
            42,
            33
          ],
          "orientation": {
            "2": 0,
            "49": 1,
            "196": 1,
            "284": 1,
            "322": 0
          },
          "violated_row": 31
        },
        {
          "equality_path_rows": [
            8,
            18
          ],
          "orientation": {
            "2": 1,
            "49": 1,
            "196": 1,
            "284": 1,
            "322": 0
          },
          "violated_row": 14
        },
        {
          "equality_path_rows": [
            15,
            6,
            2,
            55,
            62,
            70,
            83,
            90,
            95,
            45,
            37
          ],
          "orientation": {
            "2": 0,
            "49": 0,
            "196": 0,
            "284": 0,
            "322": 1
          },
          "violated_row": 18
        },
        {
          "equality_path_rows": [
            15,
            6,
            2,
            55,
            62,
            70,
            83,
            90,
            95,
            45,
            37
          ],
          "orientation": {
            "2": 1,
            "49": 0,
            "196": 0,
            "284": 0,
            "322": 1
          },
          "violated_row": 18
        },
        {
          "equality_path_rows": [
            15,
            6,
            2,
            55,
            62,
            70,
            83,
            90,
            95,
            45,
            37
          ],
          "orientation": {
            "2": 0,
            "49": 1,
            "196": 0,
            "284": 0,
            "322": 1
          },
          "violated_row": 18
        },
        {
          "equality_path_rows": [
            15,
            6,
            2,
            55,
            62,
            70,
            83,
            90,
            95,
            45,
            37
          ],
          "orientation": {
            "2": 1,
            "49": 1,
            "196": 0,
            "284": 0,
            "322": 1
          },
          "violated_row": 18
        },
        {
          "equality_path_rows": [
            15,
            6,
            2,
            55,
            62,
            70,
            83,
            90,
            95,
            45,
            37
          ],
          "orientation": {
            "2": 0,
            "49": 0,
            "196": 1,
            "284": 0,
            "322": 1
          },
          "violated_row": 18
        },
        {
          "equality_path_rows": [
            15,
            6,
            2,
            55,
            62,
            70,
            83,
            90,
            95,
            45,
            37
          ],
          "orientation": {
            "2": 1,
            "49": 0,
            "196": 1,
            "284": 0,
            "322": 1
          },
          "violated_row": 18
        },
        {
          "equality_path_rows": [
            15,
            6,
            2,
            55,
            62,
            70,
            83,
            90,
            95,
            45,
            37
          ],
          "orientation": {
            "2": 0,
            "49": 1,
            "196": 1,
            "284": 0,
            "322": 1
          },
          "violated_row": 18
        },
        {
          "equality_path_rows": [
            15,
            6,
            2,
            55,
            62,
            70,
            83,
            90,
            95,
            45,
            37
          ],
          "orientation": {
            "2": 1,
            "49": 1,
            "196": 1,
            "284": 0,
            "322": 1
          },
          "violated_row": 18
        },
        {
          "equality_path_rows": [
            15,
            6,
            2,
            55,
            62,
            70,
            83,
            90,
            95,
            45,
            37
          ],
          "orientation": {
            "2": 0,
            "49": 0,
            "196": 0,
            "284": 1,
            "322": 1
          },
          "violated_row": 18
        },
        {
          "equality_path_rows": [
            15,
            6,
            2,
            55,
            62,
            70,
            83,
            90,
            95,
            45,
            37
          ],
          "orientation": {
            "2": 1,
            "49": 0,
            "196": 0,
            "284": 1,
            "322": 1
          },
          "violated_row": 18
        },
        {
          "equality_path_rows": [
            15,
            6,
            2,
            55,
            62,
            70,
            83,
            90,
            95,
            45,
            37
          ],
          "orientation": {
            "2": 0,
            "49": 1,
            "196": 0,
            "284": 1,
            "322": 1
          },
          "violated_row": 18
        },
        {
          "equality_path_rows": [
            15,
            6,
            2,
            55,
            62,
            70,
            83,
            90,
            95,
            45,
            37
          ],
          "orientation": {
            "2": 1,
            "49": 1,
            "196": 0,
            "284": 1,
            "322": 1
          },
          "violated_row": 18
        },
        {
          "equality_path_rows": [
            15,
            6,
            2,
            55,
            62,
            70,
            83,
            90,
            95,
            45,
            37
          ],
          "orientation": {
            "2": 0,
            "49": 0,
            "196": 1,
            "284": 1,
            "322": 1
          },
          "violated_row": 18
        },
        {
          "equality_path_rows": [
            15,
            6,
            2,
            55,
            62,
            70,
            83,
            90,
            95,
            45,
            37
          ],
          "orientation": {
            "2": 1,
            "49": 0,
            "196": 1,
            "284": 1,
            "322": 1
          },
          "violated_row": 18
        },
        {
          "equality_path_rows": [
            15,
            6,
            2,
            55,
            62,
            70,
            83,
            90,
            95,
            45,
            37
          ],
          "orientation": {
            "2": 0,
            "49": 1,
            "196": 1,
            "284": 1,
            "322": 1
          },
          "violated_row": 18
        },
        {
          "equality_path_rows": [
            15,
            6,
            2,
            55,
            62,
            70,
            83,
            90,
            95,
            45,
            37
          ],
          "orientation": {
            "2": 1,
            "49": 1,
            "196": 1,
            "284": 1,
            "322": 1
          },
          "violated_row": 18
        }
      ],
      "orientations_tested": 32,
      "owner_equations": 96,
      "post_reverse": 1,
      "pre_components": 5,
      "shortest_equality_path_histogram": {
        "2": 8,
        "11": 18,
        "12": 2,
        "14": 2,
        "61": 2
      },
      "single_deletions_with_loop_free_orientation": 96
    }
  ],
  "status": "PASS"
}
