{
  "certificate_sha256": "2b7bc68cb4559696c0dcf6bc0f7464c8dbe0d7d398dfab2b0996282a7f419dcc",
  "component_cycle_rank_histogram": {
    "0": 25,
    "1": 8
  },
  "connected_components": 33,
  "factor_degree_histogram": {
    "3": 226
  },
  "incidences": 678,
  "provenance_blocks_equal_components": true,
  "router_nodes": 226,
  "status": "PASS",
  "token_degree_histogram": {
    "1": 292,
    "2": 169,
    "3": 16
  },
  "token_nodes": 477,
  "tree_blocks": 25,
  "unicyclic_blocks": 8,
  "unicyclic_two_core_shape": "K2,2=C4"
}
