{
  "banks": {
    "10": {
      "available_cycles": 13,
      "colour_conflict_resources": 2,
      "conflicting_cycle_pairs": [
        [
          0,
          16
        ],
        [
          8,
          24
        ]
      ],
      "owner_conflict_resources": 2,
      "pairwise_owner_colour_disjoint": false,
      "simultaneous": null
    },
    "wrap": {
      "available_cycles": 12,
      "colour_conflict_resources": 2,
      "conflicting_cycle_pairs": [
        [
          3,
          15
        ],
        [
          15,
          19
        ]
      ],
      "owner_conflict_resources": 2,
      "pairwise_owner_colour_disjoint": false,
      "simultaneous": null
    }
  },
  "individual_cycles": [
    {
      "component_reduction": 11,
      "context": "10",
      "incidence_length": 24,
      "index": 0,
      "mapped_suffix_edge": [
        "1011110000",
        "1010111000"
      ],
      "new_component_owner_lengths": [
        460
      ],
      "new_components_on_touched_owners": 1,
      "old_components_met": 12,
      "source_suffix_edge": [
        "11110000",
        "10111000"
      ],
      "status": "PASS"
    },
    {
      "component_reduction": 17,
      "context": "wrap",
      "incidence_length": 36,
      "index": 1,
      "mapped_suffix_edge": [
        "1111100000",
        "1101110000"
      ],
      "new_component_owner_lengths": [
        598
      ],
      "new_components_on_touched_owners": 1,
      "old_components_met": 18,
      "source_suffix_edge": [
        "11110000",
        "10111000"
      ],
      "status": "PASS"
    },
    {
      "component_reduction": 10,
      "context": "10",
      "incidence_length": 22,
      "index": 2,
      "mapped_suffix_edge": [
        "1011110000",
        "1010110010"
      ],
      "new_component_owner_lengths": [
        437
      ],
      "new_components_on_touched_owners": 1,
      "old_components_met": 11,
      "source_suffix_edge": [
        "11110000",
        "10110010"
      ],
      "status": "PASS"
    },
    {
      "component_reduction": 10,
      "context": "wrap",
      "incidence_length": 24,
      "index": 3,
      "mapped_suffix_edge": [
        "1111100000",
        "1101100100"
      ],
      "new_component_owner_lengths": [
        437
      ],
      "new_components_on_touched_owners": 1,
      "old_components_met": 11,
      "source_suffix_edge": [
        "11110000",
        "10110010"
      ],
      "status": "PASS"
    },
    {
      "component_reduction": 10,
      "context": "10",
      "incidence_length": 22,
      "index": 4,
      "mapped_suffix_edge": [
        "1011101000",
        "1010101100"
      ],
      "new_component_owner_lengths": [
        437
      ],
      "new_components_on_touched_owners": 1,
      "old_components_met": 11,
      "source_suffix_edge": [
        "11101000",
        "10101100"
      ],
      "status": "PASS"
    },
    {
      "component_reduction": 14,
      "context": "wrap",
      "incidence_length": 30,
      "index": 5,
      "mapped_suffix_edge": [
        "1111010000",
        "1101011000"
      ],
      "new_component_owner_lengths": [
        529
      ],
      "new_components_on_touched_owners": 1,
      "old_components_met": 15,
      "source_suffix_edge": [
        "11101000",
        "10101100"
      ],
      "status": "PASS"
    },
    {
      "component_reduction": 9,
      "context": "10",
      "incidence_length": 20,
      "index": 6,
      "mapped_suffix_edge": [
        "1011101000",
        "1010101010"
      ],
      "new_component_owner_lengths": [
        414
      ],
      "new_components_on_touched_owners": 1,
      "old_components_met": 10,
      "source_suffix_edge": [
        "11101000",
        "10101010"
      ],
      "status": "PASS"
    },
    {
      "component_reduction": 12,
      "context": "wrap",
      "incidence_length": 34,
      "index": 7,
      "mapped_suffix_edge": [
        "1111010000",
        "1101010100"
      ],
      "new_component_owner_lengths": [
        23,
        483
      ],
      "new_components_on_touched_owners": 2,
      "old_components_met": 14,
      "source_suffix_edge": [
        "11101000",
        "10101010"
      ],
      "status": "PASS"
    },
    {
      "component_reduction": 12,
      "context": "10",
      "incidence_length": 26,
      "index": 8,
      "mapped_suffix_edge": [
        "1011100100",
        "1011100010"
      ],
      "new_component_owner_lengths": [
        483
      ],
      "new_components_on_touched_owners": 1,
      "old_components_met": 13,
      "source_suffix_edge": [
        "11100100",
        "11100010"
      ],
      "status": "PASS"
    },
    {
      "component_reduction": 12,
      "context": "wrap",
      "incidence_length": 28,
      "index": 9,
      "mapped_suffix_edge": [
        "1111001000",
        "1111000100"
      ],
      "new_component_owner_lengths": [
        483
      ],
      "new_components_on_touched_owners": 1,
      "old_components_met": 13,
      "source_suffix_edge": [
        "11100100",
        "11100010"
      ],
      "status": "PASS"
    },
    {
      "component_reduction": 9,
      "context": "10",
      "incidence_length": 20,
      "index": 10,
      "mapped_suffix_edge": [
        "1011100100",
        "1010101100"
      ],
      "new_component_owner_lengths": [
        414
      ],
      "new_components_on_touched_owners": 1,
      "old_components_met": 10,
      "source_suffix_edge": [
        "11100100",
        "10101100"
      ],
      "status": "PASS"
    },
    {
      "context": "wrap",
      "index": 11,
      "source_suffix_edge": [
        "11100100",
        "10101100"
      ],
      "status": "NO_FROZEN_SOLUTION"
    },
    {
      "component_reduction": 12,
      "context": "10",
      "incidence_length": 26,
      "index": 12,
      "mapped_suffix_edge": [
        "1011011000",
        "1011001100"
      ],
      "new_component_owner_lengths": [
        483
      ],
      "new_components_on_touched_owners": 1,
      "old_components_met": 13,
      "source_suffix_edge": [
        "11011000",
        "11001100"
      ],
      "status": "PASS"
    },
    {
      "component_reduction": 14,
      "context": "wrap",
      "incidence_length": 30,
      "index": 13,
      "mapped_suffix_edge": [
        "1110110000",
        "1110011000"
      ],
      "new_component_owner_lengths": [
        529
      ],
      "new_components_on_touched_owners": 1,
      "old_components_met": 15,
      "source_suffix_edge": [
        "11011000",
        "11001100"
      ],
      "status": "PASS"
    },
    {
      "component_reduction": 9,
      "context": "10",
      "incidence_length": 20,
      "index": 14,
      "mapped_suffix_edge": [
        "1011011000",
        "1010111000"
      ],
      "new_component_owner_lengths": [
        414
      ],
      "new_components_on_touched_owners": 1,
      "old_components_met": 10,
      "source_suffix_edge": [
        "11011000",
        "10111000"
      ],
      "status": "PASS"
    },
    {
      "component_reduction": 11,
      "context": "wrap",
      "incidence_length": 24,
      "index": 15,
      "mapped_suffix_edge": [
        "1110110000",
        "1101110000"
      ],
      "new_component_owner_lengths": [
        460
      ],
      "new_components_on_touched_owners": 1,
      "old_components_met": 12,
      "source_suffix_edge": [
        "11011000",
        "10111000"
      ],
      "status": "PASS"
    },
    {
      "component_reduction": 12,
      "context": "10",
      "incidence_length": 26,
      "index": 16,
      "mapped_suffix_edge": [
        "1011010100",
        "1011010010"
      ],
      "new_component_owner_lengths": [
        483
      ],
      "new_components_on_touched_owners": 1,
      "old_components_met": 13,
      "source_suffix_edge": [
        "11010100",
        "11010010"
      ],
      "status": "PASS"
    },
    {
      "component_reduction": 10,
      "context": "wrap",
      "incidence_length": 24,
      "index": 17,
      "mapped_suffix_edge": [
        "1110101000",
        "1110100100"
      ],
      "new_component_owner_lengths": [
        437
      ],
      "new_components_on_touched_owners": 1,
      "old_components_met": 11,
      "source_suffix_edge": [
        "11010100",
        "11010010"
      ],
      "status": "PASS"
    },
    {
      "component_reduction": 10,
      "context": "10",
      "incidence_length": 22,
      "index": 18,
      "mapped_suffix_edge": [
        "1011010100",
        "1010110100"
      ],
      "new_component_owner_lengths": [
        437
      ],
      "new_components_on_touched_owners": 1,
      "old_components_met": 11,
      "source_suffix_edge": [
        "11010100",
        "10110100"
      ],
      "status": "PASS"
    },
    {
      "component_reduction": 16,
      "context": "wrap",
      "incidence_length": 34,
      "index": 19,
      "mapped_suffix_edge": [
        "1110101000",
        "1101101000"
      ],
      "new_component_owner_lengths": [
        575
      ],
      "new_components_on_touched_owners": 1,
      "old_components_met": 17,
      "source_suffix_edge": [
        "11010100",
        "10110100"
      ],
      "status": "PASS"
    },
    {
      "component_reduction": 11,
      "context": "10",
      "incidence_length": 28,
      "index": 20,
      "mapped_suffix_edge": [
        "1011010010",
        "1011001010"
      ],
      "new_component_owner_lengths": [
        139,
        344
      ],
      "new_components_on_touched_owners": 2,
      "old_components_met": 13,
      "source_suffix_edge": [
        "11010010",
        "11001010"
      ],
      "status": "PASS"
    },
    {
      "component_reduction": 15,
      "context": "wrap",
      "incidence_length": 34,
      "index": 21,
      "mapped_suffix_edge": [
        "1110100100",
        "1110010100"
      ],
      "new_component_owner_lengths": [
        552
      ],
      "new_components_on_touched_owners": 1,
      "old_components_met": 16,
      "source_suffix_edge": [
        "11010010",
        "11001010"
      ],
      "status": "PASS"
    },
    {
      "component_reduction": 6,
      "context": "10",
      "incidence_length": 18,
      "index": 22,
      "mapped_suffix_edge": [
        "1011001010",
        "1010101010"
      ],
      "new_component_owner_lengths": [
        183,
        185
      ],
      "new_components_on_touched_owners": 2,
      "old_components_met": 8,
      "source_suffix_edge": [
        "11001010",
        "10101010"
      ],
      "status": "PASS"
    },
    {
      "component_reduction": 13,
      "context": "wrap",
      "incidence_length": 32,
      "index": 23,
      "mapped_suffix_edge": [
        "1110010100",
        "1101010100"
      ],
      "new_component_owner_lengths": [
        160,
        461
      ],
      "new_components_on_touched_owners": 2,
      "old_components_met": 15,
      "source_suffix_edge": [
        "11001010",
        "10101010"
      ],
      "status": "PASS"
    },
    {
      "component_reduction": 12,
      "context": "10",
      "incidence_length": 28,
      "index": 24,
      "mapped_suffix_edge": [
        "1010110100",
        "1010110010"
      ],
      "new_component_owner_lengths": [
        483
      ],
      "new_components_on_touched_owners": 1,
      "old_components_met": 13,
      "source_suffix_edge": [
        "10110100",
        "10110010"
      ],
      "status": "PASS"
    },
    {
      "component_reduction": 17,
      "context": "wrap",
      "incidence_length": 36,
      "index": 25,
      "mapped_suffix_edge": [
        "1101101000",
        "1101100100"
      ],
      "new_component_owner_lengths": [
        598
      ],
      "new_components_on_touched_owners": 1,
      "old_components_met": 18,
      "source_suffix_edge": [
        "10110100",
        "10110010"
      ],
      "status": "PASS"
    }
  ],
  "source_s": 4,
  "status": "PASS",
  "target_s": 5
}
