{
  "all_direct_scores_equal_formula": true,
  "all_layered_oracles_equal_literal_negative_sets": true,
  "exact_cover_suite": {
    "PPS": {
      "dead_faces": 24,
      "direct_formula_checks": 1344,
      "faces": 24,
      "negative_triples": 0,
      "tested_leaves": 0
    },
    "PSS": {
      "dead_faces": 24,
      "direct_formula_checks": 768,
      "faces": 24,
      "negative_triples": 0,
      "tested_leaves": 0
    },
    "SSS": {
      "dead_faces": 4,
      "direct_formula_checks": 32,
      "faces": 4,
      "negative_triples": 0,
      "tested_leaves": 0
    }
  },
  "random_suite": {
    "PPS": {
      "dead_faces": 0,
      "direct_formula_checks": 6750,
      "faces": 50,
      "negative_triples": 2973,
      "tested_leaves": 4206
    },
    "PSS": {
      "dead_faces": 0,
      "direct_formula_checks": 4500,
      "faces": 50,
      "negative_triples": 1758,
      "tested_leaves": 2616
    },
    "SSS": {
      "dead_faces": 0,
      "direct_formula_checks": 270,
      "faces": 10,
      "negative_triples": 59,
      "tested_leaves": 75
    }
  },
  "scalar_square_identity_cases": 448,
  "scope": "synthetic typed-menu audit only; no q4 pool search",
  "status": "PASS"
}
