{
  "all_dead_face_cuts_sound": true,
  "all_direct_scores_equal_formula": true,
  "all_negative_candidates_pass_exclusion_threshold": true,
  "all_negative_pairs_pass_exclusion_threshold": true,
  "exact_cover_suite": {
    "candidate_prunes": 560,
    "dead_faces": 20,
    "direct_formula_checks": 65520,
    "live_faces": 0,
    "negative_triples": 0,
    "outgoing_faces": 20,
    "pair_prunes": 0,
    "retained_triples_tested": 0
  },
  "random_suite": {
    "candidate_prunes": 0,
    "dead_faces": 0,
    "direct_formula_checks": 65520,
    "live_faces": 20,
    "negative_triples": 35690,
    "outgoing_faces": 20,
    "pair_prunes": 2,
    "retained_triples_tested": 63998
  },
  "retained_ejection_scan_finds_exact_negative_set": true,
  "scalar_square_identity_cases": 448,
  "scope": "synthetic formula/pruning audit only; no q4 pool search",
  "status": "PASS"
}
