{
  "colour_disjoint": true,
  "individual_actuators": [
    {
      "component_arity": 8,
      "component_reduction": 7,
      "incidence_length": 16,
      "lower_bad_2_collars": 1,
      "lower_common_intersection": "000000010100000000",
      "lower_common_intersection_rank": 2,
      "lower_palette_births": 7,
      "lower_palette_losses": 7,
      "old_component_size_histogram": {
        "38": 6,
        "190": 2
      },
      "prefix": "101001010101",
      "q2_negative_occurrences": 6,
      "q2_support_losses": 0,
      "suffix_edge": [
        "111000",
        "101100"
      ],
      "upper_bad_2_collars": 4,
      "upper_common_intersection": "001001010101101000",
      "upper_common_intersection_rank": 7
    },
    {
      "component_arity": 8,
      "component_reduction": 7,
      "incidence_length": 16,
      "lower_bad_2_collars": 5,
      "lower_common_intersection": "000001001100000000",
      "lower_common_intersection_rank": 3,
      "lower_palette_births": 6,
      "lower_palette_losses": 6,
      "old_component_size_histogram": {
        "38": 6,
        "190": 2
      },
      "prefix": "101001001101",
      "q2_negative_occurrences": 6,
      "q2_support_losses": 0,
      "suffix_edge": [
        "111000",
        "101010"
      ],
      "upper_bad_2_collars": 5,
      "upper_common_intersection": "001001001101101000",
      "upper_common_intersection_rank": 7
    },
    {
      "component_arity": 8,
      "component_reduction": 7,
      "incidence_length": 18,
      "lower_bad_2_collars": 3,
      "lower_common_intersection": "000000000100100000",
      "lower_common_intersection_rank": 2,
      "lower_palette_births": 8,
      "lower_palette_losses": 8,
      "old_component_size_histogram": {
        "38": 6,
        "190": 2
      },
      "prefix": "101001010101",
      "q2_negative_occurrences": 6,
      "q2_support_losses": 0,
      "suffix_edge": [
        "110100",
        "110010"
      ],
      "upper_bad_2_collars": 3,
      "upper_common_intersection": "001001010101110000",
      "upper_common_intersection_rank": 7
    },
    {
      "component_arity": 8,
      "component_reduction": 7,
      "incidence_length": 16,
      "lower_bad_2_collars": 6,
      "lower_common_intersection": "000001001100000000",
      "lower_common_intersection_rank": 3,
      "lower_palette_births": 5,
      "lower_palette_losses": 5,
      "old_component_size_histogram": {
        "38": 6,
        "190": 2
      },
      "prefix": "101001001101",
      "q2_negative_occurrences": 7,
      "q2_support_losses": 0,
      "suffix_edge": [
        "110100",
        "101100"
      ],
      "upper_bad_2_collars": 6,
      "upper_common_intersection": "001001001101100100",
      "upper_common_intersection_rank": 7
    }
  ],
  "m": 9,
  "owner_disjoint": true,
  "simultaneous": {
    "base_components_met": 27,
    "component_reduction": 26,
    "lower_bad_2_collars": 14,
    "minimum_lower_seam_gap": 1,
    "minimum_upper_seam_gap": 1,
    "output_component_owner_length": 893,
    "output_components": 1,
    "q2_support_losses": 0,
    "upper_bad_2_collars": 18
  },
  "suffix_tree": {
    "degree_histogram": {
      "1": 2,
      "2": 3
    },
    "edges": [
      [
        "111000",
        "101100"
      ],
      [
        "111000",
        "101010"
      ],
      [
        "110100",
        "110010"
      ],
      [
        "110100",
        "101100"
      ]
    ],
    "vertices": [
      "101010",
      "101100",
      "110010",
      "110100",
      "111000"
    ]
  }
}
