{
  "after_edges": 12420,
  "before_edges": 12420,
  "certificate_sha256": "05552624784b67253b9f7d07b3e37c63cb25254d9b80872835952c38ba9605c1",
  "degree_histogram": {
    "2": 11486,
    "3": 914,
    "4": 20
  },
  "literal_three_colouring_upper_bound": 3,
  "odd_cycle_lower_bound": 3,
  "old_component_length_histogram": {
    "23": 330,
    "115": 42
  },
  "selected_nontrivial_reset_rows": 212,
  "selected_pass_rows": 265,
  "selected_rows": 477,
  "selection_sha256": "94deb656dac1d8955b20d851e92600156d703842d6de169d4b6bea356fa3ec32",
  "status": "PASS",
  "tail_old_new_state_histogram": {
    "011": 90,
    "012": 34,
    "021": 36,
    "022": 9,
    "100": 104,
    "102": 38,
    "120": 36,
    "122": 7,
    "200": 40,
    "201": 33,
    "210": 35,
    "211": 15
  },
  "union_edges": 12897,
  "union_graph_chromatic_number": 3,
  "unoriented_nontrivial_reset_types": [
    "0:{1,2}",
    "1:{0,2}",
    "2:{0,1}"
  ],
  "vertices": 12420
}
