{
  "component_count_on_dilated_touched_bank": 1,
  "expanded_ground_size": 27,
  "expanded_immediate_lower_colour_distinct": false,
  "expanded_immediate_upper_q1_simple": true,
  "expanded_owner_length": 37260,
  "expanded_owner_rank": 13,
  "expanded_owner_simple": true,
  "fresh_clock_coordinates": 4,
  "fresh_coordinate_classes": {
    "23": "p0",
    "24": "p1",
    "25": "q0",
    "26": "q1"
  },
  "lower_minimum_positive_zero_runs": [
    3,
    3
  ],
  "lower_q2_resident": true,
  "minimum_run_witnesses": {
    "lower_positive": {
      "coordinate": 0,
      "owners": [
        "001001101101110010110001010",
        "100001101101110010110001010",
        "100001101101110010110000110",
        "100001101101110010110000101",
        "000001101111110010110000101"
      ],
      "run": 3
    },
    "lower_zero": {
      "coordinate": 23,
      "owners": [
        "001001101101001101100101010",
        "001001101101001101100100110",
        "001001101101001101100100101",
        "001001101101001101001100101",
        "001001101101001101001101001"
      ],
      "run": 3
    },
    "upper_positive": {
      "coordinate": 0,
      "owners": [
        "001001101101110010110001011",
        "101001101101110010110001010",
        "100001101101110010110001110",
        "100001101101110010110000111",
        "100001101111110010110000101",
        "000001101111110010110001101"
      ],
      "run": 4
    },
    "upper_zero": {
      "coordinate": 23,
      "owners": [
        "001001101101001101100101110",
        "001001101101001101100100111",
        "001001101101001101101100101",
        "001001101101001101001101101"
      ],
      "run": 2
    }
  },
  "original_touched_output_owner_length": 12420,
  "scope": "static post-switch dilation; no dynamic switch lift",
  "screen_q1_colours_embedded_injectively": 12420,
  "selection_sha256": "94deb656dac1d8955b20d851e92600156d703842d6de169d4b6bea356fa3ec32",
  "source_depth": 2,
  "source_phase_modulus": 3,
  "status": "PASS",
  "upper_minimum_positive_zero_runs": [
    4,
    2
  ],
  "upper_q2_resident": true
}
