{
  "all_individually_q2_safe": true,
  "length_histogram": {
    "14": 1,
    "18": 9,
    "20": 13,
    "22": 16,
    "24": 2
  },
  "prefix_histogram": {
    "101001010101": 41
  },
  "resource_conflicts": {
    "colour_resources": 112,
    "cycle_pairs": 158,
    "owner_resources": 122,
    "pairs": [
      {
        "cycles": [
          0,
          1
        ],
        "roles": [
          "child_D4",
          "child_D4"
        ],
        "shared_colours": 1,
        "shared_owners": 1,
        "suffix_edges": [
          [
            "1011110000",
            "1010111000"
          ],
          [
            "1111100000",
            "1101110000"
          ]
        ]
      },
      {
        "cycles": [
          0,
          2
        ],
        "roles": [
          "child_D4",
          "child_D4"
        ],
        "shared_colours": 3,
        "shared_owners": 3,
        "suffix_edges": [
          [
            "1011110000",
            "1010111000"
          ],
          [
            "1011110000",
            "1010110010"
          ]
        ]
      },
      {
        "cycles": [
          0,
          5
        ],
        "roles": [
          "child_D4",
          "child_D4"
        ],
        "shared_colours": 1,
        "shared_owners": 2,
        "suffix_edges": [
          [
            "1011110000",
            "1010111000"
          ],
          [
            "1111010000",
            "1101011000"
          ]
        ]
      },
      {
        "cycles": [
          0,
          13
        ],
        "roles": [
          "child_D4",
          "child_D4"
        ],
        "shared_colours": 0,
        "shared_owners": 1,
        "suffix_edges": [
          [
            "1011110000",
            "1010111000"
          ],
          [
            "1110110000",
            "1110011000"
          ]
        ]
      },
      {
        "cycles": [
          0,
          14
        ],
        "roles": [
          "child_D4",
          "child_D4"
        ],
        "shared_colours": 4,
        "shared_owners": 4,
        "suffix_edges": [
          [
            "1011110000",
            "1010111000"
          ],
          [
            "1011011000",
            "1010111000"
          ]
        ]
      },
      {
        "cycles": [
          0,
          15
        ],
        "roles": [
          "child_D4",
          "child_D4"
        ],
        "shared_colours": 1,
        "shared_owners": 2,
        "suffix_edges": [
          [
            "1011110000",
            "1010111000"
          ],
          [
            "1110110000",
            "1101110000"
          ]
        ]
      },
      {
        "cycles": [
          1,
          2
        ],
        "roles": [
          "child_D4",
          "child_D4"
        ],
        "shared_colours": 2,
        "shared_owners": 1,
        "suffix_edges": [
          [
            "1111100000",
            "1101110000"
          ],
          [
            "1011110000",
            "1010110010"
          ]
        ]
      },
      {
        "cycles": [
          1,
          3
        ],
        "roles": [
          "child_D4",
          "child_D4"
        ],
        "shared_colours": 2,
        "shared_owners": 3,
        "suffix_edges": [
          [
            "1111100000",
            "1101110000"
          ],
          [
            "1111100000",
            "1101100100"
          ]
        ]
      },
      {
        "cycles": [
          1,
          5
        ],
        "roles": [
          "child_D4",
          "child_D4"
        ],
        "shared_colours": 1,
        "shared_owners": 1,
        "suffix_edges": [
          [
            "1111100000",
            "1101110000"
          ],
          [
            "1111010000",
            "1101011000"
          ]
        ]
      },
      {
        "cycles": [
          1,
          6
        ],
        "roles": [
          "child_D4",
          "child_D4"
        ],
        "shared_colours": 1,
        "shared_owners": 1,
        "suffix_edges": [
          [
            "1111100000",
            "1101110000"
          ],
          [
            "1011101000",
            "1010101010"
          ]
        ]
      },
      {
        "cycles": [
          1,
          8
        ],
        "roles": [
          "child_D4",
          "child_D4"
        ],
        "shared_colours": 0,
        "shared_owners": 1,
        "suffix_edges": [
          [
            "1111100000",
            "1101110000"
          ],
          [
            "1011100100",
            "1011100010"
          ]
        ]
      },
      {
        "cycles": [
          1,
          15
        ],
        "roles": [
          "child_D4",
          "child_D4"
        ],
        "shared_colours": 3,
        "shared_owners": 3,
        "suffix_edges": [
          [
            "1111100000",
            "1101110000"
          ],
          [
            "1110110000",
            "1101110000"
          ]
        ]
      },
      {
        "cycles": [
          1,
          17
        ],
        "roles": [
          "child_D4",
          "child_D4"
        ],
        "shared_colours": 2,
        "shared_owners": 2,
        "suffix_edges": [
          [
            "1111100000",
            "1101110000"
          ],
          [
            "1110101000",
            "1110100100"
          ]
        ]
      },
      {
        "cycles": [
          1,
          18
        ],
        "roles": [
          "child_D4",
          "child_D4"
        ],
        "shared_colours": 1,
        "shared_owners": 1,
        "suffix_edges": [
          [
            "1111100000",
            "1101110000"
          ],
          [
            "1011010100",
            "1010110100"
          ]
        ]
      },
      {
        "cycles": [
          1,
          21
        ],
        "roles": [
          "child_D4",
          "child_D4"
        ],
        "shared_colours": 2,
        "shared_owners": 2,
        "suffix_edges": [
          [
            "1111100000",
            "1101110000"
          ],
          [
            "1110100100",
            "1110010100"
          ]
        ]
      },
      {
        "cycles": [
          1,
          27
        ],
        "roles": [
          "child_D4",
          "child_D3"
        ],
        "shared_colours": 2,
        "shared_owners": 1,
        "suffix_edges": [
          [
            "1111100000",
            "1101110000"
          ],
          [
            "1111000010",
            "1101100010"
          ]
        ]
      },
      {
        "cycles": [
          1,
          29
        ],
        "roles": [
          "child_D4",
          "child_D3"
        ],
        "shared_colours": 1,
        "shared_owners": 1,
        "suffix_edges": [
          [
            "1111100000",
            "1101110000"
          ],
          [
            "1111000010",
            "1101010010"
          ]
        ]
      },
      {
        "cycles": [
          1,
          33
        ],
        "roles": [
          "child_D4",
          "child_D3"
        ],
        "shared_colours": 2,
        "shared_owners": 1,
        "suffix_edges": [
          [
            "1111100000",
            "1101110000"
          ],
          [
            "1110100010",
            "1101100010"
          ]
        ]
      },
      {
        "cycles": [
          2,
          5
        ],
        "roles": [
          "child_D4",
          "child_D4"
        ],
        "shared_colours": 1,
        "shared_owners": 2,
        "suffix_edges": [
          [
            "1011110000",
            "1010110010"
          ],
          [
            "1111010000",
            "1101011000"
          ]
        ]
      },
      {
        "cycles": [
          2,
          15
        ],
        "roles": [
          "child_D4",
          "child_D4"
        ],
        "shared_colours": 1,
        "shared_owners": 2,
        "suffix_edges": [
          [
            "1011110000",
            "1010110010"
          ],
          [
            "1110110000",
            "1101110000"
          ]
        ]
      },
      {
        "cycles": [
          2,
          16
        ],
        "roles": [
          "child_D4",
          "child_D4"
        ],
        "shared_colours": 2,
        "shared_owners": 3,
        "suffix_edges": [
          [
            "1011110000",
            "1010110010"
          ],
          [
            "1011010100",
            "1011010010"
          ]
        ]
      },
      {
        "cycles": [
          2,
          24
        ],
        "roles": [
          "child_D4",
          "child_D4"
        ],
        "shared_colours": 4,
        "shared_owners": 5,
        "suffix_edges": [
          [
            "1011110000",
            "1010110010"
          ],
          [
            "1010110100",
            "1010110010"
          ]
        ]
      },
      {
        "cycles": [
          2,
          27
        ],
        "roles": [
          "child_D4",
          "child_D3"
        ],
        "shared_colours": 1,
        "shared_owners": 1,
        "suffix_edges": [
          [
            "1011110000",
            "1010110010"
          ],
          [
            "1111000010",
            "1101100010"
          ]
        ]
      },
      {
        "cycles": [
          2,
          31
        ],
        "roles": [
          "child_D4",
          "child_D3"
        ],
        "shared_colours": 0,
        "shared_owners": 1,
        "suffix_edges": [
          [
            "1011110000",
            "1010110010"
          ],
          [
            "1110100010",
            "1110010010"
          ]
        ]
      },
      {
        "cycles": [
          2,
          33
        ],
        "roles": [
          "child_D4",
          "child_D3"
        ],
        "shared_colours": 1,
        "shared_owners": 1,
        "suffix_edges": [
          [
            "1011110000",
            "1010110010"
          ],
          [
            "1110100010",
            "1101100010"
          ]
        ]
      },
      {
        "cycles": [
          3,
          4
        ],
        "roles": [
          "child_D4",
          "child_D4"
        ],
        "shared_colours": 2,
        "shared_owners": 1,
        "suffix_edges": [
          [
            "1111100000",
            "1101100100"
          ],
          [
            "1011101000",
            "1010101100"
          ]
        ]
      },
      {
        "cycles": [
          3,
          6
        ],
        "roles": [
          "child_D4",
          "child_D4"
        ],
        "shared_colours": 3,
        "shared_owners": 3,
        "suffix_edges": [
          [
            "1111100000",
            "1101100100"
          ],
          [
            "1011101000",
            "1010101010"
          ]
        ]
      },
      {
        "cycles": [
          3,
          8
        ],
        "roles": [
          "child_D4",
          "child_D4"
        ],
        "shared_colours": 2,
        "shared_owners": 2,
        "suffix_edges": [
          [
            "1111100000",
            "1101100100"
          ],
          [
            "1011100100",
            "1011100010"
          ]
        ]
      },
      {
        "cycles": [
          3,
          9
        ],
        "roles": [
          "child_D4",
          "child_D4"
        ],
        "shared_colours": 2,
        "shared_owners": 1,
        "suffix_edges": [
          [
            "1111100000",
            "1101100100"
          ],
          [
            "1111001000",
            "1111000100"
          ]
        ]
      },
      {
        "cycles": [
          3,
          10
        ],
        "roles": [
          "child_D4",
          "child_D4"
        ],
        "shared_colours": 2,
        "shared_owners": 1,
        "suffix_edges": [
          [
            "1111100000",
            "1101100100"
          ],
          [
            "1011100100",
            "1010101100"
          ]
        ]
      },
      {
        "cycles": [
          3,
          11
        ],
        "roles": [
          "child_D4",
          "child_D4"
        ],
        "shared_colours": 1,
        "shared_owners": 1,
        "suffix_edges": [
          [
            "1111100000",
            "1101100100"
          ],
          [
            "1111001000",
            "1101011000"
          ]
        ]
      },
      {
        "cycles": [
          3,
          19
        ],
        "roles": [
          "child_D4",
          "child_D4"
        ],
        "shared_colours": 1,
        "shared_owners": 1,
        "suffix_edges": [
          [
            "1111100000",
            "1101100100"
          ],
          [
            "1110101000",
            "1101101000"
          ]
        ]
      },
      {
        "cycles": [
          3,
          25
        ],
        "roles": [
          "child_D4",
          "child_D4"
        ],
        "shared_colours": 5,
        "shared_owners": 5,
        "suffix_edges": [
          [
            "1111100000",
            "1101100100"
          ],
          [
            "1101101000",
            "1101100100"
          ]
        ]
      },
      {
        "cycles": [
          3,
          27
        ],
        "roles": [
          "child_D4",
          "child_D3"
        ],
        "shared_colours": 0,
        "shared_owners": 1,
        "suffix_edges": [
          [
            "1111100000",
            "1101100100"
          ],
          [
            "1111000010",
            "1101100010"
          ]
        ]
      },
      {
        "cycles": [
          3,
          29
        ],
        "roles": [
          "child_D4",
          "child_D3"
        ],
        "shared_colours": 0,
        "shared_owners": 1,
        "suffix_edges": [
          [
            "1111100000",
            "1101100100"
          ],
          [
            "1111000010",
            "1101010010"
          ]
        ]
      },
      {
        "cycles": [
          3,
          33
        ],
        "roles": [
          "child_D4",
          "child_D3"
        ],
        "shared_colours": 0,
        "shared_owners": 1,
        "suffix_edges": [
          [
            "1111100000",
            "1101100100"
          ],
          [
            "1110100010",
            "1101100010"
          ]
        ]
      },
      {
        "cycles": [
          4,
          6
        ],
        "roles": [
          "child_D4",
          "child_D4"
        ],
        "shared_colours": 3,
        "shared_owners": 3,
        "suffix_edges": [
          [
            "1011101000",
            "1010101100"
          ],
          [
            "1011101000",
            "1010101010"
          ]
        ]
      },
      {
        "cycles": [
          4,
          9
        ],
        "roles": [
          "child_D4",
          "child_D4"
        ],
        "shared_colours": 2,
        "shared_owners": 2,
        "suffix_edges": [
          [
            "1011101000",
            "1010101100"
          ],
          [
            "1111001000",
            "1111000100"
          ]
        ]
      },
      {
        "cycles": [
          4,
          10
        ],
        "roles": [
          "child_D4",
          "child_D4"
        ],
        "shared_colours": 3,
        "shared_owners": 3,
        "suffix_edges": [
          [
            "1011101000",
            "1010101100"
          ],
          [
            "1011100100",
            "1010101100"
          ]
        ]
      },
      {
        "cycles": [
          4,
          11
        ],
        "roles": [
          "child_D4",
          "child_D4"
        ],
        "shared_colours": 2,
        "shared_owners": 2,
        "suffix_edges": [
          [
            "1011101000",
            "1010101100"
          ],
          [
            "1111001000",
            "1101011000"
          ]
        ]
      },
      {
        "cycles": [
          4,
          17
        ],
        "roles": [
          "child_D4",
          "child_D4"
        ],
        "shared_colours": 1,
        "shared_owners": 1,
        "suffix_edges": [
          [
            "1011101000",
            "1010101100"
          ],
          [
            "1110101000",
            "1110100100"
          ]
        ]
      },
      {
        "cycles": [
          4,
          19
        ],
        "roles": [
          "child_D4",
          "child_D4"
        ],
        "shared_colours": 2,
        "shared_owners": 2,
        "suffix_edges": [
          [
            "1011101000",
            "1010101100"
          ],
          [
            "1110101000",
            "1101101000"
          ]
        ]
      },
      {
        "cycles": [
          4,
          21
        ],
        "roles": [
          "child_D4",
          "child_D4"
        ],
        "shared_colours": 1,
        "shared_owners": 1,
        "suffix_edges": [
          [
            "1011101000",
            "1010101100"
          ],
          [
            "1110100100",
            "1110010100"
          ]
        ]
      },
      {
        "cycles": [
          4,
          25
        ],
        "roles": [
          "child_D4",
          "child_D4"
        ],
        "shared_colours": 2,
        "shared_owners": 1,
        "suffix_edges": [
          [
            "1011101000",
            "1010101100"
          ],
          [
            "1101101000",
            "1101100100"
          ]
        ]
      },
      {
        "cycles": [
          5,
          7
        ],
        "roles": [
          "child_D4",
          "child_D4"
        ],
        "shared_colours": 3,
        "shared_owners": 3,
        "suffix_edges": [
          [
            "1111010000",
            "1101011000"
          ],
          [
            "1111010000",
            "1101010100"
          ]
        ]
      },
      {
        "cycles": [
          5,
          11
        ],
        "roles": [
          "child_D4",
          "child_D4"
        ],
        "shared_colours": 6,
        "shared_owners": 5,
        "suffix_edges": [
          [
            "1111010000",
            "1101011000"
          ],
          [
            "1111001000",
            "1101011000"
          ]
        ]
      },
      {
        "cycles": [
          5,
          12
        ],
        "roles": [
          "child_D4",
          "child_D4"
        ],
        "shared_colours": 2,
        "shared_owners": 1,
        "suffix_edges": [
          [
            "1111010000",
            "1101011000"
          ],
          [
            "1011011000",
            "1011001100"
          ]
        ]
      },
      {
        "cycles": [
          5,
          13
        ],
        "roles": [
          "child_D4",
          "child_D4"
        ],
        "shared_colours": 4,
        "shared_owners": 4,
        "suffix_edges": [
          [
            "1111010000",
            "1101011000"
          ],
          [
            "1110110000",
            "1110011000"
          ]
        ]
      },
      {
        "cycles": [
          5,
          14
        ],
        "roles": [
          "child_D4",
          "child_D4"
        ],
        "shared_colours": 1,
        "shared_owners": 1,
        "suffix_edges": [
          [
            "1111010000",
            "1101011000"
          ],
          [
            "1011011000",
            "1010111000"
          ]
        ]
      },
      {
        "cycles": [
          5,
          15
        ],
        "roles": [
          "child_D4",
          "child_D4"
        ],
        "shared_colours": 2,
        "shared_owners": 2,
        "suffix_edges": [
          [
            "1111010000",
            "1101011000"
          ],
          [
            "1110110000",
            "1101110000"
          ]
        ]
      },
      {
        "cycles": [
          5,
          21
        ],
        "roles": [
          "child_D4",
          "child_D4"
        ],
        "shared_colours": 2,
        "shared_owners": 2,
        "suffix_edges": [
          [
            "1111010000",
            "1101011000"
          ],
          [
            "1110100100",
            "1110010100"
          ]
        ]
      },
      {
        "cycles": [
          5,
          23
        ],
        "roles": [
          "child_D4",
          "child_D4"
        ],
        "shared_colours": 2,
        "shared_owners": 2,
        "suffix_edges": [
          [
            "1111010000",
            "1101011000"
          ],
          [
            "1110010100",
            "1101010100"
          ]
        ]
      },
      {
        "cycles": [
          6,
          9
        ],
        "roles": [
          "child_D4",
          "child_D4"
        ],
        "shared_colours": 1,
        "shared_owners": 1,
        "suffix_edges": [
          [
            "1011101000",
            "1010101010"
          ],
          [
            "1111001000",
            "1111000100"
          ]
        ]
      },
      {
        "cycles": [
          6,
          11
        ],
        "roles": [
          "child_D4",
          "child_D4"
        ],
        "shared_colours": 2,
        "shared_owners": 2,
        "suffix_edges": [
          [
            "1011101000",
            "1010101010"
          ],
          [
            "1111001000",
            "1101011000"
          ]
        ]
      },
      {
        "cycles": [
          6,
          19
        ],
        "roles": [
          "child_D4",
          "child_D4"
        ],
        "shared_colours": 2,
        "shared_owners": 2,
        "suffix_edges": [
          [
            "1011101000",
            "1010101010"
          ],
          [
            "1110101000",
            "1101101000"
          ]
        ]
      },
      {
        "cycles": [
          6,
          22
        ],
        "roles": [
          "child_D4",
          "child_D4"
        ],
        "shared_colours": 3,
        "shared_owners": 3,
        "suffix_edges": [
          [
            "1011101000",
            "1010101010"
          ],
          [
            "1011001010",
            "1010101010"
          ]
        ]
      },
      {
        "cycles": [
          6,
          25
        ],
        "roles": [
          "child_D4",
          "child_D4"
        ],
        "shared_colours": 1,
        "shared_owners": 1,
        "suffix_edges": [
          [
            "1011101000",
            "1010101010"
          ],
          [
            "1101101000",
            "1101100100"
          ]
        ]
      },
      {
        "cycles": [
          6,
          27
        ],
        "roles": [
          "child_D4",
          "child_D3"
        ],
        "shared_colours": 1,
        "shared_owners": 0,
        "suffix_edges": [
          [
            "1011101000",
            "1010101010"
          ],
          [
            "1111000010",
            "1101100010"
          ]
        ]
      },
      {
        "cycles": [
          6,
          28
        ],
        "roles": [
          "child_D4",
          "child_D3"
        ],
        "shared_colours": 0,
        "shared_owners": 1,
        "suffix_edges": [
          [
            "1011101000",
            "1010101010"
          ],
          [
            "1100111000",
            "1100101010"
          ]
        ]
      },
      {
        "cycles": [
          6,
          31
        ],
        "roles": [
          "child_D4",
          "child_D3"
        ],
        "shared_colours": 0,
        "shared_owners": 1,
        "suffix_edges": [
          [
            "1011101000",
            "1010101010"
          ],
          [
            "1110100010",
            "1110010010"
          ]
        ]
      },
      {
        "cycles": [
          6,
          33
        ],
        "roles": [
          "child_D4",
          "child_D3"
        ],
        "shared_colours": 0,
        "shared_owners": 1,
        "suffix_edges": [
          [
            "1011101000",
            "1010101010"
          ],
          [
            "1110100010",
            "1101100010"
          ]
        ]
      },
      {
        "cycles": [
          6,
          37
        ],
        "roles": [
          "child_D4",
          "split_bridge"
        ],
        "shared_colours": 4,
        "shared_owners": 4,
        "suffix_edges": [
          [
            "1011101000",
            "1010101010"
          ],
          [
            "1010101010",
            "1100101010"
          ]
        ]
      },
      {
        "cycles": [
          7,
          11
        ],
        "roles": [
          "child_D4",
          "child_D4"
        ],
        "shared_colours": 1,
        "shared_owners": 1,
        "suffix_edges": [
          [
            "1111010000",
            "1101010100"
          ],
          [
            "1111001000",
            "1101011000"
          ]
        ]
      },
      {
        "cycles": [
          7,
          12
        ],
        "roles": [
          "child_D4",
          "child_D4"
        ],
        "shared_colours": 1,
        "shared_owners": 2,
        "suffix_edges": [
          [
            "1111010000",
            "1101010100"
          ],
          [
            "1011011000",
            "1011001100"
          ]
        ]
      },
      {
        "cycles": [
          7,
          13
        ],
        "roles": [
          "child_D4",
          "child_D4"
        ],
        "shared_colours": 1,
        "shared_owners": 1,
        "suffix_edges": [
          [
            "1111010000",
            "1101010100"
          ],
          [
            "1110110000",
            "1110011000"
          ]
        ]
      },
      {
        "cycles": [
          7,
          14
        ],
        "roles": [
          "child_D4",
          "child_D4"
        ],
        "shared_colours": 1,
        "shared_owners": 2,
        "suffix_edges": [
          [
            "1111010000",
            "1101010100"
          ],
          [
            "1011011000",
            "1010111000"
          ]
        ]
      },
      {
        "cycles": [
          7,
          16
        ],
        "roles": [
          "child_D4",
          "child_D4"
        ],
        "shared_colours": 2,
        "shared_owners": 2,
        "suffix_edges": [
          [
            "1111010000",
            "1101010100"
          ],
          [
            "1011010100",
            "1011010010"
          ]
        ]
      },
      {
        "cycles": [
          7,
          18
        ],
        "roles": [
          "child_D4",
          "child_D4"
        ],
        "shared_colours": 1,
        "shared_owners": 1,
        "suffix_edges": [
          [
            "1111010000",
            "1101010100"
          ],
          [
            "1011010100",
            "1010110100"
          ]
        ]
      },
      {
        "cycles": [
          7,
          20
        ],
        "roles": [
          "child_D4",
          "child_D4"
        ],
        "shared_colours": 0,
        "shared_owners": 1,
        "suffix_edges": [
          [
            "1111010000",
            "1101010100"
          ],
          [
            "1011010010",
            "1011001010"
          ]
        ]
      },
      {
        "cycles": [
          7,
          23
        ],
        "roles": [
          "child_D4",
          "child_D4"
        ],
        "shared_colours": 5,
        "shared_owners": 5,
        "suffix_edges": [
          [
            "1111010000",
            "1101010100"
          ],
          [
            "1110010100",
            "1101010100"
          ]
        ]
      },
      {
        "cycles": [
          7,
          29
        ],
        "roles": [
          "child_D4",
          "child_D3"
        ],
        "shared_colours": 0,
        "shared_owners": 1,
        "suffix_edges": [
          [
            "1111010000",
            "1101010100"
          ],
          [
            "1111000010",
            "1101010010"
          ]
        ]
      },
      {
        "cycles": [
          7,
          34
        ],
        "roles": [
          "child_D4",
          "child_D2"
        ],
        "shared_colours": 1,
        "shared_owners": 1,
        "suffix_edges": [
          [
            "1111010000",
            "1101010100"
          ],
          [
            "1110001100",
            "1101001100"
          ]
        ]
      },
      {
        "cycles": [
          7,
          40
        ],
        "roles": [
          "child_D4",
          "split_bridge"
        ],
        "shared_colours": 1,
        "shared_owners": 2,
        "suffix_edges": [
          [
            "1111010000",
            "1101010100"
          ],
          [
            "1101010010",
            "1101010100"
          ]
        ]
      },
      {
        "cycles": [
          8,
          10
        ],
        "roles": [
          "child_D4",
          "child_D4"
        ],
        "shared_colours": 3,
        "shared_owners": 3,
        "suffix_edges": [
          [
            "1011100100",
            "1011100010"
          ],
          [
            "1011100100",
            "1010101100"
          ]
        ]
      },
      {
        "cycles": [
          8,
          27
        ],
        "roles": [
          "child_D4",
          "child_D3"
        ],
        "shared_colours": 0,
        "shared_owners": 1,
        "suffix_edges": [
          [
            "1011100100",
            "1011100010"
          ],
          [
            "1111000010",
            "1101100010"
          ]
        ]
      },
      {
        "cycles": [
          8,
          29
        ],
        "roles": [
          "child_D4",
          "child_D3"
        ],
        "shared_colours": 1,
        "shared_owners": 2,
        "suffix_edges": [
          [
            "1011100100",
            "1011100010"
          ],
          [
            "1111000010",
            "1101010010"
          ]
        ]
      },
      {
        "cycles": [
          8,
          33
        ],
        "roles": [
          "child_D4",
          "child_D3"
        ],
        "shared_colours": 0,
        "shared_owners": 1,
        "suffix_edges": [
          [
            "1011100100",
            "1011100010"
          ],
          [
            "1110100010",
            "1101100010"
          ]
        ]
      },
      {
        "cycles": [
          9,
          10
        ],
        "roles": [
          "child_D4",
          "child_D4"
        ],
        "shared_colours": 1,
        "shared_owners": 1,
        "suffix_edges": [
          [
            "1111001000",
            "1111000100"
          ],
          [
            "1011100100",
            "1010101100"
          ]
        ]
      },
      {
        "cycles": [
          9,
          11
        ],
        "roles": [
          "child_D4",
          "child_D4"
        ],
        "shared_colours": 4,
        "shared_owners": 5,
        "suffix_edges": [
          [
            "1111001000",
            "1111000100"
          ],
          [
            "1111001000",
            "1101011000"
          ]
        ]
      },
      {
        "cycles": [
          9,
          12
        ],
        "roles": [
          "child_D4",
          "child_D4"
        ],
        "shared_colours": 0,
        "shared_owners": 1,
        "suffix_edges": [
          [
            "1111001000",
            "1111000100"
          ],
          [
            "1011011000",
            "1011001100"
          ]
        ]
      },
      {
        "cycles": [
          9,
          17
        ],
        "roles": [
          "child_D4",
          "child_D4"
        ],
        "shared_colours": 1,
        "shared_owners": 1,
        "suffix_edges": [
          [
            "1111001000",
            "1111000100"
          ],
          [
            "1110101000",
            "1110100100"
          ]
        ]
      },
      {
        "cycles": [
          9,
          19
        ],
        "roles": [
          "child_D4",
          "child_D4"
        ],
        "shared_colours": 1,
        "shared_owners": 1,
        "suffix_edges": [
          [
            "1111001000",
            "1111000100"
          ],
          [
            "1110101000",
            "1101101000"
          ]
        ]
      },
      {
        "cycles": [
          9,
          21
        ],
        "roles": [
          "child_D4",
          "child_D4"
        ],
        "shared_colours": 0,
        "shared_owners": 1,
        "suffix_edges": [
          [
            "1111001000",
            "1111000100"
          ],
          [
            "1110100100",
            "1110010100"
          ]
        ]
      },
      {
        "cycles": [
          9,
          25
        ],
        "roles": [
          "child_D4",
          "child_D4"
        ],
        "shared_colours": 2,
        "shared_owners": 1,
        "suffix_edges": [
          [
            "1111001000",
            "1111000100"
          ],
          [
            "1101101000",
            "1101100100"
          ]
        ]
      },
      {
        "cycles": [
          9,
          34
        ],
        "roles": [
          "child_D4",
          "child_D2"
        ],
        "shared_colours": 1,
        "shared_owners": 1,
        "suffix_edges": [
          [
            "1111001000",
            "1111000100"
          ],
          [
            "1110001100",
            "1101001100"
          ]
        ]
      },
      {
        "cycles": [
          10,
          17
        ],
        "roles": [
          "child_D4",
          "child_D4"
        ],
        "shared_colours": 0,
        "shared_owners": 1,
        "suffix_edges": [
          [
            "1011100100",
            "1010101100"
          ],
          [
            "1110101000",
            "1110100100"
          ]
        ]
      },
      {
        "cycles": [
          10,
          21
        ],
        "roles": [
          "child_D4",
          "child_D4"
        ],
        "shared_colours": 0,
        "shared_owners": 1,
        "suffix_edges": [
          [
            "1011100100",
            "1010101100"
          ],
          [
            "1110100100",
            "1110010100"
          ]
        ]
      },
      {
        "cycles": [
          10,
          25
        ],
        "roles": [
          "child_D4",
          "child_D4"
        ],
        "shared_colours": 1,
        "shared_owners": 0,
        "suffix_edges": [
          [
            "1011100100",
            "1010101100"
          ],
          [
            "1101101000",
            "1101100100"
          ]
        ]
      },
      {
        "cycles": [
          11,
          12
        ],
        "roles": [
          "child_D4",
          "child_D4"
        ],
        "shared_colours": 2,
        "shared_owners": 2,
        "suffix_edges": [
          [
            "1111001000",
            "1101011000"
          ],
          [
            "1011011000",
            "1011001100"
          ]
        ]
      },
      {
        "cycles": [
          11,
          13
        ],
        "roles": [
          "child_D4",
          "child_D4"
        ],
        "shared_colours": 2,
        "shared_owners": 1,
        "suffix_edges": [
          [
            "1111001000",
            "1101011000"
          ],
          [
            "1110110000",
            "1110011000"
          ]
        ]
      },
      {
        "cycles": [
          11,
          14
        ],
        "roles": [
          "child_D4",
          "child_D4"
        ],
        "shared_colours": 1,
        "shared_owners": 1,
        "suffix_edges": [
          [
            "1111001000",
            "1101011000"
          ],
          [
            "1011011000",
            "1010111000"
          ]
        ]
      },
      {
        "cycles": [
          11,
          19
        ],
        "roles": [
          "child_D4",
          "child_D4"
        ],
        "shared_colours": 2,
        "shared_owners": 2,
        "suffix_edges": [
          [
            "1111001000",
            "1101011000"
          ],
          [
            "1110101000",
            "1101101000"
          ]
        ]
      },
      {
        "cycles": [
          11,
          23
        ],
        "roles": [
          "child_D4",
          "child_D4"
        ],
        "shared_colours": 1,
        "shared_owners": 0,
        "suffix_edges": [
          [
            "1111001000",
            "1101011000"
          ],
          [
            "1110010100",
            "1101010100"
          ]
        ]
      },
      {
        "cycles": [
          11,
          25
        ],
        "roles": [
          "child_D4",
          "child_D4"
        ],
        "shared_colours": 1,
        "shared_owners": 1,
        "suffix_edges": [
          [
            "1111001000",
            "1101011000"
          ],
          [
            "1101101000",
            "1101100100"
          ]
        ]
      },
      {
        "cycles": [
          11,
          34
        ],
        "roles": [
          "child_D4",
          "child_D2"
        ],
        "shared_colours": 0,
        "shared_owners": 1,
        "suffix_edges": [
          [
            "1111001000",
            "1101011000"
          ],
          [
            "1110001100",
            "1101001100"
          ]
        ]
      },
      {
        "cycles": [
          12,
          13
        ],
        "roles": [
          "child_D4",
          "child_D4"
        ],
        "shared_colours": 2,
        "shared_owners": 1,
        "suffix_edges": [
          [
            "1011011000",
            "1011001100"
          ],
          [
            "1110110000",
            "1110011000"
          ]
        ]
      },
      {
        "cycles": [
          12,
          14
        ],
        "roles": [
          "child_D4",
          "child_D4"
        ],
        "shared_colours": 3,
        "shared_owners": 3,
        "suffix_edges": [
          [
            "1011011000",
            "1011001100"
          ],
          [
            "1011011000",
            "1010111000"
          ]
        ]
      },
      {
        "cycles": [
          12,
          23
        ],
        "roles": [
          "child_D4",
          "child_D4"
        ],
        "shared_colours": 1,
        "shared_owners": 0,
        "suffix_edges": [
          [
            "1011011000",
            "1011001100"
          ],
          [
            "1110010100",
            "1101010100"
          ]
        ]
      },
      {
        "cycles": [
          12,
          34
        ],
        "roles": [
          "child_D4",
          "child_D2"
        ],
        "shared_colours": 1,
        "shared_owners": 2,
        "suffix_edges": [
          [
            "1011011000",
            "1011001100"
          ],
          [
            "1110001100",
            "1101001100"
          ]
        ]
      },
      {
        "cycles": [
          13,
          14
        ],
        "roles": [
          "child_D4",
          "child_D4"
        ],
        "shared_colours": 1,
        "shared_owners": 2,
        "suffix_edges": [
          [
            "1110110000",
            "1110011000"
          ],
          [
            "1011011000",
            "1010111000"
          ]
        ]
      },
      {
        "cycles": [
          13,
          15
        ],
        "roles": [
          "child_D4",
          "child_D4"
        ],
        "shared_colours": 0,
        "shared_owners": 1,
        "suffix_edges": [
          [
            "1110110000",
            "1110011000"
          ],
          [
            "1110110000",
            "1101110000"
          ]
        ]
      },
      {
        "cycles": [
          13,
          17
        ],
        "roles": [
          "child_D4",
          "child_D4"
        ],
        "shared_colours": 1,
        "shared_owners": 0,
        "suffix_edges": [
          [
            "1110110000",
            "1110011000"
          ],
          [
            "1110101000",
            "1110100100"
          ]
        ]
      },
      {
        "cycles": [
          13,
          21
        ],
        "roles": [
          "child_D4",
          "child_D4"
        ],
        "shared_colours": 2,
        "shared_owners": 2,
        "suffix_edges": [
          [
            "1110110000",
            "1110011000"
          ],
          [
            "1110100100",
            "1110010100"
          ]
        ]
      },
      {
        "cycles": [
          13,
          23
        ],
        "roles": [
          "child_D4",
          "child_D4"
        ],
        "shared_colours": 2,
        "shared_owners": 2,
        "suffix_edges": [
          [
            "1110110000",
            "1110011000"
          ],
          [
            "1110010100",
            "1101010100"
          ]
        ]
      },
      {
        "cycles": [
          16,
          18
        ],
        "roles": [
          "child_D4",
          "child_D4"
        ],
        "shared_colours": 3,
        "shared_owners": 3,
        "suffix_edges": [
          [
            "1011010100",
            "1011010010"
          ],
          [
            "1011010100",
            "1010110100"
          ]
        ]
      },
      {
        "cycles": [
          16,
          20
        ],
        "roles": [
          "child_D4",
          "child_D4"
        ],
        "shared_colours": 1,
        "shared_owners": 3,
        "suffix_edges": [
          [
            "1011010100",
            "1011010010"
          ],
          [
            "1011010010",
            "1011001010"
          ]
        ]
      },
      {
        "cycles": [
          16,
          23
        ],
        "roles": [
          "child_D4",
          "child_D4"
        ],
        "shared_colours": 1,
        "shared_owners": 2,
        "suffix_edges": [
          [
            "1011010100",
            "1011010010"
          ],
          [
            "1110010100",
            "1101010100"
          ]
        ]
      },
      {
        "cycles": [
          16,
          24
        ],
        "roles": [
          "child_D4",
          "child_D4"
        ],
        "shared_colours": 1,
        "shared_owners": 2,
        "suffix_edges": [
          [
            "1011010100",
            "1011010010"
          ],
          [
            "1010110100",
            "1010110010"
          ]
        ]
      },
      {
        "cycles": [
          16,
          29
        ],
        "roles": [
          "child_D4",
          "child_D3"
        ],
        "shared_colours": 0,
        "shared_owners": 1,
        "suffix_edges": [
          [
            "1011010100",
            "1011010010"
          ],
          [
            "1111000010",
            "1101010010"
          ]
        ]
      },
      {
        "cycles": [
          17,
          18
        ],
        "roles": [
          "child_D4",
          "child_D4"
        ],
        "shared_colours": 0,
        "shared_owners": 1,
        "suffix_edges": [
          [
            "1110101000",
            "1110100100"
          ],
          [
            "1011010100",
            "1010110100"
          ]
        ]
      },
      {
        "cycles": [
          17,
          19
        ],
        "roles": [
          "child_D4",
          "child_D4"
        ],
        "shared_colours": 0,
        "shared_owners": 1,
        "suffix_edges": [
          [
            "1110101000",
            "1110100100"
          ],
          [
            "1110101000",
            "1101101000"
          ]
        ]
      },
      {
        "cycles": [
          17,
          21
        ],
        "roles": [
          "child_D4",
          "child_D4"
        ],
        "shared_colours": 5,
        "shared_owners": 5,
        "suffix_edges": [
          [
            "1110101000",
            "1110100100"
          ],
          [
            "1110100100",
            "1110010100"
          ]
        ]
      },
      {
        "cycles": [
          18,
          21
        ],
        "roles": [
          "child_D4",
          "child_D4"
        ],
        "shared_colours": 0,
        "shared_owners": 1,
        "suffix_edges": [
          [
            "1011010100",
            "1010110100"
          ],
          [
            "1110100100",
            "1110010100"
          ]
        ]
      },
      {
        "cycles": [
          18,
          23
        ],
        "roles": [
          "child_D4",
          "child_D4"
        ],
        "shared_colours": 1,
        "shared_owners": 2,
        "suffix_edges": [
          [
            "1011010100",
            "1010110100"
          ],
          [
            "1110010100",
            "1101010100"
          ]
        ]
      },
      {
        "cycles": [
          18,
          24
        ],
        "roles": [
          "child_D4",
          "child_D4"
        ],
        "shared_colours": 2,
        "shared_owners": 3,
        "suffix_edges": [
          [
            "1011010100",
            "1010110100"
          ],
          [
            "1010110100",
            "1010110010"
          ]
        ]
      },
      {
        "cycles": [
          19,
          25
        ],
        "roles": [
          "child_D4",
          "child_D4"
        ],
        "shared_colours": 1,
        "shared_owners": 3,
        "suffix_edges": [
          [
            "1110101000",
            "1101101000"
          ],
          [
            "1101101000",
            "1101100100"
          ]
        ]
      },
      {
        "cycles": [
          20,
          22
        ],
        "roles": [
          "child_D4",
          "child_D4"
        ],
        "shared_colours": 2,
        "shared_owners": 3,
        "suffix_edges": [
          [
            "1011010010",
            "1011001010"
          ],
          [
            "1011001010",
            "1010101010"
          ]
        ]
      },
      {
        "cycles": [
          20,
          27
        ],
        "roles": [
          "child_D4",
          "child_D3"
        ],
        "shared_colours": 0,
        "shared_owners": 1,
        "suffix_edges": [
          [
            "1011010010",
            "1011001010"
          ],
          [
            "1111000010",
            "1101100010"
          ]
        ]
      },
      {
        "cycles": [
          20,
          29
        ],
        "roles": [
          "child_D4",
          "child_D3"
        ],
        "shared_colours": 2,
        "shared_owners": 2,
        "suffix_edges": [
          [
            "1011010010",
            "1011001010"
          ],
          [
            "1111000010",
            "1101010010"
          ]
        ]
      },
      {
        "cycles": [
          20,
          35
        ],
        "roles": [
          "child_D4",
          "child_D2"
        ],
        "shared_colours": 1,
        "shared_owners": 2,
        "suffix_edges": [
          [
            "1011010010",
            "1011001010"
          ],
          [
            "1110001010",
            "1101001010"
          ]
        ]
      },
      {
        "cycles": [
          21,
          23
        ],
        "roles": [
          "child_D4",
          "child_D4"
        ],
        "shared_colours": 1,
        "shared_owners": 4,
        "suffix_edges": [
          [
            "1110100100",
            "1110010100"
          ],
          [
            "1110010100",
            "1101010100"
          ]
        ]
      },
      {
        "cycles": [
          22,
          27
        ],
        "roles": [
          "child_D4",
          "child_D3"
        ],
        "shared_colours": 2,
        "shared_owners": 1,
        "suffix_edges": [
          [
            "1011001010",
            "1010101010"
          ],
          [
            "1111000010",
            "1101100010"
          ]
        ]
      },
      {
        "cycles": [
          22,
          28
        ],
        "roles": [
          "child_D4",
          "child_D3"
        ],
        "shared_colours": 1,
        "shared_owners": 1,
        "suffix_edges": [
          [
            "1011001010",
            "1010101010"
          ],
          [
            "1100111000",
            "1100101010"
          ]
        ]
      },
      {
        "cycles": [
          22,
          29
        ],
        "roles": [
          "child_D4",
          "child_D3"
        ],
        "shared_colours": 0,
        "shared_owners": 1,
        "suffix_edges": [
          [
            "1011001010",
            "1010101010"
          ],
          [
            "1111000010",
            "1101010010"
          ]
        ]
      },
      {
        "cycles": [
          22,
          31
        ],
        "roles": [
          "child_D4",
          "child_D3"
        ],
        "shared_colours": 1,
        "shared_owners": 2,
        "suffix_edges": [
          [
            "1011001010",
            "1010101010"
          ],
          [
            "1110100010",
            "1110010010"
          ]
        ]
      },
      {
        "cycles": [
          22,
          33
        ],
        "roles": [
          "child_D4",
          "child_D3"
        ],
        "shared_colours": 0,
        "shared_owners": 1,
        "suffix_edges": [
          [
            "1011001010",
            "1010101010"
          ],
          [
            "1110100010",
            "1101100010"
          ]
        ]
      },
      {
        "cycles": [
          22,
          35
        ],
        "roles": [
          "child_D4",
          "child_D2"
        ],
        "shared_colours": 2,
        "shared_owners": 2,
        "suffix_edges": [
          [
            "1011001010",
            "1010101010"
          ],
          [
            "1110001010",
            "1101001010"
          ]
        ]
      },
      {
        "cycles": [
          22,
          36
        ],
        "roles": [
          "child_D4",
          "child_D2"
        ],
        "shared_colours": 0,
        "shared_owners": 1,
        "suffix_edges": [
          [
            "1011001010",
            "1010101010"
          ],
          [
            "1110001100",
            "1110001010"
          ]
        ]
      },
      {
        "cycles": [
          22,
          37
        ],
        "roles": [
          "child_D4",
          "split_bridge"
        ],
        "shared_colours": 3,
        "shared_owners": 3,
        "suffix_edges": [
          [
            "1011001010",
            "1010101010"
          ],
          [
            "1010101010",
            "1100101010"
          ]
        ]
      },
      {
        "cycles": [
          23,
          34
        ],
        "roles": [
          "child_D4",
          "child_D2"
        ],
        "shared_colours": 1,
        "shared_owners": 1,
        "suffix_edges": [
          [
            "1110010100",
            "1101010100"
          ],
          [
            "1110001100",
            "1101001100"
          ]
        ]
      },
      {
        "cycles": [
          23,
          40
        ],
        "roles": [
          "child_D4",
          "split_bridge"
        ],
        "shared_colours": 1,
        "shared_owners": 2,
        "suffix_edges": [
          [
            "1110010100",
            "1101010100"
          ],
          [
            "1101010010",
            "1101010100"
          ]
        ]
      },
      {
        "cycles": [
          26,
          28
        ],
        "roles": [
          "child_D3",
          "child_D3"
        ],
        "shared_colours": 2,
        "shared_owners": 3,
        "suffix_edges": [
          [
            "1100111000",
            "1100101100"
          ],
          [
            "1100111000",
            "1100101010"
          ]
        ]
      },
      {
        "cycles": [
          26,
          30
        ],
        "roles": [
          "child_D3",
          "child_D3"
        ],
        "shared_colours": 1,
        "shared_owners": 2,
        "suffix_edges": [
          [
            "1100111000",
            "1100101100"
          ],
          [
            "1100110100",
            "1100110010"
          ]
        ]
      },
      {
        "cycles": [
          26,
          32
        ],
        "roles": [
          "child_D3",
          "child_D3"
        ],
        "shared_colours": 7,
        "shared_owners": 6,
        "suffix_edges": [
          [
            "1100111000",
            "1100101100"
          ],
          [
            "1100110100",
            "1100101100"
          ]
        ]
      },
      {
        "cycles": [
          27,
          29
        ],
        "roles": [
          "child_D3",
          "child_D3"
        ],
        "shared_colours": 3,
        "shared_owners": 4,
        "suffix_edges": [
          [
            "1111000010",
            "1101100010"
          ],
          [
            "1111000010",
            "1101010010"
          ]
        ]
      },
      {
        "cycles": [
          27,
          31
        ],
        "roles": [
          "child_D3",
          "child_D3"
        ],
        "shared_colours": 2,
        "shared_owners": 2,
        "suffix_edges": [
          [
            "1111000010",
            "1101100010"
          ],
          [
            "1110100010",
            "1110010010"
          ]
        ]
      },
      {
        "cycles": [
          27,
          33
        ],
        "roles": [
          "child_D3",
          "child_D3"
        ],
        "shared_colours": 6,
        "shared_owners": 5,
        "suffix_edges": [
          [
            "1111000010",
            "1101100010"
          ],
          [
            "1110100010",
            "1101100010"
          ]
        ]
      },
      {
        "cycles": [
          27,
          35
        ],
        "roles": [
          "child_D3",
          "child_D2"
        ],
        "shared_colours": 1,
        "shared_owners": 1,
        "suffix_edges": [
          [
            "1111000010",
            "1101100010"
          ],
          [
            "1110001010",
            "1101001010"
          ]
        ]
      },
      {
        "cycles": [
          27,
          37
        ],
        "roles": [
          "child_D3",
          "split_bridge"
        ],
        "shared_colours": 1,
        "shared_owners": 1,
        "suffix_edges": [
          [
            "1111000010",
            "1101100010"
          ],
          [
            "1010101010",
            "1100101010"
          ]
        ]
      },
      {
        "cycles": [
          28,
          31
        ],
        "roles": [
          "child_D3",
          "child_D3"
        ],
        "shared_colours": 2,
        "shared_owners": 1,
        "suffix_edges": [
          [
            "1100111000",
            "1100101010"
          ],
          [
            "1110100010",
            "1110010010"
          ]
        ]
      },
      {
        "cycles": [
          28,
          33
        ],
        "roles": [
          "child_D3",
          "child_D3"
        ],
        "shared_colours": 1,
        "shared_owners": 1,
        "suffix_edges": [
          [
            "1100111000",
            "1100101010"
          ],
          [
            "1110100010",
            "1101100010"
          ]
        ]
      },
      {
        "cycles": [
          28,
          37
        ],
        "roles": [
          "child_D3",
          "split_bridge"
        ],
        "shared_colours": 2,
        "shared_owners": 3,
        "suffix_edges": [
          [
            "1100111000",
            "1100101010"
          ],
          [
            "1010101010",
            "1100101010"
          ]
        ]
      },
      {
        "cycles": [
          28,
          38
        ],
        "roles": [
          "child_D3",
          "split_bridge"
        ],
        "shared_colours": 2,
        "shared_owners": 3,
        "suffix_edges": [
          [
            "1100111000",
            "1100101010"
          ],
          [
            "1100101010",
            "1101001010"
          ]
        ]
      },
      {
        "cycles": [
          29,
          33
        ],
        "roles": [
          "child_D3",
          "child_D3"
        ],
        "shared_colours": 1,
        "shared_owners": 1,
        "suffix_edges": [
          [
            "1111000010",
            "1101010010"
          ],
          [
            "1110100010",
            "1101100010"
          ]
        ]
      },
      {
        "cycles": [
          29,
          35
        ],
        "roles": [
          "child_D3",
          "child_D2"
        ],
        "shared_colours": 0,
        "shared_owners": 1,
        "suffix_edges": [
          [
            "1111000010",
            "1101010010"
          ],
          [
            "1110001010",
            "1101001010"
          ]
        ]
      },
      {
        "cycles": [
          29,
          39
        ],
        "roles": [
          "child_D3",
          "split_bridge"
        ],
        "shared_colours": 1,
        "shared_owners": 2,
        "suffix_edges": [
          [
            "1111000010",
            "1101010010"
          ],
          [
            "1101001010",
            "1101010010"
          ]
        ]
      },
      {
        "cycles": [
          29,
          40
        ],
        "roles": [
          "child_D3",
          "split_bridge"
        ],
        "shared_colours": 0,
        "shared_owners": 1,
        "suffix_edges": [
          [
            "1111000010",
            "1101010010"
          ],
          [
            "1101010010",
            "1101010100"
          ]
        ]
      },
      {
        "cycles": [
          30,
          32
        ],
        "roles": [
          "child_D3",
          "child_D3"
        ],
        "shared_colours": 3,
        "shared_owners": 3,
        "suffix_edges": [
          [
            "1100110100",
            "1100110010"
          ],
          [
            "1100110100",
            "1100101100"
          ]
        ]
      },
      {
        "cycles": [
          31,
          33
        ],
        "roles": [
          "child_D3",
          "child_D3"
        ],
        "shared_colours": 4,
        "shared_owners": 5,
        "suffix_edges": [
          [
            "1110100010",
            "1110010010"
          ],
          [
            "1110100010",
            "1101100010"
          ]
        ]
      },
      {
        "cycles": [
          31,
          37
        ],
        "roles": [
          "child_D3",
          "split_bridge"
        ],
        "shared_colours": 1,
        "shared_owners": 1,
        "suffix_edges": [
          [
            "1110100010",
            "1110010010"
          ],
          [
            "1010101010",
            "1100101010"
          ]
        ]
      },
      {
        "cycles": [
          33,
          37
        ],
        "roles": [
          "child_D3",
          "split_bridge"
        ],
        "shared_colours": 1,
        "shared_owners": 1,
        "suffix_edges": [
          [
            "1110100010",
            "1101100010"
          ],
          [
            "1010101010",
            "1100101010"
          ]
        ]
      },
      {
        "cycles": [
          34,
          36
        ],
        "roles": [
          "child_D2",
          "child_D2"
        ],
        "shared_colours": 0,
        "shared_owners": 1,
        "suffix_edges": [
          [
            "1110001100",
            "1101001100"
          ],
          [
            "1110001100",
            "1110001010"
          ]
        ]
      },
      {
        "cycles": [
          35,
          36
        ],
        "roles": [
          "child_D2",
          "child_D2"
        ],
        "shared_colours": 0,
        "shared_owners": 1,
        "suffix_edges": [
          [
            "1110001010",
            "1101001010"
          ],
          [
            "1110001100",
            "1110001010"
          ]
        ]
      },
      {
        "cycles": [
          35,
          38
        ],
        "roles": [
          "child_D2",
          "split_bridge"
        ],
        "shared_colours": 4,
        "shared_owners": 5,
        "suffix_edges": [
          [
            "1110001010",
            "1101001010"
          ],
          [
            "1100101010",
            "1101001010"
          ]
        ]
      },
      {
        "cycles": [
          35,
          39
        ],
        "roles": [
          "child_D2",
          "split_bridge"
        ],
        "shared_colours": 1,
        "shared_owners": 3,
        "suffix_edges": [
          [
            "1110001010",
            "1101001010"
          ],
          [
            "1101001010",
            "1101010010"
          ]
        ]
      },
      {
        "cycles": [
          37,
          38
        ],
        "roles": [
          "split_bridge",
          "split_bridge"
        ],
        "shared_colours": 0,
        "shared_owners": 1,
        "suffix_edges": [
          [
            "1010101010",
            "1100101010"
          ],
          [
            "1100101010",
            "1101001010"
          ]
        ]
      },
      {
        "cycles": [
          38,
          39
        ],
        "roles": [
          "split_bridge",
          "split_bridge"
        ],
        "shared_colours": 1,
        "shared_owners": 3,
        "suffix_edges": [
          [
            "1100101010",
            "1101001010"
          ],
          [
            "1101001010",
            "1101010010"
          ]
        ]
      },
      {
        "cycles": [
          39,
          40
        ],
        "roles": [
          "split_bridge",
          "split_bridge"
        ],
        "shared_colours": 1,
        "shared_owners": 3,
        "suffix_edges": [
          [
            "1101001010",
            "1101010010"
          ],
          [
            "1101010010",
            "1101010100"
          ]
        ]
      }
    ],
    "role_pair_histogram": {
      "('child_D2', 'child_D2')": 2,
      "('child_D2', 'child_D3')": 2,
      "('child_D2', 'child_D4')": 8,
      "('child_D2', 'split_bridge')": 2,
      "('child_D3', 'child_D3')": 11,
      "('child_D3', 'child_D4')": 25,
      "('child_D3', 'split_bridge')": 7,
      "('child_D4', 'child_D4')": 94,
      "('child_D4', 'split_bridge')": 4,
      "('split_bridge', 'split_bridge')": 3
    },
    "split_pair_histogram": {
      "(((0, 4), (0, 4)), ((0, 4), (0, 4)))": 14,
      "(((0, 4), (0, 4)), ((0, 4), (1, 3)))": 2,
      "(((0, 4), (0, 4)), ((1, 3), (1, 3)))": 2,
      "(((0, 4), (0, 4)), ((2, 2), (2, 2)))": 4,
      "(((0, 4), (0, 4)), ((3, 1), (3, 1)))": 16,
      "(((0, 4), (0, 4)), ((4, 0), (4, 0)))": 45,
      "(((0, 4), (1, 3)), ((1, 3), (1, 3)))": 1,
      "(((0, 4), (1, 3)), ((1, 3), (2, 2)))": 1,
      "(((0, 4), (1, 3)), ((3, 1), (3, 1)))": 3,
      "(((1, 3), (1, 3)), ((1, 3), (1, 3)))": 4,
      "(((1, 3), (1, 3)), ((1, 3), (2, 2)))": 1,
      "(((1, 3), (1, 3)), ((3, 1), (3, 1)))": 2,
      "(((1, 3), (2, 2)), ((2, 2), (2, 2)))": 1,
      "(((1, 3), (2, 2)), ((2, 2), (3, 1)))": 1,
      "(((2, 2), (2, 2)), ((2, 2), (2, 2)))": 2,
      "(((2, 2), (2, 2)), ((2, 2), (3, 1)))": 1,
      "(((2, 2), (2, 2)), ((3, 1), (3, 1)))": 2,
      "(((2, 2), (2, 2)), ((4, 0), (4, 0)))": 4,
      "(((2, 2), (3, 1)), ((3, 1), (3, 1)))": 1,
      "(((2, 2), (3, 1)), ((3, 1), (4, 0)))": 1,
      "(((3, 1), (3, 1)), ((3, 1), (3, 1)))": 5,
      "(((3, 1), (3, 1)), ((3, 1), (4, 0)))": 1,
      "(((3, 1), (3, 1)), ((4, 0), (4, 0)))": 7,
      "(((3, 1), (4, 0)), ((4, 0), (4, 0)))": 2,
      "(((4, 0), (4, 0)), ((4, 0), (4, 0)))": 35
    }
  },
  "status": "PASS",
  "suffix_semilength": 5,
  "tree_edges": 41
}
