STATUS PASS
D5_ROLE_TOTALS child_D4=26 child_D3=8 child_D2=3 split_bridge=4
D5_BRIDGES [['1010101010', '1100101010'], ['1100101010', '1101001010'], ['1101001010', '1101010010'], ['1101010010', '1101010100']]
TREE_SUMMARIES
2 {'vertices': 2, 'edges': 1, 'max_degree': 1, 'mountain_degree': 1, 'zigzag_degree': 1, 'degree_histogram': {1: 2}}
3 {'vertices': 5, 'edges': 4, 'max_degree': 2, 'mountain_degree': 2, 'zigzag_degree': 1, 'degree_histogram': {1: 2, 2: 3}}
4 {'vertices': 14, 'edges': 13, 'max_degree': 2, 'mountain_degree': 2, 'zigzag_degree': 2, 'degree_histogram': {1: 2, 2: 12}}
5 {'vertices': 42, 'edges': 41, 'max_degree': 3, 'mountain_degree': 2, 'zigzag_degree': 3, 'degree_histogram': {1: 7, 2: 30, 3: 5}}
6 {'vertices': 132, 'edges': 131, 'max_degree': 4, 'mountain_degree': 2, 'zigzag_degree': 4, 'degree_histogram': {1: 25, 2: 88, 3: 15, 4: 4}}
7 {'vertices': 429, 'edges': 428, 'max_degree': 5, 'mountain_degree': 2, 'zigzag_degree': 5, 'degree_histogram': {1: 90, 2: 269, 3: 56, 4: 10, 5: 4}}
8 {'vertices': 1430, 'edges': 1429, 'max_degree': 6, 'mountain_degree': 2, 'zigzag_degree': 6, 'degree_histogram': {1: 322, 2: 861, 3: 189, 4: 47, 5: 7, 6: 4}}
9 {'vertices': 4862, 'edges': 4861, 'max_degree': 7, 'mountain_degree': 2, 'zigzag_degree': 7, 'degree_histogram': {1: 1151, 2: 2841, 3: 647, 4: 182, 5: 30, 6: 7, 7: 4}}
INTERFACE_SIGNATURES
(2, 0) (1, 1, (2, 1, 1, 2))
(3, 0) (1, 1, (2, 1, 1, 2))
(3, 1) (1, 2, (3, 1, 1, 2))
(4, 0) (2, 2, (2, 1, 1, 2))
(4, 1) (1, 2, (3, 1, 1, 2))
(4, 2) (2, 6, (4, 1, 1, 2))
(5, 0) (5, 5, (2, 1, 1, 2))
(5, 1) (2, 4, (3, 1, 1, 2))
(5, 2) (2, 6, (4, 1, 1, 2))
(5, 3) (5, 20, (5, 1, 1, 2))
(6, 0) (14, 14, (2, 1, 1, 2))
(6, 1) (5, 10, (3, 1, 1, 2))
(6, 2) (4, 12, (4, 1, 1, 2))
(6, 3) (5, 20, (5, 1, 1, 2))
(6, 4) (14, 70, (6, 1, 1, 2))
(7, 0) (42, 42, (2, 1, 1, 2))
(7, 1) (14, 28, (3, 1, 1, 2))
(7, 2) (10, 30, (4, 1, 1, 2))
(7, 3) (10, 40, (5, 1, 1, 2))
(7, 4) (14, 70, (6, 1, 1, 2))
(7, 5) (42, 252, (7, 1, 1, 2))
(8, 0) (132, 132, (2, 1, 1, 2))
(8, 1) (42, 84, (3, 1, 1, 2))
(8, 2) (28, 84, (4, 1, 1, 2))
(8, 3) (25, 100, (5, 1, 1, 2))
(8, 4) (28, 140, (6, 1, 1, 2))
(8, 5) (42, 252, (7, 1, 1, 2))
(8, 6) (132, 924, (8, 1, 1, 2))
SIX_CHANNEL_CUT first_failure_semilength=9 zigzag_degree=7
