{
  "abstract_unit_current_fixed_fixed_nonloop_edges": 32,
  "abstract_unit_current_fixed_self_loops": 8,
  "cycle_certificates": [
    {
      "chosen_fixed_fixed_edge_word": "0100010001000100",
      "deficit_word": "1011101110111011",
      "minimum_unit_moves": 8,
      "orbit_indices": [
        0,
        60,
        105,
        136,
        155,
        157,
        472,
        474,
        662,
        663,
        668,
        708,
        1115,
        1094,
        1011,
        771
      ],
      "residual_singleton_word": "1000100010001000"
    },
    {
      "chosen_fixed_fixed_edge_word": "0000100010001001",
      "deficit_word": "1101110111011101",
      "minimum_unit_moves": 8,
      "orbit_indices": [
        145,
        342,
        277,
        1150,
        581,
        904,
        896,
        418,
        1287,
        467,
        450,
        476,
        927,
        1057,
        546,
        521
      ],
      "residual_singleton_word": "0000010001000101"
    }
  ],
  "deficient_isolated_fixed_bracelets": 30,
  "deficit_in_fixed_fixed_span": false,
  "fixed_bracelets": 70,
  "fixed_fixed_action_rank_mod2": 30,
  "fixed_fixed_component_histogram": {
    "1": 38,
    "16": 2
  },
  "fixed_fixed_pair_intersection_histogram": {
    "0": 8,
    "1": 8,
    "2": 8,
    "3": 8
  },
  "fixed_to_nonfixed_neighbor_degree_histogram": {
    "52": 8,
    "66": 24,
    "72": 38
  },
  "frozen_covered_fixed_bracelets": 16,
  "frozen_fixed_parity_deficits": 54,
  "minimum_abstract_unit_moves_for_fixed_projection": 46,
  "rank8_translation_orbits": 1430,
  "scope": "abstract lower-q1 unit-current projection only; occurrence, chronology, edge disjointness, and L3-kernel compatibility are not asserted",
  "status": "PASS",
  "unrestricted_fixed_projection_rank_mod2": 70
}
