{
  "all_direct_scores_equal_formula": true,
  "all_negative_prefixes_pass_exclusion_cut": true,
  "exact_cover_depth_four_suite": {
    "depth": 4,
    "direct_formula_checks": 27300,
    "negative_exchanges": 0,
    "negative_prefix_implication_checks": 0,
    "outgoing_faces": 15,
    "prefixes_pruned_by_size": [
      15,
      0,
      0,
      0
    ],
    "prefixes_visited_by_size": [
      15,
      0,
      0,
      0,
      0
    ]
  },
  "general_depth_suites": [
    {
      "depth": 1,
      "direct_formula_checks": 96,
      "negative_exchanges": 75,
      "negative_prefix_implication_checks": 75,
      "outgoing_faces": 6,
      "prefixes_pruned_by_size": [
        0
      ],
      "prefixes_visited_by_size": [
        6,
        96
      ]
    },
    {
      "depth": 2,
      "direct_formula_checks": 1800,
      "negative_exchanges": 1432,
      "negative_prefix_implication_checks": 4296,
      "outgoing_faces": 15,
      "prefixes_pruned_by_size": [
        0,
        1
      ],
      "prefixes_visited_by_size": [
        15,
        240,
        1786
      ]
    },
    {
      "depth": 3,
      "direct_formula_checks": 11200,
      "negative_exchanges": 9526,
      "negative_prefix_implication_checks": 66682,
      "outgoing_faces": 20,
      "prefixes_pruned_by_size": [
        0,
        0,
        5
      ],
      "prefixes_visited_by_size": [
        20,
        320,
        2400,
        11134
      ]
    },
    {
      "depth": 4,
      "direct_formula_checks": 27300,
      "negative_exchanges": 24050,
      "negative_prefix_implication_checks": 360750,
      "outgoing_faces": 15,
      "prefixes_pruned_by_size": [
        0,
        0,
        0,
        4
      ],
      "prefixes_visited_by_size": [
        15,
        240,
        1800,
        8400,
        27248
      ]
    }
  ],
  "layered_oracle_finds_exact_negative_set": true,
  "scalar_four_exchange_identity_cases": 2304,
  "scope": "synthetic formula/pruning audit only; no q4 pool search",
  "status": "PASS"
}
